Tue 18 Nov 2025 23:13:23 INFO  ['c:\\Users\\martin\\miniconda3\\envs\\bp\\Lib\\site-packages\\ipykernel_launcher.py', '--f=c:\\Users\\martin\\AppData\\Roaming\\jupyter\\runtime\\kernel-v3622422e5bdfed9801eb125eda29c27abe47778e1.json']
Tue 18 Nov 2025 23:13:23 INFO  
General Hyper Parameters:
gpu_id = 0
use_gpu = True
seed = 2020
state = INFO
reproducibility = True
data_path = ./data/split/jester\jester--expR
checkpoint_dir = saved
show_progress = True
save_dataset = False
dataset_save_path = None
save_dataloaders = False
dataloaders_save_path = None
log_wandb = False

Training Hyper Parameters:
epochs = 50
train_batch_size = 2048
learner = adam
learning_rate = 0.001
train_neg_sample_args = {'distribution': 'uniform', 'sample_num': 1, 'alpha': 1.0, 'dynamic': False, 'candidate_num': 0}
eval_step = 1
stopping_step = 5
clip_grad_norm = None
weight_decay = 0.0
loss_decimal_place = 4

Evaluation Hyper Parameters:
eval_args = {'split': {'RS': [0, 0, 0]}, 'order': 'RO', 'group_by': 'user', 'mode': {'valid': 'full', 'test': 'full'}}
repeatable = False
metrics = ['Precision', 'Recall', 'MRR', 'Hit', 'NDCG']
topk = [10, 20]
valid_metric = NDCG@10
valid_metric_bigger = True
eval_batch_size = 4096
metric_decimal_place = 4

Dataset Hyper Parameters:
field_separator = 	
seq_separator =  
USER_ID_FIELD = user_id
ITEM_ID_FIELD = item_id
RATING_FIELD = rating
TIME_FIELD = timestamp
seq_len = None
LABEL_FIELD = label
threshold = None
NEG_PREFIX = neg_
load_col = {'inter': ['user_id', 'item_id']}
unload_col = None
unused_col = None
additional_feat_suffix = None
rm_dup_inter = None
val_interval = None
filter_inter_by_user_or_item = True
user_inter_num_interval = [0,inf)
item_inter_num_interval = [0,inf)
alias_of_user_id = None
alias_of_item_id = None
alias_of_entity_id = None
alias_of_relation_id = None
preload_weight = None
normalize_field = None
normalize_all = None
ITEM_LIST_LENGTH_FIELD = item_length
LIST_SUFFIX = _list
MAX_ITEM_LIST_LENGTH = 50
POSITION_FIELD = position_id
HEAD_ENTITY_ID_FIELD = head_id
TAIL_ENTITY_ID_FIELD = tail_id
RELATION_ID_FIELD = relation_id
ENTITY_ID_FIELD = entity_id
benchmark_filename = ['train', 'valid', 'test']

Other Hyper Parameters: 
worker = 0
wandb_project = recbole
shuffle = True
require_pow = False
enable_amp = False
enable_scaler = False
transform = None
embedding_size = 64
numerical_features = []
discretization = None
kg_reverse_r = False
entity_kg_num_interval = [0,inf)
relation_kg_num_interval = [0,inf)
MODEL_TYPE = ModelType.GENERAL
test_args = {'mode': 'full'}
MODEL_INPUT_TYPE = InputType.PAIRWISE
eval_type = EvaluatorType.RANKING
single_spec = True
local_rank = 0
device = cpu
valid_neg_sample_args = {'distribution': 'uniform', 'sample_num': 'none'}
test_neg_sample_args = {'distribution': 'uniform', 'sample_num': 'none'}


Tue 18 Nov 2025 23:13:34 INFO  jester--expR
The number of users: 73422
Average actions of users: 56.14529902888819
The number of items: 101
Average actions of items: 41222.44
The number of inters: 4122244
The sparsity of the dataset: 44.41135214281419%
Remain Fields: ['user_id', 'item_id']
Tue 18 Nov 2025 23:13:39 INFO  [Training]: train_batch_size = [2048] train_neg_sample_args: [{'distribution': 'uniform', 'sample_num': 1, 'alpha': 1.0, 'dynamic': False, 'candidate_num': 0}]
Tue 18 Nov 2025 23:13:39 INFO  [Evaluation]: eval_batch_size = [4096] eval_args: [{'split': {'RS': [0, 0, 0]}, 'order': 'RO', 'group_by': 'user', 'mode': {'valid': 'full', 'test': 'full'}}]
Tue 18 Nov 2025 23:13:39 INFO  BPR(
  (user_embedding): Embedding(73422, 64)
  (item_embedding): Embedding(101, 64)
  (loss): BPRLoss()
)
Trainable parameters: 4705472
Tue 18 Nov 2025 23:13:39 INFO  FLOPs: 128.0
Tue 18 Nov 2025 23:15:17 INFO  epoch 0 training [time: 98.00s, train loss: 552.1056]
Tue 18 Nov 2025 23:15:22 INFO  epoch 0 evaluating [time: 5.32s, valid_score: 0.696900]
Tue 18 Nov 2025 23:15:22 INFO  valid result: 
precision@10 : 0.0913    precision@20 : 0.0467    recall@10 : 0.9126    recall@20 : 0.9338    mrr@10 : 0.6242    mrr@20 : 0.6257    hit@10 : 0.9126    hit@20 : 0.9338    ndcg@10 : 0.6969    ndcg@20 : 0.7022
Tue 18 Nov 2025 23:15:22 INFO  Saving current: saved\BPR-Nov-18-2025_23-13-39.pth
Tue 18 Nov 2025 23:17:04 INFO  epoch 1 training [time: 102.28s, train loss: 146.8033]
Tue 18 Nov 2025 23:17:10 INFO  epoch 1 evaluating [time: 5.50s, valid_score: 0.685000]
Tue 18 Nov 2025 23:17:10 INFO  valid result: 
precision@10 : 0.0907    precision@20 : 0.0466    recall@10 : 0.9067    recall@20 : 0.9325    mrr@10 : 0.6107    mrr@20 : 0.6125    hit@10 : 0.9067    hit@20 : 0.9325    ndcg@10 : 0.685    ndcg@20 : 0.6915
Tue 18 Nov 2025 23:19:12 INFO  epoch 2 training [time: 121.62s, train loss: 82.2558]
Tue 18 Nov 2025 23:19:19 INFO  epoch 2 evaluating [time: 7.27s, valid_score: 0.665100]
Tue 18 Nov 2025 23:19:19 INFO  valid result: 
precision@10 : 0.0897    precision@20 : 0.0465    recall@10 : 0.8968    recall@20 : 0.9297    mrr@10 : 0.5882    mrr@20 : 0.5904    hit@10 : 0.8968    hit@20 : 0.9297    ndcg@10 : 0.6651    ndcg@20 : 0.6735
Tue 18 Nov 2025 23:21:31 INFO  epoch 3 training [time: 131.73s, train loss: 51.3306]
Tue 18 Nov 2025 23:21:39 INFO  epoch 3 evaluating [time: 8.29s, valid_score: 0.641000]
Tue 18 Nov 2025 23:21:39 INFO  valid result: 
precision@10 : 0.0884    precision@20 : 0.0463    recall@10 : 0.8835    recall@20 : 0.9267    mrr@10 : 0.5612    mrr@20 : 0.5642    hit@10 : 0.8835    hit@20 : 0.9267    ndcg@10 : 0.641    ndcg@20 : 0.652
Tue 18 Nov 2025 23:23:53 INFO  epoch 4 training [time: 133.82s, train loss: 33.9628]
Tue 18 Nov 2025 23:24:00 INFO  epoch 4 evaluating [time: 7.21s, valid_score: 0.620000]
Tue 18 Nov 2025 23:24:00 INFO  valid result: 
precision@10 : 0.0873    precision@20 : 0.0463    recall@10 : 0.8729    recall@20 : 0.9251    mrr@10 : 0.5374    mrr@20 : 0.541    hit@10 : 0.8729    hit@20 : 0.9251    ndcg@10 : 0.62    ndcg@20 : 0.6333
Tue 18 Nov 2025 23:26:11 INFO  epoch 5 training [time: 130.94s, train loss: 23.2355]
Tue 18 Nov 2025 23:26:19 INFO  epoch 5 evaluating [time: 7.53s, valid_score: 0.604500]
Tue 18 Nov 2025 23:26:19 INFO  valid result: 
precision@10 : 0.0864    precision@20 : 0.0461    recall@10 : 0.8642    recall@20 : 0.9228    mrr@10 : 0.5201    mrr@20 : 0.5243    hit@10 : 0.8642    hit@20 : 0.9228    ndcg@10 : 0.6045    ndcg@20 : 0.6194
Tue 18 Nov 2025 23:28:28 INFO  epoch 6 training [time: 129.05s, train loss: 16.3774]
Tue 18 Nov 2025 23:28:35 INFO  epoch 6 evaluating [time: 6.97s, valid_score: 0.594600]
Tue 18 Nov 2025 23:28:35 INFO  valid result: 
precision@10 : 0.086    precision@20 : 0.0461    recall@10 : 0.8597    recall@20 : 0.9221    mrr@10 : 0.5087    mrr@20 : 0.5132    hit@10 : 0.8597    hit@20 : 0.9221    ndcg@10 : 0.5946    ndcg@20 : 0.6105
Tue 18 Nov 2025 23:28:35 INFO  Finished training, best eval result in epoch 0
Tue 18 Nov 2025 23:28:35 INFO  Loading model structure and parameters from saved\BPR-Nov-18-2025_23-13-39.pth
Tue 18 Nov 2025 23:28:42 INFO  The running environment of this training is as follows:
+-------------+----------------+
| Environment |     Usage      |
+=============+================+
| CPU         |     4.80 %     |
+-------------+----------------+
| GPU         |   0.0 / 0.0    |
+-------------+----------------+
| Memory      | 1.83 G/13.86 G |
+-------------+----------------+
Tue 18 Nov 2025 23:28:42 INFO  best valid : OrderedDict([('precision@10', np.float64(0.0913)), ('precision@20', np.float64(0.0467)), ('recall@10', np.float64(0.9126)), ('recall@20', np.float64(0.9338)), ('mrr@10', np.float64(0.6242)), ('mrr@20', np.float64(0.6257)), ('hit@10', np.float64(0.9126)), ('hit@20', np.float64(0.9338)), ('ndcg@10', np.float64(0.6969)), ('ndcg@20', np.float64(0.7022))])
Tue 18 Nov 2025 23:28:42 INFO  test result: OrderedDict([('precision@10', np.float64(0.0916)), ('precision@20', np.float64(0.0468)), ('recall@10', np.float64(0.9158)), ('recall@20', np.float64(0.9355)), ('mrr@10', np.float64(0.7735)), ('mrr@20', np.float64(0.7749)), ('hit@10', np.float64(0.9158)), ('hit@20', np.float64(0.9355)), ('ndcg@10', np.float64(0.809)), ('ndcg@20', np.float64(0.814))])
