Sat 13 Dec 2025 23:52:28 INFO  ['c:\\Users\\marti\\miniconda3\\envs\\bp_cuda\\Lib\\site-packages\\ipykernel_launcher.py', '--f=c:\\Users\\marti\\AppData\\Roaming\\jupyter\\runtime\\kernel-v3c445ff7fe94ae4af53429f549af66ad1608410b0.json']
Sat 13 Dec 2025 23:52:28 INFO  
General Hyper Parameters:
gpu_id = 0
use_gpu = True
seed = 2020
state = INFO
reproducibility = True
data_path = ./data/split/ml-100k\ml-100k--expR
checkpoint_dir = saved
show_progress = False
save_dataset = False
dataset_save_path = None
save_dataloaders = False
dataloaders_save_path = None
log_wandb = False

Training Hyper Parameters:
epochs = 50
train_batch_size = 2048
learner = adam
learning_rate = 0.001
train_neg_sample_args = {'distribution': 'uniform', 'sample_num': 1, 'alpha': 1.0, 'dynamic': False, 'candidate_num': 0}
eval_step = 1
stopping_step = 5
clip_grad_norm = None
weight_decay = 0.0
loss_decimal_place = 4

Evaluation Hyper Parameters:
eval_args = {'split': {'RS': [0, 0, 0]}, 'order': 'RO', 'group_by': 'user', 'mode': {'valid': 'uni100', 'test': 'uni100'}}
repeatable = False
metrics = ['Precision', 'Recall', 'MRR', 'Hit', 'NDCG']
topk = [10, 20]
valid_metric = NDCG@10
valid_metric_bigger = True
eval_batch_size = 4096
metric_decimal_place = 4

Dataset Hyper Parameters:
field_separator = 	
seq_separator =  
USER_ID_FIELD = user_id
ITEM_ID_FIELD = item_id
RATING_FIELD = rating
TIME_FIELD = timestamp
seq_len = None
LABEL_FIELD = label
threshold = None
NEG_PREFIX = neg_
load_col = {'inter': ['user_id', 'item_id', 'rating']}
unload_col = None
unused_col = None
additional_feat_suffix = None
rm_dup_inter = None
val_interval = None
filter_inter_by_user_or_item = True
user_inter_num_interval = [0,inf)
item_inter_num_interval = [0,inf)
alias_of_user_id = None
alias_of_item_id = None
alias_of_entity_id = None
alias_of_relation_id = None
preload_weight = None
normalize_field = None
normalize_all = None
ITEM_LIST_LENGTH_FIELD = item_length
LIST_SUFFIX = _list
MAX_ITEM_LIST_LENGTH = 50
POSITION_FIELD = position_id
HEAD_ENTITY_ID_FIELD = head_id
TAIL_ENTITY_ID_FIELD = tail_id
RELATION_ID_FIELD = relation_id
ENTITY_ID_FIELD = entity_id
benchmark_filename = ['train', 'valid', 'test']

Other Hyper Parameters: 
worker = 0
wandb_project = recbole
shuffle = True
require_pow = False
enable_amp = False
enable_scaler = False
transform = None
embedding_size = 64
numerical_features = []
discretization = None
kg_reverse_r = False
entity_kg_num_interval = [0,inf)
relation_kg_num_interval = [0,inf)
MODEL_TYPE = ModelType.GENERAL
num_workers = 4
pin_memory = True
test_args = {'mode': 'full'}
MODEL_INPUT_TYPE = InputType.PAIRWISE
eval_type = EvaluatorType.RANKING
single_spec = True
local_rank = 0
device = cuda
valid_neg_sample_args = {'distribution': 'uniform', 'sample_num': 100}
test_neg_sample_args = {'distribution': 'uniform', 'sample_num': 100}


Sat 13 Dec 2025 23:52:30 INFO  ml-100k--expR
The number of users: 944
Average actions of users: 106.04453870625663
The number of items: 1683
Average actions of items: 59.45303210463734
The number of inters: 100000
The sparsity of the dataset: 93.70575143257098%
Remain Fields: ['user_id', 'item_id', 'rating']
Sat 13 Dec 2025 23:52:30 INFO  [Training]: train_batch_size = [2048] train_neg_sample_args: [{'distribution': 'uniform', 'sample_num': 1, 'alpha': 1.0, 'dynamic': False, 'candidate_num': 0}]
Sat 13 Dec 2025 23:52:30 INFO  [Evaluation]: eval_batch_size = [4096] eval_args: [{'split': {'RS': [0, 0, 0]}, 'order': 'RO', 'group_by': 'user', 'mode': {'valid': 'uni100', 'test': 'uni100'}}]
Sat 13 Dec 2025 23:52:30 INFO  BPR(
  (user_embedding): Embedding(944, 64)
  (item_embedding): Embedding(1683, 64)
  (loss): BPRLoss()
)
Trainable parameters: 168128
Sat 13 Dec 2025 23:52:30 INFO  FLOPs: 128.0
Sat 13 Dec 2025 23:52:30 INFO  epoch 0 training [time: 0.31s, train loss: 33.2681]
Sat 13 Dec 2025 23:52:31 INFO  epoch 0 evaluating [time: 0.40s, valid_score: 0.051900]
Sat 13 Dec 2025 23:52:31 INFO  valid result: 
precision@10 : 0.0118    precision@20 : 0.0113    recall@10 : 0.1177    recall@20 : 0.2259    mrr@10 : 0.0326    mrr@20 : 0.0398    hit@10 : 0.1177    hit@20 : 0.2259    ndcg@10 : 0.0519    ndcg@20 : 0.0788
Sat 13 Dec 2025 23:52:31 INFO  Saving current: saved\BPR-Dec-13-2025_23-52-30.pth
Sat 13 Dec 2025 23:52:31 INFO  epoch 1 training [time: 0.28s, train loss: 33.1086]
Sat 13 Dec 2025 23:52:31 INFO  epoch 1 evaluating [time: 0.42s, valid_score: 0.122100]
Sat 13 Dec 2025 23:52:31 INFO  valid result: 
precision@10 : 0.0243    precision@20 : 0.0205    recall@10 : 0.2428    recall@20 : 0.4093    mrr@10 : 0.0857    mrr@20 : 0.0968    hit@10 : 0.2428    hit@20 : 0.4093    ndcg@10 : 0.1221    ndcg@20 : 0.1636
Sat 13 Dec 2025 23:52:31 INFO  Saving current: saved\BPR-Dec-13-2025_23-52-30.pth
Sat 13 Dec 2025 23:52:32 INFO  epoch 2 training [time: 0.28s, train loss: 32.1937]
Sat 13 Dec 2025 23:52:32 INFO  epoch 2 evaluating [time: 0.40s, valid_score: 0.299100]
Sat 13 Dec 2025 23:52:32 INFO  valid result: 
precision@10 : 0.0517    precision@20 : 0.0353    recall@10 : 0.5175    recall@20 : 0.7063    mrr@10 : 0.2327    mrr@20 : 0.2455    hit@10 : 0.5175    hit@20 : 0.7063    ndcg@10 : 0.2991    ndcg@20 : 0.3465
Sat 13 Dec 2025 23:52:32 INFO  Saving current: saved\BPR-Dec-13-2025_23-52-30.pth
Sat 13 Dec 2025 23:52:32 INFO  epoch 3 training [time: 0.27s, train loss: 28.3656]
Sat 13 Dec 2025 23:52:33 INFO  epoch 3 evaluating [time: 0.39s, valid_score: 0.331200]
Sat 13 Dec 2025 23:52:33 INFO  valid result: 
precision@10 : 0.0554    precision@20 : 0.0371    recall@10 : 0.5536    recall@20 : 0.7413    mrr@10 : 0.2637    mrr@20 : 0.2766    hit@10 : 0.5536    hit@20 : 0.7413    ndcg@10 : 0.3312    ndcg@20 : 0.3786
Sat 13 Dec 2025 23:52:33 INFO  Saving current: saved\BPR-Dec-13-2025_23-52-30.pth
Sat 13 Dec 2025 23:52:33 INFO  epoch 4 training [time: 0.25s, train loss: 22.0646]
Sat 13 Dec 2025 23:52:34 INFO  epoch 4 evaluating [time: 0.39s, valid_score: 0.333400]
Sat 13 Dec 2025 23:52:34 INFO  valid result: 
precision@10 : 0.0555    precision@20 : 0.0376    recall@10 : 0.5546    recall@20 : 0.7519    mrr@10 : 0.2656    mrr@20 : 0.279    hit@10 : 0.5546    hit@20 : 0.7519    ndcg@10 : 0.3334    ndcg@20 : 0.3829
Sat 13 Dec 2025 23:52:34 INFO  Saving current: saved\BPR-Dec-13-2025_23-52-30.pth
Sat 13 Dec 2025 23:52:34 INFO  epoch 5 training [time: 0.26s, train loss: 17.8361]
Sat 13 Dec 2025 23:52:34 INFO  epoch 5 evaluating [time: 0.40s, valid_score: 0.348600]
Sat 13 Dec 2025 23:52:34 INFO  valid result: 
precision@10 : 0.0569    precision@20 : 0.0381    recall@10 : 0.5695    recall@20 : 0.7625    mrr@10 : 0.2819    mrr@20 : 0.2955    hit@10 : 0.5695    hit@20 : 0.7625    ndcg@10 : 0.3486    ndcg@20 : 0.3976
Sat 13 Dec 2025 23:52:34 INFO  Saving current: saved\BPR-Dec-13-2025_23-52-30.pth
Sat 13 Dec 2025 23:52:35 INFO  epoch 6 training [time: 0.28s, train loss: 15.8890]
Sat 13 Dec 2025 23:52:35 INFO  epoch 6 evaluating [time: 0.42s, valid_score: 0.361600]
Sat 13 Dec 2025 23:52:35 INFO  valid result: 
precision@10 : 0.0598    precision@20 : 0.039    recall@10 : 0.5981    recall@20 : 0.7805    mrr@10 : 0.2897    mrr@20 : 0.3023    hit@10 : 0.5981    hit@20 : 0.7805    ndcg@10 : 0.3616    ndcg@20 : 0.4076
Sat 13 Dec 2025 23:52:35 INFO  Saving current: saved\BPR-Dec-13-2025_23-52-30.pth
Sat 13 Dec 2025 23:52:36 INFO  epoch 7 training [time: 0.28s, train loss: 14.9042]
Sat 13 Dec 2025 23:52:36 INFO  epoch 7 evaluating [time: 0.40s, valid_score: 0.375800]
Sat 13 Dec 2025 23:52:36 INFO  valid result: 
precision@10 : 0.0617    precision@20 : 0.0388    recall@10 : 0.6172    recall@20 : 0.7762    mrr@10 : 0.3016    mrr@20 : 0.3129    hit@10 : 0.6172    hit@20 : 0.7762    ndcg@10 : 0.3758    ndcg@20 : 0.4163
Sat 13 Dec 2025 23:52:36 INFO  Saving current: saved\BPR-Dec-13-2025_23-52-30.pth
Sat 13 Dec 2025 23:52:36 INFO  epoch 8 training [time: 0.26s, train loss: 14.1339]
Sat 13 Dec 2025 23:52:37 INFO  epoch 8 evaluating [time: 0.40s, valid_score: 0.403200]
Sat 13 Dec 2025 23:52:37 INFO  valid result: 
precision@10 : 0.0645    precision@20 : 0.0405    recall@10 : 0.6448    recall@20 : 0.8102    mrr@10 : 0.3292    mrr@20 : 0.3407    hit@10 : 0.6448    hit@20 : 0.8102    ndcg@10 : 0.4032    ndcg@20 : 0.445
Sat 13 Dec 2025 23:52:37 INFO  Saving current: saved\BPR-Dec-13-2025_23-52-30.pth
Sat 13 Dec 2025 23:52:37 INFO  epoch 9 training [time: 0.28s, train loss: 13.4435]
Sat 13 Dec 2025 23:52:38 INFO  epoch 9 evaluating [time: 0.41s, valid_score: 0.408900]
Sat 13 Dec 2025 23:52:38 INFO  valid result: 
precision@10 : 0.0646    precision@20 : 0.0411    recall@10 : 0.6458    recall@20 : 0.8218    mrr@10 : 0.3356    mrr@20 : 0.3479    hit@10 : 0.6458    hit@20 : 0.8218    ndcg@10 : 0.4089    ndcg@20 : 0.4536
Sat 13 Dec 2025 23:52:38 INFO  Saving current: saved\BPR-Dec-13-2025_23-52-30.pth
Sat 13 Dec 2025 23:52:38 INFO  epoch 10 training [time: 0.30s, train loss: 12.8099]
Sat 13 Dec 2025 23:52:38 INFO  epoch 10 evaluating [time: 0.40s, valid_score: 0.428200]
Sat 13 Dec 2025 23:52:38 INFO  valid result: 
precision@10 : 0.0678    precision@20 : 0.0414    recall@10 : 0.6776    recall@20 : 0.8282    mrr@10 : 0.3509    mrr@20 : 0.3614    hit@10 : 0.6776    hit@20 : 0.8282    ndcg@10 : 0.4282    ndcg@20 : 0.4662
Sat 13 Dec 2025 23:52:38 INFO  Saving current: saved\BPR-Dec-13-2025_23-52-30.pth
Sat 13 Dec 2025 23:52:39 INFO  epoch 11 training [time: 0.26s, train loss: 12.2002]
Sat 13 Dec 2025 23:52:39 INFO  epoch 11 evaluating [time: 0.41s, valid_score: 0.436700]
Sat 13 Dec 2025 23:52:39 INFO  valid result: 
precision@10 : 0.0684    precision@20 : 0.0418    recall@10 : 0.684    recall@20 : 0.8367    mrr@10 : 0.3605    mrr@20 : 0.3712    hit@10 : 0.684    hit@20 : 0.8367    ndcg@10 : 0.4367    ndcg@20 : 0.4754
Sat 13 Dec 2025 23:52:39 INFO  Saving current: saved\BPR-Dec-13-2025_23-52-30.pth
Sat 13 Dec 2025 23:52:39 INFO  epoch 12 training [time: 0.25s, train loss: 11.5580]
Sat 13 Dec 2025 23:52:40 INFO  epoch 12 evaluating [time: 0.41s, valid_score: 0.452800]
Sat 13 Dec 2025 23:52:40 INFO  valid result: 
precision@10 : 0.0716    precision@20 : 0.0424    recall@10 : 0.7158    recall@20 : 0.8484    mrr@10 : 0.3718    mrr@20 : 0.3811    hit@10 : 0.7158    hit@20 : 0.8484    ndcg@10 : 0.4528    ndcg@20 : 0.4865
Sat 13 Dec 2025 23:52:40 INFO  Saving current: saved\BPR-Dec-13-2025_23-52-30.pth
Sat 13 Dec 2025 23:52:40 INFO  epoch 13 training [time: 0.28s, train loss: 11.1368]
Sat 13 Dec 2025 23:52:41 INFO  epoch 13 evaluating [time: 0.39s, valid_score: 0.461400]
Sat 13 Dec 2025 23:52:41 INFO  valid result: 
precision@10 : 0.0725    precision@20 : 0.0431    recall@10 : 0.7253    recall@20 : 0.8611    mrr@10 : 0.3794    mrr@20 : 0.3889    hit@10 : 0.7253    hit@20 : 0.8611    ndcg@10 : 0.4614    ndcg@20 : 0.4958
Sat 13 Dec 2025 23:52:41 INFO  Saving current: saved\BPR-Dec-13-2025_23-52-30.pth
Sat 13 Dec 2025 23:52:41 INFO  epoch 14 training [time: 0.31s, train loss: 10.8240]
Sat 13 Dec 2025 23:52:41 INFO  epoch 14 evaluating [time: 0.40s, valid_score: 0.474200]
Sat 13 Dec 2025 23:52:41 INFO  valid result: 
precision@10 : 0.073    precision@20 : 0.0428    recall@10 : 0.7296    recall@20 : 0.8568    mrr@10 : 0.3951    mrr@20 : 0.4042    hit@10 : 0.7296    hit@20 : 0.8568    ndcg@10 : 0.4742    ndcg@20 : 0.5067
Sat 13 Dec 2025 23:52:42 INFO  Saving current: saved\BPR-Dec-13-2025_23-52-30.pth
Sat 13 Dec 2025 23:52:42 INFO  epoch 15 training [time: 0.25s, train loss: 10.5571]
Sat 13 Dec 2025 23:52:42 INFO  epoch 15 evaluating [time: 0.40s, valid_score: 0.462900]
Sat 13 Dec 2025 23:52:42 INFO  valid result: 
precision@10 : 0.0727    precision@20 : 0.0432    recall@10 : 0.7275    recall@20 : 0.8643    mrr@10 : 0.3806    mrr@20 : 0.3903    hit@10 : 0.7275    hit@20 : 0.8643    ndcg@10 : 0.4629    ndcg@20 : 0.4978
Sat 13 Dec 2025 23:52:43 INFO  epoch 16 training [time: 0.27s, train loss: 10.2218]
Sat 13 Dec 2025 23:52:43 INFO  epoch 16 evaluating [time: 0.40s, valid_score: 0.475700]
Sat 13 Dec 2025 23:52:43 INFO  valid result: 
precision@10 : 0.0729    precision@20 : 0.0435    recall@10 : 0.7285    recall@20 : 0.8706    mrr@10 : 0.397    mrr@20 : 0.4072    hit@10 : 0.7285    hit@20 : 0.8706    ndcg@10 : 0.4757    ndcg@20 : 0.512
Sat 13 Dec 2025 23:52:43 INFO  Saving current: saved\BPR-Dec-13-2025_23-52-30.pth
Sat 13 Dec 2025 23:52:43 INFO  epoch 17 training [time: 0.25s, train loss: 10.0235]
Sat 13 Dec 2025 23:52:44 INFO  epoch 17 evaluating [time: 0.40s, valid_score: 0.483400]
Sat 13 Dec 2025 23:52:44 INFO  valid result: 
precision@10 : 0.0751    precision@20 : 0.0439    recall@10 : 0.7508    recall@20 : 0.878    mrr@10 : 0.4005    mrr@20 : 0.4092    hit@10 : 0.7508    hit@20 : 0.878    ndcg@10 : 0.4834    ndcg@20 : 0.5154
Sat 13 Dec 2025 23:52:44 INFO  Saving current: saved\BPR-Dec-13-2025_23-52-30.pth
Sat 13 Dec 2025 23:52:44 INFO  epoch 18 training [time: 0.28s, train loss: 9.7267]
Sat 13 Dec 2025 23:52:44 INFO  epoch 18 evaluating [time: 0.40s, valid_score: 0.475800]
Sat 13 Dec 2025 23:52:45 INFO  valid result: 
precision@10 : 0.0736    precision@20 : 0.0439    recall@10 : 0.7359    recall@20 : 0.878    mrr@10 : 0.3945    mrr@20 : 0.4045    hit@10 : 0.7359    hit@20 : 0.878    ndcg@10 : 0.4758    ndcg@20 : 0.5119
Sat 13 Dec 2025 23:52:45 INFO  epoch 19 training [time: 0.28s, train loss: 9.5074]
Sat 13 Dec 2025 23:52:45 INFO  epoch 19 evaluating [time: 0.39s, valid_score: 0.487800]
Sat 13 Dec 2025 23:52:45 INFO  valid result: 
precision@10 : 0.0751    precision@20 : 0.044    recall@10 : 0.7508    recall@20 : 0.8791    mrr@10 : 0.4058    mrr@20 : 0.415    hit@10 : 0.7508    hit@20 : 0.8791    ndcg@10 : 0.4878    ndcg@20 : 0.5207
Sat 13 Dec 2025 23:52:45 INFO  Saving current: saved\BPR-Dec-13-2025_23-52-30.pth
Sat 13 Dec 2025 23:52:46 INFO  epoch 20 training [time: 0.26s, train loss: 9.3071]
Sat 13 Dec 2025 23:52:46 INFO  epoch 20 evaluating [time: 0.41s, valid_score: 0.488800]
Sat 13 Dec 2025 23:52:46 INFO  valid result: 
precision@10 : 0.0745    precision@20 : 0.0444    recall@10 : 0.7455    recall@20 : 0.8887    mrr@10 : 0.4084    mrr@20 : 0.4186    hit@10 : 0.7455    hit@20 : 0.8887    ndcg@10 : 0.4888    ndcg@20 : 0.5252
Sat 13 Dec 2025 23:52:46 INFO  Saving current: saved\BPR-Dec-13-2025_23-52-30.pth
Sat 13 Dec 2025 23:52:46 INFO  epoch 21 training [time: 0.27s, train loss: 9.1559]
Sat 13 Dec 2025 23:52:47 INFO  epoch 21 evaluating [time: 0.42s, valid_score: 0.500100]
Sat 13 Dec 2025 23:52:47 INFO  valid result: 
precision@10 : 0.0758    precision@20 : 0.0439    recall@10 : 0.7582    recall@20 : 0.878    mrr@10 : 0.4199    mrr@20 : 0.4285    hit@10 : 0.7582    hit@20 : 0.878    ndcg@10 : 0.5001    ndcg@20 : 0.5308
Sat 13 Dec 2025 23:52:47 INFO  Saving current: saved\BPR-Dec-13-2025_23-52-30.pth
Sat 13 Dec 2025 23:52:47 INFO  epoch 22 training [time: 0.31s, train loss: 8.9258]
Sat 13 Dec 2025 23:52:48 INFO  epoch 22 evaluating [time: 0.40s, valid_score: 0.500200]
Sat 13 Dec 2025 23:52:48 INFO  valid result: 
precision@10 : 0.0756    precision@20 : 0.0442    recall@10 : 0.7561    recall@20 : 0.8834    mrr@10 : 0.4199    mrr@20 : 0.429    hit@10 : 0.7561    hit@20 : 0.8834    ndcg@10 : 0.5002    ndcg@20 : 0.5327
Sat 13 Dec 2025 23:52:48 INFO  Saving current: saved\BPR-Dec-13-2025_23-52-30.pth
Sat 13 Dec 2025 23:52:48 INFO  epoch 23 training [time: 0.22s, train loss: 8.7730]
Sat 13 Dec 2025 23:52:48 INFO  epoch 23 evaluating [time: 0.38s, valid_score: 0.493500]
Sat 13 Dec 2025 23:52:48 INFO  valid result: 
precision@10 : 0.076    precision@20 : 0.044    recall@10 : 0.7603    recall@20 : 0.8802    mrr@10 : 0.4099    mrr@20 : 0.4184    hit@10 : 0.7603    hit@20 : 0.8802    ndcg@10 : 0.4935    ndcg@20 : 0.524
Sat 13 Dec 2025 23:52:49 INFO  epoch 24 training [time: 0.21s, train loss: 8.6081]
Sat 13 Dec 2025 23:52:49 INFO  epoch 24 evaluating [time: 0.38s, valid_score: 0.504400]
Sat 13 Dec 2025 23:52:49 INFO  valid result: 
precision@10 : 0.0764    precision@20 : 0.0446    recall@10 : 0.7635    recall@20 : 0.8918    mrr@10 : 0.4232    mrr@20 : 0.4322    hit@10 : 0.7635    hit@20 : 0.8918    ndcg@10 : 0.5044    ndcg@20 : 0.537
Sat 13 Dec 2025 23:52:49 INFO  Saving current: saved\BPR-Dec-13-2025_23-52-30.pth
Sat 13 Dec 2025 23:52:49 INFO  epoch 25 training [time: 0.22s, train loss: 8.4461]
Sat 13 Dec 2025 23:52:50 INFO  epoch 25 evaluating [time: 0.37s, valid_score: 0.510100]
Sat 13 Dec 2025 23:52:50 INFO  valid result: 
precision@10 : 0.0772    precision@20 : 0.0445    recall@10 : 0.772    recall@20 : 0.8897    mrr@10 : 0.4286    mrr@20 : 0.4369    hit@10 : 0.772    hit@20 : 0.8897    ndcg@10 : 0.5101    ndcg@20 : 0.5401
Sat 13 Dec 2025 23:52:50 INFO  Saving current: saved\BPR-Dec-13-2025_23-52-30.pth
Sat 13 Dec 2025 23:52:50 INFO  epoch 26 training [time: 0.21s, train loss: 8.2887]
Sat 13 Dec 2025 23:52:50 INFO  epoch 26 evaluating [time: 0.37s, valid_score: 0.506900]
Sat 13 Dec 2025 23:52:50 INFO  valid result: 
precision@10 : 0.0769    precision@20 : 0.0444    recall@10 : 0.7688    recall@20 : 0.8876    mrr@10 : 0.4246    mrr@20 : 0.4331    hit@10 : 0.7688    hit@20 : 0.8876    ndcg@10 : 0.5069    ndcg@20 : 0.5373
Sat 13 Dec 2025 23:52:51 INFO  epoch 27 training [time: 0.21s, train loss: 8.1997]
Sat 13 Dec 2025 23:52:51 INFO  epoch 27 evaluating [time: 0.40s, valid_score: 0.509200]
Sat 13 Dec 2025 23:52:51 INFO  valid result: 
precision@10 : 0.0779    precision@20 : 0.0449    recall@10 : 0.7794    recall@20 : 0.8971    mrr@10 : 0.4246    mrr@20 : 0.4328    hit@10 : 0.7794    hit@20 : 0.8971    ndcg@10 : 0.5092    ndcg@20 : 0.539
Sat 13 Dec 2025 23:52:51 INFO  epoch 28 training [time: 0.23s, train loss: 8.1790]
Sat 13 Dec 2025 23:52:52 INFO  epoch 28 evaluating [time: 0.39s, valid_score: 0.519800]
Sat 13 Dec 2025 23:52:52 INFO  valid result: 
precision@10 : 0.0773    precision@20 : 0.0446    recall@10 : 0.7731    recall@20 : 0.8929    mrr@10 : 0.4405    mrr@20 : 0.4493    hit@10 : 0.7731    hit@20 : 0.8929    ndcg@10 : 0.5198    ndcg@20 : 0.5507
Sat 13 Dec 2025 23:52:52 INFO  Saving current: saved\BPR-Dec-13-2025_23-52-30.pth
Sat 13 Dec 2025 23:52:52 INFO  epoch 29 training [time: 0.26s, train loss: 7.9076]
Sat 13 Dec 2025 23:52:53 INFO  epoch 29 evaluating [time: 0.40s, valid_score: 0.519700]
Sat 13 Dec 2025 23:52:53 INFO  valid result: 
precision@10 : 0.0775    precision@20 : 0.0444    recall@10 : 0.7752    recall@20 : 0.8876    mrr@10 : 0.4399    mrr@20 : 0.448    hit@10 : 0.7752    hit@20 : 0.8876    ndcg@10 : 0.5197    ndcg@20 : 0.5485
Sat 13 Dec 2025 23:52:53 INFO  epoch 30 training [time: 0.26s, train loss: 7.8928]
Sat 13 Dec 2025 23:52:53 INFO  epoch 30 evaluating [time: 0.41s, valid_score: 0.521900]
Sat 13 Dec 2025 23:52:53 INFO  valid result: 
precision@10 : 0.0778    precision@20 : 0.0444    recall@10 : 0.7784    recall@20 : 0.8887    mrr@10 : 0.4416    mrr@20 : 0.4495    hit@10 : 0.7784    hit@20 : 0.8887    ndcg@10 : 0.5219    ndcg@20 : 0.5502
Sat 13 Dec 2025 23:52:53 INFO  Saving current: saved\BPR-Dec-13-2025_23-52-30.pth
Sat 13 Dec 2025 23:52:54 INFO  epoch 31 training [time: 0.26s, train loss: 7.6948]
Sat 13 Dec 2025 23:52:54 INFO  epoch 31 evaluating [time: 0.40s, valid_score: 0.505500]
Sat 13 Dec 2025 23:52:54 INFO  valid result: 
precision@10 : 0.0779    precision@20 : 0.0446    recall@10 : 0.7794    recall@20 : 0.8918    mrr@10 : 0.4202    mrr@20 : 0.4282    hit@10 : 0.7794    hit@20 : 0.8918    ndcg@10 : 0.5055    ndcg@20 : 0.5342
Sat 13 Dec 2025 23:52:54 INFO  epoch 32 training [time: 0.26s, train loss: 7.6147]
Sat 13 Dec 2025 23:52:55 INFO  epoch 32 evaluating [time: 0.40s, valid_score: 0.514300]
Sat 13 Dec 2025 23:52:55 INFO  valid result: 
precision@10 : 0.0776    precision@20 : 0.0444    recall@10 : 0.7762    recall@20 : 0.8887    mrr@10 : 0.4322    mrr@20 : 0.4401    hit@10 : 0.7762    hit@20 : 0.8887    ndcg@10 : 0.5143    ndcg@20 : 0.5429
Sat 13 Dec 2025 23:52:55 INFO  epoch 33 training [time: 0.27s, train loss: 7.4585]
Sat 13 Dec 2025 23:52:56 INFO  epoch 33 evaluating [time: 0.39s, valid_score: 0.515300]
Sat 13 Dec 2025 23:52:56 INFO  valid result: 
precision@10 : 0.0786    precision@20 : 0.0449    recall@10 : 0.7858    recall@20 : 0.8982    mrr@10 : 0.4308    mrr@20 : 0.4389    hit@10 : 0.7858    hit@20 : 0.8982    ndcg@10 : 0.5153    ndcg@20 : 0.5441
Sat 13 Dec 2025 23:52:56 INFO  epoch 34 training [time: 0.26s, train loss: 7.4540]
Sat 13 Dec 2025 23:52:56 INFO  epoch 34 evaluating [time: 0.39s, valid_score: 0.521100]
Sat 13 Dec 2025 23:52:56 INFO  valid result: 
precision@10 : 0.0791    precision@20 : 0.045    recall@10 : 0.7911    recall@20 : 0.8993    mrr@10 : 0.4369    mrr@20 : 0.4448    hit@10 : 0.7911    hit@20 : 0.8993    ndcg@10 : 0.5211    ndcg@20 : 0.5489
Sat 13 Dec 2025 23:52:57 INFO  epoch 35 training [time: 0.27s, train loss: 7.2460]
Sat 13 Dec 2025 23:52:57 INFO  epoch 35 evaluating [time: 0.39s, valid_score: 0.515900]
Sat 13 Dec 2025 23:52:57 INFO  valid result: 
precision@10 : 0.0785    precision@20 : 0.0449    recall@10 : 0.7847    recall@20 : 0.8971    mrr@10 : 0.4315    mrr@20 : 0.4396    hit@10 : 0.7847    hit@20 : 0.8971    ndcg@10 : 0.5159    ndcg@20 : 0.5447
Sat 13 Dec 2025 23:52:57 INFO  epoch 36 training [time: 0.25s, train loss: 7.2090]
Sat 13 Dec 2025 23:52:58 INFO  epoch 36 evaluating [time: 0.41s, valid_score: 0.521200]
Sat 13 Dec 2025 23:52:58 INFO  valid result: 
precision@10 : 0.0797    precision@20 : 0.0452    recall@10 : 0.7975    recall@20 : 0.9035    mrr@10 : 0.435    mrr@20 : 0.4423    hit@10 : 0.7975    hit@20 : 0.9035    ndcg@10 : 0.5212    ndcg@20 : 0.5479
Sat 13 Dec 2025 23:52:58 INFO  Finished training, best eval result in epoch 30
Sat 13 Dec 2025 23:52:58 INFO  Loading model structure and parameters from saved\BPR-Dec-13-2025_23-52-30.pth
Sat 13 Dec 2025 23:52:59 INFO  The running environment of this training is as follows:
+-------------+----------------+
| Environment |     Usage      |
+=============+================+
| CPU         |     9.60 %     |
+-------------+----------------+
| GPU         | 0.05 G/8.00 G  |
+-------------+----------------+
| Memory      | 1.20 G/15.26 G |
+-------------+----------------+
Sat 13 Dec 2025 23:52:59 INFO  best valid : OrderedDict([('precision@10', 0.0778), ('precision@20', 0.0444), ('recall@10', 0.7784), ('recall@20', 0.8887), ('mrr@10', 0.4416), ('mrr@20', 0.4495), ('hit@10', 0.7784), ('hit@20', 0.8887), ('ndcg@10', 0.5219), ('ndcg@20', 0.5502)])
Sat 13 Dec 2025 23:52:59 INFO  test result: OrderedDict([('precision@10', 0.0778), ('precision@20', 0.0452), ('recall@10', 0.7784), ('recall@20', 0.9046), ('mrr@10', 0.431), ('mrr@20', 0.4401), ('hit@10', 0.7784), ('hit@20', 0.9046), ('ndcg@10', 0.514), ('ndcg@20', 0.5463)])
