Tue 18 Nov 2025 23:07:56 INFO  ['c:\\Users\\martin\\miniconda3\\envs\\bp\\Lib\\site-packages\\ipykernel_launcher.py', '--f=c:\\Users\\martin\\AppData\\Roaming\\jupyter\\runtime\\kernel-v3622422e5bdfed9801eb125eda29c27abe47778e1.json']
Tue 18 Nov 2025 23:07:56 INFO  
General Hyper Parameters:
gpu_id = 0
use_gpu = True
seed = 2020
state = INFO
reproducibility = True
data_path = ./data/split/ml-100k\ml-100k--expR
checkpoint_dir = saved
show_progress = True
save_dataset = False
dataset_save_path = None
save_dataloaders = False
dataloaders_save_path = None
log_wandb = False

Training Hyper Parameters:
epochs = 50
train_batch_size = 2048
learner = adam
learning_rate = 0.001
train_neg_sample_args = {'distribution': 'uniform', 'sample_num': 1, 'alpha': 1.0, 'dynamic': False, 'candidate_num': 0}
eval_step = 1
stopping_step = 5
clip_grad_norm = None
weight_decay = 0.0
loss_decimal_place = 4

Evaluation Hyper Parameters:
eval_args = {'split': {'RS': [0, 0, 0]}, 'order': 'RO', 'group_by': 'user', 'mode': {'valid': 'full', 'test': 'full'}}
repeatable = False
metrics = ['Precision', 'Recall', 'MRR', 'Hit', 'NDCG']
topk = [10, 20]
valid_metric = NDCG@10
valid_metric_bigger = True
eval_batch_size = 4096
metric_decimal_place = 4

Dataset Hyper Parameters:
field_separator = 	
seq_separator =  
USER_ID_FIELD = user_id
ITEM_ID_FIELD = item_id
RATING_FIELD = rating
TIME_FIELD = timestamp
seq_len = None
LABEL_FIELD = label
threshold = None
NEG_PREFIX = neg_
load_col = {'inter': ['user_id', 'item_id']}
unload_col = None
unused_col = None
additional_feat_suffix = None
rm_dup_inter = None
val_interval = None
filter_inter_by_user_or_item = True
user_inter_num_interval = [0,inf)
item_inter_num_interval = [0,inf)
alias_of_user_id = None
alias_of_item_id = None
alias_of_entity_id = None
alias_of_relation_id = None
preload_weight = None
normalize_field = None
normalize_all = None
ITEM_LIST_LENGTH_FIELD = item_length
LIST_SUFFIX = _list
MAX_ITEM_LIST_LENGTH = 50
POSITION_FIELD = position_id
HEAD_ENTITY_ID_FIELD = head_id
TAIL_ENTITY_ID_FIELD = tail_id
RELATION_ID_FIELD = relation_id
ENTITY_ID_FIELD = entity_id
benchmark_filename = ['train', 'valid', 'test']

Other Hyper Parameters: 
worker = 0
wandb_project = recbole
shuffle = True
require_pow = False
enable_amp = False
enable_scaler = False
transform = None
embedding_size = 64
numerical_features = []
discretization = None
kg_reverse_r = False
entity_kg_num_interval = [0,inf)
relation_kg_num_interval = [0,inf)
MODEL_TYPE = ModelType.GENERAL
test_args = {'mode': 'full'}
MODEL_INPUT_TYPE = InputType.PAIRWISE
eval_type = EvaluatorType.RANKING
single_spec = True
local_rank = 0
device = cpu
valid_neg_sample_args = {'distribution': 'uniform', 'sample_num': 'none'}
test_neg_sample_args = {'distribution': 'uniform', 'sample_num': 'none'}


Tue 18 Nov 2025 23:07:57 INFO  ml-100k--expR
The number of users: 944
Average actions of users: 106.04453870625663
The number of items: 1683
Average actions of items: 59.45303210463734
The number of inters: 100000
The sparsity of the dataset: 93.70575143257098%
Remain Fields: ['user_id', 'item_id']
Tue 18 Nov 2025 23:07:57 INFO  [Training]: train_batch_size = [2048] train_neg_sample_args: [{'distribution': 'uniform', 'sample_num': 1, 'alpha': 1.0, 'dynamic': False, 'candidate_num': 0}]
Tue 18 Nov 2025 23:07:57 INFO  [Evaluation]: eval_batch_size = [4096] eval_args: [{'split': {'RS': [0, 0, 0]}, 'order': 'RO', 'group_by': 'user', 'mode': {'valid': 'full', 'test': 'full'}}]
Tue 18 Nov 2025 23:07:57 INFO  BPR(
  (user_embedding): Embedding(944, 64)
  (item_embedding): Embedding(1683, 64)
  (loss): BPRLoss()
)
Trainable parameters: 168128
Tue 18 Nov 2025 23:07:57 INFO  FLOPs: 128.0
Tue 18 Nov 2025 23:08:00 INFO  epoch 0 training [time: 0.47s, train loss: 33.2681]
Tue 18 Nov 2025 23:08:00 INFO  epoch 0 evaluating [time: 0.44s, valid_score: 0.003700]
Tue 18 Nov 2025 23:08:00 INFO  valid result: 
precision@10 : 0.0007    precision@20 : 0.0008    recall@10 : 0.0074    recall@20 : 0.0159    mrr@10 : 0.0026    mrr@20 : 0.0031    hit@10 : 0.0074    hit@20 : 0.0159    ndcg@10 : 0.0037    ndcg@20 : 0.0058
Tue 18 Nov 2025 23:08:01 INFO  Saving current: saved\BPR-Nov-18-2025_23-07-57.pth
Tue 18 Nov 2025 23:08:01 INFO  epoch 1 training [time: 0.42s, train loss: 33.1089]
Tue 18 Nov 2025 23:08:01 INFO  epoch 1 evaluating [time: 0.44s, valid_score: 0.016600]
Tue 18 Nov 2025 23:08:01 INFO  valid result: 
precision@10 : 0.0031    precision@20 : 0.0028    recall@10 : 0.0308    recall@20 : 0.0562    mrr@10 : 0.0124    mrr@20 : 0.0141    hit@10 : 0.0308    hit@20 : 0.0562    ndcg@10 : 0.0166    ndcg@20 : 0.023
Tue 18 Nov 2025 23:08:01 INFO  Saving current: saved\BPR-Nov-18-2025_23-07-57.pth
Tue 18 Nov 2025 23:08:02 INFO  epoch 2 training [time: 0.45s, train loss: 32.1988]
Tue 18 Nov 2025 23:08:02 INFO  epoch 2 evaluating [time: 0.39s, valid_score: 0.053100]
Tue 18 Nov 2025 23:08:02 INFO  valid result: 
precision@10 : 0.0105    precision@20 : 0.0083    recall@10 : 0.105    recall@20 : 0.1654    mrr@10 : 0.0373    mrr@20 : 0.0416    hit@10 : 0.105    hit@20 : 0.1654    ndcg@10 : 0.0531    ndcg@20 : 0.0685
Tue 18 Nov 2025 23:08:02 INFO  Saving current: saved\BPR-Nov-18-2025_23-07-57.pth
Tue 18 Nov 2025 23:08:03 INFO  epoch 3 training [time: 0.44s, train loss: 28.3659]
Tue 18 Nov 2025 23:08:03 INFO  epoch 3 evaluating [time: 0.42s, valid_score: 0.075600]
Tue 18 Nov 2025 23:08:03 INFO  valid result: 
precision@10 : 0.0148    precision@20 : 0.0106    recall@10 : 0.1485    recall@20 : 0.211    mrr@10 : 0.0536    mrr@20 : 0.0578    hit@10 : 0.1485    hit@20 : 0.211    ndcg@10 : 0.0756    ndcg@20 : 0.0913
Tue 18 Nov 2025 23:08:03 INFO  Saving current: saved\BPR-Nov-18-2025_23-07-57.pth
Tue 18 Nov 2025 23:08:04 INFO  epoch 4 training [time: 0.43s, train loss: 22.0739]
Tue 18 Nov 2025 23:08:04 INFO  epoch 4 evaluating [time: 0.32s, valid_score: 0.082400]
Tue 18 Nov 2025 23:08:04 INFO  valid result: 
precision@10 : 0.0148    precision@20 : 0.0104    recall@10 : 0.1485    recall@20 : 0.2089    mrr@10 : 0.062    mrr@20 : 0.0661    hit@10 : 0.1485    hit@20 : 0.2089    ndcg@10 : 0.0824    ndcg@20 : 0.0975
Tue 18 Nov 2025 23:08:04 INFO  Saving current: saved\BPR-Nov-18-2025_23-07-57.pth
Tue 18 Nov 2025 23:08:04 INFO  epoch 5 training [time: 0.44s, train loss: 17.8712]
Tue 18 Nov 2025 23:08:05 INFO  epoch 5 evaluating [time: 0.46s, valid_score: 0.085400]
Tue 18 Nov 2025 23:08:05 INFO  valid result: 
precision@10 : 0.0151    precision@20 : 0.0108    recall@10 : 0.1506    recall@20 : 0.2153    mrr@10 : 0.0652    mrr@20 : 0.0695    hit@10 : 0.1506    hit@20 : 0.2153    ndcg@10 : 0.0854    ndcg@20 : 0.1016
Tue 18 Nov 2025 23:08:05 INFO  Saving current: saved\BPR-Nov-18-2025_23-07-57.pth
Tue 18 Nov 2025 23:08:05 INFO  epoch 6 training [time: 0.52s, train loss: 15.9228]
Tue 18 Nov 2025 23:08:06 INFO  epoch 6 evaluating [time: 0.42s, valid_score: 0.089600]
Tue 18 Nov 2025 23:08:06 INFO  valid result: 
precision@10 : 0.0158    precision@20 : 0.0115    recall@10 : 0.158    recall@20 : 0.2301    mrr@10 : 0.0684    mrr@20 : 0.0733    hit@10 : 0.158    hit@20 : 0.2301    ndcg@10 : 0.0896    ndcg@20 : 0.1077
Tue 18 Nov 2025 23:08:06 INFO  Saving current: saved\BPR-Nov-18-2025_23-07-57.pth
Tue 18 Nov 2025 23:08:06 INFO  epoch 7 training [time: 0.40s, train loss: 14.9031]
Tue 18 Nov 2025 23:08:07 INFO  epoch 7 evaluating [time: 0.37s, valid_score: 0.095300]
Tue 18 Nov 2025 23:08:07 INFO  valid result: 
precision@10 : 0.0168    precision@20 : 0.0123    recall@10 : 0.1676    recall@20 : 0.246    mrr@10 : 0.0728    mrr@20 : 0.078    hit@10 : 0.1676    hit@20 : 0.246    ndcg@10 : 0.0953    ndcg@20 : 0.1148
Tue 18 Nov 2025 23:08:07 INFO  Saving current: saved\BPR-Nov-18-2025_23-07-57.pth
Tue 18 Nov 2025 23:08:07 INFO  epoch 8 training [time: 0.47s, train loss: 14.0216]
Tue 18 Nov 2025 23:08:08 INFO  epoch 8 evaluating [time: 0.36s, valid_score: 0.105600]
Tue 18 Nov 2025 23:08:08 INFO  valid result: 
precision@10 : 0.0187    precision@20 : 0.013    recall@10 : 0.1866    recall@20 : 0.2598    mrr@10 : 0.0807    mrr@20 : 0.0856    hit@10 : 0.1866    hit@20 : 0.2598    ndcg@10 : 0.1056    ndcg@20 : 0.1238
Tue 18 Nov 2025 23:08:08 INFO  Saving current: saved\BPR-Nov-18-2025_23-07-57.pth
Tue 18 Nov 2025 23:08:08 INFO  epoch 9 training [time: 0.40s, train loss: 13.2951]
Tue 18 Nov 2025 23:08:08 INFO  epoch 9 evaluating [time: 0.38s, valid_score: 0.110800]
Tue 18 Nov 2025 23:08:08 INFO  valid result: 
precision@10 : 0.0195    precision@20 : 0.0139    recall@10 : 0.1951    recall@20 : 0.2789    mrr@10 : 0.0851    mrr@20 : 0.0907    hit@10 : 0.1951    hit@20 : 0.2789    ndcg@10 : 0.1108    ndcg@20 : 0.1317
Tue 18 Nov 2025 23:08:08 INFO  Saving current: saved\BPR-Nov-18-2025_23-07-57.pth
Tue 18 Nov 2025 23:08:09 INFO  epoch 10 training [time: 0.36s, train loss: 12.8053]
Tue 18 Nov 2025 23:08:09 INFO  epoch 10 evaluating [time: 0.37s, valid_score: 0.114600]
Tue 18 Nov 2025 23:08:09 INFO  valid result: 
precision@10 : 0.0204    precision@20 : 0.0145    recall@10 : 0.2036    recall@20 : 0.2906    mrr@10 : 0.0875    mrr@20 : 0.0934    hit@10 : 0.2036    hit@20 : 0.2906    ndcg@10 : 0.1146    ndcg@20 : 0.1364
Tue 18 Nov 2025 23:08:09 INFO  Saving current: saved\BPR-Nov-18-2025_23-07-57.pth
Tue 18 Nov 2025 23:08:10 INFO  epoch 11 training [time: 0.40s, train loss: 12.2490]
Tue 18 Nov 2025 23:08:10 INFO  epoch 11 evaluating [time: 0.34s, valid_score: 0.120300]
Tue 18 Nov 2025 23:08:10 INFO  valid result: 
precision@10 : 0.0213    precision@20 : 0.0151    recall@10 : 0.2131    recall@20 : 0.3012    mrr@10 : 0.0919    mrr@20 : 0.0979    hit@10 : 0.2131    hit@20 : 0.3012    ndcg@10 : 0.1203    ndcg@20 : 0.1424
Tue 18 Nov 2025 23:08:10 INFO  Saving current: saved\BPR-Nov-18-2025_23-07-57.pth
Tue 18 Nov 2025 23:08:10 INFO  epoch 12 training [time: 0.39s, train loss: 11.6313]
Tue 18 Nov 2025 23:08:11 INFO  epoch 12 evaluating [time: 0.34s, valid_score: 0.122600]
Tue 18 Nov 2025 23:08:11 INFO  valid result: 
precision@10 : 0.0221    precision@20 : 0.0156    recall@10 : 0.2206    recall@20 : 0.3118    mrr@10 : 0.0927    mrr@20 : 0.0989    hit@10 : 0.2206    hit@20 : 0.3118    ndcg@10 : 0.1226    ndcg@20 : 0.1454
Tue 18 Nov 2025 23:08:11 INFO  Saving current: saved\BPR-Nov-18-2025_23-07-57.pth
Tue 18 Nov 2025 23:08:11 INFO  epoch 13 training [time: 0.41s, train loss: 11.1297]
Tue 18 Nov 2025 23:08:11 INFO  epoch 13 evaluating [time: 0.34s, valid_score: 0.124100]
Tue 18 Nov 2025 23:08:11 INFO  valid result: 
precision@10 : 0.0221    precision@20 : 0.0161    recall@10 : 0.2206    recall@20 : 0.3213    mrr@10 : 0.0944    mrr@20 : 0.1013    hit@10 : 0.2206    hit@20 : 0.3213    ndcg@10 : 0.1241    ndcg@20 : 0.1494
Tue 18 Nov 2025 23:08:11 INFO  Saving current: saved\BPR-Nov-18-2025_23-07-57.pth
Tue 18 Nov 2025 23:08:12 INFO  epoch 14 training [time: 0.39s, train loss: 10.7924]
Tue 18 Nov 2025 23:08:12 INFO  epoch 14 evaluating [time: 0.33s, valid_score: 0.127700]
Tue 18 Nov 2025 23:08:12 INFO  valid result: 
precision@10 : 0.0233    precision@20 : 0.0159    recall@10 : 0.2333    recall@20 : 0.3181    mrr@10 : 0.0957    mrr@20 : 0.1015    hit@10 : 0.2333    hit@20 : 0.3181    ndcg@10 : 0.1277    ndcg@20 : 0.1491
Tue 18 Nov 2025 23:08:12 INFO  Saving current: saved\BPR-Nov-18-2025_23-07-57.pth
Tue 18 Nov 2025 23:08:13 INFO  epoch 15 training [time: 0.39s, train loss: 10.5633]
Tue 18 Nov 2025 23:08:13 INFO  epoch 15 evaluating [time: 0.34s, valid_score: 0.128700]
Tue 18 Nov 2025 23:08:13 INFO  valid result: 
precision@10 : 0.0236    precision@20 : 0.0161    recall@10 : 0.2365    recall@20 : 0.3213    mrr@10 : 0.0961    mrr@20 : 0.1019    hit@10 : 0.2365    hit@20 : 0.3213    ndcg@10 : 0.1287    ndcg@20 : 0.1501
Tue 18 Nov 2025 23:08:13 INFO  Saving current: saved\BPR-Nov-18-2025_23-07-57.pth
Tue 18 Nov 2025 23:08:13 INFO  epoch 16 training [time: 0.41s, train loss: 10.1916]
Tue 18 Nov 2025 23:08:14 INFO  epoch 16 evaluating [time: 0.39s, valid_score: 0.131900]
Tue 18 Nov 2025 23:08:14 INFO  valid result: 
precision@10 : 0.0241    precision@20 : 0.0164    recall@10 : 0.2407    recall@20 : 0.3277    mrr@10 : 0.099    mrr@20 : 0.1049    hit@10 : 0.2407    hit@20 : 0.3277    ndcg@10 : 0.1319    ndcg@20 : 0.1536
Tue 18 Nov 2025 23:08:14 INFO  Saving current: saved\BPR-Nov-18-2025_23-07-57.pth
Tue 18 Nov 2025 23:08:14 INFO  epoch 17 training [time: 0.40s, train loss: 10.0119]
Tue 18 Nov 2025 23:08:15 INFO  epoch 17 evaluating [time: 0.33s, valid_score: 0.131700]
Tue 18 Nov 2025 23:08:15 INFO  valid result: 
precision@10 : 0.0242    precision@20 : 0.0167    recall@10 : 0.2418    recall@20 : 0.334    mrr@10 : 0.0984    mrr@20 : 0.1046    hit@10 : 0.2418    hit@20 : 0.334    ndcg@10 : 0.1317    ndcg@20 : 0.1547
Tue 18 Nov 2025 23:08:15 INFO  epoch 18 training [time: 0.38s, train loss: 9.8223]
Tue 18 Nov 2025 23:08:15 INFO  epoch 18 evaluating [time: 0.35s, valid_score: 0.134700]
Tue 18 Nov 2025 23:08:15 INFO  valid result: 
precision@10 : 0.0248    precision@20 : 0.0167    recall@10 : 0.2481    recall@20 : 0.334    mrr@10 : 0.1004    mrr@20 : 0.1062    hit@10 : 0.2481    hit@20 : 0.334    ndcg@10 : 0.1347    ndcg@20 : 0.1561
Tue 18 Nov 2025 23:08:15 INFO  Saving current: saved\BPR-Nov-18-2025_23-07-57.pth
Tue 18 Nov 2025 23:08:16 INFO  epoch 19 training [time: 0.36s, train loss: 9.5344]
Tue 18 Nov 2025 23:08:16 INFO  epoch 19 evaluating [time: 0.37s, valid_score: 0.135000]
Tue 18 Nov 2025 23:08:16 INFO  valid result: 
precision@10 : 0.0244    precision@20 : 0.0168    recall@10 : 0.2439    recall@20 : 0.3362    mrr@10 : 0.1022    mrr@20 : 0.1084    hit@10 : 0.2439    hit@20 : 0.3362    ndcg@10 : 0.135    ndcg@20 : 0.1581
Tue 18 Nov 2025 23:08:16 INFO  Saving current: saved\BPR-Nov-18-2025_23-07-57.pth
Tue 18 Nov 2025 23:08:16 INFO  epoch 20 training [time: 0.34s, train loss: 9.2995]
Tue 18 Nov 2025 23:08:17 INFO  epoch 20 evaluating [time: 0.37s, valid_score: 0.131400]
Tue 18 Nov 2025 23:08:17 INFO  valid result: 
precision@10 : 0.0239    precision@20 : 0.0169    recall@10 : 0.2386    recall@20 : 0.3383    mrr@10 : 0.0987    mrr@20 : 0.1056    hit@10 : 0.2386    hit@20 : 0.3383    ndcg@10 : 0.1314    ndcg@20 : 0.1566
Tue 18 Nov 2025 23:08:17 INFO  epoch 21 training [time: 0.39s, train loss: 8.9889]
Tue 18 Nov 2025 23:08:18 INFO  epoch 21 evaluating [time: 0.34s, valid_score: 0.132600]
Tue 18 Nov 2025 23:08:18 INFO  valid result: 
precision@10 : 0.0238    precision@20 : 0.0171    recall@10 : 0.2375    recall@20 : 0.3425    mrr@10 : 0.1007    mrr@20 : 0.108    hit@10 : 0.2375    hit@20 : 0.3425    ndcg@10 : 0.1326    ndcg@20 : 0.1592
Tue 18 Nov 2025 23:08:18 INFO  epoch 22 training [time: 0.39s, train loss: 9.0178]
Tue 18 Nov 2025 23:08:18 INFO  epoch 22 evaluating [time: 0.35s, valid_score: 0.134000]
Tue 18 Nov 2025 23:08:18 INFO  valid result: 
precision@10 : 0.024    precision@20 : 0.0173    recall@10 : 0.2397    recall@20 : 0.3468    mrr@10 : 0.102    mrr@20 : 0.1095    hit@10 : 0.2397    hit@20 : 0.3468    ndcg@10 : 0.134    ndcg@20 : 0.1612
Tue 18 Nov 2025 23:08:19 INFO  epoch 23 training [time: 0.35s, train loss: 8.7624]
Tue 18 Nov 2025 23:08:19 INFO  epoch 23 evaluating [time: 0.37s, valid_score: 0.133500]
Tue 18 Nov 2025 23:08:19 INFO  valid result: 
precision@10 : 0.0243    precision@20 : 0.0173    recall@10 : 0.2428    recall@20 : 0.3457    mrr@10 : 0.1004    mrr@20 : 0.1074    hit@10 : 0.2428    hit@20 : 0.3457    ndcg@10 : 0.1335    ndcg@20 : 0.1595
Tue 18 Nov 2025 23:08:19 INFO  epoch 24 training [time: 0.40s, train loss: 8.6321]
Tue 18 Nov 2025 23:08:20 INFO  epoch 24 evaluating [time: 0.34s, valid_score: 0.134200]
Tue 18 Nov 2025 23:08:20 INFO  valid result: 
precision@10 : 0.0241    precision@20 : 0.0174    recall@10 : 0.2407    recall@20 : 0.3478    mrr@10 : 0.1017    mrr@20 : 0.1092    hit@10 : 0.2407    hit@20 : 0.3478    ndcg@10 : 0.1342    ndcg@20 : 0.1613
Tue 18 Nov 2025 23:08:20 INFO  epoch 25 training [time: 0.38s, train loss: 8.5525]
Tue 18 Nov 2025 23:08:21 INFO  epoch 25 evaluating [time: 0.36s, valid_score: 0.135100]
Tue 18 Nov 2025 23:08:21 INFO  valid result: 
precision@10 : 0.0246    precision@20 : 0.0169    recall@10 : 0.246    recall@20 : 0.3383    mrr@10 : 0.1014    mrr@20 : 0.1078    hit@10 : 0.246    hit@20 : 0.3383    ndcg@10 : 0.1351    ndcg@20 : 0.1585
Tue 18 Nov 2025 23:08:21 INFO  Saving current: saved\BPR-Nov-18-2025_23-07-57.pth
Tue 18 Nov 2025 23:08:21 INFO  epoch 26 training [time: 0.38s, train loss: 8.4177]
Tue 18 Nov 2025 23:08:21 INFO  epoch 26 evaluating [time: 0.34s, valid_score: 0.135100]
Tue 18 Nov 2025 23:08:21 INFO  valid result: 
precision@10 : 0.0242    precision@20 : 0.017    recall@10 : 0.2418    recall@20 : 0.3404    mrr@10 : 0.1025    mrr@20 : 0.1096    hit@10 : 0.2418    hit@20 : 0.3404    ndcg@10 : 0.1351    ndcg@20 : 0.1602
Tue 18 Nov 2025 23:08:21 INFO  Saving current: saved\BPR-Nov-18-2025_23-07-57.pth
Tue 18 Nov 2025 23:08:22 INFO  epoch 27 training [time: 0.46s, train loss: 8.2232]
Tue 18 Nov 2025 23:08:22 INFO  epoch 27 evaluating [time: 0.36s, valid_score: 0.137700]
Tue 18 Nov 2025 23:08:22 INFO  valid result: 
precision@10 : 0.025    precision@20 : 0.0172    recall@10 : 0.2503    recall@20 : 0.3446    mrr@10 : 0.1036    mrr@20 : 0.1101    hit@10 : 0.2503    hit@20 : 0.3446    ndcg@10 : 0.1377    ndcg@20 : 0.1616
Tue 18 Nov 2025 23:08:22 INFO  Saving current: saved\BPR-Nov-18-2025_23-07-57.pth
Tue 18 Nov 2025 23:08:23 INFO  epoch 28 training [time: 0.36s, train loss: 8.1478]
Tue 18 Nov 2025 23:08:23 INFO  epoch 28 evaluating [time: 0.34s, valid_score: 0.139700]
Tue 18 Nov 2025 23:08:23 INFO  valid result: 
precision@10 : 0.0255    precision@20 : 0.0174    recall@10 : 0.2545    recall@20 : 0.3489    mrr@10 : 0.1048    mrr@20 : 0.1113    hit@10 : 0.2545    hit@20 : 0.3489    ndcg@10 : 0.1397    ndcg@20 : 0.1635
Tue 18 Nov 2025 23:08:23 INFO  Saving current: saved\BPR-Nov-18-2025_23-07-57.pth
Tue 18 Nov 2025 23:08:23 INFO  epoch 29 training [time: 0.40s, train loss: 8.0445]
Tue 18 Nov 2025 23:08:24 INFO  epoch 29 evaluating [time: 0.40s, valid_score: 0.141400]
Tue 18 Nov 2025 23:08:24 INFO  valid result: 
precision@10 : 0.0251    precision@20 : 0.0179    recall@10 : 0.2513    recall@20 : 0.3574    mrr@10 : 0.108    mrr@20 : 0.1152    hit@10 : 0.2513    hit@20 : 0.3574    ndcg@10 : 0.1414    ndcg@20 : 0.168
Tue 18 Nov 2025 23:08:24 INFO  Saving current: saved\BPR-Nov-18-2025_23-07-57.pth
Tue 18 Nov 2025 23:08:24 INFO  epoch 30 training [time: 0.35s, train loss: 7.8002]
Tue 18 Nov 2025 23:08:25 INFO  epoch 30 evaluating [time: 0.37s, valid_score: 0.143400]
Tue 18 Nov 2025 23:08:25 INFO  valid result: 
precision@10 : 0.0256    precision@20 : 0.018    recall@10 : 0.2556    recall@20 : 0.3595    mrr@10 : 0.1094    mrr@20 : 0.1164    hit@10 : 0.2556    hit@20 : 0.3595    ndcg@10 : 0.1434    ndcg@20 : 0.1694
Tue 18 Nov 2025 23:08:25 INFO  Saving current: saved\BPR-Nov-18-2025_23-07-57.pth
Tue 18 Nov 2025 23:08:25 INFO  epoch 31 training [time: 0.40s, train loss: 7.6984]
Tue 18 Nov 2025 23:08:25 INFO  epoch 31 evaluating [time: 0.36s, valid_score: 0.141800]
Tue 18 Nov 2025 23:08:25 INFO  valid result: 
precision@10 : 0.0252    precision@20 : 0.0181    recall@10 : 0.2524    recall@20 : 0.3627    mrr@10 : 0.1081    mrr@20 : 0.1155    hit@10 : 0.2524    hit@20 : 0.3627    ndcg@10 : 0.1418    ndcg@20 : 0.1694
Tue 18 Nov 2025 23:08:26 INFO  epoch 32 training [time: 0.39s, train loss: 7.5542]
Tue 18 Nov 2025 23:08:26 INFO  epoch 32 evaluating [time: 0.33s, valid_score: 0.144500]
Tue 18 Nov 2025 23:08:26 INFO  valid result: 
precision@10 : 0.0255    precision@20 : 0.0182    recall@10 : 0.2545    recall@20 : 0.3648    mrr@10 : 0.1111    mrr@20 : 0.1186    hit@10 : 0.2545    hit@20 : 0.3648    ndcg@10 : 0.1445    ndcg@20 : 0.1723
Tue 18 Nov 2025 23:08:26 INFO  Saving current: saved\BPR-Nov-18-2025_23-07-57.pth
Tue 18 Nov 2025 23:08:26 INFO  epoch 33 training [time: 0.39s, train loss: 7.5605]
Tue 18 Nov 2025 23:08:27 INFO  epoch 33 evaluating [time: 0.36s, valid_score: 0.144900]
Tue 18 Nov 2025 23:08:27 INFO  valid result: 
precision@10 : 0.0253    precision@20 : 0.0182    recall@10 : 0.2534    recall@20 : 0.3637    mrr@10 : 0.1118    mrr@20 : 0.1196    hit@10 : 0.2534    hit@20 : 0.3637    ndcg@10 : 0.1449    ndcg@20 : 0.1728
Tue 18 Nov 2025 23:08:27 INFO  Saving current: saved\BPR-Nov-18-2025_23-07-57.pth
Tue 18 Nov 2025 23:08:27 INFO  epoch 34 training [time: 0.42s, train loss: 7.4876]
Tue 18 Nov 2025 23:08:28 INFO  epoch 34 evaluating [time: 0.34s, valid_score: 0.145800]
Tue 18 Nov 2025 23:08:28 INFO  valid result: 
precision@10 : 0.026    precision@20 : 0.0185    recall@10 : 0.2598    recall@20 : 0.369    mrr@10 : 0.1112    mrr@20 : 0.1187    hit@10 : 0.2598    hit@20 : 0.369    ndcg@10 : 0.1458    ndcg@20 : 0.1733
Tue 18 Nov 2025 23:08:28 INFO  Saving current: saved\BPR-Nov-18-2025_23-07-57.pth
Tue 18 Nov 2025 23:08:28 INFO  epoch 35 training [time: 0.40s, train loss: 7.3048]
Tue 18 Nov 2025 23:08:28 INFO  epoch 35 evaluating [time: 0.36s, valid_score: 0.150300]
Tue 18 Nov 2025 23:08:28 INFO  valid result: 
precision@10 : 0.0271    precision@20 : 0.0186    recall@10 : 0.2715    recall@20 : 0.3722    mrr@10 : 0.1138    mrr@20 : 0.1206    hit@10 : 0.2715    hit@20 : 0.3722    ndcg@10 : 0.1503    ndcg@20 : 0.1756
Tue 18 Nov 2025 23:08:28 INFO  Saving current: saved\BPR-Nov-18-2025_23-07-57.pth
Tue 18 Nov 2025 23:08:29 INFO  epoch 36 training [time: 0.39s, train loss: 7.1581]
Tue 18 Nov 2025 23:08:29 INFO  epoch 36 evaluating [time: 0.35s, valid_score: 0.149700]
Tue 18 Nov 2025 23:08:29 INFO  valid result: 
precision@10 : 0.0265    precision@20 : 0.0189    recall@10 : 0.2651    recall@20 : 0.3775    mrr@10 : 0.1148    mrr@20 : 0.1225    hit@10 : 0.2651    hit@20 : 0.3775    ndcg@10 : 0.1497    ndcg@20 : 0.178
Tue 18 Nov 2025 23:08:30 INFO  epoch 37 training [time: 0.37s, train loss: 7.0796]
Tue 18 Nov 2025 23:08:30 INFO  epoch 37 evaluating [time: 0.37s, valid_score: 0.149200]
Tue 18 Nov 2025 23:08:30 INFO  valid result: 
precision@10 : 0.0261    precision@20 : 0.0188    recall@10 : 0.2609    recall@20 : 0.3754    mrr@10 : 0.1151    mrr@20 : 0.1232    hit@10 : 0.2609    hit@20 : 0.3754    ndcg@10 : 0.1492    ndcg@20 : 0.1783
Tue 18 Nov 2025 23:08:30 INFO  epoch 38 training [time: 0.39s, train loss: 6.9864]
Tue 18 Nov 2025 23:08:31 INFO  epoch 38 evaluating [time: 0.37s, valid_score: 0.149200]
Tue 18 Nov 2025 23:08:31 INFO  valid result: 
precision@10 : 0.0263    precision@20 : 0.0188    recall@10 : 0.263    recall@20 : 0.3754    mrr@10 : 0.1145    mrr@20 : 0.1225    hit@10 : 0.263    hit@20 : 0.3754    ndcg@10 : 0.1492    ndcg@20 : 0.1779
Tue 18 Nov 2025 23:08:31 INFO  epoch 39 training [time: 0.38s, train loss: 6.8906]
Tue 18 Nov 2025 23:08:31 INFO  epoch 39 evaluating [time: 0.35s, valid_score: 0.152300]
Tue 18 Nov 2025 23:08:32 INFO  valid result: 
precision@10 : 0.0266    precision@20 : 0.0186    recall@10 : 0.2662    recall@20 : 0.3712    mrr@10 : 0.1176    mrr@20 : 0.1251    hit@10 : 0.2662    hit@20 : 0.3712    ndcg@10 : 0.1523    ndcg@20 : 0.1791
Tue 18 Nov 2025 23:08:32 INFO  Saving current: saved\BPR-Nov-18-2025_23-07-57.pth
Tue 18 Nov 2025 23:08:32 INFO  epoch 40 training [time: 0.38s, train loss: 6.8484]
Tue 18 Nov 2025 23:08:32 INFO  epoch 40 evaluating [time: 0.36s, valid_score: 0.153400]
Tue 18 Nov 2025 23:08:32 INFO  valid result: 
precision@10 : 0.0268    precision@20 : 0.0187    recall@10 : 0.2683    recall@20 : 0.3743    mrr@10 : 0.1183    mrr@20 : 0.1257    hit@10 : 0.2683    hit@20 : 0.3743    ndcg@10 : 0.1534    ndcg@20 : 0.1803
Tue 18 Nov 2025 23:08:32 INFO  Saving current: saved\BPR-Nov-18-2025_23-07-57.pth
Tue 18 Nov 2025 23:08:33 INFO  epoch 41 training [time: 0.38s, train loss: 6.6681]
Tue 18 Nov 2025 23:08:33 INFO  epoch 41 evaluating [time: 0.33s, valid_score: 0.157000]
Tue 18 Nov 2025 23:08:33 INFO  valid result: 
precision@10 : 0.0274    precision@20 : 0.0187    recall@10 : 0.2736    recall@20 : 0.3733    mrr@10 : 0.1215    mrr@20 : 0.1285    hit@10 : 0.2736    hit@20 : 0.3733    ndcg@10 : 0.157    ndcg@20 : 0.1822
Tue 18 Nov 2025 23:08:33 INFO  Saving current: saved\BPR-Nov-18-2025_23-07-57.pth
Tue 18 Nov 2025 23:08:33 INFO  epoch 42 training [time: 0.40s, train loss: 6.6850]
Tue 18 Nov 2025 23:08:34 INFO  epoch 42 evaluating [time: 0.37s, valid_score: 0.157000]
Tue 18 Nov 2025 23:08:34 INFO  valid result: 
precision@10 : 0.0269    precision@20 : 0.0187    recall@10 : 0.2694    recall@20 : 0.3733    mrr@10 : 0.1226    mrr@20 : 0.1298    hit@10 : 0.2694    hit@20 : 0.3733    ndcg@10 : 0.157    ndcg@20 : 0.1833
Tue 18 Nov 2025 23:08:34 INFO  Saving current: saved\BPR-Nov-18-2025_23-07-57.pth
Tue 18 Nov 2025 23:08:34 INFO  epoch 43 training [time: 0.40s, train loss: 6.4743]
Tue 18 Nov 2025 23:08:35 INFO  epoch 43 evaluating [time: 0.34s, valid_score: 0.158800]
Tue 18 Nov 2025 23:08:35 INFO  valid result: 
precision@10 : 0.0277    precision@20 : 0.0189    recall@10 : 0.2768    recall@20 : 0.3786    mrr@10 : 0.1229    mrr@20 : 0.1297    hit@10 : 0.2768    hit@20 : 0.3786    ndcg@10 : 0.1588    ndcg@20 : 0.1843
Tue 18 Nov 2025 23:08:35 INFO  Saving current: saved\BPR-Nov-18-2025_23-07-57.pth
Tue 18 Nov 2025 23:08:35 INFO  epoch 44 training [time: 0.38s, train loss: 6.4953]
Tue 18 Nov 2025 23:08:35 INFO  epoch 44 evaluating [time: 0.36s, valid_score: 0.158300]
Tue 18 Nov 2025 23:08:35 INFO  valid result: 
precision@10 : 0.0269    precision@20 : 0.0188    recall@10 : 0.2694    recall@20 : 0.3765    mrr@10 : 0.1242    mrr@20 : 0.1318    hit@10 : 0.2694    hit@20 : 0.3765    ndcg@10 : 0.1583    ndcg@20 : 0.1856
Tue 18 Nov 2025 23:08:36 INFO  epoch 45 training [time: 0.36s, train loss: 6.4464]
Tue 18 Nov 2025 23:08:36 INFO  epoch 45 evaluating [time: 0.33s, valid_score: 0.157100]
Tue 18 Nov 2025 23:08:36 INFO  valid result: 
precision@10 : 0.0271    precision@20 : 0.0193    recall@10 : 0.2715    recall@20 : 0.386    mrr@10 : 0.1221    mrr@20 : 0.13    hit@10 : 0.2715    hit@20 : 0.386    ndcg@10 : 0.1571    ndcg@20 : 0.186
Tue 18 Nov 2025 23:08:36 INFO  epoch 46 training [time: 0.39s, train loss: 6.2557]
Tue 18 Nov 2025 23:08:37 INFO  epoch 46 evaluating [time: 0.36s, valid_score: 0.160100]
Tue 18 Nov 2025 23:08:37 INFO  valid result: 
precision@10 : 0.0278    precision@20 : 0.0197    recall@10 : 0.2778    recall@20 : 0.3934    mrr@10 : 0.1242    mrr@20 : 0.132    hit@10 : 0.2778    hit@20 : 0.3934    ndcg@10 : 0.1601    ndcg@20 : 0.189
Tue 18 Nov 2025 23:08:37 INFO  Saving current: saved\BPR-Nov-18-2025_23-07-57.pth
Tue 18 Nov 2025 23:08:37 INFO  epoch 47 training [time: 0.40s, train loss: 6.2654]
Tue 18 Nov 2025 23:08:38 INFO  epoch 47 evaluating [time: 0.36s, valid_score: 0.158600]
Tue 18 Nov 2025 23:08:38 INFO  valid result: 
precision@10 : 0.0275    precision@20 : 0.0196    recall@10 : 0.2747    recall@20 : 0.3913    mrr@10 : 0.1232    mrr@20 : 0.1313    hit@10 : 0.2747    hit@20 : 0.3913    ndcg@10 : 0.1586    ndcg@20 : 0.1881
Tue 18 Nov 2025 23:08:38 INFO  epoch 48 training [time: 0.39s, train loss: 6.1286]
Tue 18 Nov 2025 23:08:38 INFO  epoch 48 evaluating [time: 0.36s, valid_score: 0.162000]
Tue 18 Nov 2025 23:08:38 INFO  valid result: 
precision@10 : 0.0278    precision@20 : 0.0194    recall@10 : 0.2778    recall@20 : 0.3881    mrr@10 : 0.1268    mrr@20 : 0.1344    hit@10 : 0.2778    hit@20 : 0.3881    ndcg@10 : 0.162    ndcg@20 : 0.1898
Tue 18 Nov 2025 23:08:38 INFO  Saving current: saved\BPR-Nov-18-2025_23-07-57.pth
Tue 18 Nov 2025 23:08:39 INFO  epoch 49 training [time: 0.39s, train loss: 6.1279]
Tue 18 Nov 2025 23:08:39 INFO  epoch 49 evaluating [time: 0.35s, valid_score: 0.162000]
Tue 18 Nov 2025 23:08:39 INFO  valid result: 
precision@10 : 0.0279    precision@20 : 0.0194    recall@10 : 0.2789    recall@20 : 0.3871    mrr@10 : 0.1263    mrr@20 : 0.1339    hit@10 : 0.2789    hit@20 : 0.3871    ndcg@10 : 0.162    ndcg@20 : 0.1894
Tue 18 Nov 2025 23:08:39 INFO  Saving current: saved\BPR-Nov-18-2025_23-07-57.pth
Tue 18 Nov 2025 23:08:39 INFO  Loading model structure and parameters from saved\BPR-Nov-18-2025_23-07-57.pth
Tue 18 Nov 2025 23:08:41 INFO  The running environment of this training is as follows:
+-------------+----------------+
| Environment |     Usage      |
+=============+================+
| CPU         |    18.50 %     |
+-------------+----------------+
| GPU         |   0.0 / 0.0    |
+-------------+----------------+
| Memory      | 0.47 G/13.86 G |
+-------------+----------------+
Tue 18 Nov 2025 23:08:41 INFO  best valid : OrderedDict([('precision@10', np.float64(0.0279)), ('precision@20', np.float64(0.0194)), ('recall@10', np.float64(0.2789)), ('recall@20', np.float64(0.3871)), ('mrr@10', np.float64(0.1263)), ('mrr@20', np.float64(0.1339)), ('hit@10', np.float64(0.2789)), ('hit@20', np.float64(0.3871)), ('ndcg@10', np.float64(0.162)), ('ndcg@20', np.float64(0.1894))])
Tue 18 Nov 2025 23:08:41 INFO  test result: OrderedDict([('precision@10', np.float64(0.0293)), ('precision@20', np.float64(0.0195)), ('recall@10', np.float64(0.2927)), ('recall@20', np.float64(0.3902)), ('mrr@10', np.float64(0.1214)), ('mrr@20', np.float64(0.128)), ('hit@10', np.float64(0.2927)), ('hit@20', np.float64(0.3902)), ('ndcg@10', np.float64(0.1612)), ('ndcg@20', np.float64(0.1857))])
