Tue 18 Nov 2025 23:32:08 INFO  ['c:\\Users\\martin\\miniconda3\\envs\\bp\\Lib\\site-packages\\ipykernel_launcher.py', '--f=c:\\Users\\martin\\AppData\\Roaming\\jupyter\\runtime\\kernel-v3622422e5bdfed9801eb125eda29c27abe47778e1.json']
Tue 18 Nov 2025 23:32:08 INFO  
General Hyper Parameters:
gpu_id = 0
use_gpu = True
seed = 2020
state = INFO
reproducibility = True
data_path = ./data/split/jester\jester--impB
checkpoint_dir = saved
show_progress = True
save_dataset = False
dataset_save_path = None
save_dataloaders = False
dataloaders_save_path = None
log_wandb = False

Training Hyper Parameters:
epochs = 50
train_batch_size = 2048
learner = adam
learning_rate = 0.001
train_neg_sample_args = {'distribution': 'uniform', 'sample_num': 1, 'alpha': 1.0, 'dynamic': False, 'candidate_num': 0}
eval_step = 1
stopping_step = 5
clip_grad_norm = None
weight_decay = 0.0
loss_decimal_place = 4

Evaluation Hyper Parameters:
eval_args = {'split': {'RS': [0, 0, 0]}, 'order': 'RO', 'group_by': 'user', 'mode': {'valid': 'full', 'test': 'full'}}
repeatable = False
metrics = ['Precision', 'Recall', 'MRR', 'Hit', 'NDCG']
topk = [10, 20]
valid_metric = NDCG@10
valid_metric_bigger = True
eval_batch_size = 4096
metric_decimal_place = 4

Dataset Hyper Parameters:
field_separator = 	
seq_separator =  
USER_ID_FIELD = user_id
ITEM_ID_FIELD = item_id
RATING_FIELD = rating
TIME_FIELD = timestamp
seq_len = None
LABEL_FIELD = label
threshold = None
NEG_PREFIX = neg_
load_col = {'inter': ['user_id', 'item_id']}
unload_col = None
unused_col = None
additional_feat_suffix = None
rm_dup_inter = None
val_interval = None
filter_inter_by_user_or_item = True
user_inter_num_interval = [0,inf)
item_inter_num_interval = [0,inf)
alias_of_user_id = None
alias_of_item_id = None
alias_of_entity_id = None
alias_of_relation_id = None
preload_weight = None
normalize_field = None
normalize_all = None
ITEM_LIST_LENGTH_FIELD = item_length
LIST_SUFFIX = _list
MAX_ITEM_LIST_LENGTH = 50
POSITION_FIELD = position_id
HEAD_ENTITY_ID_FIELD = head_id
TAIL_ENTITY_ID_FIELD = tail_id
RELATION_ID_FIELD = relation_id
ENTITY_ID_FIELD = entity_id
benchmark_filename = ['train', 'valid', 'test']

Other Hyper Parameters: 
worker = 0
wandb_project = recbole
shuffle = True
require_pow = False
enable_amp = False
enable_scaler = False
transform = None
embedding_size = 64
numerical_features = []
discretization = None
kg_reverse_r = False
entity_kg_num_interval = [0,inf)
relation_kg_num_interval = [0,inf)
MODEL_TYPE = ModelType.GENERAL
test_args = {'mode': 'full'}
MODEL_INPUT_TYPE = InputType.PAIRWISE
eval_type = EvaluatorType.RANKING
single_spec = True
local_rank = 0
device = cpu
valid_neg_sample_args = {'distribution': 'uniform', 'sample_num': 'none'}
test_neg_sample_args = {'distribution': 'uniform', 'sample_num': 'none'}


Tue 18 Nov 2025 23:32:14 INFO  jester--impB
The number of users: 50098
Average actions of users: 20.228696329121505
The number of items: 101
Average actions of items: 10133.97
The number of inters: 1013397
The sparsity of the dataset: 79.9719875776152%
Remain Fields: ['user_id', 'item_id']
Tue 18 Nov 2025 23:32:17 INFO  [Training]: train_batch_size = [2048] train_neg_sample_args: [{'distribution': 'uniform', 'sample_num': 1, 'alpha': 1.0, 'dynamic': False, 'candidate_num': 0}]
Tue 18 Nov 2025 23:32:17 INFO  [Evaluation]: eval_batch_size = [4096] eval_args: [{'split': {'RS': [0, 0, 0]}, 'order': 'RO', 'group_by': 'user', 'mode': {'valid': 'full', 'test': 'full'}}]
Tue 18 Nov 2025 23:32:18 INFO  BPR(
  (user_embedding): Embedding(50098, 64)
  (item_embedding): Embedding(101, 64)
  (loss): BPRLoss()
)
Trainable parameters: 3212736
Tue 18 Nov 2025 23:32:18 INFO  FLOPs: 128.0
Tue 18 Nov 2025 23:32:34 INFO  epoch 0 training [time: 16.51s, train loss: 284.8668]
Tue 18 Nov 2025 23:32:39 INFO  epoch 0 evaluating [time: 5.14s, valid_score: 0.241300]
Tue 18 Nov 2025 23:32:39 INFO  valid result: 
precision@10 : 0.0464    precision@20 : 0.0321    recall@10 : 0.464    recall@20 : 0.6416    mrr@10 : 0.1737    mrr@20 : 0.1861    hit@10 : 0.464    hit@20 : 0.6416    ndcg@10 : 0.2413    ndcg@20 : 0.2862
Tue 18 Nov 2025 23:32:39 INFO  Saving current: saved\BPR-Nov-18-2025_23-32-18.pth
Tue 18 Nov 2025 23:32:56 INFO  epoch 1 training [time: 16.26s, train loss: 201.5132]
Tue 18 Nov 2025 23:33:00 INFO  epoch 1 evaluating [time: 4.74s, valid_score: 0.261300]
Tue 18 Nov 2025 23:33:00 INFO  valid result: 
precision@10 : 0.0495    precision@20 : 0.0344    recall@10 : 0.4948    recall@20 : 0.688    mrr@10 : 0.1904    mrr@20 : 0.2038    hit@10 : 0.4948    hit@20 : 0.688    ndcg@10 : 0.2613    ndcg@20 : 0.3102
Tue 18 Nov 2025 23:33:01 INFO  Saving current: saved\BPR-Nov-18-2025_23-32-18.pth
Tue 18 Nov 2025 23:33:15 INFO  epoch 2 training [time: 14.45s, train loss: 169.1412]
Tue 18 Nov 2025 23:33:20 INFO  epoch 2 evaluating [time: 4.83s, valid_score: 0.266900]
Tue 18 Nov 2025 23:33:20 INFO  valid result: 
precision@10 : 0.0505    precision@20 : 0.0352    recall@10 : 0.5051    recall@20 : 0.7033    mrr@10 : 0.1947    mrr@20 : 0.2086    hit@10 : 0.5051    hit@20 : 0.7033    ndcg@10 : 0.2669    ndcg@20 : 0.3172
Tue 18 Nov 2025 23:33:20 INFO  Saving current: saved\BPR-Nov-18-2025_23-32-18.pth
Tue 18 Nov 2025 23:33:35 INFO  epoch 3 training [time: 14.60s, train loss: 146.1822]
Tue 18 Nov 2025 23:33:39 INFO  epoch 3 evaluating [time: 4.34s, valid_score: 0.269700]
Tue 18 Nov 2025 23:33:39 INFO  valid result: 
precision@10 : 0.0511    precision@20 : 0.0354    recall@10 : 0.5108    recall@20 : 0.7082    mrr@10 : 0.1965    mrr@20 : 0.2103    hit@10 : 0.5108    hit@20 : 0.7082    ndcg@10 : 0.2697    ndcg@20 : 0.3197
Tue 18 Nov 2025 23:33:39 INFO  Saving current: saved\BPR-Nov-18-2025_23-32-18.pth
Tue 18 Nov 2025 23:33:55 INFO  epoch 4 training [time: 15.88s, train loss: 124.8591]
Tue 18 Nov 2025 23:34:00 INFO  epoch 4 evaluating [time: 4.98s, valid_score: 0.268800]
Tue 18 Nov 2025 23:34:00 INFO  valid result: 
precision@10 : 0.0511    precision@20 : 0.0355    recall@10 : 0.511    recall@20 : 0.7095    mrr@10 : 0.1953    mrr@20 : 0.2092    hit@10 : 0.511    hit@20 : 0.7095    ndcg@10 : 0.2688    ndcg@20 : 0.3191
Tue 18 Nov 2025 23:34:17 INFO  epoch 5 training [time: 16.74s, train loss: 105.8205]
Tue 18 Nov 2025 23:34:21 INFO  epoch 5 evaluating [time: 4.76s, valid_score: 0.265600]
Tue 18 Nov 2025 23:34:21 INFO  valid result: 
precision@10 : 0.0505    precision@20 : 0.0354    recall@10 : 0.5053    recall@20 : 0.7076    mrr@10 : 0.1929    mrr@20 : 0.207    hit@10 : 0.5053    hit@20 : 0.7076    ndcg@10 : 0.2656    ndcg@20 : 0.3168
Tue 18 Nov 2025 23:34:37 INFO  epoch 6 training [time: 15.50s, train loss: 89.2651]
Tue 18 Nov 2025 23:34:42 INFO  epoch 6 evaluating [time: 4.68s, valid_score: 0.261000]
Tue 18 Nov 2025 23:34:42 INFO  valid result: 
precision@10 : 0.0499    precision@20 : 0.0351    recall@10 : 0.4987    recall@20 : 0.7018    mrr@10 : 0.1891    mrr@20 : 0.2032    hit@10 : 0.4987    hit@20 : 0.7018    ndcg@10 : 0.261    ndcg@20 : 0.3124
Tue 18 Nov 2025 23:34:57 INFO  epoch 7 training [time: 15.17s, train loss: 74.8909]
Tue 18 Nov 2025 23:35:02 INFO  epoch 7 evaluating [time: 4.60s, valid_score: 0.256500]
Tue 18 Nov 2025 23:35:02 INFO  valid result: 
precision@10 : 0.0492    precision@20 : 0.0348    recall@10 : 0.4922    recall@20 : 0.6968    mrr@10 : 0.1852    mrr@20 : 0.1994    hit@10 : 0.4922    hit@20 : 0.6968    ndcg@10 : 0.2565    ndcg@20 : 0.3083
Tue 18 Nov 2025 23:35:16 INFO  epoch 8 training [time: 14.92s, train loss: 63.1126]
Tue 18 Nov 2025 23:35:21 INFO  epoch 8 evaluating [time: 4.56s, valid_score: 0.253300]
Tue 18 Nov 2025 23:35:21 INFO  valid result: 
precision@10 : 0.0486    precision@20 : 0.0345    recall@10 : 0.4863    recall@20 : 0.6896    mrr@10 : 0.1828    mrr@20 : 0.1969    hit@10 : 0.4863    hit@20 : 0.6896    ndcg@10 : 0.2533    ndcg@20 : 0.3047
Tue 18 Nov 2025 23:35:36 INFO  epoch 9 training [time: 15.03s, train loss: 53.3662]
Tue 18 Nov 2025 23:35:41 INFO  epoch 9 evaluating [time: 4.91s, valid_score: 0.249900]
Tue 18 Nov 2025 23:35:41 INFO  valid result: 
precision@10 : 0.0481    precision@20 : 0.0342    recall@10 : 0.481    recall@20 : 0.6844    mrr@10 : 0.1801    mrr@20 : 0.1941    hit@10 : 0.481    hit@20 : 0.6844    ndcg@10 : 0.2499    ndcg@20 : 0.3012
Tue 18 Nov 2025 23:35:41 INFO  Finished training, best eval result in epoch 3
Tue 18 Nov 2025 23:35:41 INFO  Loading model structure and parameters from saved\BPR-Nov-18-2025_23-32-18.pth
Tue 18 Nov 2025 23:35:47 INFO  The running environment of this training is as follows:
+-------------+----------------+
| Environment |     Usage      |
+=============+================+
| CPU         |    38.10 %     |
+-------------+----------------+
| GPU         |   0.0 / 0.0    |
+-------------+----------------+
| Memory      | 1.00 G/13.86 G |
+-------------+----------------+
Tue 18 Nov 2025 23:35:47 INFO  best valid : OrderedDict([('precision@10', np.float64(0.0511)), ('precision@20', np.float64(0.0354)), ('recall@10', np.float64(0.5108)), ('recall@20', np.float64(0.7082)), ('mrr@10', np.float64(0.1965)), ('mrr@20', np.float64(0.2103)), ('hit@10', np.float64(0.5108)), ('hit@20', np.float64(0.7082)), ('ndcg@10', np.float64(0.2697)), ('ndcg@20', np.float64(0.3197))])
Tue 18 Nov 2025 23:35:47 INFO  test result: OrderedDict([('precision@10', np.float64(0.0529)), ('precision@20', np.float64(0.0361)), ('recall@10', np.float64(0.5289)), ('recall@20', np.float64(0.7218)), ('mrr@10', np.float64(0.2105)), ('mrr@20', np.float64(0.224)), ('hit@10', np.float64(0.5289)), ('hit@20', np.float64(0.7218)), ('ndcg@10', np.float64(0.2848)), ('ndcg@20', np.float64(0.3337))])
