Tue 09 Dec 2025 00:14:40 INFO  ['c:\\Users\\martin\\miniconda3\\envs\\bp\\Lib\\site-packages\\ipykernel_launcher.py', '--f=c:\\Users\\martin\\AppData\\Roaming\\jupyter\\runtime\\kernel-v36d94b79157c8ac1892c0baa1603bfba24b37cfdf.json']
Tue 09 Dec 2025 00:14:40 INFO  
General Hyper Parameters:
gpu_id = 0
use_gpu = True
seed = 2020
state = INFO
reproducibility = True
data_path = ./data/split/douban\douban--expR
checkpoint_dir = saved
show_progress = True
save_dataset = False
dataset_save_path = None
save_dataloaders = False
dataloaders_save_path = None
log_wandb = False

Training Hyper Parameters:
epochs = 50
train_batch_size = 2048
learner = adam
learning_rate = 0.001
train_neg_sample_args = {'distribution': 'uniform', 'sample_num': 1, 'alpha': 1.0, 'dynamic': False, 'candidate_num': 0}
eval_step = 1
stopping_step = 5
clip_grad_norm = None
weight_decay = 0.0
loss_decimal_place = 4

Evaluation Hyper Parameters:
eval_args = {'split': {'RS': [0, 0, 0]}, 'order': 'RO', 'group_by': 'user', 'mode': {'valid': 'full', 'test': 'full'}}
repeatable = False
metrics = ['Precision', 'Recall', 'MRR', 'Hit', 'NDCG']
topk = [10, 20]
valid_metric = NDCG@10
valid_metric_bigger = True
eval_batch_size = 4096
metric_decimal_place = 4

Dataset Hyper Parameters:
field_separator = 	
seq_separator =  
USER_ID_FIELD = user_id
ITEM_ID_FIELD = item_id
RATING_FIELD = rating
TIME_FIELD = timestamp
seq_len = None
LABEL_FIELD = label
threshold = None
NEG_PREFIX = neg_
load_col = {'inter': ['user_id', 'item_id']}
unload_col = None
unused_col = None
additional_feat_suffix = None
rm_dup_inter = None
val_interval = None
filter_inter_by_user_or_item = True
user_inter_num_interval = [0,inf)
item_inter_num_interval = [0,inf)
alias_of_user_id = None
alias_of_item_id = None
alias_of_entity_id = None
alias_of_relation_id = None
preload_weight = None
normalize_field = None
normalize_all = None
ITEM_LIST_LENGTH_FIELD = item_length
LIST_SUFFIX = _list
MAX_ITEM_LIST_LENGTH = 50
POSITION_FIELD = position_id
HEAD_ENTITY_ID_FIELD = head_id
TAIL_ENTITY_ID_FIELD = tail_id
RELATION_ID_FIELD = relation_id
ENTITY_ID_FIELD = entity_id
benchmark_filename = ['train', 'valid', 'test']

Other Hyper Parameters: 
worker = 0
wandb_project = recbole
shuffle = True
require_pow = False
enable_amp = False
enable_scaler = False
transform = None
embedding_size = 64
numerical_features = []
discretization = None
kg_reverse_r = False
entity_kg_num_interval = [0,inf)
relation_kg_num_interval = [0,inf)
MODEL_TYPE = ModelType.GENERAL
MODEL_INPUT_TYPE = InputType.PAIRWISE
eval_type = EvaluatorType.RANKING
single_spec = True
local_rank = 0
device = cpu
valid_neg_sample_args = {'distribution': 'uniform', 'sample_num': 'none'}
test_neg_sample_args = {'distribution': 'uniform', 'sample_num': 'none'}


Tue 09 Dec 2025 00:14:44 INFO  douban--expR
The number of users: 108664
Average actions of users: 8.903232931172525
The number of items: 29
Average actions of items: 34551.857142857145
The number of inters: 967452
The sparsity of the dataset: 69.29947931872245%
Remain Fields: ['user_id', 'item_id']
Tue 09 Dec 2025 00:14:49 INFO  [Training]: train_batch_size = [2048] train_neg_sample_args: [{'distribution': 'uniform', 'sample_num': 1, 'alpha': 1.0, 'dynamic': False, 'candidate_num': 0}]
Tue 09 Dec 2025 00:14:49 INFO  [Evaluation]: eval_batch_size = [4096] eval_args: [{'split': {'RS': [0, 0, 0]}, 'order': 'RO', 'group_by': 'user', 'mode': {'valid': 'full', 'test': 'full'}}]
Tue 09 Dec 2025 00:14:50 INFO  BPR(
  (user_embedding): Embedding(108664, 64)
  (item_embedding): Embedding(29, 64)
  (loss): BPRLoss()
)
Trainable parameters: 6956352
Tue 09 Dec 2025 00:14:50 INFO  FLOPs: 128.0
Tue 09 Dec 2025 00:15:07 INFO  epoch 0 training [time: 17.33s, train loss: 248.1524]
Tue 09 Dec 2025 00:15:12 INFO  epoch 0 evaluating [time: 4.96s, valid_score: 0.339500]
Tue 09 Dec 2025 00:15:12 INFO  valid result: 
precision@10 : 0.0653    precision@20 : 0.047    recall@10 : 0.6533    recall@20 : 0.9402    mrr@10 : 0.2447    mrr@20 : 0.2646    hit@10 : 0.6533    hit@20 : 0.9402    ndcg@10 : 0.3395    ndcg@20 : 0.4121
Tue 09 Dec 2025 00:15:12 INFO  Saving current: saved\BPR-Dec-09-2025_00-14-50.pth
Tue 09 Dec 2025 00:15:29 INFO  epoch 1 training [time: 16.81s, train loss: 189.0042]
Tue 09 Dec 2025 00:15:34 INFO  epoch 1 evaluating [time: 5.04s, valid_score: 0.368700]
Tue 09 Dec 2025 00:15:34 INFO  valid result: 
precision@10 : 0.0693    precision@20 : 0.0476    recall@10 : 0.6933    recall@20 : 0.9512    mrr@10 : 0.2701    mrr@20 : 0.2882    hit@10 : 0.6933    hit@20 : 0.9512    ndcg@10 : 0.3687    ndcg@20 : 0.434
Tue 09 Dec 2025 00:15:34 INFO  Saving current: saved\BPR-Dec-09-2025_00-14-50.pth
Tue 09 Dec 2025 00:15:51 INFO  epoch 2 training [time: 17.43s, train loss: 117.2428]
Tue 09 Dec 2025 00:15:57 INFO  epoch 2 evaluating [time: 5.17s, valid_score: 0.374700]
Tue 09 Dec 2025 00:15:57 INFO  valid result: 
precision@10 : 0.0703    precision@20 : 0.0478    recall@10 : 0.7027    recall@20 : 0.9561    mrr@10 : 0.2751    mrr@20 : 0.2929    hit@10 : 0.7027    hit@20 : 0.9561    ndcg@10 : 0.3747    ndcg@20 : 0.439
Tue 09 Dec 2025 00:15:57 INFO  Saving current: saved\BPR-Dec-09-2025_00-14-50.pth
Tue 09 Dec 2025 00:16:14 INFO  epoch 3 training [time: 17.00s, train loss: 68.0614]
Tue 09 Dec 2025 00:16:19 INFO  epoch 3 evaluating [time: 5.62s, valid_score: 0.371700]
Tue 09 Dec 2025 00:16:19 INFO  valid result: 
precision@10 : 0.0702    precision@20 : 0.0478    recall@10 : 0.7024    recall@20 : 0.9569    mrr@10 : 0.2714    mrr@20 : 0.2893    hit@10 : 0.7024    hit@20 : 0.9569    ndcg@10 : 0.3717    ndcg@20 : 0.4363
Tue 09 Dec 2025 00:16:37 INFO  epoch 4 training [time: 17.33s, train loss: 39.3562]
Tue 09 Dec 2025 00:16:42 INFO  epoch 4 evaluating [time: 5.68s, valid_score: 0.367200]
Tue 09 Dec 2025 00:16:42 INFO  valid result: 
precision@10 : 0.0699    precision@20 : 0.0479    recall@10 : 0.6988    recall@20 : 0.9571    mrr@10 : 0.2667    mrr@20 : 0.2849    hit@10 : 0.6988    hit@20 : 0.9571    ndcg@10 : 0.3672    ndcg@20 : 0.4328
Tue 09 Dec 2025 00:17:00 INFO  epoch 5 training [time: 17.39s, train loss: 23.3066]
Tue 09 Dec 2025 00:17:05 INFO  epoch 5 evaluating [time: 5.37s, valid_score: 0.362600]
Tue 09 Dec 2025 00:17:05 INFO  valid result: 
precision@10 : 0.0695    precision@20 : 0.0479    recall@10 : 0.6952    recall@20 : 0.9572    mrr@10 : 0.262    mrr@20 : 0.2805    hit@10 : 0.6952    hit@20 : 0.9572    ndcg@10 : 0.3626    ndcg@20 : 0.4292
Tue 09 Dec 2025 00:17:23 INFO  epoch 6 training [time: 18.06s, train loss: 14.3843]
Tue 09 Dec 2025 00:17:29 INFO  epoch 6 evaluating [time: 5.70s, valid_score: 0.358800]
Tue 09 Dec 2025 00:17:29 INFO  valid result: 
precision@10 : 0.0692    precision@20 : 0.0478    recall@10 : 0.6917    recall@20 : 0.9568    mrr@10 : 0.2582    mrr@20 : 0.2768    hit@10 : 0.6917    hit@20 : 0.9568    ndcg@10 : 0.3588    ndcg@20 : 0.4262
Tue 09 Dec 2025 00:17:49 INFO  epoch 7 training [time: 19.56s, train loss: 9.2056]
Tue 09 Dec 2025 00:17:55 INFO  epoch 7 evaluating [time: 6.54s, valid_score: 0.355800]
Tue 09 Dec 2025 00:17:55 INFO  valid result: 
precision@10 : 0.069    precision@20 : 0.0478    recall@10 : 0.69    recall@20 : 0.9568    mrr@10 : 0.2548    mrr@20 : 0.2736    hit@10 : 0.69    hit@20 : 0.9568    ndcg@10 : 0.3558    ndcg@20 : 0.4236
Tue 09 Dec 2025 00:18:15 INFO  epoch 8 training [time: 20.28s, train loss: 6.1344]
Tue 09 Dec 2025 00:18:22 INFO  epoch 8 evaluating [time: 6.13s, valid_score: 0.354200]
Tue 09 Dec 2025 00:18:22 INFO  valid result: 
precision@10 : 0.0689    precision@20 : 0.0478    recall@10 : 0.6895    recall@20 : 0.9567    mrr@10 : 0.2529    mrr@20 : 0.2718    hit@10 : 0.6895    hit@20 : 0.9567    ndcg@10 : 0.3542    ndcg@20 : 0.4221
Tue 09 Dec 2025 00:18:22 INFO  Finished training, best eval result in epoch 2
Tue 09 Dec 2025 00:18:22 INFO  Loading model structure and parameters from saved\BPR-Dec-09-2025_00-14-50.pth
Tue 09 Dec 2025 00:18:29 INFO  The running environment of this training is as follows:
+-------------+----------------+
| Environment |     Usage      |
+=============+================+
| CPU         |     2.40 %     |
+-------------+----------------+
| GPU         |   0.0 / 0.0    |
+-------------+----------------+
| Memory      | 1.25 G/13.86 G |
+-------------+----------------+
Tue 09 Dec 2025 00:18:29 INFO  best valid : OrderedDict([('precision@10', 0.0703), ('precision@20', 0.0478), ('recall@10', 0.7027), ('recall@20', 0.9561), ('mrr@10', 0.2751), ('mrr@20', 0.2929), ('hit@10', 0.7027), ('hit@20', 0.9561), ('ndcg@10', 0.3747), ('ndcg@20', 0.439)])
Tue 09 Dec 2025 00:18:29 INFO  test result: OrderedDict([('precision@10', 0.0729), ('precision@20', 0.0484), ('recall@10', 0.7293), ('recall@20', 0.9678), ('mrr@10', 0.3015), ('mrr@20', 0.3183), ('hit@10', 0.7293), ('hit@20', 0.9678), ('ndcg@10', 0.4013), ('ndcg@20', 0.462)])
