Sat 13 Dec 2025 23:52:59 INFO  ['c:\\Users\\marti\\miniconda3\\envs\\bp_cuda\\Lib\\site-packages\\ipykernel_launcher.py', '--f=c:\\Users\\marti\\AppData\\Roaming\\jupyter\\runtime\\kernel-v3c445ff7fe94ae4af53429f549af66ad1608410b0.json']
Sat 13 Dec 2025 23:52:59 INFO  
General Hyper Parameters:
gpu_id = 0
use_gpu = True
seed = 2020
state = INFO
reproducibility = True
data_path = ./data/split/douban\douban--impB
checkpoint_dir = saved
show_progress = False
save_dataset = False
dataset_save_path = None
save_dataloaders = False
dataloaders_save_path = None
log_wandb = False

Training Hyper Parameters:
epochs = 50
train_batch_size = 2048
learner = adam
learning_rate = 0.001
train_neg_sample_args = {'distribution': 'uniform', 'sample_num': 1, 'alpha': 1.0, 'dynamic': False, 'candidate_num': 0}
eval_step = 1
stopping_step = 5
clip_grad_norm = None
weight_decay = 0.0
loss_decimal_place = 4

Evaluation Hyper Parameters:
eval_args = {'split': {'RS': [0, 0, 0]}, 'order': 'RO', 'group_by': 'user', 'mode': {'valid': 'uni100', 'test': 'uni100'}}
repeatable = False
metrics = ['Precision', 'Recall', 'MRR', 'Hit', 'NDCG']
topk = [10, 20]
valid_metric = NDCG@10
valid_metric_bigger = True
eval_batch_size = 4096
metric_decimal_place = 4

Dataset Hyper Parameters:
field_separator = 	
seq_separator =  
USER_ID_FIELD = user_id
ITEM_ID_FIELD = item_id
RATING_FIELD = rating
TIME_FIELD = timestamp
seq_len = None
LABEL_FIELD = label
threshold = None
NEG_PREFIX = neg_
load_col = {'inter': ['user_id', 'item_id', 'rating']}
unload_col = None
unused_col = None
additional_feat_suffix = None
rm_dup_inter = None
val_interval = None
filter_inter_by_user_or_item = True
user_inter_num_interval = [0,inf)
item_inter_num_interval = [0,inf)
alias_of_user_id = None
alias_of_item_id = None
alias_of_entity_id = None
alias_of_relation_id = None
preload_weight = None
normalize_field = None
normalize_all = None
ITEM_LIST_LENGTH_FIELD = item_length
LIST_SUFFIX = _list
MAX_ITEM_LIST_LENGTH = 50
POSITION_FIELD = position_id
HEAD_ENTITY_ID_FIELD = head_id
TAIL_ENTITY_ID_FIELD = tail_id
RELATION_ID_FIELD = relation_id
ENTITY_ID_FIELD = entity_id
benchmark_filename = ['train', 'valid', 'test']

Other Hyper Parameters: 
worker = 0
wandb_project = recbole
shuffle = True
require_pow = False
enable_amp = False
enable_scaler = False
transform = None
embedding_size = 64
numerical_features = []
discretization = None
kg_reverse_r = False
entity_kg_num_interval = [0,inf)
relation_kg_num_interval = [0,inf)
MODEL_TYPE = ModelType.GENERAL
num_workers = 4
pin_memory = True
test_args = {'mode': 'full'}
MODEL_INPUT_TYPE = InputType.PAIRWISE
eval_type = EvaluatorType.RANKING
single_spec = True
local_rank = 0
device = cuda
valid_neg_sample_args = {'distribution': 'uniform', 'sample_num': 100}
test_neg_sample_args = {'distribution': 'uniform', 'sample_num': 100}


Sat 13 Dec 2025 23:53:02 INFO  douban--impB
The number of users: 54411
Average actions of users: 7.565815107517
The number of items: 29
Average actions of items: 14702.0
The number of inters: 411656
The sparsity of the dataset: 73.91146186844826%
Remain Fields: ['user_id', 'item_id']
Sat 13 Dec 2025 23:53:03 INFO  [Training]: train_batch_size = [2048] train_neg_sample_args: [{'distribution': 'uniform', 'sample_num': 1, 'alpha': 1.0, 'dynamic': False, 'candidate_num': 0}]
Sat 13 Dec 2025 23:53:03 INFO  [Evaluation]: eval_batch_size = [4096] eval_args: [{'split': {'RS': [0, 0, 0]}, 'order': 'RO', 'group_by': 'user', 'mode': {'valid': 'uni100', 'test': 'uni100'}}]
Sat 13 Dec 2025 23:53:03 INFO  BPR(
  (user_embedding): Embedding(54411, 64)
  (item_embedding): Embedding(29, 64)
  (loss): BPRLoss()
)
Trainable parameters: 3484160
Sat 13 Dec 2025 23:53:03 INFO  FLOPs: 128.0
Sat 13 Dec 2025 23:53:04 INFO  epoch 0 training [time: 0.98s, train loss: 101.8675]
Sat 13 Dec 2025 23:53:28 INFO  epoch 0 evaluating [time: 24.76s, valid_score: 0.350600]
Sat 13 Dec 2025 23:53:28 INFO  valid result: 
precision@10 : 0.0677    precision@20 : 0.0468    recall@10 : 0.677    recall@20 : 0.9369    mrr@10 : 0.2518    mrr@20 : 0.27    hit@10 : 0.677    hit@20 : 0.9369    ndcg@10 : 0.3506    ndcg@20 : 0.4164
Sat 13 Dec 2025 23:53:29 INFO  Saving current: saved\BPR-Dec-13-2025_23-53-03.pth
Sat 13 Dec 2025 23:53:30 INFO  epoch 1 training [time: 0.97s, train loss: 90.8162]
Sat 13 Dec 2025 23:53:55 INFO  epoch 1 evaluating [time: 25.20s, valid_score: 0.411300]
Sat 13 Dec 2025 23:53:55 INFO  valid result: 
precision@10 : 0.0756    precision@20 : 0.0481    recall@10 : 0.7555    recall@20 : 0.9629    mrr@10 : 0.3067    mrr@20 : 0.3216    hit@10 : 0.7555    hit@20 : 0.9629    ndcg@10 : 0.4113    ndcg@20 : 0.4644
Sat 13 Dec 2025 23:53:55 INFO  Saving current: saved\BPR-Dec-13-2025_23-53-03.pth
Sat 13 Dec 2025 23:53:56 INFO  epoch 2 training [time: 1.04s, train loss: 70.5778]
Sat 13 Dec 2025 23:54:21 INFO  epoch 2 evaluating [time: 25.19s, valid_score: 0.425800]
Sat 13 Dec 2025 23:54:21 INFO  valid result: 
precision@10 : 0.0774    precision@20 : 0.0485    recall@10 : 0.7739    recall@20 : 0.9709    mrr@10 : 0.3199    mrr@20 : 0.3341    hit@10 : 0.7739    hit@20 : 0.9709    ndcg@10 : 0.4258    ndcg@20 : 0.4763
Sat 13 Dec 2025 23:54:21 INFO  Saving current: saved\BPR-Dec-13-2025_23-53-03.pth
Sat 13 Dec 2025 23:54:22 INFO  epoch 3 training [time: 1.06s, train loss: 54.5973]
Sat 13 Dec 2025 23:54:48 INFO  epoch 3 evaluating [time: 25.55s, valid_score: 0.430200]
Sat 13 Dec 2025 23:54:48 INFO  valid result: 
precision@10 : 0.0779    precision@20 : 0.0487    recall@10 : 0.7788    recall@20 : 0.9749    mrr@10 : 0.324    mrr@20 : 0.3382    hit@10 : 0.7788    hit@20 : 0.9749    ndcg@10 : 0.4302    ndcg@20 : 0.4805
Sat 13 Dec 2025 23:54:48 INFO  Saving current: saved\BPR-Dec-13-2025_23-53-03.pth
Sat 13 Dec 2025 23:54:49 INFO  epoch 4 training [time: 1.06s, train loss: 42.3093]
Sat 13 Dec 2025 23:55:15 INFO  epoch 4 evaluating [time: 25.48s, valid_score: 0.429400]
Sat 13 Dec 2025 23:55:15 INFO  valid result: 
precision@10 : 0.0779    precision@20 : 0.0488    recall@10 : 0.7792    recall@20 : 0.9759    mrr@10 : 0.323    mrr@20 : 0.3372    hit@10 : 0.7792    hit@20 : 0.9759    ndcg@10 : 0.4294    ndcg@20 : 0.48
Sat 13 Dec 2025 23:55:16 INFO  epoch 5 training [time: 1.04s, train loss: 32.3882]
Sat 13 Dec 2025 23:55:41 INFO  epoch 5 evaluating [time: 25.12s, valid_score: 0.426400]
Sat 13 Dec 2025 23:55:41 INFO  valid result: 
precision@10 : 0.0776    precision@20 : 0.0488    recall@10 : 0.7755    recall@20 : 0.9756    mrr@10 : 0.3201    mrr@20 : 0.3346    hit@10 : 0.7755    hit@20 : 0.9756    ndcg@10 : 0.4264    ndcg@20 : 0.4778
Sat 13 Dec 2025 23:55:42 INFO  epoch 6 training [time: 0.81s, train loss: 24.8122]
Sat 13 Dec 2025 23:56:07 INFO  epoch 6 evaluating [time: 25.04s, valid_score: 0.423200]
Sat 13 Dec 2025 23:56:07 INFO  valid result: 
precision@10 : 0.0773    precision@20 : 0.0488    recall@10 : 0.7735    recall@20 : 0.9759    mrr@10 : 0.3165    mrr@20 : 0.3312    hit@10 : 0.7735    hit@20 : 0.9759    ndcg@10 : 0.4232    ndcg@20 : 0.4751
Sat 13 Dec 2025 23:56:08 INFO  epoch 7 training [time: 1.03s, train loss: 18.9088]
Sat 13 Dec 2025 23:56:33 INFO  epoch 7 evaluating [time: 24.92s, valid_score: 0.419200]
Sat 13 Dec 2025 23:56:33 INFO  valid result: 
precision@10 : 0.077    precision@20 : 0.0488    recall@10 : 0.7697    recall@20 : 0.9754    mrr@10 : 0.3125    mrr@20 : 0.3274    hit@10 : 0.7697    hit@20 : 0.9754    ndcg@10 : 0.4192    ndcg@20 : 0.4719
Sat 13 Dec 2025 23:56:34 INFO  epoch 8 training [time: 0.99s, train loss: 14.4885]
Sat 13 Dec 2025 23:56:59 INFO  epoch 8 evaluating [time: 25.44s, valid_score: 0.416400]
Sat 13 Dec 2025 23:56:59 INFO  valid result: 
precision@10 : 0.0766    precision@20 : 0.0487    recall@10 : 0.7661    recall@20 : 0.9748    mrr@10 : 0.31    mrr@20 : 0.3251    hit@10 : 0.7661    hit@20 : 0.9748    ndcg@10 : 0.4164    ndcg@20 : 0.4699
Sat 13 Dec 2025 23:57:00 INFO  epoch 9 training [time: 1.06s, train loss: 11.1762]
Sat 13 Dec 2025 23:57:25 INFO  epoch 9 evaluating [time: 24.56s, valid_score: 0.413400]
Sat 13 Dec 2025 23:57:25 INFO  valid result: 
precision@10 : 0.0763    precision@20 : 0.0487    recall@10 : 0.7633    recall@20 : 0.9742    mrr@10 : 0.307    mrr@20 : 0.3222    hit@10 : 0.7633    hit@20 : 0.9742    ndcg@10 : 0.4134    ndcg@20 : 0.4674
Sat 13 Dec 2025 23:57:25 INFO  Finished training, best eval result in epoch 3
Sat 13 Dec 2025 23:57:25 INFO  Loading model structure and parameters from saved\BPR-Dec-13-2025_23-53-03.pth
Sat 13 Dec 2025 23:57:52 INFO  The running environment of this training is as follows:
+-------------+----------------+
| Environment |     Usage      |
+=============+================+
| CPU         |    10.60 %     |
+-------------+----------------+
| GPU         | 0.16 G/8.00 G  |
+-------------+----------------+
| Memory      | 1.21 G/15.26 G |
+-------------+----------------+
Sat 13 Dec 2025 23:57:52 INFO  best valid : OrderedDict([('precision@10', 0.0779), ('precision@20', 0.0487), ('recall@10', 0.7788), ('recall@20', 0.9749), ('mrr@10', 0.324), ('mrr@20', 0.3382), ('hit@10', 0.7788), ('hit@20', 0.9749), ('ndcg@10', 0.4302), ('ndcg@20', 0.4805)])
Sat 13 Dec 2025 23:57:52 INFO  test result: OrderedDict([('precision@10', 0.0805), ('precision@20', 0.0491), ('recall@10', 0.8049), ('recall@20', 0.9817), ('mrr@10', 0.3557), ('mrr@20', 0.3685), ('hit@10', 0.8049), ('hit@20', 0.9817), ('ndcg@10', 0.4608), ('ndcg@20', 0.5062)])
