Sat 13 Dec 2025 23:51:22 INFO  ['c:\\Users\\marti\\miniconda3\\envs\\bp_cuda\\Lib\\site-packages\\ipykernel_launcher.py', '--f=c:\\Users\\marti\\AppData\\Roaming\\jupyter\\runtime\\kernel-v3c445ff7fe94ae4af53429f549af66ad1608410b0.json']
Sat 13 Dec 2025 23:51:22 INFO  
General Hyper Parameters:
gpu_id = 0
use_gpu = True
seed = 2020
state = INFO
reproducibility = True
data_path = ./data/split/ml-100k\ml-100k--impB
checkpoint_dir = saved
show_progress = False
save_dataset = False
dataset_save_path = None
save_dataloaders = False
dataloaders_save_path = None
log_wandb = False

Training Hyper Parameters:
epochs = 50
train_batch_size = 2048
learner = adam
learning_rate = 0.001
train_neg_sample_args = {'distribution': 'uniform', 'sample_num': 1, 'alpha': 1.0, 'dynamic': False, 'candidate_num': 0}
eval_step = 1
stopping_step = 5
clip_grad_norm = None
weight_decay = 0.0
loss_decimal_place = 4

Evaluation Hyper Parameters:
eval_args = {'split': {'RS': [0, 0, 0]}, 'order': 'RO', 'group_by': 'user', 'mode': {'valid': 'uni100', 'test': 'uni100'}}
repeatable = False
metrics = ['Precision', 'Recall', 'MRR', 'Hit', 'NDCG']
topk = [10, 20]
valid_metric = NDCG@10
valid_metric_bigger = True
eval_batch_size = 4096
metric_decimal_place = 4

Dataset Hyper Parameters:
field_separator = 	
seq_separator =  
USER_ID_FIELD = user_id
ITEM_ID_FIELD = item_id
RATING_FIELD = rating
TIME_FIELD = timestamp
seq_len = None
LABEL_FIELD = label
threshold = None
NEG_PREFIX = neg_
load_col = {'inter': ['user_id', 'item_id', 'rating']}
unload_col = None
unused_col = None
additional_feat_suffix = None
rm_dup_inter = None
val_interval = None
filter_inter_by_user_or_item = True
user_inter_num_interval = [0,inf)
item_inter_num_interval = [0,inf)
alias_of_user_id = None
alias_of_item_id = None
alias_of_entity_id = None
alias_of_relation_id = None
preload_weight = None
normalize_field = None
normalize_all = None
ITEM_LIST_LENGTH_FIELD = item_length
LIST_SUFFIX = _list
MAX_ITEM_LIST_LENGTH = 50
POSITION_FIELD = position_id
HEAD_ENTITY_ID_FIELD = head_id
TAIL_ENTITY_ID_FIELD = tail_id
RELATION_ID_FIELD = relation_id
ENTITY_ID_FIELD = entity_id
benchmark_filename = ['train', 'valid', 'test']

Other Hyper Parameters: 
worker = 0
wandb_project = recbole
shuffle = True
require_pow = False
enable_amp = False
enable_scaler = False
transform = None
embedding_size = 64
numerical_features = []
discretization = None
kg_reverse_r = False
entity_kg_num_interval = [0,inf)
relation_kg_num_interval = [0,inf)
MODEL_TYPE = ModelType.GENERAL
num_workers = 4
pin_memory = True
test_args = {'mode': 'full'}
MODEL_INPUT_TYPE = InputType.PAIRWISE
eval_type = EvaluatorType.RANKING
single_spec = True
local_rank = 0
device = cuda
valid_neg_sample_args = {'distribution': 'uniform', 'sample_num': 100}
test_neg_sample_args = {'distribution': 'uniform', 'sample_num': 100}


Sat 13 Dec 2025 23:51:23 INFO  ml-100k--impB
The number of users: 939
Average actions of users: 59.02025586353945
The number of items: 1448
Average actions of items: 38.25915687629578
The number of inters: 55361
The sparsity of the dataset: 95.92835625062514%
Remain Fields: ['user_id', 'item_id']
Sat 13 Dec 2025 23:51:23 INFO  [Training]: train_batch_size = [2048] train_neg_sample_args: [{'distribution': 'uniform', 'sample_num': 1, 'alpha': 1.0, 'dynamic': False, 'candidate_num': 0}]
Sat 13 Dec 2025 23:51:23 INFO  [Evaluation]: eval_batch_size = [4096] eval_args: [{'split': {'RS': [0, 0, 0]}, 'order': 'RO', 'group_by': 'user', 'mode': {'valid': 'uni100', 'test': 'uni100'}}]
Sat 13 Dec 2025 23:51:23 INFO  BPR(
  (user_embedding): Embedding(939, 64)
  (item_embedding): Embedding(1448, 64)
  (loss): BPRLoss()
)
Trainable parameters: 152768
Sat 13 Dec 2025 23:51:23 INFO  FLOPs: 128.0
Sat 13 Dec 2025 23:51:23 INFO  epoch 0 training [time: 0.11s, train loss: 18.7151]
Sat 13 Dec 2025 23:51:24 INFO  epoch 0 evaluating [time: 0.34s, valid_score: 0.041000]
Sat 13 Dec 2025 23:51:24 INFO  valid result: 
precision@10 : 0.0092    precision@20 : 0.0095    recall@10 : 0.0917    recall@20 : 0.1908    mrr@10 : 0.026    mrr@20 : 0.0327    hit@10 : 0.0917    hit@20 : 0.1908    ndcg@10 : 0.041    ndcg@20 : 0.0659
Sat 13 Dec 2025 23:51:24 INFO  Saving current: saved\BPR-Dec-13-2025_23-51-23.pth
Sat 13 Dec 2025 23:51:24 INFO  epoch 1 training [time: 0.12s, train loss: 18.6683]
Sat 13 Dec 2025 23:51:24 INFO  epoch 1 evaluating [time: 0.36s, valid_score: 0.047800]
Sat 13 Dec 2025 23:51:24 INFO  valid result: 
precision@10 : 0.0107    precision@20 : 0.011    recall@10 : 0.1066    recall@20 : 0.2207    mrr@10 : 0.0307    mrr@20 : 0.0381    hit@10 : 0.1066    hit@20 : 0.2207    ndcg@10 : 0.0478    ndcg@20 : 0.076
Sat 13 Dec 2025 23:51:24 INFO  Saving current: saved\BPR-Dec-13-2025_23-51-23.pth
Sat 13 Dec 2025 23:51:25 INFO  epoch 2 training [time: 0.13s, train loss: 18.5996]
Sat 13 Dec 2025 23:51:25 INFO  epoch 2 evaluating [time: 0.35s, valid_score: 0.085300]
Sat 13 Dec 2025 23:51:25 INFO  valid result: 
precision@10 : 0.0177    precision@20 : 0.0149    recall@10 : 0.177    recall@20 : 0.2974    mrr@10 : 0.0578    mrr@20 : 0.0658    hit@10 : 0.177    hit@20 : 0.2974    ndcg@10 : 0.0853    ndcg@20 : 0.1154
Sat 13 Dec 2025 23:51:25 INFO  Saving current: saved\BPR-Dec-13-2025_23-51-23.pth
Sat 13 Dec 2025 23:51:25 INFO  epoch 3 training [time: 0.13s, train loss: 18.4293]
Sat 13 Dec 2025 23:51:26 INFO  epoch 3 evaluating [time: 0.36s, valid_score: 0.182300]
Sat 13 Dec 2025 23:51:26 INFO  valid result: 
precision@10 : 0.0339    precision@20 : 0.0251    recall@10 : 0.339    recall@20 : 0.5021    mrr@10 : 0.135    mrr@20 : 0.1463    hit@10 : 0.339    hit@20 : 0.5021    ndcg@10 : 0.1823    ndcg@20 : 0.2235
Sat 13 Dec 2025 23:51:26 INFO  Saving current: saved\BPR-Dec-13-2025_23-51-23.pth
Sat 13 Dec 2025 23:51:26 INFO  epoch 4 training [time: 0.15s, train loss: 17.9798]
Sat 13 Dec 2025 23:51:26 INFO  epoch 4 evaluating [time: 0.36s, valid_score: 0.266200]
Sat 13 Dec 2025 23:51:26 INFO  valid result: 
precision@10 : 0.0485    precision@20 : 0.0337    recall@10 : 0.4851    recall@20 : 0.6738    mrr@10 : 0.1999    mrr@20 : 0.2129    hit@10 : 0.4851    hit@20 : 0.6738    ndcg@10 : 0.2662    ndcg@20 : 0.3139
Sat 13 Dec 2025 23:51:26 INFO  Saving current: saved\BPR-Dec-13-2025_23-51-23.pth
Sat 13 Dec 2025 23:51:26 INFO  epoch 5 training [time: 0.16s, train loss: 16.9726]
Sat 13 Dec 2025 23:51:27 INFO  epoch 5 evaluating [time: 0.36s, valid_score: 0.305300]
Sat 13 Dec 2025 23:51:27 INFO  valid result: 
precision@10 : 0.0528    precision@20 : 0.0357    recall@10 : 0.5277    recall@20 : 0.7132    mrr@10 : 0.2377    mrr@20 : 0.2506    hit@10 : 0.5277    hit@20 : 0.7132    ndcg@10 : 0.3053    ndcg@20 : 0.3523
Sat 13 Dec 2025 23:51:27 INFO  Saving current: saved\BPR-Dec-13-2025_23-51-23.pth
Sat 13 Dec 2025 23:51:27 INFO  epoch 6 training [time: 0.13s, train loss: 15.2323]
Sat 13 Dec 2025 23:51:27 INFO  epoch 6 evaluating [time: 0.36s, valid_score: 0.318300]
Sat 13 Dec 2025 23:51:27 INFO  valid result: 
precision@10 : 0.0545    precision@20 : 0.0367    recall@10 : 0.5448    recall@20 : 0.7335    mrr@10 : 0.2491    mrr@20 : 0.2621    hit@10 : 0.5448    hit@20 : 0.7335    ndcg@10 : 0.3183    ndcg@20 : 0.3658
Sat 13 Dec 2025 23:51:27 INFO  Saving current: saved\BPR-Dec-13-2025_23-51-23.pth
Sat 13 Dec 2025 23:51:28 INFO  epoch 7 training [time: 0.15s, train loss: 13.2155]
Sat 13 Dec 2025 23:51:28 INFO  epoch 7 evaluating [time: 0.35s, valid_score: 0.323400]
Sat 13 Dec 2025 23:51:28 INFO  valid result: 
precision@10 : 0.0555    precision@20 : 0.0366    recall@10 : 0.5554    recall@20 : 0.7324    mrr@10 : 0.2528    mrr@20 : 0.2649    hit@10 : 0.5554    hit@20 : 0.7324    ndcg@10 : 0.3234    ndcg@20 : 0.3678
Sat 13 Dec 2025 23:51:28 INFO  Saving current: saved\BPR-Dec-13-2025_23-51-23.pth
Sat 13 Dec 2025 23:51:28 INFO  epoch 8 training [time: 0.13s, train loss: 11.4231]
Sat 13 Dec 2025 23:51:29 INFO  epoch 8 evaluating [time: 0.37s, valid_score: 0.322400]
Sat 13 Dec 2025 23:51:29 INFO  valid result: 
precision@10 : 0.0555    precision@20 : 0.0368    recall@10 : 0.5554    recall@20 : 0.7356    mrr@10 : 0.2516    mrr@20 : 0.2639    hit@10 : 0.5554    hit@20 : 0.7356    ndcg@10 : 0.3224    ndcg@20 : 0.3676
Sat 13 Dec 2025 23:51:29 INFO  epoch 9 training [time: 0.15s, train loss: 10.2120]
Sat 13 Dec 2025 23:51:29 INFO  epoch 9 evaluating [time: 0.38s, valid_score: 0.338600]
Sat 13 Dec 2025 23:51:29 INFO  valid result: 
precision@10 : 0.057    precision@20 : 0.0372    recall@10 : 0.5704    recall@20 : 0.7441    mrr@10 : 0.2676    mrr@20 : 0.2792    hit@10 : 0.5704    hit@20 : 0.7441    ndcg@10 : 0.3386    ndcg@20 : 0.3819
Sat 13 Dec 2025 23:51:29 INFO  Saving current: saved\BPR-Dec-13-2025_23-51-23.pth
Sat 13 Dec 2025 23:51:29 INFO  epoch 10 training [time: 0.16s, train loss: 9.3565]
Sat 13 Dec 2025 23:51:30 INFO  epoch 10 evaluating [time: 0.36s, valid_score: 0.343400]
Sat 13 Dec 2025 23:51:30 INFO  valid result: 
precision@10 : 0.0561    precision@20 : 0.0372    recall@10 : 0.5608    recall@20 : 0.7441    mrr@10 : 0.2771    mrr@20 : 0.2899    hit@10 : 0.5608    hit@20 : 0.7441    ndcg@10 : 0.3434    ndcg@20 : 0.3899
Sat 13 Dec 2025 23:51:30 INFO  Saving current: saved\BPR-Dec-13-2025_23-51-23.pth
Sat 13 Dec 2025 23:51:30 INFO  epoch 11 training [time: 0.14s, train loss: 8.9617]
Sat 13 Dec 2025 23:51:30 INFO  epoch 11 evaluating [time: 0.36s, valid_score: 0.339200]
Sat 13 Dec 2025 23:51:30 INFO  valid result: 
precision@10 : 0.0567    precision@20 : 0.0384    recall@10 : 0.5672    recall@20 : 0.7676    mrr@10 : 0.2693    mrr@20 : 0.283    hit@10 : 0.5672    hit@20 : 0.7676    ndcg@10 : 0.3392    ndcg@20 : 0.3896
Sat 13 Dec 2025 23:51:31 INFO  epoch 12 training [time: 0.17s, train loss: 8.5570]
Sat 13 Dec 2025 23:51:31 INFO  epoch 12 evaluating [time: 0.37s, valid_score: 0.355600]
Sat 13 Dec 2025 23:51:31 INFO  valid result: 
precision@10 : 0.0591    precision@20 : 0.0384    recall@10 : 0.5906    recall@20 : 0.7687    mrr@10 : 0.2836    mrr@20 : 0.2959    hit@10 : 0.5906    hit@20 : 0.7687    ndcg@10 : 0.3556    ndcg@20 : 0.4006
Sat 13 Dec 2025 23:51:31 INFO  Saving current: saved\BPR-Dec-13-2025_23-51-23.pth
Sat 13 Dec 2025 23:51:31 INFO  epoch 13 training [time: 0.13s, train loss: 8.1520]
Sat 13 Dec 2025 23:51:32 INFO  epoch 13 evaluating [time: 0.37s, valid_score: 0.360200]
Sat 13 Dec 2025 23:51:32 INFO  valid result: 
precision@10 : 0.059    precision@20 : 0.0392    recall@10 : 0.5896    recall@20 : 0.7836    mrr@10 : 0.2893    mrr@20 : 0.3028    hit@10 : 0.5896    hit@20 : 0.7836    ndcg@10 : 0.3602    ndcg@20 : 0.4093
Sat 13 Dec 2025 23:51:32 INFO  Saving current: saved\BPR-Dec-13-2025_23-51-23.pth
Sat 13 Dec 2025 23:51:32 INFO  epoch 14 training [time: 0.13s, train loss: 8.0423]
Sat 13 Dec 2025 23:51:32 INFO  epoch 14 evaluating [time: 0.35s, valid_score: 0.376300]
Sat 13 Dec 2025 23:51:32 INFO  valid result: 
precision@10 : 0.0618    precision@20 : 0.0396    recall@10 : 0.6183    recall@20 : 0.791    mrr@10 : 0.3023    mrr@20 : 0.314    hit@10 : 0.6183    hit@20 : 0.791    ndcg@10 : 0.3763    ndcg@20 : 0.4196
Sat 13 Dec 2025 23:51:32 INFO  Saving current: saved\BPR-Dec-13-2025_23-51-23.pth
Sat 13 Dec 2025 23:51:32 INFO  epoch 15 training [time: 0.14s, train loss: 7.7320]
Sat 13 Dec 2025 23:51:33 INFO  epoch 15 evaluating [time: 0.38s, valid_score: 0.379900]
Sat 13 Dec 2025 23:51:33 INFO  valid result: 
precision@10 : 0.063    precision@20 : 0.0405    recall@10 : 0.6301    recall@20 : 0.8092    mrr@10 : 0.3033    mrr@20 : 0.3158    hit@10 : 0.6301    hit@20 : 0.8092    ndcg@10 : 0.3799    ndcg@20 : 0.4251
Sat 13 Dec 2025 23:51:33 INFO  Saving current: saved\BPR-Dec-13-2025_23-51-23.pth
Sat 13 Dec 2025 23:51:33 INFO  epoch 16 training [time: 0.14s, train loss: 7.5135]
Sat 13 Dec 2025 23:51:33 INFO  epoch 16 evaluating [time: 0.37s, valid_score: 0.389200]
Sat 13 Dec 2025 23:51:33 INFO  valid result: 
precision@10 : 0.0646    precision@20 : 0.04    recall@10 : 0.6461    recall@20 : 0.7996    mrr@10 : 0.3105    mrr@20 : 0.3211    hit@10 : 0.6461    hit@20 : 0.7996    ndcg@10 : 0.3892    ndcg@20 : 0.428
Sat 13 Dec 2025 23:51:33 INFO  Saving current: saved\BPR-Dec-13-2025_23-51-23.pth
Sat 13 Dec 2025 23:51:34 INFO  epoch 17 training [time: 0.16s, train loss: 7.3148]
Sat 13 Dec 2025 23:51:34 INFO  epoch 17 evaluating [time: 0.37s, valid_score: 0.400700]
Sat 13 Dec 2025 23:51:34 INFO  valid result: 
precision@10 : 0.0659    precision@20 : 0.0408    recall@10 : 0.6588    recall@20 : 0.8156    mrr@10 : 0.3219    mrr@20 : 0.3329    hit@10 : 0.6588    hit@20 : 0.8156    ndcg@10 : 0.4007    ndcg@20 : 0.4405
Sat 13 Dec 2025 23:51:34 INFO  Saving current: saved\BPR-Dec-13-2025_23-51-23.pth
Sat 13 Dec 2025 23:51:34 INFO  epoch 18 training [time: 0.14s, train loss: 7.1199]
Sat 13 Dec 2025 23:51:35 INFO  epoch 18 evaluating [time: 0.37s, valid_score: 0.409800]
Sat 13 Dec 2025 23:51:35 INFO  valid result: 
precision@10 : 0.0672    precision@20 : 0.0414    recall@10 : 0.6716    recall@20 : 0.8273    mrr@10 : 0.3292    mrr@20 : 0.3402    hit@10 : 0.6716    hit@20 : 0.8273    ndcg@10 : 0.4098    ndcg@20 : 0.4494
Sat 13 Dec 2025 23:51:35 INFO  Saving current: saved\BPR-Dec-13-2025_23-51-23.pth
Sat 13 Dec 2025 23:51:35 INFO  epoch 19 training [time: 0.15s, train loss: 6.8993]
Sat 13 Dec 2025 23:51:35 INFO  epoch 19 evaluating [time: 0.35s, valid_score: 0.414700]
Sat 13 Dec 2025 23:51:35 INFO  valid result: 
precision@10 : 0.0678    precision@20 : 0.0417    recall@10 : 0.678    recall@20 : 0.8348    mrr@10 : 0.3338    mrr@20 : 0.3447    hit@10 : 0.678    hit@20 : 0.8348    ndcg@10 : 0.4147    ndcg@20 : 0.4544
Sat 13 Dec 2025 23:51:35 INFO  Saving current: saved\BPR-Dec-13-2025_23-51-23.pth
Sat 13 Dec 2025 23:51:35 INFO  epoch 20 training [time: 0.15s, train loss: 6.7973]
Sat 13 Dec 2025 23:51:36 INFO  epoch 20 evaluating [time: 0.36s, valid_score: 0.423600]
Sat 13 Dec 2025 23:51:36 INFO  valid result: 
precision@10 : 0.0694    precision@20 : 0.0421    recall@10 : 0.694    recall@20 : 0.8422    mrr@10 : 0.3401    mrr@20 : 0.3505    hit@10 : 0.694    hit@20 : 0.8422    ndcg@10 : 0.4236    ndcg@20 : 0.4612
Sat 13 Dec 2025 23:51:36 INFO  Saving current: saved\BPR-Dec-13-2025_23-51-23.pth
Sat 13 Dec 2025 23:51:36 INFO  epoch 21 training [time: 0.14s, train loss: 6.6479]
Sat 13 Dec 2025 23:51:36 INFO  epoch 21 evaluating [time: 0.37s, valid_score: 0.431000]
Sat 13 Dec 2025 23:51:36 INFO  valid result: 
precision@10 : 0.0701    precision@20 : 0.0424    recall@10 : 0.7015    recall@20 : 0.8486    mrr@10 : 0.3478    mrr@20 : 0.3581    hit@10 : 0.7015    hit@20 : 0.8486    ndcg@10 : 0.431    ndcg@20 : 0.4683
Sat 13 Dec 2025 23:51:36 INFO  Saving current: saved\BPR-Dec-13-2025_23-51-23.pth
Sat 13 Dec 2025 23:51:37 INFO  epoch 22 training [time: 0.15s, train loss: 6.4410]
Sat 13 Dec 2025 23:51:37 INFO  epoch 22 evaluating [time: 0.37s, valid_score: 0.430800]
Sat 13 Dec 2025 23:51:37 INFO  valid result: 
precision@10 : 0.0697    precision@20 : 0.0423    recall@10 : 0.6972    recall@20 : 0.8465    mrr@10 : 0.349    mrr@20 : 0.3596    hit@10 : 0.6972    hit@20 : 0.8465    ndcg@10 : 0.4308    ndcg@20 : 0.4689
Sat 13 Dec 2025 23:51:37 INFO  epoch 23 training [time: 0.14s, train loss: 6.2730]
Sat 13 Dec 2025 23:51:38 INFO  epoch 23 evaluating [time: 0.36s, valid_score: 0.441300]
Sat 13 Dec 2025 23:51:38 INFO  valid result: 
precision@10 : 0.0706    precision@20 : 0.0431    recall@10 : 0.7058    recall@20 : 0.8614    mrr@10 : 0.3595    mrr@20 : 0.3705    hit@10 : 0.7058    hit@20 : 0.8614    ndcg@10 : 0.4413    ndcg@20 : 0.4809
Sat 13 Dec 2025 23:51:38 INFO  Saving current: saved\BPR-Dec-13-2025_23-51-23.pth
Sat 13 Dec 2025 23:51:38 INFO  epoch 24 training [time: 0.15s, train loss: 6.0731]
Sat 13 Dec 2025 23:51:38 INFO  epoch 24 evaluating [time: 0.37s, valid_score: 0.441700]
Sat 13 Dec 2025 23:51:38 INFO  valid result: 
precision@10 : 0.0716    precision@20 : 0.043    recall@10 : 0.7164    recall@20 : 0.8593    mrr@10 : 0.3572    mrr@20 : 0.3672    hit@10 : 0.7164    hit@20 : 0.8593    ndcg@10 : 0.4417    ndcg@20 : 0.478
Sat 13 Dec 2025 23:51:38 INFO  Saving current: saved\BPR-Dec-13-2025_23-51-23.pth
Sat 13 Dec 2025 23:51:38 INFO  epoch 25 training [time: 0.15s, train loss: 6.0173]
Sat 13 Dec 2025 23:51:39 INFO  epoch 25 evaluating [time: 0.35s, valid_score: 0.444900]
Sat 13 Dec 2025 23:51:39 INFO  valid result: 
precision@10 : 0.0731    precision@20 : 0.0437    recall@10 : 0.7313    recall@20 : 0.8731    mrr@10 : 0.3566    mrr@20 : 0.3666    hit@10 : 0.7313    hit@20 : 0.8731    ndcg@10 : 0.4449    ndcg@20 : 0.4809
Sat 13 Dec 2025 23:51:39 INFO  Saving current: saved\BPR-Dec-13-2025_23-51-23.pth
Sat 13 Dec 2025 23:51:39 INFO  epoch 26 training [time: 0.13s, train loss: 5.8790]
Sat 13 Dec 2025 23:51:39 INFO  epoch 26 evaluating [time: 0.36s, valid_score: 0.457400]
Sat 13 Dec 2025 23:51:39 INFO  valid result: 
precision@10 : 0.0722    precision@20 : 0.0437    recall@10 : 0.7217    recall@20 : 0.8731    mrr@10 : 0.3755    mrr@20 : 0.3862    hit@10 : 0.7217    hit@20 : 0.8731    ndcg@10 : 0.4574    ndcg@20 : 0.4958
Sat 13 Dec 2025 23:51:39 INFO  Saving current: saved\BPR-Dec-13-2025_23-51-23.pth
Sat 13 Dec 2025 23:51:40 INFO  epoch 27 training [time: 0.15s, train loss: 5.8131]
Sat 13 Dec 2025 23:51:40 INFO  epoch 27 evaluating [time: 0.37s, valid_score: 0.458200]
Sat 13 Dec 2025 23:51:40 INFO  valid result: 
precision@10 : 0.0737    precision@20 : 0.043    recall@10 : 0.7367    recall@20 : 0.8593    mrr@10 : 0.3721    mrr@20 : 0.381    hit@10 : 0.7367    hit@20 : 0.8593    ndcg@10 : 0.4582    ndcg@20 : 0.4896
Sat 13 Dec 2025 23:51:40 INFO  Saving current: saved\BPR-Dec-13-2025_23-51-23.pth
Sat 13 Dec 2025 23:51:40 INFO  epoch 28 training [time: 0.14s, train loss: 5.6773]
Sat 13 Dec 2025 23:51:41 INFO  epoch 28 evaluating [time: 0.38s, valid_score: 0.468900]
Sat 13 Dec 2025 23:51:41 INFO  valid result: 
precision@10 : 0.0742    precision@20 : 0.0436    recall@10 : 0.742    recall@20 : 0.8721    mrr@10 : 0.3849    mrr@20 : 0.3942    hit@10 : 0.742    hit@20 : 0.8721    ndcg@10 : 0.4689    ndcg@20 : 0.5021
Sat 13 Dec 2025 23:51:41 INFO  Saving current: saved\BPR-Dec-13-2025_23-51-23.pth
Sat 13 Dec 2025 23:51:41 INFO  epoch 29 training [time: 0.14s, train loss: 5.5346]
Sat 13 Dec 2025 23:51:41 INFO  epoch 29 evaluating [time: 0.37s, valid_score: 0.463900]
Sat 13 Dec 2025 23:51:41 INFO  valid result: 
precision@10 : 0.074    precision@20 : 0.0436    recall@10 : 0.7399    recall@20 : 0.8721    mrr@10 : 0.3788    mrr@20 : 0.3884    hit@10 : 0.7399    hit@20 : 0.8721    ndcg@10 : 0.4639    ndcg@20 : 0.4979
Sat 13 Dec 2025 23:51:41 INFO  epoch 30 training [time: 0.14s, train loss: 5.5754]
Sat 13 Dec 2025 23:51:42 INFO  epoch 30 evaluating [time: 0.36s, valid_score: 0.461100]
Sat 13 Dec 2025 23:51:42 INFO  valid result: 
precision@10 : 0.0736    precision@20 : 0.044    recall@10 : 0.7356    recall@20 : 0.8795    mrr@10 : 0.3763    mrr@20 : 0.3863    hit@10 : 0.7356    hit@20 : 0.8795    ndcg@10 : 0.4611    ndcg@20 : 0.4976
Sat 13 Dec 2025 23:51:42 INFO  epoch 31 training [time: 0.13s, train loss: 5.2833]
Sat 13 Dec 2025 23:51:42 INFO  epoch 31 evaluating [time: 0.36s, valid_score: 0.453000]
Sat 13 Dec 2025 23:51:42 INFO  valid result: 
precision@10 : 0.0742    precision@20 : 0.0438    recall@10 : 0.742    recall@20 : 0.8753    mrr@10 : 0.3632    mrr@20 : 0.3727    hit@10 : 0.742    hit@20 : 0.8753    ndcg@10 : 0.453    ndcg@20 : 0.4869
Sat 13 Dec 2025 23:51:42 INFO  epoch 32 training [time: 0.12s, train loss: 5.3508]
Sat 13 Dec 2025 23:51:43 INFO  epoch 32 evaluating [time: 0.37s, valid_score: 0.466800]
Sat 13 Dec 2025 23:51:43 INFO  valid result: 
precision@10 : 0.074    precision@20 : 0.0443    recall@10 : 0.7399    recall@20 : 0.8859    mrr@10 : 0.3822    mrr@20 : 0.3928    hit@10 : 0.7399    hit@20 : 0.8859    ndcg@10 : 0.4668    ndcg@20 : 0.5042
Sat 13 Dec 2025 23:51:43 INFO  epoch 33 training [time: 0.15s, train loss: 5.3072]
Sat 13 Dec 2025 23:51:43 INFO  epoch 33 evaluating [time: 0.37s, valid_score: 0.480700]
Sat 13 Dec 2025 23:51:44 INFO  valid result: 
precision@10 : 0.0761    precision@20 : 0.0443    recall@10 : 0.7612    recall@20 : 0.887    mrr@10 : 0.3949    mrr@20 : 0.4036    hit@10 : 0.7612    hit@20 : 0.887    ndcg@10 : 0.4807    ndcg@20 : 0.5126
Sat 13 Dec 2025 23:51:44 INFO  Saving current: saved\BPR-Dec-13-2025_23-51-23.pth
Sat 13 Dec 2025 23:51:44 INFO  epoch 34 training [time: 0.18s, train loss: 5.2008]
Sat 13 Dec 2025 23:51:44 INFO  epoch 34 evaluating [time: 0.36s, valid_score: 0.485100]
Sat 13 Dec 2025 23:51:44 INFO  valid result: 
precision@10 : 0.0763    precision@20 : 0.044    recall@10 : 0.7633    recall@20 : 0.8795    mrr@10 : 0.3993    mrr@20 : 0.4076    hit@10 : 0.7633    hit@20 : 0.8795    ndcg@10 : 0.4851    ndcg@20 : 0.5147
Sat 13 Dec 2025 23:51:44 INFO  Saving current: saved\BPR-Dec-13-2025_23-51-23.pth
Sat 13 Dec 2025 23:51:44 INFO  epoch 35 training [time: 0.15s, train loss: 5.0736]
Sat 13 Dec 2025 23:51:45 INFO  epoch 35 evaluating [time: 0.37s, valid_score: 0.464600]
Sat 13 Dec 2025 23:51:45 INFO  valid result: 
precision@10 : 0.0746    precision@20 : 0.0442    recall@10 : 0.7463    recall@20 : 0.8838    mrr@10 : 0.3767    mrr@20 : 0.3868    hit@10 : 0.7463    hit@20 : 0.8838    ndcg@10 : 0.4646    ndcg@20 : 0.5001
Sat 13 Dec 2025 23:51:45 INFO  epoch 36 training [time: 0.17s, train loss: 5.0773]
Sat 13 Dec 2025 23:51:45 INFO  epoch 36 evaluating [time: 0.33s, valid_score: 0.482500]
Sat 13 Dec 2025 23:51:45 INFO  valid result: 
precision@10 : 0.0753    precision@20 : 0.0443    recall@10 : 0.7527    recall@20 : 0.8859    mrr@10 : 0.3987    mrr@20 : 0.4081    hit@10 : 0.7527    hit@20 : 0.8859    ndcg@10 : 0.4825    ndcg@20 : 0.5164
Sat 13 Dec 2025 23:51:45 INFO  epoch 37 training [time: 0.12s, train loss: 4.9815]
Sat 13 Dec 2025 23:51:46 INFO  epoch 37 evaluating [time: 0.33s, valid_score: 0.477800]
Sat 13 Dec 2025 23:51:46 INFO  valid result: 
precision@10 : 0.0761    precision@20 : 0.0441    recall@10 : 0.7612    recall@20 : 0.8817    mrr@10 : 0.3901    mrr@20 : 0.399    hit@10 : 0.7612    hit@20 : 0.8817    ndcg@10 : 0.4778    ndcg@20 : 0.5089
Sat 13 Dec 2025 23:51:46 INFO  epoch 38 training [time: 0.10s, train loss: 4.8458]
Sat 13 Dec 2025 23:51:46 INFO  epoch 38 evaluating [time: 0.34s, valid_score: 0.486600]
Sat 13 Dec 2025 23:51:46 INFO  valid result: 
precision@10 : 0.0762    precision@20 : 0.0448    recall@10 : 0.7623    recall@20 : 0.8955    mrr@10 : 0.4011    mrr@20 : 0.4105    hit@10 : 0.7623    hit@20 : 0.8955    ndcg@10 : 0.4866    ndcg@20 : 0.5204
Sat 13 Dec 2025 23:51:46 INFO  Saving current: saved\BPR-Dec-13-2025_23-51-23.pth
Sat 13 Dec 2025 23:51:47 INFO  epoch 39 training [time: 0.12s, train loss: 4.7474]
Sat 13 Dec 2025 23:51:47 INFO  epoch 39 evaluating [time: 0.35s, valid_score: 0.484100]
Sat 13 Dec 2025 23:51:47 INFO  valid result: 
precision@10 : 0.0763    precision@20 : 0.0443    recall@10 : 0.7633    recall@20 : 0.887    mrr@10 : 0.3971    mrr@20 : 0.4061    hit@10 : 0.7633    hit@20 : 0.887    ndcg@10 : 0.4841    ndcg@20 : 0.5158
Sat 13 Dec 2025 23:51:47 INFO  epoch 40 training [time: 0.12s, train loss: 4.6894]
Sat 13 Dec 2025 23:51:47 INFO  epoch 40 evaluating [time: 0.34s, valid_score: 0.487200]
Sat 13 Dec 2025 23:51:47 INFO  valid result: 
precision@10 : 0.077    precision@20 : 0.0445    recall@10 : 0.7697    recall@20 : 0.8891    mrr@10 : 0.3997    mrr@20 : 0.4083    hit@10 : 0.7697    hit@20 : 0.8891    ndcg@10 : 0.4872    ndcg@20 : 0.5177
Sat 13 Dec 2025 23:51:47 INFO  Saving current: saved\BPR-Dec-13-2025_23-51-23.pth
Sat 13 Dec 2025 23:51:48 INFO  epoch 41 training [time: 0.11s, train loss: 4.7148]
Sat 13 Dec 2025 23:51:48 INFO  epoch 41 evaluating [time: 0.34s, valid_score: 0.490300]
Sat 13 Dec 2025 23:51:48 INFO  valid result: 
precision@10 : 0.0767    precision@20 : 0.0445    recall@10 : 0.7665    recall@20 : 0.8891    mrr@10 : 0.4049    mrr@20 : 0.4135    hit@10 : 0.7665    hit@20 : 0.8891    ndcg@10 : 0.4903    ndcg@20 : 0.5214
Sat 13 Dec 2025 23:51:48 INFO  Saving current: saved\BPR-Dec-13-2025_23-51-23.pth
Sat 13 Dec 2025 23:51:48 INFO  epoch 42 training [time: 0.10s, train loss: 4.6024]
Sat 13 Dec 2025 23:51:48 INFO  epoch 42 evaluating [time: 0.33s, valid_score: 0.485300]
Sat 13 Dec 2025 23:51:49 INFO  valid result: 
precision@10 : 0.0767    precision@20 : 0.0447    recall@10 : 0.7665    recall@20 : 0.8934    mrr@10 : 0.3984    mrr@20 : 0.4075    hit@10 : 0.7665    hit@20 : 0.8934    ndcg@10 : 0.4853    ndcg@20 : 0.5178
Sat 13 Dec 2025 23:51:49 INFO  epoch 43 training [time: 0.11s, train loss: 4.4984]
Sat 13 Dec 2025 23:51:49 INFO  epoch 43 evaluating [time: 0.35s, valid_score: 0.487800]
Sat 13 Dec 2025 23:51:49 INFO  valid result: 
precision@10 : 0.0765    precision@20 : 0.0449    recall@10 : 0.7655    recall@20 : 0.8987    mrr@10 : 0.4016    mrr@20 : 0.411    hit@10 : 0.7655    hit@20 : 0.8987    ndcg@10 : 0.4878    ndcg@20 : 0.5218
Sat 13 Dec 2025 23:51:49 INFO  epoch 44 training [time: 0.12s, train loss: 4.4325]
Sat 13 Dec 2025 23:51:50 INFO  epoch 44 evaluating [time: 0.35s, valid_score: 0.491400]
Sat 13 Dec 2025 23:51:50 INFO  valid result: 
precision@10 : 0.0771    precision@20 : 0.0449    recall@10 : 0.7708    recall@20 : 0.8987    mrr@10 : 0.4046    mrr@20 : 0.4137    hit@10 : 0.7708    hit@20 : 0.8987    ndcg@10 : 0.4914    ndcg@20 : 0.524
Sat 13 Dec 2025 23:51:50 INFO  Saving current: saved\BPR-Dec-13-2025_23-51-23.pth
Sat 13 Dec 2025 23:51:50 INFO  epoch 45 training [time: 0.12s, train loss: 4.4836]
Sat 13 Dec 2025 23:51:50 INFO  epoch 45 evaluating [time: 0.36s, valid_score: 0.484000]
Sat 13 Dec 2025 23:51:50 INFO  valid result: 
precision@10 : 0.0768    precision@20 : 0.0448    recall@10 : 0.7676    recall@20 : 0.8955    mrr@10 : 0.3961    mrr@20 : 0.4053    hit@10 : 0.7676    hit@20 : 0.8955    ndcg@10 : 0.484    ndcg@20 : 0.5167
Sat 13 Dec 2025 23:51:50 INFO  epoch 46 training [time: 0.13s, train loss: 4.4343]
Sat 13 Dec 2025 23:51:51 INFO  epoch 46 evaluating [time: 0.37s, valid_score: 0.490000]
Sat 13 Dec 2025 23:51:51 INFO  valid result: 
precision@10 : 0.0777    precision@20 : 0.0449    recall@10 : 0.7772    recall@20 : 0.8977    mrr@10 : 0.4009    mrr@20 : 0.4094    hit@10 : 0.7772    hit@20 : 0.8977    ndcg@10 : 0.49    ndcg@20 : 0.5207
Sat 13 Dec 2025 23:51:51 INFO  epoch 47 training [time: 0.12s, train loss: 4.4047]
Sat 13 Dec 2025 23:51:51 INFO  epoch 47 evaluating [time: 0.34s, valid_score: 0.486100]
Sat 13 Dec 2025 23:51:51 INFO  valid result: 
precision@10 : 0.077    precision@20 : 0.045    recall@10 : 0.7697    recall@20 : 0.9009    mrr@10 : 0.3981    mrr@20 : 0.4073    hit@10 : 0.7697    hit@20 : 0.9009    ndcg@10 : 0.4861    ndcg@20 : 0.5193
Sat 13 Dec 2025 23:51:51 INFO  epoch 48 training [time: 0.11s, train loss: 4.2428]
Sat 13 Dec 2025 23:51:52 INFO  epoch 48 evaluating [time: 0.35s, valid_score: 0.487900]
Sat 13 Dec 2025 23:51:52 INFO  valid result: 
precision@10 : 0.078    precision@20 : 0.0451    recall@10 : 0.7804    recall@20 : 0.903    mrr@10 : 0.3972    mrr@20 : 0.4058    hit@10 : 0.7804    hit@20 : 0.903    ndcg@10 : 0.4879    ndcg@20 : 0.519
Sat 13 Dec 2025 23:51:52 INFO  epoch 49 training [time: 0.11s, train loss: 4.2930]
Sat 13 Dec 2025 23:51:52 INFO  epoch 49 evaluating [time: 0.35s, valid_score: 0.488000]
Sat 13 Dec 2025 23:51:52 INFO  valid result: 
precision@10 : 0.0763    precision@20 : 0.0449    recall@10 : 0.7633    recall@20 : 0.8977    mrr@10 : 0.4023    mrr@20 : 0.4121    hit@10 : 0.7633    hit@20 : 0.8977    ndcg@10 : 0.488    ndcg@20 : 0.5225
Sat 13 Dec 2025 23:51:52 INFO  Loading model structure and parameters from saved\BPR-Dec-13-2025_23-51-23.pth
Sat 13 Dec 2025 23:51:54 INFO  The running environment of this training is as follows:
+-------------+----------------+
| Environment |     Usage      |
+=============+================+
| CPU         |     9.50 %     |
+-------------+----------------+
| GPU         | 0.05 G/8.00 G  |
+-------------+----------------+
| Memory      | 2.23 G/15.26 G |
+-------------+----------------+
Sat 13 Dec 2025 23:51:54 INFO  best valid : OrderedDict([('precision@10', 0.0771), ('precision@20', 0.0449), ('recall@10', 0.7708), ('recall@20', 0.8987), ('mrr@10', 0.4046), ('mrr@20', 0.4137), ('hit@10', 0.7708), ('hit@20', 0.8987), ('ndcg@10', 0.4914), ('ndcg@20', 0.524)])
Sat 13 Dec 2025 23:51:54 INFO  test result: OrderedDict([('precision@10', 0.0765), ('precision@20', 0.0452), ('recall@10', 0.7655), ('recall@20', 0.9041), ('mrr@10', 0.3931), ('mrr@20', 0.4032), ('hit@10', 0.7655), ('hit@20', 0.9041), ('ndcg@10', 0.481), ('ndcg@20', 0.5166)])
