Tue 18 Nov 2025 23:49:22 INFO  ['c:\\Users\\martin\\miniconda3\\envs\\bp\\Lib\\site-packages\\ipykernel_launcher.py', '--f=c:\\Users\\martin\\AppData\\Roaming\\jupyter\\runtime\\kernel-v3622422e5bdfed9801eb125eda29c27abe47778e1.json']
Tue 18 Nov 2025 23:49:22 INFO  
General Hyper Parameters:
gpu_id = 0
use_gpu = True
seed = 2020
state = INFO
reproducibility = True
data_path = ./data/split/amazon_all_beauty\amazon_all_beauty--impR
checkpoint_dir = saved
show_progress = True
save_dataset = False
dataset_save_path = None
save_dataloaders = False
dataloaders_save_path = None
log_wandb = False

Training Hyper Parameters:
epochs = 50
train_batch_size = 2048
learner = adam
learning_rate = 0.001
train_neg_sample_args = {'distribution': 'uniform', 'sample_num': 1, 'alpha': 1.0, 'dynamic': False, 'candidate_num': 0}
eval_step = 1
stopping_step = 5
clip_grad_norm = None
weight_decay = 0.0
loss_decimal_place = 4

Evaluation Hyper Parameters:
eval_args = {'split': {'RS': [0, 0, 0]}, 'order': 'RO', 'group_by': 'user', 'mode': {'valid': 'full', 'test': 'full'}}
repeatable = False
metrics = ['Precision', 'Recall', 'MRR', 'Hit', 'NDCG']
topk = [10, 20]
valid_metric = NDCG@10
valid_metric_bigger = True
eval_batch_size = 4096
metric_decimal_place = 4

Dataset Hyper Parameters:
field_separator = 	
seq_separator =  
USER_ID_FIELD = user_id
ITEM_ID_FIELD = item_id
RATING_FIELD = rating
TIME_FIELD = timestamp
seq_len = None
LABEL_FIELD = label
threshold = None
NEG_PREFIX = neg_
load_col = {'inter': ['user_id', 'item_id']}
unload_col = None
unused_col = None
additional_feat_suffix = None
rm_dup_inter = None
val_interval = None
filter_inter_by_user_or_item = True
user_inter_num_interval = [0,inf)
item_inter_num_interval = [0,inf)
alias_of_user_id = None
alias_of_item_id = None
alias_of_entity_id = None
alias_of_relation_id = None
preload_weight = None
normalize_field = None
normalize_all = None
ITEM_LIST_LENGTH_FIELD = item_length
LIST_SUFFIX = _list
MAX_ITEM_LIST_LENGTH = 50
POSITION_FIELD = position_id
HEAD_ENTITY_ID_FIELD = head_id
TAIL_ENTITY_ID_FIELD = tail_id
RELATION_ID_FIELD = relation_id
ENTITY_ID_FIELD = entity_id
benchmark_filename = ['train', 'valid', 'test']

Other Hyper Parameters: 
worker = 0
wandb_project = recbole
shuffle = True
require_pow = False
enable_amp = False
enable_scaler = False
transform = None
embedding_size = 64
numerical_features = []
discretization = None
kg_reverse_r = False
entity_kg_num_interval = [0,inf)
relation_kg_num_interval = [0,inf)
MODEL_TYPE = ModelType.GENERAL
test_args = {'mode': 'full'}
MODEL_INPUT_TYPE = InputType.PAIRWISE
eval_type = EvaluatorType.RANKING
single_spec = True
local_rank = 0
device = cpu
valid_neg_sample_args = {'distribution': 'uniform', 'sample_num': 'none'}
test_neg_sample_args = {'distribution': 'uniform', 'sample_num': 'none'}


Tue 18 Nov 2025 23:49:23 INFO  amazon_all_beauty--impR
The number of users: 999
Average actions of users: 9.731462925851703
The number of items: 4785
Average actions of items: 2.0301003344481607
The number of inters: 9712
The sparsity of the dataset: 99.79682922211659%
Remain Fields: ['user_id', 'item_id']
Tue 18 Nov 2025 23:49:23 INFO  [Training]: train_batch_size = [2048] train_neg_sample_args: [{'distribution': 'uniform', 'sample_num': 1, 'alpha': 1.0, 'dynamic': False, 'candidate_num': 0}]
Tue 18 Nov 2025 23:49:23 INFO  [Evaluation]: eval_batch_size = [4096] eval_args: [{'split': {'RS': [0, 0, 0]}, 'order': 'RO', 'group_by': 'user', 'mode': {'valid': 'full', 'test': 'full'}}]
Tue 18 Nov 2025 23:49:23 INFO  BPR(
  (user_embedding): Embedding(999, 64)
  (item_embedding): Embedding(4785, 64)
  (loss): BPRLoss()
)
Trainable parameters: 370176
Tue 18 Nov 2025 23:49:23 INFO  FLOPs: 128.0
Tue 18 Nov 2025 23:49:23 INFO  epoch 0 training [time: 0.06s, train loss: 2.7727]
Tue 18 Nov 2025 23:49:24 INFO  epoch 0 evaluating [time: 0.66s, valid_score: 0.000900]
Tue 18 Nov 2025 23:49:24 INFO  valid result: 
precision@10 : 0.0002    precision@20 : 0.0003    recall@10 : 0.002    recall@20 : 0.006    mrr@10 : 0.0006    mrr@20 : 0.0009    hit@10 : 0.002    hit@20 : 0.006    ndcg@10 : 0.0009    ndcg@20 : 0.0019
Tue 18 Nov 2025 23:49:24 INFO  Saving current: saved\BPR-Nov-18-2025_23-49-23.pth
Tue 18 Nov 2025 23:49:24 INFO  epoch 1 training [time: 0.07s, train loss: 2.7652]
Tue 18 Nov 2025 23:49:25 INFO  epoch 1 evaluating [time: 0.72s, valid_score: 0.000900]
Tue 18 Nov 2025 23:49:25 INFO  valid result: 
precision@10 : 0.0002    precision@20 : 0.0003    recall@10 : 0.002    recall@20 : 0.006    mrr@10 : 0.0006    mrr@20 : 0.0009    hit@10 : 0.002    hit@20 : 0.006    ndcg@10 : 0.0009    ndcg@20 : 0.002
Tue 18 Nov 2025 23:49:25 INFO  Saving current: saved\BPR-Nov-18-2025_23-49-23.pth
Tue 18 Nov 2025 23:49:25 INFO  epoch 2 training [time: 0.06s, train loss: 2.7591]
Tue 18 Nov 2025 23:49:26 INFO  epoch 2 evaluating [time: 0.74s, valid_score: 0.000800]
Tue 18 Nov 2025 23:49:26 INFO  valid result: 
precision@10 : 0.0002    precision@20 : 0.0002    recall@10 : 0.002    recall@20 : 0.004    mrr@10 : 0.0005    mrr@20 : 0.0007    hit@10 : 0.002    hit@20 : 0.004    ndcg@10 : 0.0008    ndcg@20 : 0.0014
Tue 18 Nov 2025 23:49:26 INFO  epoch 3 training [time: 0.06s, train loss: 2.7533]
Tue 18 Nov 2025 23:49:27 INFO  epoch 3 evaluating [time: 0.71s, valid_score: 0.000800]
Tue 18 Nov 2025 23:49:27 INFO  valid result: 
precision@10 : 0.0002    precision@20 : 0.0002    recall@10 : 0.002    recall@20 : 0.004    mrr@10 : 0.0005    mrr@20 : 0.0006    hit@10 : 0.002    hit@20 : 0.004    ndcg@10 : 0.0008    ndcg@20 : 0.0014
Tue 18 Nov 2025 23:49:27 INFO  epoch 4 training [time: 0.08s, train loss: 2.7469]
Tue 18 Nov 2025 23:49:28 INFO  epoch 4 evaluating [time: 0.61s, valid_score: 0.001000]
Tue 18 Nov 2025 23:49:28 INFO  valid result: 
precision@10 : 0.0002    precision@20 : 0.0002    recall@10 : 0.002    recall@20 : 0.004    mrr@10 : 0.0007    mrr@20 : 0.0008    hit@10 : 0.002    hit@20 : 0.004    ndcg@10 : 0.001    ndcg@20 : 0.0015
Tue 18 Nov 2025 23:49:28 INFO  Saving current: saved\BPR-Nov-18-2025_23-49-23.pth
Tue 18 Nov 2025 23:49:28 INFO  epoch 5 training [time: 0.06s, train loss: 2.7407]
Tue 18 Nov 2025 23:49:28 INFO  epoch 5 evaluating [time: 0.64s, valid_score: 0.001000]
Tue 18 Nov 2025 23:49:28 INFO  valid result: 
precision@10 : 0.0002    precision@20 : 0.0002    recall@10 : 0.002    recall@20 : 0.004    mrr@10 : 0.0007    mrr@20 : 0.0008    hit@10 : 0.002    hit@20 : 0.004    ndcg@10 : 0.001    ndcg@20 : 0.0015
Tue 18 Nov 2025 23:49:28 INFO  Saving current: saved\BPR-Nov-18-2025_23-49-23.pth
Tue 18 Nov 2025 23:49:29 INFO  epoch 6 training [time: 0.07s, train loss: 2.7336]
Tue 18 Nov 2025 23:49:29 INFO  epoch 6 evaluating [time: 0.77s, valid_score: 0.001900]
Tue 18 Nov 2025 23:49:29 INFO  valid result: 
precision@10 : 0.0003    precision@20 : 0.0002    recall@10 : 0.003    recall@20 : 0.004    mrr@10 : 0.0016    mrr@20 : 0.0017    hit@10 : 0.003    hit@20 : 0.004    ndcg@10 : 0.0019    ndcg@20 : 0.0022
Tue 18 Nov 2025 23:49:29 INFO  Saving current: saved\BPR-Nov-18-2025_23-49-23.pth
Tue 18 Nov 2025 23:49:29 INFO  epoch 7 training [time: 0.06s, train loss: 2.7267]
Tue 18 Nov 2025 23:49:30 INFO  epoch 7 evaluating [time: 0.72s, valid_score: 0.001800]
Tue 18 Nov 2025 23:49:30 INFO  valid result: 
precision@10 : 0.0003    precision@20 : 0.0002    recall@10 : 0.003    recall@20 : 0.004    mrr@10 : 0.0014    mrr@20 : 0.0015    hit@10 : 0.003    hit@20 : 0.004    ndcg@10 : 0.0018    ndcg@20 : 0.002
Tue 18 Nov 2025 23:49:30 INFO  epoch 8 training [time: 0.09s, train loss: 2.7192]
Tue 18 Nov 2025 23:49:31 INFO  epoch 8 evaluating [time: 0.75s, valid_score: 0.001900]
Tue 18 Nov 2025 23:49:31 INFO  valid result: 
precision@10 : 0.0003    precision@20 : 0.0002    recall@10 : 0.003    recall@20 : 0.004    mrr@10 : 0.0015    mrr@20 : 0.0016    hit@10 : 0.003    hit@20 : 0.004    ndcg@10 : 0.0019    ndcg@20 : 0.0021
Tue 18 Nov 2025 23:49:31 INFO  Saving current: saved\BPR-Nov-18-2025_23-49-23.pth
Tue 18 Nov 2025 23:49:31 INFO  epoch 9 training [time: 0.07s, train loss: 2.7110]
Tue 18 Nov 2025 23:49:32 INFO  epoch 9 evaluating [time: 0.73s, valid_score: 0.001900]
Tue 18 Nov 2025 23:49:32 INFO  valid result: 
precision@10 : 0.0003    precision@20 : 0.0003    recall@10 : 0.003    recall@20 : 0.005    mrr@10 : 0.0015    mrr@20 : 0.0017    hit@10 : 0.003    hit@20 : 0.005    ndcg@10 : 0.0019    ndcg@20 : 0.0024
Tue 18 Nov 2025 23:49:32 INFO  Saving current: saved\BPR-Nov-18-2025_23-49-23.pth
Tue 18 Nov 2025 23:49:32 INFO  epoch 10 training [time: 0.07s, train loss: 2.7019]
Tue 18 Nov 2025 23:49:33 INFO  epoch 10 evaluating [time: 0.64s, valid_score: 0.001800]
Tue 18 Nov 2025 23:49:33 INFO  valid result: 
precision@10 : 0.0003    precision@20 : 0.0004    recall@10 : 0.003    recall@20 : 0.007    mrr@10 : 0.0015    mrr@20 : 0.0017    hit@10 : 0.003    hit@20 : 0.007    ndcg@10 : 0.0018    ndcg@20 : 0.0028
Tue 18 Nov 2025 23:49:33 INFO  epoch 11 training [time: 0.10s, train loss: 2.6926]
Tue 18 Nov 2025 23:49:34 INFO  epoch 11 evaluating [time: 0.68s, valid_score: 0.002000]
Tue 18 Nov 2025 23:49:34 INFO  valid result: 
precision@10 : 0.0003    precision@20 : 0.0004    recall@10 : 0.003    recall@20 : 0.008    mrr@10 : 0.0017    mrr@20 : 0.002    hit@10 : 0.003    hit@20 : 0.008    ndcg@10 : 0.002    ndcg@20 : 0.0032
Tue 18 Nov 2025 23:49:34 INFO  Saving current: saved\BPR-Nov-18-2025_23-49-23.pth
Tue 18 Nov 2025 23:49:34 INFO  epoch 12 training [time: 0.07s, train loss: 2.6826]
Tue 18 Nov 2025 23:49:35 INFO  epoch 12 evaluating [time: 0.73s, valid_score: 0.002000]
Tue 18 Nov 2025 23:49:35 INFO  valid result: 
precision@10 : 0.0003    precision@20 : 0.0004    recall@10 : 0.003    recall@20 : 0.008    mrr@10 : 0.0017    mrr@20 : 0.002    hit@10 : 0.003    hit@20 : 0.008    ndcg@10 : 0.002    ndcg@20 : 0.0032
Tue 18 Nov 2025 23:49:35 INFO  Saving current: saved\BPR-Nov-18-2025_23-49-23.pth
Tue 18 Nov 2025 23:49:35 INFO  epoch 13 training [time: 0.07s, train loss: 2.6719]
Tue 18 Nov 2025 23:49:36 INFO  epoch 13 evaluating [time: 0.78s, valid_score: 0.002300]
Tue 18 Nov 2025 23:49:36 INFO  valid result: 
precision@10 : 0.0004    precision@20 : 0.0004    recall@10 : 0.004    recall@20 : 0.007    mrr@10 : 0.0018    mrr@20 : 0.002    hit@10 : 0.004    hit@20 : 0.007    ndcg@10 : 0.0023    ndcg@20 : 0.0031
Tue 18 Nov 2025 23:49:36 INFO  Saving current: saved\BPR-Nov-18-2025_23-49-23.pth
Tue 18 Nov 2025 23:49:36 INFO  epoch 14 training [time: 0.08s, train loss: 2.6599]
Tue 18 Nov 2025 23:49:37 INFO  epoch 14 evaluating [time: 0.79s, valid_score: 0.002700]
Tue 18 Nov 2025 23:49:37 INFO  valid result: 
precision@10 : 0.0004    precision@20 : 0.0004    recall@10 : 0.004    recall@20 : 0.007    mrr@10 : 0.0023    mrr@20 : 0.0025    hit@10 : 0.004    hit@20 : 0.007    ndcg@10 : 0.0027    ndcg@20 : 0.0035
Tue 18 Nov 2025 23:49:37 INFO  Saving current: saved\BPR-Nov-18-2025_23-49-23.pth
Tue 18 Nov 2025 23:49:37 INFO  epoch 15 training [time: 0.08s, train loss: 2.6467]
Tue 18 Nov 2025 23:49:38 INFO  epoch 15 evaluating [time: 0.79s, valid_score: 0.002300]
Tue 18 Nov 2025 23:49:38 INFO  valid result: 
precision@10 : 0.0004    precision@20 : 0.0004    recall@10 : 0.004    recall@20 : 0.008    mrr@10 : 0.0018    mrr@20 : 0.0021    hit@10 : 0.004    hit@20 : 0.008    ndcg@10 : 0.0023    ndcg@20 : 0.0034
Tue 18 Nov 2025 23:49:38 INFO  epoch 16 training [time: 0.09s, train loss: 2.6330]
Tue 18 Nov 2025 23:49:39 INFO  epoch 16 evaluating [time: 0.71s, valid_score: 0.002300]
Tue 18 Nov 2025 23:49:39 INFO  valid result: 
precision@10 : 0.0004    precision@20 : 0.0004    recall@10 : 0.004    recall@20 : 0.008    mrr@10 : 0.0018    mrr@20 : 0.0021    hit@10 : 0.004    hit@20 : 0.008    ndcg@10 : 0.0023    ndcg@20 : 0.0034
Tue 18 Nov 2025 23:49:39 INFO  epoch 17 training [time: 0.08s, train loss: 2.6186]
Tue 18 Nov 2025 23:49:40 INFO  epoch 17 evaluating [time: 0.78s, valid_score: 0.002600]
Tue 18 Nov 2025 23:49:40 INFO  valid result: 
precision@10 : 0.0005    precision@20 : 0.0005    recall@10 : 0.005    recall@20 : 0.01    mrr@10 : 0.0019    mrr@20 : 0.0022    hit@10 : 0.005    hit@20 : 0.01    ndcg@10 : 0.0026    ndcg@20 : 0.0038
Tue 18 Nov 2025 23:49:40 INFO  epoch 18 training [time: 0.07s, train loss: 2.6023]
Tue 18 Nov 2025 23:49:41 INFO  epoch 18 evaluating [time: 0.83s, valid_score: 0.002900]
Tue 18 Nov 2025 23:49:41 INFO  valid result: 
precision@10 : 0.0006    precision@20 : 0.0005    recall@10 : 0.006    recall@20 : 0.01    mrr@10 : 0.002    mrr@20 : 0.0023    hit@10 : 0.006    hit@20 : 0.01    ndcg@10 : 0.0029    ndcg@20 : 0.0039
Tue 18 Nov 2025 23:49:41 INFO  Saving current: saved\BPR-Nov-18-2025_23-49-23.pth
Tue 18 Nov 2025 23:49:41 INFO  epoch 19 training [time: 0.09s, train loss: 2.5850]
Tue 18 Nov 2025 23:49:42 INFO  epoch 19 evaluating [time: 0.84s, valid_score: 0.002600]
Tue 18 Nov 2025 23:49:42 INFO  valid result: 
precision@10 : 0.0005    precision@20 : 0.0005    recall@10 : 0.005    recall@20 : 0.01    mrr@10 : 0.0019    mrr@20 : 0.0023    hit@10 : 0.005    hit@20 : 0.01    ndcg@10 : 0.0026    ndcg@20 : 0.004
Tue 18 Nov 2025 23:49:42 INFO  epoch 20 training [time: 0.09s, train loss: 2.5672]
Tue 18 Nov 2025 23:49:43 INFO  epoch 20 evaluating [time: 0.74s, valid_score: 0.003200]
Tue 18 Nov 2025 23:49:43 INFO  valid result: 
precision@10 : 0.0006    precision@20 : 0.0006    recall@10 : 0.006    recall@20 : 0.011    mrr@10 : 0.0023    mrr@20 : 0.0027    hit@10 : 0.006    hit@20 : 0.011    ndcg@10 : 0.0032    ndcg@20 : 0.0044
Tue 18 Nov 2025 23:49:43 INFO  Saving current: saved\BPR-Nov-18-2025_23-49-23.pth
Tue 18 Nov 2025 23:49:43 INFO  epoch 21 training [time: 0.11s, train loss: 2.5477]
Tue 18 Nov 2025 23:49:44 INFO  epoch 21 evaluating [time: 0.74s, valid_score: 0.003900]
Tue 18 Nov 2025 23:49:44 INFO  valid result: 
precision@10 : 0.0008    precision@20 : 0.0006    recall@10 : 0.008    recall@20 : 0.011    mrr@10 : 0.0027    mrr@20 : 0.0029    hit@10 : 0.008    hit@20 : 0.011    ndcg@10 : 0.0039    ndcg@20 : 0.0046
Tue 18 Nov 2025 23:49:44 INFO  Saving current: saved\BPR-Nov-18-2025_23-49-23.pth
Tue 18 Nov 2025 23:49:44 INFO  epoch 22 training [time: 0.11s, train loss: 2.5277]
Tue 18 Nov 2025 23:49:45 INFO  epoch 22 evaluating [time: 0.74s, valid_score: 0.004100]
Tue 18 Nov 2025 23:49:45 INFO  valid result: 
precision@10 : 0.0007    precision@20 : 0.0005    recall@10 : 0.007    recall@20 : 0.01    mrr@10 : 0.0032    mrr@20 : 0.0034    hit@10 : 0.007    hit@20 : 0.01    ndcg@10 : 0.0041    ndcg@20 : 0.0049
Tue 18 Nov 2025 23:49:45 INFO  Saving current: saved\BPR-Nov-18-2025_23-49-23.pth
Tue 18 Nov 2025 23:49:45 INFO  epoch 23 training [time: 0.11s, train loss: 2.5057]
Tue 18 Nov 2025 23:49:45 INFO  epoch 23 evaluating [time: 0.69s, valid_score: 0.004400]
Tue 18 Nov 2025 23:49:46 INFO  valid result: 
precision@10 : 0.0008    precision@20 : 0.0006    recall@10 : 0.008    recall@20 : 0.011    mrr@10 : 0.0033    mrr@20 : 0.0034    hit@10 : 0.008    hit@20 : 0.011    ndcg@10 : 0.0044    ndcg@20 : 0.0051
Tue 18 Nov 2025 23:49:46 INFO  Saving current: saved\BPR-Nov-18-2025_23-49-23.pth
Tue 18 Nov 2025 23:49:46 INFO  epoch 24 training [time: 0.09s, train loss: 2.4840]
Tue 18 Nov 2025 23:49:46 INFO  epoch 24 evaluating [time: 0.72s, valid_score: 0.004600]
Tue 18 Nov 2025 23:49:46 INFO  valid result: 
precision@10 : 0.0008    precision@20 : 0.0006    recall@10 : 0.008    recall@20 : 0.011    mrr@10 : 0.0035    mrr@20 : 0.0037    hit@10 : 0.008    hit@20 : 0.011    ndcg@10 : 0.0046    ndcg@20 : 0.0053
Tue 18 Nov 2025 23:49:47 INFO  Saving current: saved\BPR-Nov-18-2025_23-49-23.pth
Tue 18 Nov 2025 23:49:47 INFO  epoch 25 training [time: 0.09s, train loss: 2.4593]
Tue 18 Nov 2025 23:49:47 INFO  epoch 25 evaluating [time: 0.76s, valid_score: 0.004500]
Tue 18 Nov 2025 23:49:47 INFO  valid result: 
precision@10 : 0.0008    precision@20 : 0.0006    recall@10 : 0.008    recall@20 : 0.011    mrr@10 : 0.0035    mrr@20 : 0.0037    hit@10 : 0.008    hit@20 : 0.011    ndcg@10 : 0.0045    ndcg@20 : 0.0053
Tue 18 Nov 2025 23:49:48 INFO  epoch 26 training [time: 0.11s, train loss: 2.4338]
Tue 18 Nov 2025 23:49:48 INFO  epoch 26 evaluating [time: 0.72s, valid_score: 0.004500]
Tue 18 Nov 2025 23:49:48 INFO  valid result: 
precision@10 : 0.0008    precision@20 : 0.0006    recall@10 : 0.008    recall@20 : 0.012    mrr@10 : 0.0035    mrr@20 : 0.0037    hit@10 : 0.008    hit@20 : 0.012    ndcg@10 : 0.0045    ndcg@20 : 0.0055
Tue 18 Nov 2025 23:49:49 INFO  epoch 27 training [time: 0.10s, train loss: 2.4064]
Tue 18 Nov 2025 23:49:49 INFO  epoch 27 evaluating [time: 0.71s, valid_score: 0.004400]
Tue 18 Nov 2025 23:49:49 INFO  valid result: 
precision@10 : 0.0007    precision@20 : 0.0006    recall@10 : 0.007    recall@20 : 0.012    mrr@10 : 0.0036    mrr@20 : 0.0039    hit@10 : 0.007    hit@20 : 0.012    ndcg@10 : 0.0044    ndcg@20 : 0.0056
Tue 18 Nov 2025 23:49:49 INFO  epoch 28 training [time: 0.12s, train loss: 2.3805]
Tue 18 Nov 2025 23:49:50 INFO  epoch 28 evaluating [time: 0.70s, valid_score: 0.004800]
Tue 18 Nov 2025 23:49:50 INFO  valid result: 
precision@10 : 0.0007    precision@20 : 0.0007    recall@10 : 0.007    recall@20 : 0.013    mrr@10 : 0.0041    mrr@20 : 0.0045    hit@10 : 0.007    hit@20 : 0.013    ndcg@10 : 0.0048    ndcg@20 : 0.0063
Tue 18 Nov 2025 23:49:50 INFO  Saving current: saved\BPR-Nov-18-2025_23-49-23.pth
Tue 18 Nov 2025 23:49:50 INFO  epoch 29 training [time: 0.08s, train loss: 2.3511]
Tue 18 Nov 2025 23:49:51 INFO  epoch 29 evaluating [time: 0.71s, valid_score: 0.004800]
Tue 18 Nov 2025 23:49:51 INFO  valid result: 
precision@10 : 0.0007    precision@20 : 0.0006    recall@10 : 0.007    recall@20 : 0.012    mrr@10 : 0.0041    mrr@20 : 0.0044    hit@10 : 0.007    hit@20 : 0.012    ndcg@10 : 0.0048    ndcg@20 : 0.0061
Tue 18 Nov 2025 23:49:51 INFO  Saving current: saved\BPR-Nov-18-2025_23-49-23.pth
Tue 18 Nov 2025 23:49:51 INFO  epoch 30 training [time: 0.07s, train loss: 2.3221]
Tue 18 Nov 2025 23:49:52 INFO  epoch 30 evaluating [time: 0.65s, valid_score: 0.005100]
Tue 18 Nov 2025 23:49:52 INFO  valid result: 
precision@10 : 0.0008    precision@20 : 0.0006    recall@10 : 0.008    recall@20 : 0.012    mrr@10 : 0.0042    mrr@20 : 0.0045    hit@10 : 0.008    hit@20 : 0.012    ndcg@10 : 0.0051    ndcg@20 : 0.0061
Tue 18 Nov 2025 23:49:52 INFO  Saving current: saved\BPR-Nov-18-2025_23-49-23.pth
Tue 18 Nov 2025 23:49:52 INFO  epoch 31 training [time: 0.14s, train loss: 2.2919]
Tue 18 Nov 2025 23:49:53 INFO  epoch 31 evaluating [time: 0.90s, valid_score: 0.005400]
Tue 18 Nov 2025 23:49:53 INFO  valid result: 
precision@10 : 0.0009    precision@20 : 0.0006    recall@10 : 0.009    recall@20 : 0.012    mrr@10 : 0.0043    mrr@20 : 0.0045    hit@10 : 0.009    hit@20 : 0.012    ndcg@10 : 0.0054    ndcg@20 : 0.0062
Tue 18 Nov 2025 23:49:53 INFO  Saving current: saved\BPR-Nov-18-2025_23-49-23.pth
Tue 18 Nov 2025 23:49:53 INFO  epoch 32 training [time: 0.09s, train loss: 2.2593]
Tue 18 Nov 2025 23:49:54 INFO  epoch 32 evaluating [time: 0.72s, valid_score: 0.005500]
Tue 18 Nov 2025 23:49:54 INFO  valid result: 
precision@10 : 0.0009    precision@20 : 0.0006    recall@10 : 0.009    recall@20 : 0.012    mrr@10 : 0.0044    mrr@20 : 0.0046    hit@10 : 0.009    hit@20 : 0.012    ndcg@10 : 0.0055    ndcg@20 : 0.0062
Tue 18 Nov 2025 23:49:54 INFO  Saving current: saved\BPR-Nov-18-2025_23-49-23.pth
Tue 18 Nov 2025 23:49:54 INFO  epoch 33 training [time: 0.09s, train loss: 2.2272]
Tue 18 Nov 2025 23:49:55 INFO  epoch 33 evaluating [time: 0.77s, valid_score: 0.005500]
Tue 18 Nov 2025 23:49:55 INFO  valid result: 
precision@10 : 0.0009    precision@20 : 0.0006    recall@10 : 0.009    recall@20 : 0.012    mrr@10 : 0.0044    mrr@20 : 0.0046    hit@10 : 0.009    hit@20 : 0.012    ndcg@10 : 0.0055    ndcg@20 : 0.0062
Tue 18 Nov 2025 23:49:55 INFO  Saving current: saved\BPR-Nov-18-2025_23-49-23.pth
Tue 18 Nov 2025 23:49:55 INFO  epoch 34 training [time: 0.08s, train loss: 2.1942]
Tue 18 Nov 2025 23:49:56 INFO  epoch 34 evaluating [time: 0.76s, valid_score: 0.005600]
Tue 18 Nov 2025 23:49:56 INFO  valid result: 
precision@10 : 0.0009    precision@20 : 0.0006    recall@10 : 0.009    recall@20 : 0.012    mrr@10 : 0.0045    mrr@20 : 0.0047    hit@10 : 0.009    hit@20 : 0.012    ndcg@10 : 0.0056    ndcg@20 : 0.0063
Tue 18 Nov 2025 23:49:56 INFO  Saving current: saved\BPR-Nov-18-2025_23-49-23.pth
Tue 18 Nov 2025 23:49:56 INFO  epoch 35 training [time: 0.10s, train loss: 2.1608]
Tue 18 Nov 2025 23:49:57 INFO  epoch 35 evaluating [time: 0.63s, valid_score: 0.005600]
Tue 18 Nov 2025 23:49:57 INFO  valid result: 
precision@10 : 0.0009    precision@20 : 0.0006    recall@10 : 0.009    recall@20 : 0.012    mrr@10 : 0.0045    mrr@20 : 0.0047    hit@10 : 0.009    hit@20 : 0.012    ndcg@10 : 0.0056    ndcg@20 : 0.0063
Tue 18 Nov 2025 23:49:57 INFO  Saving current: saved\BPR-Nov-18-2025_23-49-23.pth
Tue 18 Nov 2025 23:49:57 INFO  epoch 36 training [time: 0.09s, train loss: 2.1216]
Tue 18 Nov 2025 23:49:58 INFO  epoch 36 evaluating [time: 0.68s, valid_score: 0.005600]
Tue 18 Nov 2025 23:49:58 INFO  valid result: 
precision@10 : 0.0009    precision@20 : 0.0007    recall@10 : 0.009    recall@20 : 0.013    mrr@10 : 0.0045    mrr@20 : 0.0048    hit@10 : 0.009    hit@20 : 0.013    ndcg@10 : 0.0056    ndcg@20 : 0.0066
Tue 18 Nov 2025 23:49:58 INFO  Saving current: saved\BPR-Nov-18-2025_23-49-23.pth
Tue 18 Nov 2025 23:49:58 INFO  epoch 37 training [time: 0.09s, train loss: 2.0884]
Tue 18 Nov 2025 23:49:59 INFO  epoch 37 evaluating [time: 0.78s, valid_score: 0.005700]
Tue 18 Nov 2025 23:49:59 INFO  valid result: 
precision@10 : 0.0009    precision@20 : 0.0007    recall@10 : 0.009    recall@20 : 0.013    mrr@10 : 0.0047    mrr@20 : 0.005    hit@10 : 0.009    hit@20 : 0.013    ndcg@10 : 0.0057    ndcg@20 : 0.0067
Tue 18 Nov 2025 23:49:59 INFO  Saving current: saved\BPR-Nov-18-2025_23-49-23.pth
Tue 18 Nov 2025 23:49:59 INFO  epoch 38 training [time: 0.09s, train loss: 2.0513]
Tue 18 Nov 2025 23:50:00 INFO  epoch 38 evaluating [time: 0.74s, valid_score: 0.005700]
Tue 18 Nov 2025 23:50:00 INFO  valid result: 
precision@10 : 0.0009    precision@20 : 0.0007    recall@10 : 0.009    recall@20 : 0.013    mrr@10 : 0.0047    mrr@20 : 0.0049    hit@10 : 0.009    hit@20 : 0.013    ndcg@10 : 0.0057    ndcg@20 : 0.0067
Tue 18 Nov 2025 23:50:00 INFO  Saving current: saved\BPR-Nov-18-2025_23-49-23.pth
Tue 18 Nov 2025 23:50:00 INFO  epoch 39 training [time: 0.09s, train loss: 2.0149]
Tue 18 Nov 2025 23:50:01 INFO  epoch 39 evaluating [time: 0.92s, valid_score: 0.006000]
Tue 18 Nov 2025 23:50:01 INFO  valid result: 
precision@10 : 0.001    precision@20 : 0.0007    recall@10 : 0.01    recall@20 : 0.014    mrr@10 : 0.0048    mrr@20 : 0.005    hit@10 : 0.01    hit@20 : 0.014    ndcg@10 : 0.006    ndcg@20 : 0.007
Tue 18 Nov 2025 23:50:01 INFO  Saving current: saved\BPR-Nov-18-2025_23-49-23.pth
Tue 18 Nov 2025 23:50:01 INFO  epoch 40 training [time: 0.08s, train loss: 1.9795]
Tue 18 Nov 2025 23:50:02 INFO  epoch 40 evaluating [time: 0.78s, valid_score: 0.006000]
Tue 18 Nov 2025 23:50:02 INFO  valid result: 
precision@10 : 0.001    precision@20 : 0.0007    recall@10 : 0.01    recall@20 : 0.014    mrr@10 : 0.0048    mrr@20 : 0.005    hit@10 : 0.01    hit@20 : 0.014    ndcg@10 : 0.006    ndcg@20 : 0.007
Tue 18 Nov 2025 23:50:02 INFO  Saving current: saved\BPR-Nov-18-2025_23-49-23.pth
Tue 18 Nov 2025 23:50:02 INFO  epoch 41 training [time: 0.07s, train loss: 1.9412]
Tue 18 Nov 2025 23:50:03 INFO  epoch 41 evaluating [time: 0.81s, valid_score: 0.006000]
Tue 18 Nov 2025 23:50:03 INFO  valid result: 
precision@10 : 0.001    precision@20 : 0.0008    recall@10 : 0.01    recall@20 : 0.016    mrr@10 : 0.0048    mrr@20 : 0.0051    hit@10 : 0.01    hit@20 : 0.016    ndcg@10 : 0.006    ndcg@20 : 0.0074
Tue 18 Nov 2025 23:50:03 INFO  Saving current: saved\BPR-Nov-18-2025_23-49-23.pth
Tue 18 Nov 2025 23:50:03 INFO  epoch 42 training [time: 0.10s, train loss: 1.9050]
Tue 18 Nov 2025 23:50:04 INFO  epoch 42 evaluating [time: 0.65s, valid_score: 0.006000]
Tue 18 Nov 2025 23:50:04 INFO  valid result: 
precision@10 : 0.001    precision@20 : 0.0008    recall@10 : 0.01    recall@20 : 0.016    mrr@10 : 0.0048    mrr@20 : 0.0052    hit@10 : 0.01    hit@20 : 0.016    ndcg@10 : 0.006    ndcg@20 : 0.0075
Tue 18 Nov 2025 23:50:04 INFO  Saving current: saved\BPR-Nov-18-2025_23-49-23.pth
Tue 18 Nov 2025 23:50:04 INFO  epoch 43 training [time: 0.09s, train loss: 1.8622]
Tue 18 Nov 2025 23:50:05 INFO  epoch 43 evaluating [time: 0.63s, valid_score: 0.006000]
Tue 18 Nov 2025 23:50:05 INFO  valid result: 
precision@10 : 0.001    precision@20 : 0.0009    recall@10 : 0.01    recall@20 : 0.017    mrr@10 : 0.0048    mrr@20 : 0.0053    hit@10 : 0.01    hit@20 : 0.017    ndcg@10 : 0.006    ndcg@20 : 0.0078
Tue 18 Nov 2025 23:50:05 INFO  Saving current: saved\BPR-Nov-18-2025_23-49-23.pth
Tue 18 Nov 2025 23:50:05 INFO  epoch 44 training [time: 0.08s, train loss: 1.8285]
Tue 18 Nov 2025 23:50:06 INFO  epoch 44 evaluating [time: 0.64s, valid_score: 0.006000]
Tue 18 Nov 2025 23:50:06 INFO  valid result: 
precision@10 : 0.001    precision@20 : 0.0009    recall@10 : 0.01    recall@20 : 0.018    mrr@10 : 0.0048    mrr@20 : 0.0053    hit@10 : 0.01    hit@20 : 0.018    ndcg@10 : 0.006    ndcg@20 : 0.008
Tue 18 Nov 2025 23:50:06 INFO  Saving current: saved\BPR-Nov-18-2025_23-49-23.pth
Tue 18 Nov 2025 23:50:06 INFO  epoch 45 training [time: 0.08s, train loss: 1.7879]
Tue 18 Nov 2025 23:50:06 INFO  epoch 45 evaluating [time: 0.65s, valid_score: 0.006000]
Tue 18 Nov 2025 23:50:06 INFO  valid result: 
precision@10 : 0.001    precision@20 : 0.0009    recall@10 : 0.01    recall@20 : 0.018    mrr@10 : 0.0048    mrr@20 : 0.0053    hit@10 : 0.01    hit@20 : 0.018    ndcg@10 : 0.006    ndcg@20 : 0.008
Tue 18 Nov 2025 23:50:06 INFO  Saving current: saved\BPR-Nov-18-2025_23-49-23.pth
Tue 18 Nov 2025 23:50:07 INFO  epoch 46 training [time: 0.08s, train loss: 1.7499]
Tue 18 Nov 2025 23:50:07 INFO  epoch 46 evaluating [time: 0.63s, valid_score: 0.006000]
Tue 18 Nov 2025 23:50:07 INFO  valid result: 
precision@10 : 0.001    precision@20 : 0.0009    recall@10 : 0.01    recall@20 : 0.018    mrr@10 : 0.0048    mrr@20 : 0.0053    hit@10 : 0.01    hit@20 : 0.018    ndcg@10 : 0.006    ndcg@20 : 0.008
Tue 18 Nov 2025 23:50:07 INFO  Saving current: saved\BPR-Nov-18-2025_23-49-23.pth
Tue 18 Nov 2025 23:50:07 INFO  epoch 47 training [time: 0.07s, train loss: 1.7067]
Tue 18 Nov 2025 23:50:08 INFO  epoch 47 evaluating [time: 0.63s, valid_score: 0.006000]
Tue 18 Nov 2025 23:50:08 INFO  valid result: 
precision@10 : 0.001    precision@20 : 0.001    recall@10 : 0.01    recall@20 : 0.019    mrr@10 : 0.0048    mrr@20 : 0.0054    hit@10 : 0.01    hit@20 : 0.019    ndcg@10 : 0.006    ndcg@20 : 0.0082
Tue 18 Nov 2025 23:50:08 INFO  Saving current: saved\BPR-Nov-18-2025_23-49-23.pth
Tue 18 Nov 2025 23:50:08 INFO  epoch 48 training [time: 0.07s, train loss: 1.6711]
Tue 18 Nov 2025 23:50:09 INFO  epoch 48 evaluating [time: 0.64s, valid_score: 0.005700]
Tue 18 Nov 2025 23:50:09 INFO  valid result: 
precision@10 : 0.0009    precision@20 : 0.001    recall@10 : 0.009    recall@20 : 0.02    mrr@10 : 0.0047    mrr@20 : 0.0054    hit@10 : 0.009    hit@20 : 0.02    ndcg@10 : 0.0057    ndcg@20 : 0.0085
Tue 18 Nov 2025 23:50:09 INFO  epoch 49 training [time: 0.08s, train loss: 1.6308]
Tue 18 Nov 2025 23:50:10 INFO  epoch 49 evaluating [time: 0.63s, valid_score: 0.005700]
Tue 18 Nov 2025 23:50:10 INFO  valid result: 
precision@10 : 0.0009    precision@20 : 0.001    recall@10 : 0.009    recall@20 : 0.02    mrr@10 : 0.0047    mrr@20 : 0.0054    hit@10 : 0.009    hit@20 : 0.02    ndcg@10 : 0.0057    ndcg@20 : 0.0085
Tue 18 Nov 2025 23:50:10 INFO  Loading model structure and parameters from saved\BPR-Nov-18-2025_23-49-23.pth
Tue 18 Nov 2025 23:50:12 INFO  The running environment of this training is as follows:
+-------------+----------------+
| Environment |     Usage      |
+=============+================+
| CPU         |    13.60 %     |
+-------------+----------------+
| GPU         |   0.0 / 0.0    |
+-------------+----------------+
| Memory      | 0.96 G/13.86 G |
+-------------+----------------+
Tue 18 Nov 2025 23:50:12 INFO  best valid : OrderedDict([('precision@10', np.float64(0.001)), ('precision@20', np.float64(0.001)), ('recall@10', np.float64(0.01)), ('recall@20', np.float64(0.019)), ('mrr@10', np.float64(0.0048)), ('mrr@20', np.float64(0.0054)), ('hit@10', np.float64(0.01)), ('hit@20', np.float64(0.019)), ('ndcg@10', np.float64(0.006)), ('ndcg@20', np.float64(0.0082))])
Tue 18 Nov 2025 23:50:12 INFO  test result: OrderedDict([('precision@10', np.float64(0.0011)), ('precision@20', np.float64(0.001)), ('recall@10', np.float64(0.011)), ('recall@20', np.float64(0.02)), ('mrr@10', np.float64(0.0051)), ('mrr@20', np.float64(0.0058)), ('hit@10', np.float64(0.011)), ('hit@20', np.float64(0.02)), ('ndcg@10', np.float64(0.0065)), ('ndcg@20', np.float64(0.0088))])
