Sun 14 Dec 2025 00:02:51 INFO  ['c:\\Users\\marti\\miniconda3\\envs\\bp_cuda\\Lib\\site-packages\\ipykernel_launcher.py', '--f=c:\\Users\\marti\\AppData\\Roaming\\jupyter\\runtime\\kernel-v3c445ff7fe94ae4af53429f549af66ad1608410b0.json']
Sun 14 Dec 2025 00:02:51 INFO  
General Hyper Parameters:
gpu_id = 0
use_gpu = True
seed = 2020
state = INFO
reproducibility = True
data_path = ./data/split/douban\douban--expR
checkpoint_dir = saved
show_progress = False
save_dataset = False
dataset_save_path = None
save_dataloaders = False
dataloaders_save_path = None
log_wandb = False

Training Hyper Parameters:
epochs = 50
train_batch_size = 2048
learner = adam
learning_rate = 0.001
train_neg_sample_args = {'distribution': 'uniform', 'sample_num': 1, 'alpha': 1.0, 'dynamic': False, 'candidate_num': 0}
eval_step = 1
stopping_step = 5
clip_grad_norm = None
weight_decay = 0.0
loss_decimal_place = 4

Evaluation Hyper Parameters:
eval_args = {'split': {'RS': [0, 0, 0]}, 'order': 'RO', 'group_by': 'user', 'mode': {'valid': 'uni100', 'test': 'uni100'}}
repeatable = False
metrics = ['Precision', 'Recall', 'MRR', 'Hit', 'NDCG']
topk = [10, 20]
valid_metric = NDCG@10
valid_metric_bigger = True
eval_batch_size = 4096
metric_decimal_place = 4

Dataset Hyper Parameters:
field_separator = 	
seq_separator =  
USER_ID_FIELD = user_id
ITEM_ID_FIELD = item_id
RATING_FIELD = rating
TIME_FIELD = timestamp
seq_len = None
LABEL_FIELD = label
threshold = None
NEG_PREFIX = neg_
load_col = {'inter': ['user_id', 'item_id', 'rating']}
unload_col = None
unused_col = None
additional_feat_suffix = None
rm_dup_inter = None
val_interval = None
filter_inter_by_user_or_item = True
user_inter_num_interval = [0,inf)
item_inter_num_interval = [0,inf)
alias_of_user_id = None
alias_of_item_id = None
alias_of_entity_id = None
alias_of_relation_id = None
preload_weight = None
normalize_field = None
normalize_all = None
ITEM_LIST_LENGTH_FIELD = item_length
LIST_SUFFIX = _list
MAX_ITEM_LIST_LENGTH = 50
POSITION_FIELD = position_id
HEAD_ENTITY_ID_FIELD = head_id
TAIL_ENTITY_ID_FIELD = tail_id
RELATION_ID_FIELD = relation_id
ENTITY_ID_FIELD = entity_id
benchmark_filename = ['train', 'valid', 'test']

Other Hyper Parameters: 
worker = 0
wandb_project = recbole
shuffle = True
require_pow = False
enable_amp = False
enable_scaler = False
transform = None
embedding_size = 64
numerical_features = []
discretization = None
kg_reverse_r = False
entity_kg_num_interval = [0,inf)
relation_kg_num_interval = [0,inf)
MODEL_TYPE = ModelType.GENERAL
num_workers = 4
pin_memory = True
test_args = {'mode': 'full'}
MODEL_INPUT_TYPE = InputType.PAIRWISE
eval_type = EvaluatorType.RANKING
single_spec = True
local_rank = 0
device = cuda
valid_neg_sample_args = {'distribution': 'uniform', 'sample_num': 100}
test_neg_sample_args = {'distribution': 'uniform', 'sample_num': 100}


Sun 14 Dec 2025 00:02:56 INFO  douban--expR
The number of users: 108664
Average actions of users: 8.903232931172525
The number of items: 29
Average actions of items: 34551.857142857145
The number of inters: 967452
The sparsity of the dataset: 69.29947931872245%
Remain Fields: ['user_id', 'item_id', 'rating']
Sun 14 Dec 2025 00:02:58 INFO  [Training]: train_batch_size = [2048] train_neg_sample_args: [{'distribution': 'uniform', 'sample_num': 1, 'alpha': 1.0, 'dynamic': False, 'candidate_num': 0}]
Sun 14 Dec 2025 00:02:58 INFO  [Evaluation]: eval_batch_size = [4096] eval_args: [{'split': {'RS': [0, 0, 0]}, 'order': 'RO', 'group_by': 'user', 'mode': {'valid': 'uni100', 'test': 'uni100'}}]
Sun 14 Dec 2025 00:02:58 INFO  BPR(
  (user_embedding): Embedding(108664, 64)
  (item_embedding): Embedding(29, 64)
  (loss): BPRLoss()
)
Trainable parameters: 6956352
Sun 14 Dec 2025 00:02:58 INFO  FLOPs: 128.0
Sun 14 Dec 2025 00:03:01 INFO  epoch 0 training [time: 2.55s, train loss: 248.1524]
Sun 14 Dec 2025 00:03:58 INFO  epoch 0 evaluating [time: 57.90s, valid_score: 0.341200]
Sun 14 Dec 2025 00:03:58 INFO  valid result: 
precision@10 : 0.0656    precision@20 : 0.0472    recall@10 : 0.6565    recall@20 : 0.944    mrr@10 : 0.2459    mrr@20 : 0.2659    hit@10 : 0.6565    hit@20 : 0.944    ndcg@10 : 0.3412    ndcg@20 : 0.414
Sun 14 Dec 2025 00:03:59 INFO  Saving current: saved\BPR-Dec-14-2025_00-02-58.pth
Sun 14 Dec 2025 00:04:02 INFO  epoch 1 training [time: 2.92s, train loss: 188.8518]
Sun 14 Dec 2025 00:05:00 INFO  epoch 1 evaluating [time: 58.52s, valid_score: 0.370300]
Sun 14 Dec 2025 00:05:00 INFO  valid result: 
precision@10 : 0.0696    precision@20 : 0.0478    recall@10 : 0.6957    recall@20 : 0.9553    mrr@10 : 0.2715    mrr@20 : 0.2897    hit@10 : 0.6957    hit@20 : 0.9553    ndcg@10 : 0.3703    ndcg@20 : 0.4361
Sun 14 Dec 2025 00:05:00 INFO  Saving current: saved\BPR-Dec-14-2025_00-02-58.pth
Sun 14 Dec 2025 00:05:03 INFO  epoch 2 training [time: 2.58s, train loss: 117.0059]
Sun 14 Dec 2025 00:06:04 INFO  epoch 2 evaluating [time: 60.90s, valid_score: 0.376700]
Sun 14 Dec 2025 00:06:04 INFO  valid result: 
precision@10 : 0.0706    precision@20 : 0.0479    recall@10 : 0.7065    recall@20 : 0.9586    mrr@10 : 0.2766    mrr@20 : 0.2943    hit@10 : 0.7065    hit@20 : 0.9586    ndcg@10 : 0.3767    ndcg@20 : 0.4407
Sun 14 Dec 2025 00:06:04 INFO  Saving current: saved\BPR-Dec-14-2025_00-02-58.pth
Sun 14 Dec 2025 00:06:07 INFO  epoch 3 training [time: 2.62s, train loss: 68.0798]
Sun 14 Dec 2025 00:07:07 INFO  epoch 3 evaluating [time: 59.90s, valid_score: 0.372300]
Sun 14 Dec 2025 00:07:07 INFO  valid result: 
precision@10 : 0.0704    precision@20 : 0.048    recall@10 : 0.7035    recall@20 : 0.96    mrr@10 : 0.2718    mrr@20 : 0.2898    hit@10 : 0.7035    hit@20 : 0.96    ndcg@10 : 0.3723    ndcg@20 : 0.4374
Sun 14 Dec 2025 00:07:09 INFO  epoch 4 training [time: 2.33s, train loss: 39.4041]
Sun 14 Dec 2025 00:08:08 INFO  epoch 4 evaluating [time: 58.88s, valid_score: 0.367400]
Sun 14 Dec 2025 00:08:08 INFO  valid result: 
precision@10 : 0.07    precision@20 : 0.048    recall@10 : 0.7002    recall@20 : 0.9606    mrr@10 : 0.2666    mrr@20 : 0.285    hit@10 : 0.7002    hit@20 : 0.9606    ndcg@10 : 0.3674    ndcg@20 : 0.4336
Sun 14 Dec 2025 00:08:11 INFO  epoch 5 training [time: 2.58s, train loss: 23.3653]
Sun 14 Dec 2025 00:09:10 INFO  epoch 5 evaluating [time: 59.06s, valid_score: 0.363500]
Sun 14 Dec 2025 00:09:10 INFO  valid result: 
precision@10 : 0.0696    precision@20 : 0.048    recall@10 : 0.6964    recall@20 : 0.9604    mrr@10 : 0.2627    mrr@20 : 0.2813    hit@10 : 0.6964    hit@20 : 0.9604    ndcg@10 : 0.3635    ndcg@20 : 0.4306
Sun 14 Dec 2025 00:09:12 INFO  epoch 6 training [time: 2.32s, train loss: 14.3939]
Sun 14 Dec 2025 00:10:12 INFO  epoch 6 evaluating [time: 59.53s, valid_score: 0.360200]
Sun 14 Dec 2025 00:10:12 INFO  valid result: 
precision@10 : 0.0694    precision@20 : 0.048    recall@10 : 0.6941    recall@20 : 0.9602    mrr@10 : 0.2592    mrr@20 : 0.278    hit@10 : 0.6941    hit@20 : 0.9602    ndcg@10 : 0.3602    ndcg@20 : 0.4279
Sun 14 Dec 2025 00:10:14 INFO  epoch 7 training [time: 2.38s, train loss: 9.2366]
Sun 14 Dec 2025 00:11:13 INFO  epoch 7 evaluating [time: 59.11s, valid_score: 0.357400]
Sun 14 Dec 2025 00:11:13 INFO  valid result: 
precision@10 : 0.0693    precision@20 : 0.048    recall@10 : 0.6927    recall@20 : 0.9604    mrr@10 : 0.256    mrr@20 : 0.2749    hit@10 : 0.6927    hit@20 : 0.9604    ndcg@10 : 0.3574    ndcg@20 : 0.4254
Sun 14 Dec 2025 00:11:16 INFO  epoch 8 training [time: 2.60s, train loss: 6.1614]
Sun 14 Dec 2025 00:12:15 INFO  epoch 8 evaluating [time: 58.88s, valid_score: 0.355400]
Sun 14 Dec 2025 00:12:15 INFO  valid result: 
precision@10 : 0.0692    precision@20 : 0.048    recall@10 : 0.6916    recall@20 : 0.9603    mrr@10 : 0.2539    mrr@20 : 0.2729    hit@10 : 0.6916    hit@20 : 0.9603    ndcg@10 : 0.3554    ndcg@20 : 0.4238
Sun 14 Dec 2025 00:12:15 INFO  Finished training, best eval result in epoch 2
Sun 14 Dec 2025 00:12:15 INFO  Loading model structure and parameters from saved\BPR-Dec-14-2025_00-02-58.pth
Sun 14 Dec 2025 00:13:19 INFO  The running environment of this training is as follows:
+-------------+----------------+
| Environment |     Usage      |
+=============+================+
| CPU         |     4.80 %     |
+-------------+----------------+
| GPU         | 0.35 G/8.00 G  |
+-------------+----------------+
| Memory      | 1.40 G/15.26 G |
+-------------+----------------+
Sun 14 Dec 2025 00:13:19 INFO  best valid : OrderedDict([('precision@10', 0.0706), ('precision@20', 0.0479), ('recall@10', 0.7065), ('recall@20', 0.9586), ('mrr@10', 0.2766), ('mrr@20', 0.2943), ('hit@10', 0.7065), ('hit@20', 0.9586), ('ndcg@10', 0.3767), ('ndcg@20', 0.4407)])
Sun 14 Dec 2025 00:13:19 INFO  test result: OrderedDict([('precision@10', 0.0732), ('precision@20', 0.0485), ('recall@10', 0.7321), ('recall@20', 0.9704), ('mrr@10', 0.302), ('mrr@20', 0.3188), ('hit@10', 0.7321), ('hit@20', 0.9704), ('ndcg@10', 0.4024), ('ndcg@20', 0.463)])
