Sun 14 Dec 2025 00:13:19 INFO  ['c:\\Users\\marti\\miniconda3\\envs\\bp_cuda\\Lib\\site-packages\\ipykernel_launcher.py', '--f=c:\\Users\\marti\\AppData\\Roaming\\jupyter\\runtime\\kernel-v3c445ff7fe94ae4af53429f549af66ad1608410b0.json']
Sun 14 Dec 2025 00:13:19 INFO  
General Hyper Parameters:
gpu_id = 0
use_gpu = True
seed = 2020
state = INFO
reproducibility = True
data_path = ./data/split/jester\jester--impB
checkpoint_dir = saved
show_progress = False
save_dataset = False
dataset_save_path = None
save_dataloaders = False
dataloaders_save_path = None
log_wandb = False

Training Hyper Parameters:
epochs = 50
train_batch_size = 2048
learner = adam
learning_rate = 0.001
train_neg_sample_args = {'distribution': 'uniform', 'sample_num': 1, 'alpha': 1.0, 'dynamic': False, 'candidate_num': 0}
eval_step = 1
stopping_step = 5
clip_grad_norm = None
weight_decay = 0.0
loss_decimal_place = 4

Evaluation Hyper Parameters:
eval_args = {'split': {'RS': [0, 0, 0]}, 'order': 'RO', 'group_by': 'user', 'mode': {'valid': 'uni100', 'test': 'uni100'}}
repeatable = False
metrics = ['Precision', 'Recall', 'MRR', 'Hit', 'NDCG']
topk = [10, 20]
valid_metric = NDCG@10
valid_metric_bigger = True
eval_batch_size = 4096
metric_decimal_place = 4

Dataset Hyper Parameters:
field_separator = 	
seq_separator =  
USER_ID_FIELD = user_id
ITEM_ID_FIELD = item_id
RATING_FIELD = rating
TIME_FIELD = timestamp
seq_len = None
LABEL_FIELD = label
threshold = None
NEG_PREFIX = neg_
load_col = {'inter': ['user_id', 'item_id', 'rating']}
unload_col = None
unused_col = None
additional_feat_suffix = None
rm_dup_inter = None
val_interval = None
filter_inter_by_user_or_item = True
user_inter_num_interval = [0,inf)
item_inter_num_interval = [0,inf)
alias_of_user_id = None
alias_of_item_id = None
alias_of_entity_id = None
alias_of_relation_id = None
preload_weight = None
normalize_field = None
normalize_all = None
ITEM_LIST_LENGTH_FIELD = item_length
LIST_SUFFIX = _list
MAX_ITEM_LIST_LENGTH = 50
POSITION_FIELD = position_id
HEAD_ENTITY_ID_FIELD = head_id
TAIL_ENTITY_ID_FIELD = tail_id
RELATION_ID_FIELD = relation_id
ENTITY_ID_FIELD = entity_id
benchmark_filename = ['train', 'valid', 'test']

Other Hyper Parameters: 
worker = 0
wandb_project = recbole
shuffle = True
require_pow = False
enable_amp = False
enable_scaler = False
transform = None
embedding_size = 64
numerical_features = []
discretization = None
kg_reverse_r = False
entity_kg_num_interval = [0,inf)
relation_kg_num_interval = [0,inf)
MODEL_TYPE = ModelType.GENERAL
num_workers = 4
pin_memory = True
test_args = {'mode': 'full'}
MODEL_INPUT_TYPE = InputType.PAIRWISE
eval_type = EvaluatorType.RANKING
single_spec = True
local_rank = 0
device = cuda
valid_neg_sample_args = {'distribution': 'uniform', 'sample_num': 100}
test_neg_sample_args = {'distribution': 'uniform', 'sample_num': 100}


Sun 14 Dec 2025 00:13:22 INFO  jester--impB
The number of users: 50098
Average actions of users: 20.228696329121505
The number of items: 101
Average actions of items: 10133.97
The number of inters: 1013397
The sparsity of the dataset: 79.9719875776152%
Remain Fields: ['user_id', 'item_id']
Sun 14 Dec 2025 00:13:24 INFO  [Training]: train_batch_size = [2048] train_neg_sample_args: [{'distribution': 'uniform', 'sample_num': 1, 'alpha': 1.0, 'dynamic': False, 'candidate_num': 0}]
Sun 14 Dec 2025 00:13:24 INFO  [Evaluation]: eval_batch_size = [4096] eval_args: [{'split': {'RS': [0, 0, 0]}, 'order': 'RO', 'group_by': 'user', 'mode': {'valid': 'uni100', 'test': 'uni100'}}]
Sun 14 Dec 2025 00:13:24 INFO  BPR(
  (user_embedding): Embedding(50098, 64)
  (item_embedding): Embedding(101, 64)
  (loss): BPRLoss()
)
Trainable parameters: 3212736
Sun 14 Dec 2025 00:13:24 INFO  FLOPs: 128.0
Sun 14 Dec 2025 00:13:27 INFO  epoch 0 training [time: 3.00s, train loss: 284.8668]
Sun 14 Dec 2025 00:13:49 INFO  epoch 0 evaluating [time: 22.60s, valid_score: 0.294500]
Sun 14 Dec 2025 00:13:49 INFO  valid result: 
precision@10 : 0.0546    precision@20 : 0.0363    recall@10 : 0.5457    recall@20 : 0.7254    mrr@10 : 0.2178    mrr@20 : 0.2303    hit@10 : 0.5457    hit@20 : 0.7254    ndcg@10 : 0.2945    ndcg@20 : 0.3399
Sun 14 Dec 2025 00:13:50 INFO  Saving current: saved\BPR-Dec-14-2025_00-13-24.pth
Sun 14 Dec 2025 00:13:53 INFO  epoch 1 training [time: 3.04s, train loss: 201.6970]
Sun 14 Dec 2025 00:14:15 INFO  epoch 1 evaluating [time: 22.47s, valid_score: 0.318700]
Sun 14 Dec 2025 00:14:15 INFO  valid result: 
precision@10 : 0.0587    precision@20 : 0.0387    recall@10 : 0.5873    recall@20 : 0.7734    mrr@10 : 0.2367    mrr@20 : 0.2497    hit@10 : 0.5873    hit@20 : 0.7734    ndcg@10 : 0.3187    ndcg@20 : 0.3658
Sun 14 Dec 2025 00:14:15 INFO  Saving current: saved\BPR-Dec-14-2025_00-13-24.pth
Sun 14 Dec 2025 00:14:18 INFO  epoch 2 training [time: 2.85s, train loss: 168.9501]
Sun 14 Dec 2025 00:14:40 INFO  epoch 2 evaluating [time: 22.21s, valid_score: 0.325600]
Sun 14 Dec 2025 00:14:40 INFO  valid result: 
precision@10 : 0.06    precision@20 : 0.0393    recall@10 : 0.6003    recall@20 : 0.7865    mrr@10 : 0.2419    mrr@20 : 0.2549    hit@10 : 0.6003    hit@20 : 0.7865    ndcg@10 : 0.3256    ndcg@20 : 0.3728
Sun 14 Dec 2025 00:14:40 INFO  Saving current: saved\BPR-Dec-14-2025_00-13-24.pth
Sun 14 Dec 2025 00:14:43 INFO  epoch 3 training [time: 3.01s, train loss: 145.7718]
Sun 14 Dec 2025 00:15:06 INFO  epoch 3 evaluating [time: 22.80s, valid_score: 0.327500]
Sun 14 Dec 2025 00:15:06 INFO  valid result: 
precision@10 : 0.0603    precision@20 : 0.0396    recall@10 : 0.6025    recall@20 : 0.7927    mrr@10 : 0.2437    mrr@20 : 0.257    hit@10 : 0.6025    hit@20 : 0.7927    ndcg@10 : 0.3275    ndcg@20 : 0.3758
Sun 14 Dec 2025 00:15:06 INFO  Saving current: saved\BPR-Dec-14-2025_00-13-24.pth
Sun 14 Dec 2025 00:15:09 INFO  epoch 4 training [time: 3.04s, train loss: 124.9726]
Sun 14 Dec 2025 00:15:32 INFO  epoch 4 evaluating [time: 22.29s, valid_score: 0.326600]
Sun 14 Dec 2025 00:15:32 INFO  valid result: 
precision@10 : 0.0603    precision@20 : 0.0397    recall@10 : 0.6031    recall@20 : 0.794    mrr@10 : 0.2424    mrr@20 : 0.2558    hit@10 : 0.6031    hit@20 : 0.794    ndcg@10 : 0.3266    ndcg@20 : 0.3751
Sun 14 Dec 2025 00:15:35 INFO  epoch 5 training [time: 3.01s, train loss: 105.7503]
Sun 14 Dec 2025 00:15:57 INFO  epoch 5 evaluating [time: 22.56s, valid_score: 0.323700]
Sun 14 Dec 2025 00:15:57 INFO  valid result: 
precision@10 : 0.06    precision@20 : 0.0396    recall@10 : 0.5996    recall@20 : 0.7927    mrr@10 : 0.2397    mrr@20 : 0.2532    hit@10 : 0.5996    hit@20 : 0.7927    ndcg@10 : 0.3237    ndcg@20 : 0.3728
Sun 14 Dec 2025 00:16:00 INFO  epoch 6 training [time: 2.97s, train loss: 88.9642]
Sun 14 Dec 2025 00:16:23 INFO  epoch 6 evaluating [time: 22.15s, valid_score: 0.318700]
Sun 14 Dec 2025 00:16:23 INFO  valid result: 
precision@10 : 0.0594    precision@20 : 0.0395    recall@10 : 0.5936    recall@20 : 0.7901    mrr@10 : 0.235    mrr@20 : 0.2488    hit@10 : 0.5936    hit@20 : 0.7901    ndcg@10 : 0.3187    ndcg@20 : 0.3686
Sun 14 Dec 2025 00:16:26 INFO  epoch 7 training [time: 2.99s, train loss: 74.6358]
Sun 14 Dec 2025 00:16:47 INFO  epoch 7 evaluating [time: 21.63s, valid_score: 0.314400]
Sun 14 Dec 2025 00:16:47 INFO  valid result: 
precision@10 : 0.0588    precision@20 : 0.0393    recall@10 : 0.5882    recall@20 : 0.7855    mrr@10 : 0.2311    mrr@20 : 0.2449    hit@10 : 0.5882    hit@20 : 0.7855    ndcg@10 : 0.3144    ndcg@20 : 0.3644
Sun 14 Dec 2025 00:16:50 INFO  epoch 8 training [time: 2.92s, train loss: 63.0521]
Sun 14 Dec 2025 00:17:13 INFO  epoch 8 evaluating [time: 22.41s, valid_score: 0.309500]
Sun 14 Dec 2025 00:17:13 INFO  valid result: 
precision@10 : 0.0581    precision@20 : 0.0391    recall@10 : 0.5807    recall@20 : 0.7827    mrr@10 : 0.2271    mrr@20 : 0.2412    hit@10 : 0.5807    hit@20 : 0.7827    ndcg@10 : 0.3095    ndcg@20 : 0.3607
Sun 14 Dec 2025 00:17:16 INFO  epoch 9 training [time: 2.97s, train loss: 53.1732]
Sun 14 Dec 2025 00:17:38 INFO  epoch 9 evaluating [time: 22.42s, valid_score: 0.304900]
Sun 14 Dec 2025 00:17:38 INFO  valid result: 
precision@10 : 0.0574    precision@20 : 0.0389    recall@10 : 0.5738    recall@20 : 0.7777    mrr@10 : 0.2232    mrr@20 : 0.2374    hit@10 : 0.5738    hit@20 : 0.7777    ndcg@10 : 0.3049    ndcg@20 : 0.3565
Sun 14 Dec 2025 00:17:38 INFO  Finished training, best eval result in epoch 3
Sun 14 Dec 2025 00:17:38 INFO  Loading model structure and parameters from saved\BPR-Dec-14-2025_00-13-24.pth
Sun 14 Dec 2025 00:18:03 INFO  The running environment of this training is as follows:
+-------------+----------------+
| Environment |     Usage      |
+=============+================+
| CPU         |     6.10 %     |
+-------------+----------------+
| GPU         | 0.35 G/8.00 G  |
+-------------+----------------+
| Memory      | 1.29 G/15.26 G |
+-------------+----------------+
Sun 14 Dec 2025 00:18:03 INFO  best valid : OrderedDict([('precision@10', 0.0603), ('precision@20', 0.0396), ('recall@10', 0.6025), ('recall@20', 0.7927), ('mrr@10', 0.2437), ('mrr@20', 0.257), ('hit@10', 0.6025), ('hit@20', 0.7927), ('ndcg@10', 0.3275), ('ndcg@20', 0.3758)])
Sun 14 Dec 2025 00:18:03 INFO  test result: OrderedDict([('precision@10', 0.062), ('precision@20', 0.0401), ('recall@10', 0.6204), ('recall@20', 0.8023), ('mrr@10', 0.2576), ('mrr@20', 0.2704), ('hit@10', 0.6204), ('hit@20', 0.8023), ('ndcg@10', 0.3425), ('ndcg@20', 0.3886)])
