Sun 14 Dec 2025 00:23:00 INFO  ['c:\\Users\\marti\\miniconda3\\envs\\bp_cuda\\Lib\\site-packages\\ipykernel_launcher.py', '--f=c:\\Users\\marti\\AppData\\Roaming\\jupyter\\runtime\\kernel-v3c445ff7fe94ae4af53429f549af66ad1608410b0.json']
Sun 14 Dec 2025 00:23:00 INFO  
General Hyper Parameters:
gpu_id = 0
use_gpu = True
seed = 2020
state = INFO
reproducibility = True
data_path = ./data/split/jester\jester--expR
checkpoint_dir = saved
show_progress = False
save_dataset = False
dataset_save_path = None
save_dataloaders = False
dataloaders_save_path = None
log_wandb = False

Training Hyper Parameters:
epochs = 50
train_batch_size = 2048
learner = adam
learning_rate = 0.001
train_neg_sample_args = {'distribution': 'uniform', 'sample_num': 1, 'alpha': 1.0, 'dynamic': False, 'candidate_num': 0}
eval_step = 1
stopping_step = 5
clip_grad_norm = None
weight_decay = 0.0
loss_decimal_place = 4

Evaluation Hyper Parameters:
eval_args = {'split': {'RS': [0, 0, 0]}, 'order': 'RO', 'group_by': 'user', 'mode': {'valid': 'uni100', 'test': 'uni100'}}
repeatable = False
metrics = ['Precision', 'Recall', 'MRR', 'Hit', 'NDCG']
topk = [10, 20]
valid_metric = NDCG@10
valid_metric_bigger = True
eval_batch_size = 4096
metric_decimal_place = 4

Dataset Hyper Parameters:
field_separator = 	
seq_separator =  
USER_ID_FIELD = user_id
ITEM_ID_FIELD = item_id
RATING_FIELD = rating
TIME_FIELD = timestamp
seq_len = None
LABEL_FIELD = label
threshold = None
NEG_PREFIX = neg_
load_col = {'inter': ['user_id', 'item_id', 'rating']}
unload_col = None
unused_col = None
additional_feat_suffix = None
rm_dup_inter = None
val_interval = None
filter_inter_by_user_or_item = True
user_inter_num_interval = [0,inf)
item_inter_num_interval = [0,inf)
alias_of_user_id = None
alias_of_item_id = None
alias_of_entity_id = None
alias_of_relation_id = None
preload_weight = None
normalize_field = None
normalize_all = None
ITEM_LIST_LENGTH_FIELD = item_length
LIST_SUFFIX = _list
MAX_ITEM_LIST_LENGTH = 50
POSITION_FIELD = position_id
HEAD_ENTITY_ID_FIELD = head_id
TAIL_ENTITY_ID_FIELD = tail_id
RELATION_ID_FIELD = relation_id
ENTITY_ID_FIELD = entity_id
benchmark_filename = ['train', 'valid', 'test']

Other Hyper Parameters: 
worker = 0
wandb_project = recbole
shuffle = True
require_pow = False
enable_amp = False
enable_scaler = False
transform = None
embedding_size = 64
numerical_features = []
discretization = None
kg_reverse_r = False
entity_kg_num_interval = [0,inf)
relation_kg_num_interval = [0,inf)
MODEL_TYPE = ModelType.GENERAL
num_workers = 4
pin_memory = True
test_args = {'mode': 'full'}
MODEL_INPUT_TYPE = InputType.PAIRWISE
eval_type = EvaluatorType.RANKING
single_spec = True
local_rank = 0
device = cuda
valid_neg_sample_args = {'distribution': 'uniform', 'sample_num': 100}
test_neg_sample_args = {'distribution': 'uniform', 'sample_num': 100}


Sun 14 Dec 2025 00:23:11 INFO  jester--expR
The number of users: 73422
Average actions of users: 56.14529902888819
The number of items: 101
Average actions of items: 41222.44
The number of inters: 4122244
The sparsity of the dataset: 44.41135214281419%
Remain Fields: ['user_id', 'item_id', 'rating']
Sun 14 Dec 2025 00:23:13 INFO  [Training]: train_batch_size = [2048] train_neg_sample_args: [{'distribution': 'uniform', 'sample_num': 1, 'alpha': 1.0, 'dynamic': False, 'candidate_num': 0}]
Sun 14 Dec 2025 00:23:13 INFO  [Evaluation]: eval_batch_size = [4096] eval_args: [{'split': {'RS': [0, 0, 0]}, 'order': 'RO', 'group_by': 'user', 'mode': {'valid': 'uni100', 'test': 'uni100'}}]
Sun 14 Dec 2025 00:23:13 INFO  BPR(
  (user_embedding): Embedding(73422, 64)
  (item_embedding): Embedding(101, 64)
  (loss): BPRLoss()
)
Trainable parameters: 4705472
Sun 14 Dec 2025 00:23:13 INFO  FLOPs: 128.0
Sun 14 Dec 2025 00:23:52 INFO  epoch 0 training [time: 38.78s, train loss: 552.1056]
Sun 14 Dec 2025 00:27:17 INFO  epoch 0 evaluating [time: 204.84s, valid_score: 0.716900]
Sun 14 Dec 2025 00:27:17 INFO  valid result: 
precision@10 : 0.092    precision@20 : 0.047    recall@10 : 0.92    recall@20 : 0.9409    mrr@10 : 0.6483    mrr@20 : 0.6498    hit@10 : 0.92    hit@20 : 0.9409    ndcg@10 : 0.7169    ndcg@20 : 0.7222
Sun 14 Dec 2025 00:27:17 INFO  Saving current: saved\BPR-Dec-14-2025_00-23-13.pth
Sun 14 Dec 2025 00:27:56 INFO  epoch 1 training [time: 38.74s, train loss: 146.4955]
Sun 14 Dec 2025 00:31:22 INFO  epoch 1 evaluating [time: 205.51s, valid_score: 0.705900]
Sun 14 Dec 2025 00:31:22 INFO  valid result: 
precision@10 : 0.0915    precision@20 : 0.0472    recall@10 : 0.9154    recall@20 : 0.9434    mrr@10 : 0.6356    mrr@20 : 0.6375    hit@10 : 0.9154    hit@20 : 0.9434    ndcg@10 : 0.7059    ndcg@20 : 0.713
Sun 14 Dec 2025 00:32:00 INFO  epoch 2 training [time: 38.69s, train loss: 81.9617]
Sun 14 Dec 2025 00:35:25 INFO  epoch 2 evaluating [time: 205.08s, valid_score: 0.686300]
Sun 14 Dec 2025 00:35:25 INFO  valid result: 
precision@10 : 0.0907    precision@20 : 0.0471    recall@10 : 0.9073    recall@20 : 0.9428    mrr@10 : 0.6127    mrr@20 : 0.6152    hit@10 : 0.9073    hit@20 : 0.9428    ndcg@10 : 0.6863    ndcg@20 : 0.6953
Sun 14 Dec 2025 00:36:05 INFO  epoch 3 training [time: 39.10s, train loss: 51.3379]
Sun 14 Dec 2025 00:39:29 INFO  epoch 3 evaluating [time: 204.07s, valid_score: 0.663600]
Sun 14 Dec 2025 00:39:29 INFO  valid result: 
precision@10 : 0.0898    precision@20 : 0.0471    recall@10 : 0.8981    recall@20 : 0.9412    mrr@10 : 0.5863    mrr@20 : 0.5893    hit@10 : 0.8981    hit@20 : 0.9412    ndcg@10 : 0.6636    ndcg@20 : 0.6745
Sun 14 Dec 2025 00:40:07 INFO  epoch 4 training [time: 38.44s, train loss: 33.9240]
Sun 14 Dec 2025 00:43:34 INFO  epoch 4 evaluating [time: 206.29s, valid_score: 0.643900]
Sun 14 Dec 2025 00:43:34 INFO  valid result: 
precision@10 : 0.089    precision@20 : 0.0469    recall@10 : 0.8895    recall@20 : 0.9382    mrr@10 : 0.5635    mrr@20 : 0.5669    hit@10 : 0.8895    hit@20 : 0.9382    ndcg@10 : 0.6439    ndcg@20 : 0.6563
Sun 14 Dec 2025 00:44:13 INFO  epoch 5 training [time: 38.97s, train loss: 23.2710]
Sun 14 Dec 2025 00:47:37 INFO  epoch 5 evaluating [time: 204.59s, valid_score: 0.627500]
Sun 14 Dec 2025 00:47:37 INFO  valid result: 
precision@10 : 0.0882    precision@20 : 0.0469    recall@10 : 0.8821    recall@20 : 0.9379    mrr@10 : 0.5447    mrr@20 : 0.5486    hit@10 : 0.8821    hit@20 : 0.9379    ndcg@10 : 0.6275    ndcg@20 : 0.6417
Sun 14 Dec 2025 00:48:16 INFO  epoch 6 training [time: 38.62s, train loss: 16.4386]
Sun 14 Dec 2025 00:51:41 INFO  epoch 6 evaluating [time: 205.05s, valid_score: 0.616400]
Sun 14 Dec 2025 00:51:41 INFO  valid result: 
precision@10 : 0.0878    precision@20 : 0.0469    recall@10 : 0.8778    recall@20 : 0.9374    mrr@10 : 0.5317    mrr@20 : 0.5359    hit@10 : 0.8778    hit@20 : 0.9374    ndcg@10 : 0.6164    ndcg@20 : 0.6316
Sun 14 Dec 2025 00:51:41 INFO  Finished training, best eval result in epoch 0
Sun 14 Dec 2025 00:51:41 INFO  Loading model structure and parameters from saved\BPR-Dec-14-2025_00-23-13.pth
Sun 14 Dec 2025 00:57:44 INFO  The running environment of this training is as follows:
+-------------+----------------+
| Environment |     Usage      |
+=============+================+
| CPU         |     4.00 %     |
+-------------+----------------+
| GPU         | 0.35 G/8.00 G  |
+-------------+----------------+
| Memory      | 1.84 G/15.26 G |
+-------------+----------------+
Sun 14 Dec 2025 00:57:44 INFO  best valid : OrderedDict([('precision@10', 0.092), ('precision@20', 0.047), ('recall@10', 0.92), ('recall@20', 0.9409), ('mrr@10', 0.6483), ('mrr@20', 0.6498), ('hit@10', 0.92), ('hit@20', 0.9409), ('ndcg@10', 0.7169), ('ndcg@20', 0.7222)])
Sun 14 Dec 2025 00:57:44 INFO  test result: OrderedDict([('precision@10', 0.0922), ('precision@20', 0.0471), ('recall@10', 0.9221), ('recall@20', 0.9423), ('mrr@10', 0.7863), ('mrr@20', 0.7877), ('hit@10', 0.9221), ('hit@20', 0.9423), ('ndcg@10', 0.8203), ('ndcg@20', 0.8254)])
