Tue 18 Nov 2025 23:08:41 INFO  ['c:\\Users\\martin\\miniconda3\\envs\\bp\\Lib\\site-packages\\ipykernel_launcher.py', '--f=c:\\Users\\martin\\AppData\\Roaming\\jupyter\\runtime\\kernel-v3622422e5bdfed9801eb125eda29c27abe47778e1.json']
Tue 18 Nov 2025 23:08:41 INFO  
General Hyper Parameters:
gpu_id = 0
use_gpu = True
seed = 2020
state = INFO
reproducibility = True
data_path = ./data/split/ml-100k\ml-100k--impR
checkpoint_dir = saved
show_progress = True
save_dataset = False
dataset_save_path = None
save_dataloaders = False
dataloaders_save_path = None
log_wandb = False

Training Hyper Parameters:
epochs = 50
train_batch_size = 2048
learner = adam
learning_rate = 0.001
train_neg_sample_args = {'distribution': 'uniform', 'sample_num': 1, 'alpha': 1.0, 'dynamic': False, 'candidate_num': 0}
eval_step = 1
stopping_step = 5
clip_grad_norm = None
weight_decay = 0.0
loss_decimal_place = 4

Evaluation Hyper Parameters:
eval_args = {'split': {'RS': [0, 0, 0]}, 'order': 'RO', 'group_by': 'user', 'mode': {'valid': 'full', 'test': 'full'}}
repeatable = False
metrics = ['Precision', 'Recall', 'MRR', 'Hit', 'NDCG']
topk = [10, 20]
valid_metric = NDCG@10
valid_metric_bigger = True
eval_batch_size = 4096
metric_decimal_place = 4

Dataset Hyper Parameters:
field_separator = 	
seq_separator =  
USER_ID_FIELD = user_id
ITEM_ID_FIELD = item_id
RATING_FIELD = rating
TIME_FIELD = timestamp
seq_len = None
LABEL_FIELD = label
threshold = None
NEG_PREFIX = neg_
load_col = {'inter': ['user_id', 'item_id']}
unload_col = None
unused_col = None
additional_feat_suffix = None
rm_dup_inter = None
val_interval = None
filter_inter_by_user_or_item = True
user_inter_num_interval = [0,inf)
item_inter_num_interval = [0,inf)
alias_of_user_id = None
alias_of_item_id = None
alias_of_entity_id = None
alias_of_relation_id = None
preload_weight = None
normalize_field = None
normalize_all = None
ITEM_LIST_LENGTH_FIELD = item_length
LIST_SUFFIX = _list
MAX_ITEM_LIST_LENGTH = 50
POSITION_FIELD = position_id
HEAD_ENTITY_ID_FIELD = head_id
TAIL_ENTITY_ID_FIELD = tail_id
RELATION_ID_FIELD = relation_id
ENTITY_ID_FIELD = entity_id
benchmark_filename = ['train', 'valid', 'test']

Other Hyper Parameters: 
worker = 0
wandb_project = recbole
shuffle = True
require_pow = False
enable_amp = False
enable_scaler = False
transform = None
embedding_size = 64
numerical_features = []
discretization = None
kg_reverse_r = False
entity_kg_num_interval = [0,inf)
relation_kg_num_interval = [0,inf)
MODEL_TYPE = ModelType.GENERAL
test_args = {'mode': 'full'}
MODEL_INPUT_TYPE = InputType.PAIRWISE
eval_type = EvaluatorType.RANKING
single_spec = True
local_rank = 0
device = cpu
valid_neg_sample_args = {'distribution': 'uniform', 'sample_num': 'none'}
test_neg_sample_args = {'distribution': 'uniform', 'sample_num': 'none'}


Tue 18 Nov 2025 23:08:41 INFO  ml-100k--impR
The number of users: 939
Average actions of users: 59.02025586353945
The number of items: 1448
Average actions of items: 38.25915687629578
The number of inters: 55361
The sparsity of the dataset: 95.92835625062514%
Remain Fields: ['user_id', 'item_id']
Tue 18 Nov 2025 23:08:41 INFO  [Training]: train_batch_size = [2048] train_neg_sample_args: [{'distribution': 'uniform', 'sample_num': 1, 'alpha': 1.0, 'dynamic': False, 'candidate_num': 0}]
Tue 18 Nov 2025 23:08:41 INFO  [Evaluation]: eval_batch_size = [4096] eval_args: [{'split': {'RS': [0, 0, 0]}, 'order': 'RO', 'group_by': 'user', 'mode': {'valid': 'full', 'test': 'full'}}]
Tue 18 Nov 2025 23:08:41 INFO  BPR(
  (user_embedding): Embedding(939, 64)
  (item_embedding): Embedding(1448, 64)
  (loss): BPRLoss()
)
Trainable parameters: 152768
Tue 18 Nov 2025 23:08:41 INFO  FLOPs: 128.0
Tue 18 Nov 2025 23:08:42 INFO  epoch 0 training [time: 0.23s, train loss: 18.7151]
Tue 18 Nov 2025 23:08:42 INFO  epoch 0 evaluating [time: 0.37s, valid_score: 0.002100]
Tue 18 Nov 2025 23:08:42 INFO  valid result: 
precision@10 : 0.0005    precision@20 : 0.0006    recall@10 : 0.0053    recall@20 : 0.0117    mrr@10 : 0.0011    mrr@20 : 0.0016    hit@10 : 0.0053    hit@20 : 0.0117    ndcg@10 : 0.0021    ndcg@20 : 0.0037
Tue 18 Nov 2025 23:08:42 INFO  Saving current: saved\BPR-Nov-18-2025_23-08-41.pth
Tue 18 Nov 2025 23:08:42 INFO  epoch 1 training [time: 0.20s, train loss: 18.6681]
Tue 18 Nov 2025 23:08:43 INFO  epoch 1 evaluating [time: 0.38s, valid_score: 0.003100]
Tue 18 Nov 2025 23:08:43 INFO  valid result: 
precision@10 : 0.0007    precision@20 : 0.0008    recall@10 : 0.0075    recall@20 : 0.016    mrr@10 : 0.0018    mrr@20 : 0.0024    hit@10 : 0.0075    hit@20 : 0.016    ndcg@10 : 0.0031    ndcg@20 : 0.0052
Tue 18 Nov 2025 23:08:43 INFO  Saving current: saved\BPR-Nov-18-2025_23-08-41.pth
Tue 18 Nov 2025 23:08:43 INFO  epoch 2 training [time: 0.25s, train loss: 18.5984]
Tue 18 Nov 2025 23:08:43 INFO  epoch 2 evaluating [time: 0.33s, valid_score: 0.009700]
Tue 18 Nov 2025 23:08:43 INFO  valid result: 
precision@10 : 0.0022    precision@20 : 0.0017    recall@10 : 0.0224    recall@20 : 0.033    mrr@10 : 0.0061    mrr@20 : 0.0067    hit@10 : 0.0224    hit@20 : 0.033    ndcg@10 : 0.0097    ndcg@20 : 0.0124
Tue 18 Nov 2025 23:08:43 INFO  Saving current: saved\BPR-Nov-18-2025_23-08-41.pth
Tue 18 Nov 2025 23:08:44 INFO  epoch 3 training [time: 0.23s, train loss: 18.4305]
Tue 18 Nov 2025 23:08:44 INFO  epoch 3 evaluating [time: 0.33s, valid_score: 0.024700]
Tue 18 Nov 2025 23:08:44 INFO  valid result: 
precision@10 : 0.0052    precision@20 : 0.0047    recall@10 : 0.0522    recall@20 : 0.0949    mrr@10 : 0.0165    mrr@20 : 0.0194    hit@10 : 0.0522    hit@20 : 0.0949    ndcg@10 : 0.0247    ndcg@20 : 0.0354
Tue 18 Nov 2025 23:08:44 INFO  Saving current: saved\BPR-Nov-18-2025_23-08-41.pth
Tue 18 Nov 2025 23:08:44 INFO  epoch 4 training [time: 0.24s, train loss: 17.9775]
Tue 18 Nov 2025 23:08:44 INFO  epoch 4 evaluating [time: 0.33s, valid_score: 0.051400]
Tue 18 Nov 2025 23:08:45 INFO  valid result: 
precision@10 : 0.0108    precision@20 : 0.008    recall@10 : 0.1077    recall@20 : 0.161    mrr@10 : 0.0347    mrr@20 : 0.0381    hit@10 : 0.1077    hit@20 : 0.161    ndcg@10 : 0.0514    ndcg@20 : 0.0645
Tue 18 Nov 2025 23:08:45 INFO  Saving current: saved\BPR-Nov-18-2025_23-08-41.pth
Tue 18 Nov 2025 23:08:45 INFO  epoch 5 training [time: 0.23s, train loss: 16.9632]
Tue 18 Nov 2025 23:08:45 INFO  epoch 5 evaluating [time: 0.34s, valid_score: 0.066100]
Tue 18 Nov 2025 23:08:45 INFO  valid result: 
precision@10 : 0.0124    precision@20 : 0.0094    recall@10 : 0.1237    recall@20 : 0.1887    mrr@10 : 0.0488    mrr@20 : 0.0535    hit@10 : 0.1237    hit@20 : 0.1887    ndcg@10 : 0.0661    ndcg@20 : 0.0827
Tue 18 Nov 2025 23:08:45 INFO  Saving current: saved\BPR-Nov-18-2025_23-08-41.pth
Tue 18 Nov 2025 23:08:45 INFO  epoch 6 training [time: 0.23s, train loss: 15.2316]
Tue 18 Nov 2025 23:08:46 INFO  epoch 6 evaluating [time: 0.33s, valid_score: 0.075500]
Tue 18 Nov 2025 23:08:46 INFO  valid result: 
precision@10 : 0.0134    precision@20 : 0.0098    recall@10 : 0.1343    recall@20 : 0.1962    mrr@10 : 0.0577    mrr@20 : 0.062    hit@10 : 0.1343    hit@20 : 0.1962    ndcg@10 : 0.0755    ndcg@20 : 0.0911
Tue 18 Nov 2025 23:08:46 INFO  Saving current: saved\BPR-Nov-18-2025_23-08-41.pth
Tue 18 Nov 2025 23:08:46 INFO  epoch 7 training [time: 0.23s, train loss: 13.1592]
Tue 18 Nov 2025 23:08:46 INFO  epoch 7 evaluating [time: 0.33s, valid_score: 0.076500]
Tue 18 Nov 2025 23:08:46 INFO  valid result: 
precision@10 : 0.0134    precision@20 : 0.01    recall@10 : 0.1343    recall@20 : 0.1994    mrr@10 : 0.059    mrr@20 : 0.0636    hit@10 : 0.1343    hit@20 : 0.1994    ndcg@10 : 0.0765    ndcg@20 : 0.0931
Tue 18 Nov 2025 23:08:46 INFO  Saving current: saved\BPR-Nov-18-2025_23-08-41.pth
Tue 18 Nov 2025 23:08:47 INFO  epoch 8 training [time: 0.22s, train loss: 11.3836]
Tue 18 Nov 2025 23:08:47 INFO  epoch 8 evaluating [time: 0.35s, valid_score: 0.080600]
Tue 18 Nov 2025 23:08:47 INFO  valid result: 
precision@10 : 0.0143    precision@20 : 0.0102    recall@10 : 0.1429    recall@20 : 0.2036    mrr@10 : 0.0618    mrr@20 : 0.066    hit@10 : 0.1429    hit@20 : 0.2036    ndcg@10 : 0.0806    ndcg@20 : 0.096
Tue 18 Nov 2025 23:08:47 INFO  Saving current: saved\BPR-Nov-18-2025_23-08-41.pth
Tue 18 Nov 2025 23:08:47 INFO  epoch 9 training [time: 0.22s, train loss: 10.1833]
Tue 18 Nov 2025 23:08:47 INFO  epoch 9 evaluating [time: 0.32s, valid_score: 0.084000]
Tue 18 Nov 2025 23:08:48 INFO  valid result: 
precision@10 : 0.0149    precision@20 : 0.0107    recall@10 : 0.1493    recall@20 : 0.2132    mrr@10 : 0.0644    mrr@20 : 0.0686    hit@10 : 0.1493    hit@20 : 0.2132    ndcg@10 : 0.084    ndcg@20 : 0.1
Tue 18 Nov 2025 23:08:48 INFO  Saving current: saved\BPR-Nov-18-2025_23-08-41.pth
Tue 18 Nov 2025 23:08:48 INFO  epoch 10 training [time: 0.21s, train loss: 9.4145]
Tue 18 Nov 2025 23:08:48 INFO  epoch 10 evaluating [time: 0.33s, valid_score: 0.084200]
Tue 18 Nov 2025 23:08:48 INFO  valid result: 
precision@10 : 0.0154    precision@20 : 0.0108    recall@10 : 0.1535    recall@20 : 0.2154    mrr@10 : 0.0633    mrr@20 : 0.0676    hit@10 : 0.1535    hit@20 : 0.2154    ndcg@10 : 0.0842    ndcg@20 : 0.0998
Tue 18 Nov 2025 23:08:48 INFO  Saving current: saved\BPR-Nov-18-2025_23-08-41.pth
Tue 18 Nov 2025 23:08:48 INFO  epoch 11 training [time: 0.20s, train loss: 8.8837]
Tue 18 Nov 2025 23:08:49 INFO  epoch 11 evaluating [time: 0.32s, valid_score: 0.087900]
Tue 18 Nov 2025 23:08:49 INFO  valid result: 
precision@10 : 0.0159    precision@20 : 0.0108    recall@10 : 0.1588    recall@20 : 0.2164    mrr@10 : 0.0666    mrr@20 : 0.0707    hit@10 : 0.1588    hit@20 : 0.2164    ndcg@10 : 0.0879    ndcg@20 : 0.1027
Tue 18 Nov 2025 23:08:49 INFO  Saving current: saved\BPR-Nov-18-2025_23-08-41.pth
Tue 18 Nov 2025 23:08:49 INFO  epoch 12 training [time: 0.23s, train loss: 8.4440]
Tue 18 Nov 2025 23:08:49 INFO  epoch 12 evaluating [time: 0.37s, valid_score: 0.090700]
Tue 18 Nov 2025 23:08:49 INFO  valid result: 
precision@10 : 0.0165    precision@20 : 0.0111    recall@10 : 0.1652    recall@20 : 0.2228    mrr@10 : 0.0682    mrr@20 : 0.0722    hit@10 : 0.1652    hit@20 : 0.2228    ndcg@10 : 0.0907    ndcg@20 : 0.1053
Tue 18 Nov 2025 23:08:49 INFO  Saving current: saved\BPR-Nov-18-2025_23-08-41.pth
Tue 18 Nov 2025 23:08:50 INFO  epoch 13 training [time: 0.23s, train loss: 8.2616]
Tue 18 Nov 2025 23:08:50 INFO  epoch 13 evaluating [time: 0.34s, valid_score: 0.092800]
Tue 18 Nov 2025 23:08:50 INFO  valid result: 
precision@10 : 0.017    precision@20 : 0.0116    recall@10 : 0.1695    recall@20 : 0.2313    mrr@10 : 0.0696    mrr@20 : 0.0738    hit@10 : 0.1695    hit@20 : 0.2313    ndcg@10 : 0.0928    ndcg@20 : 0.1083
Tue 18 Nov 2025 23:08:50 INFO  Saving current: saved\BPR-Nov-18-2025_23-08-41.pth
Tue 18 Nov 2025 23:08:50 INFO  epoch 14 training [time: 0.25s, train loss: 7.9459]
Tue 18 Nov 2025 23:08:51 INFO  epoch 14 evaluating [time: 0.42s, valid_score: 0.093900]
Tue 18 Nov 2025 23:08:51 INFO  valid result: 
precision@10 : 0.0168    precision@20 : 0.012    recall@10 : 0.1684    recall@20 : 0.2409    mrr@10 : 0.0711    mrr@20 : 0.0759    hit@10 : 0.1684    hit@20 : 0.2409    ndcg@10 : 0.0939    ndcg@20 : 0.112
Tue 18 Nov 2025 23:08:51 INFO  Saving current: saved\BPR-Nov-18-2025_23-08-41.pth
Tue 18 Nov 2025 23:08:51 INFO  epoch 15 training [time: 0.25s, train loss: 7.7550]
Tue 18 Nov 2025 23:08:51 INFO  epoch 15 evaluating [time: 0.39s, valid_score: 0.094300]
Tue 18 Nov 2025 23:08:51 INFO  valid result: 
precision@10 : 0.0174    precision@20 : 0.0126    recall@10 : 0.1738    recall@20 : 0.2527    mrr@10 : 0.0701    mrr@20 : 0.0751    hit@10 : 0.1738    hit@20 : 0.2527    ndcg@10 : 0.0943    ndcg@20 : 0.1137
Tue 18 Nov 2025 23:08:51 INFO  Saving current: saved\BPR-Nov-18-2025_23-08-41.pth
Tue 18 Nov 2025 23:08:52 INFO  epoch 16 training [time: 0.26s, train loss: 7.4489]
Tue 18 Nov 2025 23:08:52 INFO  epoch 16 evaluating [time: 0.39s, valid_score: 0.096700]
Tue 18 Nov 2025 23:08:52 INFO  valid result: 
precision@10 : 0.0175    precision@20 : 0.013    recall@10 : 0.1748    recall@20 : 0.2591    mrr@10 : 0.0729    mrr@20 : 0.0785    hit@10 : 0.1748    hit@20 : 0.2591    ndcg@10 : 0.0967    ndcg@20 : 0.1176
Tue 18 Nov 2025 23:08:52 INFO  Saving current: saved\BPR-Nov-18-2025_23-08-41.pth
Tue 18 Nov 2025 23:08:52 INFO  epoch 17 training [time: 0.23s, train loss: 7.2727]
Tue 18 Nov 2025 23:08:53 INFO  epoch 17 evaluating [time: 0.40s, valid_score: 0.100000]
Tue 18 Nov 2025 23:08:53 INFO  valid result: 
precision@10 : 0.0181    precision@20 : 0.0133    recall@10 : 0.1812    recall@20 : 0.2655    mrr@10 : 0.0754    mrr@20 : 0.081    hit@10 : 0.1812    hit@20 : 0.2655    ndcg@10 : 0.1    ndcg@20 : 0.121
Tue 18 Nov 2025 23:08:53 INFO  Saving current: saved\BPR-Nov-18-2025_23-08-41.pth
Tue 18 Nov 2025 23:08:53 INFO  epoch 18 training [time: 0.26s, train loss: 7.1540]
Tue 18 Nov 2025 23:08:53 INFO  epoch 18 evaluating [time: 0.36s, valid_score: 0.100500]
Tue 18 Nov 2025 23:08:53 INFO  valid result: 
precision@10 : 0.0179    precision@20 : 0.0134    recall@10 : 0.1791    recall@20 : 0.2676    mrr@10 : 0.0766    mrr@20 : 0.0827    hit@10 : 0.1791    hit@20 : 0.2676    ndcg@10 : 0.1005    ndcg@20 : 0.1228
Tue 18 Nov 2025 23:08:53 INFO  Saving current: saved\BPR-Nov-18-2025_23-08-41.pth
Tue 18 Nov 2025 23:08:54 INFO  epoch 19 training [time: 0.20s, train loss: 6.8742]
Tue 18 Nov 2025 23:08:54 INFO  epoch 19 evaluating [time: 0.32s, valid_score: 0.102000]
Tue 18 Nov 2025 23:08:54 INFO  valid result: 
precision@10 : 0.0181    precision@20 : 0.0135    recall@10 : 0.1812    recall@20 : 0.2708    mrr@10 : 0.0777    mrr@20 : 0.084    hit@10 : 0.1812    hit@20 : 0.2708    ndcg@10 : 0.102    ndcg@20 : 0.1246
Tue 18 Nov 2025 23:08:54 INFO  Saving current: saved\BPR-Nov-18-2025_23-08-41.pth
Tue 18 Nov 2025 23:08:54 INFO  epoch 20 training [time: 0.19s, train loss: 6.6685]
Tue 18 Nov 2025 23:08:54 INFO  epoch 20 evaluating [time: 0.35s, valid_score: 0.105200]
Tue 18 Nov 2025 23:08:54 INFO  valid result: 
precision@10 : 0.0187    precision@20 : 0.0141    recall@10 : 0.1866    recall@20 : 0.2814    mrr@10 : 0.0807    mrr@20 : 0.0871    hit@10 : 0.1866    hit@20 : 0.2814    ndcg@10 : 0.1052    ndcg@20 : 0.129
Tue 18 Nov 2025 23:08:54 INFO  Saving current: saved\BPR-Nov-18-2025_23-08-41.pth
Tue 18 Nov 2025 23:08:55 INFO  epoch 21 training [time: 0.19s, train loss: 6.4774]
Tue 18 Nov 2025 23:08:55 INFO  epoch 21 evaluating [time: 0.36s, valid_score: 0.109200]
Tue 18 Nov 2025 23:08:55 INFO  valid result: 
precision@10 : 0.019    precision@20 : 0.0143    recall@10 : 0.1898    recall@20 : 0.2868    mrr@10 : 0.0849    mrr@20 : 0.0914    hit@10 : 0.1898    hit@20 : 0.2868    ndcg@10 : 0.1092    ndcg@20 : 0.1335
Tue 18 Nov 2025 23:08:55 INFO  Saving current: saved\BPR-Nov-18-2025_23-08-41.pth
Tue 18 Nov 2025 23:08:55 INFO  epoch 22 training [time: 0.22s, train loss: 6.3714]
Tue 18 Nov 2025 23:08:56 INFO  epoch 22 evaluating [time: 0.33s, valid_score: 0.111000]
Tue 18 Nov 2025 23:08:56 INFO  valid result: 
precision@10 : 0.0192    precision@20 : 0.0148    recall@10 : 0.1919    recall@20 : 0.2964    mrr@10 : 0.0865    mrr@20 : 0.0937    hit@10 : 0.1919    hit@20 : 0.2964    ndcg@10 : 0.111    ndcg@20 : 0.1373
Tue 18 Nov 2025 23:08:56 INFO  Saving current: saved\BPR-Nov-18-2025_23-08-41.pth
Tue 18 Nov 2025 23:08:56 INFO  epoch 23 training [time: 0.25s, train loss: 6.3143]
Tue 18 Nov 2025 23:08:56 INFO  epoch 23 evaluating [time: 0.37s, valid_score: 0.112600]
Tue 18 Nov 2025 23:08:56 INFO  valid result: 
precision@10 : 0.0196    precision@20 : 0.0151    recall@10 : 0.1962    recall@20 : 0.3028    mrr@10 : 0.0874    mrr@20 : 0.0947    hit@10 : 0.1962    hit@20 : 0.3028    ndcg@10 : 0.1126    ndcg@20 : 0.1395
Tue 18 Nov 2025 23:08:56 INFO  Saving current: saved\BPR-Nov-18-2025_23-08-41.pth
Tue 18 Nov 2025 23:08:57 INFO  epoch 24 training [time: 0.23s, train loss: 6.0709]
Tue 18 Nov 2025 23:08:57 INFO  epoch 24 evaluating [time: 0.37s, valid_score: 0.114300]
Tue 18 Nov 2025 23:08:57 INFO  valid result: 
precision@10 : 0.0204    precision@20 : 0.015    recall@10 : 0.2036    recall@20 : 0.3006    mrr@10 : 0.0874    mrr@20 : 0.0939    hit@10 : 0.2036    hit@20 : 0.3006    ndcg@10 : 0.1143    ndcg@20 : 0.1385
Tue 18 Nov 2025 23:08:57 INFO  Saving current: saved\BPR-Nov-18-2025_23-08-41.pth
Tue 18 Nov 2025 23:08:57 INFO  epoch 25 training [time: 0.24s, train loss: 6.0495]
Tue 18 Nov 2025 23:08:58 INFO  epoch 25 evaluating [time: 0.41s, valid_score: 0.113400]
Tue 18 Nov 2025 23:08:58 INFO  valid result: 
precision@10 : 0.0204    precision@20 : 0.0153    recall@10 : 0.2036    recall@20 : 0.306    mrr@10 : 0.0861    mrr@20 : 0.093    hit@10 : 0.2036    hit@20 : 0.306    ndcg@10 : 0.1134    ndcg@20 : 0.1391
Tue 18 Nov 2025 23:08:58 INFO  epoch 26 training [time: 0.27s, train loss: 5.8657]
Tue 18 Nov 2025 23:08:58 INFO  epoch 26 evaluating [time: 0.39s, valid_score: 0.116100]
Tue 18 Nov 2025 23:08:58 INFO  valid result: 
precision@10 : 0.0207    precision@20 : 0.0156    recall@10 : 0.2068    recall@20 : 0.3124    mrr@10 : 0.0886    mrr@20 : 0.0959    hit@10 : 0.2068    hit@20 : 0.3124    ndcg@10 : 0.1161    ndcg@20 : 0.1427
Tue 18 Nov 2025 23:08:58 INFO  Saving current: saved\BPR-Nov-18-2025_23-08-41.pth
Tue 18 Nov 2025 23:08:59 INFO  epoch 27 training [time: 0.25s, train loss: 5.8121]
Tue 18 Nov 2025 23:08:59 INFO  epoch 27 evaluating [time: 0.38s, valid_score: 0.117900]
Tue 18 Nov 2025 23:08:59 INFO  valid result: 
precision@10 : 0.0211    precision@20 : 0.0157    recall@10 : 0.2111    recall@20 : 0.3145    mrr@10 : 0.0897    mrr@20 : 0.0967    hit@10 : 0.2111    hit@20 : 0.3145    ndcg@10 : 0.1179    ndcg@20 : 0.1439
Tue 18 Nov 2025 23:08:59 INFO  Saving current: saved\BPR-Nov-18-2025_23-08-41.pth
Tue 18 Nov 2025 23:08:59 INFO  epoch 28 training [time: 0.25s, train loss: 5.6241]
Tue 18 Nov 2025 23:09:00 INFO  epoch 28 evaluating [time: 0.52s, valid_score: 0.120100]
Tue 18 Nov 2025 23:09:00 INFO  valid result: 
precision@10 : 0.0211    precision@20 : 0.0159    recall@10 : 0.2111    recall@20 : 0.3188    mrr@10 : 0.0926    mrr@20 : 0.1    hit@10 : 0.2111    hit@20 : 0.3188    ndcg@10 : 0.1201    ndcg@20 : 0.1472
Tue 18 Nov 2025 23:09:00 INFO  Saving current: saved\BPR-Nov-18-2025_23-08-41.pth
Tue 18 Nov 2025 23:09:00 INFO  epoch 29 training [time: 0.23s, train loss: 5.5753]
Tue 18 Nov 2025 23:09:00 INFO  epoch 29 evaluating [time: 0.41s, valid_score: 0.119100]
Tue 18 Nov 2025 23:09:01 INFO  valid result: 
precision@10 : 0.0211    precision@20 : 0.016    recall@10 : 0.2111    recall@20 : 0.3209    mrr@10 : 0.0911    mrr@20 : 0.0987    hit@10 : 0.2111    hit@20 : 0.3209    ndcg@10 : 0.1191    ndcg@20 : 0.1468
Tue 18 Nov 2025 23:09:01 INFO  epoch 30 training [time: 0.24s, train loss: 5.5419]
Tue 18 Nov 2025 23:09:01 INFO  epoch 30 evaluating [time: 0.38s, valid_score: 0.122500]
Tue 18 Nov 2025 23:09:01 INFO  valid result: 
precision@10 : 0.0219    precision@20 : 0.0164    recall@10 : 0.2186    recall@20 : 0.3273    mrr@10 : 0.0935    mrr@20 : 0.101    hit@10 : 0.2186    hit@20 : 0.3273    ndcg@10 : 0.1225    ndcg@20 : 0.1499
Tue 18 Nov 2025 23:09:01 INFO  Saving current: saved\BPR-Nov-18-2025_23-08-41.pth
Tue 18 Nov 2025 23:09:01 INFO  epoch 31 training [time: 0.25s, train loss: 5.4390]
Tue 18 Nov 2025 23:09:02 INFO  epoch 31 evaluating [time: 0.40s, valid_score: 0.123500]
Tue 18 Nov 2025 23:09:02 INFO  valid result: 
precision@10 : 0.0222    precision@20 : 0.0166    recall@10 : 0.2217    recall@20 : 0.3326    mrr@10 : 0.0937    mrr@20 : 0.1013    hit@10 : 0.2217    hit@20 : 0.3326    ndcg@10 : 0.1235    ndcg@20 : 0.1513
Tue 18 Nov 2025 23:09:02 INFO  Saving current: saved\BPR-Nov-18-2025_23-08-41.pth
Tue 18 Nov 2025 23:09:02 INFO  epoch 32 training [time: 0.27s, train loss: 5.3143]
Tue 18 Nov 2025 23:09:03 INFO  epoch 32 evaluating [time: 0.37s, valid_score: 0.122400]
Tue 18 Nov 2025 23:09:03 INFO  valid result: 
precision@10 : 0.0224    precision@20 : 0.0164    recall@10 : 0.2239    recall@20 : 0.3273    mrr@10 : 0.0918    mrr@20 : 0.099    hit@10 : 0.2239    hit@20 : 0.3273    ndcg@10 : 0.1224    ndcg@20 : 0.1485
Tue 18 Nov 2025 23:09:03 INFO  epoch 33 training [time: 0.27s, train loss: 5.1822]
Tue 18 Nov 2025 23:09:03 INFO  epoch 33 evaluating [time: 0.38s, valid_score: 0.123500]
Tue 18 Nov 2025 23:09:03 INFO  valid result: 
precision@10 : 0.0225    precision@20 : 0.0165    recall@10 : 0.2249    recall@20 : 0.3305    mrr@10 : 0.0931    mrr@20 : 0.1004    hit@10 : 0.2249    hit@20 : 0.3305    ndcg@10 : 0.1235    ndcg@20 : 0.1502
Tue 18 Nov 2025 23:09:03 INFO  Saving current: saved\BPR-Nov-18-2025_23-08-41.pth
Tue 18 Nov 2025 23:09:03 INFO  epoch 34 training [time: 0.25s, train loss: 5.1622]
Tue 18 Nov 2025 23:09:04 INFO  epoch 34 evaluating [time: 0.40s, valid_score: 0.122600]
Tue 18 Nov 2025 23:09:04 INFO  valid result: 
precision@10 : 0.0222    precision@20 : 0.017    recall@10 : 0.2217    recall@20 : 0.339    mrr@10 : 0.0925    mrr@20 : 0.1006    hit@10 : 0.2217    hit@20 : 0.339    ndcg@10 : 0.1226    ndcg@20 : 0.1522
Tue 18 Nov 2025 23:09:04 INFO  epoch 35 training [time: 0.25s, train loss: 5.1022]
Tue 18 Nov 2025 23:09:05 INFO  epoch 35 evaluating [time: 0.40s, valid_score: 0.124400]
Tue 18 Nov 2025 23:09:05 INFO  valid result: 
precision@10 : 0.0226    precision@20 : 0.0167    recall@10 : 0.226    recall@20 : 0.3348    mrr@10 : 0.0937    mrr@20 : 0.1014    hit@10 : 0.226    hit@20 : 0.3348    ndcg@10 : 0.1244    ndcg@20 : 0.1521
Tue 18 Nov 2025 23:09:05 INFO  Saving current: saved\BPR-Nov-18-2025_23-08-41.pth
Tue 18 Nov 2025 23:09:05 INFO  epoch 36 training [time: 0.24s, train loss: 4.9996]
Tue 18 Nov 2025 23:09:05 INFO  epoch 36 evaluating [time: 0.40s, valid_score: 0.124200]
Tue 18 Nov 2025 23:09:05 INFO  valid result: 
precision@10 : 0.0229    precision@20 : 0.0172    recall@10 : 0.2292    recall@20 : 0.3443    mrr@10 : 0.0925    mrr@20 : 0.1004    hit@10 : 0.2292    hit@20 : 0.3443    ndcg@10 : 0.1242    ndcg@20 : 0.1532
Tue 18 Nov 2025 23:09:06 INFO  epoch 37 training [time: 0.27s, train loss: 4.9793]
Tue 18 Nov 2025 23:09:06 INFO  epoch 37 evaluating [time: 0.36s, valid_score: 0.124500]
Tue 18 Nov 2025 23:09:06 INFO  valid result: 
precision@10 : 0.0228    precision@20 : 0.0173    recall@10 : 0.2281    recall@20 : 0.3454    mrr@10 : 0.0932    mrr@20 : 0.1013    hit@10 : 0.2281    hit@20 : 0.3454    ndcg@10 : 0.1245    ndcg@20 : 0.1541
Tue 18 Nov 2025 23:09:06 INFO  Saving current: saved\BPR-Nov-18-2025_23-08-41.pth
Tue 18 Nov 2025 23:09:06 INFO  epoch 38 training [time: 0.25s, train loss: 4.8098]
Tue 18 Nov 2025 23:09:07 INFO  epoch 38 evaluating [time: 0.39s, valid_score: 0.124600]
Tue 18 Nov 2025 23:09:07 INFO  valid result: 
precision@10 : 0.0228    precision@20 : 0.0171    recall@10 : 0.2281    recall@20 : 0.3422    mrr@10 : 0.0933    mrr@20 : 0.1012    hit@10 : 0.2281    hit@20 : 0.3422    ndcg@10 : 0.1246    ndcg@20 : 0.1535
Tue 18 Nov 2025 23:09:07 INFO  Saving current: saved\BPR-Nov-18-2025_23-08-41.pth
Tue 18 Nov 2025 23:09:07 INFO  epoch 39 training [time: 0.25s, train loss: 4.7351]
Tue 18 Nov 2025 23:09:07 INFO  epoch 39 evaluating [time: 0.40s, valid_score: 0.124100]
Tue 18 Nov 2025 23:09:07 INFO  valid result: 
precision@10 : 0.0226    precision@20 : 0.0173    recall@10 : 0.226    recall@20 : 0.3454    mrr@10 : 0.0933    mrr@20 : 0.1014    hit@10 : 0.226    hit@20 : 0.3454    ndcg@10 : 0.1241    ndcg@20 : 0.1542
Tue 18 Nov 2025 23:09:08 INFO  epoch 40 training [time: 0.31s, train loss: 4.7279]
Tue 18 Nov 2025 23:09:08 INFO  epoch 40 evaluating [time: 0.47s, valid_score: 0.125100]
Tue 18 Nov 2025 23:09:08 INFO  valid result: 
precision@10 : 0.0226    precision@20 : 0.0175    recall@10 : 0.226    recall@20 : 0.3507    mrr@10 : 0.0945    mrr@20 : 0.103    hit@10 : 0.226    hit@20 : 0.3507    ndcg@10 : 0.1251    ndcg@20 : 0.1563
Tue 18 Nov 2025 23:09:08 INFO  Saving current: saved\BPR-Nov-18-2025_23-08-41.pth
Tue 18 Nov 2025 23:09:08 INFO  epoch 41 training [time: 0.26s, train loss: 4.6766]
Tue 18 Nov 2025 23:09:09 INFO  epoch 41 evaluating [time: 0.36s, valid_score: 0.126700]
Tue 18 Nov 2025 23:09:09 INFO  valid result: 
precision@10 : 0.0226    precision@20 : 0.0176    recall@10 : 0.226    recall@20 : 0.3529    mrr@10 : 0.0966    mrr@20 : 0.1053    hit@10 : 0.226    hit@20 : 0.3529    ndcg@10 : 0.1267    ndcg@20 : 0.1586
Tue 18 Nov 2025 23:09:09 INFO  Saving current: saved\BPR-Nov-18-2025_23-08-41.pth
Tue 18 Nov 2025 23:09:09 INFO  epoch 42 training [time: 0.27s, train loss: 4.5985]
Tue 18 Nov 2025 23:09:09 INFO  epoch 42 evaluating [time: 0.36s, valid_score: 0.128500]
Tue 18 Nov 2025 23:09:09 INFO  valid result: 
precision@10 : 0.0235    precision@20 : 0.0179    recall@10 : 0.2345    recall@20 : 0.3582    mrr@10 : 0.0968    mrr@20 : 0.105    hit@10 : 0.2345    hit@20 : 0.3582    ndcg@10 : 0.1285    ndcg@20 : 0.1594
Tue 18 Nov 2025 23:09:09 INFO  Saving current: saved\BPR-Nov-18-2025_23-08-41.pth
Tue 18 Nov 2025 23:09:10 INFO  epoch 43 training [time: 0.31s, train loss: 4.5366]
Tue 18 Nov 2025 23:09:10 INFO  epoch 43 evaluating [time: 0.42s, valid_score: 0.127400]
Tue 18 Nov 2025 23:09:10 INFO  valid result: 
precision@10 : 0.0235    precision@20 : 0.0179    recall@10 : 0.2345    recall@20 : 0.3582    mrr@10 : 0.0952    mrr@20 : 0.1035    hit@10 : 0.2345    hit@20 : 0.3582    ndcg@10 : 0.1274    ndcg@20 : 0.1583
Tue 18 Nov 2025 23:09:11 INFO  epoch 44 training [time: 0.31s, train loss: 4.5584]
Tue 18 Nov 2025 23:09:11 INFO  epoch 44 evaluating [time: 0.43s, valid_score: 0.126200]
Tue 18 Nov 2025 23:09:11 INFO  valid result: 
precision@10 : 0.0231    precision@20 : 0.0181    recall@10 : 0.2313    recall@20 : 0.3614    mrr@10 : 0.0945    mrr@20 : 0.1032    hit@10 : 0.2313    hit@20 : 0.3614    ndcg@10 : 0.1262    ndcg@20 : 0.1587
Tue 18 Nov 2025 23:09:11 INFO  epoch 45 training [time: 0.26s, train loss: 4.4670]
Tue 18 Nov 2025 23:09:12 INFO  epoch 45 evaluating [time: 0.49s, valid_score: 0.128000]
Tue 18 Nov 2025 23:09:12 INFO  valid result: 
precision@10 : 0.0233    precision@20 : 0.0179    recall@10 : 0.2335    recall@20 : 0.3582    mrr@10 : 0.0964    mrr@20 : 0.1048    hit@10 : 0.2335    hit@20 : 0.3582    ndcg@10 : 0.128    ndcg@20 : 0.1593
Tue 18 Nov 2025 23:09:12 INFO  epoch 46 training [time: 0.27s, train loss: 4.3704]
Tue 18 Nov 2025 23:09:12 INFO  epoch 46 evaluating [time: 0.40s, valid_score: 0.128200]
Tue 18 Nov 2025 23:09:12 INFO  valid result: 
precision@10 : 0.0236    precision@20 : 0.018    recall@10 : 0.2356    recall@20 : 0.3593    mrr@10 : 0.0961    mrr@20 : 0.1044    hit@10 : 0.2356    hit@20 : 0.3593    ndcg@10 : 0.1282    ndcg@20 : 0.1592
Tue 18 Nov 2025 23:09:13 INFO  epoch 47 training [time: 0.23s, train loss: 4.3426]
Tue 18 Nov 2025 23:09:13 INFO  epoch 47 evaluating [time: 0.38s, valid_score: 0.128600]
Tue 18 Nov 2025 23:09:13 INFO  valid result: 
precision@10 : 0.0237    precision@20 : 0.0181    recall@10 : 0.2367    recall@20 : 0.3625    mrr@10 : 0.0963    mrr@20 : 0.1047    hit@10 : 0.2367    hit@20 : 0.3625    ndcg@10 : 0.1286    ndcg@20 : 0.16
Tue 18 Nov 2025 23:09:13 INFO  Saving current: saved\BPR-Nov-18-2025_23-08-41.pth
Tue 18 Nov 2025 23:09:13 INFO  epoch 48 training [time: 0.26s, train loss: 4.3188]
Tue 18 Nov 2025 23:09:14 INFO  epoch 48 evaluating [time: 0.42s, valid_score: 0.129900]
Tue 18 Nov 2025 23:09:14 INFO  valid result: 
precision@10 : 0.0238    precision@20 : 0.0181    recall@10 : 0.2377    recall@20 : 0.3614    mrr@10 : 0.0977    mrr@20 : 0.106    hit@10 : 0.2377    hit@20 : 0.3614    ndcg@10 : 0.1299    ndcg@20 : 0.1608
Tue 18 Nov 2025 23:09:14 INFO  Saving current: saved\BPR-Nov-18-2025_23-08-41.pth
Tue 18 Nov 2025 23:09:14 INFO  epoch 49 training [time: 0.27s, train loss: 4.2448]
Tue 18 Nov 2025 23:09:15 INFO  epoch 49 evaluating [time: 0.40s, valid_score: 0.130700]
Tue 18 Nov 2025 23:09:15 INFO  valid result: 
precision@10 : 0.0238    precision@20 : 0.0182    recall@10 : 0.2377    recall@20 : 0.3646    mrr@10 : 0.0988    mrr@20 : 0.1072    hit@10 : 0.2377    hit@20 : 0.3646    ndcg@10 : 0.1307    ndcg@20 : 0.1624
Tue 18 Nov 2025 23:09:15 INFO  Saving current: saved\BPR-Nov-18-2025_23-08-41.pth
Tue 18 Nov 2025 23:09:15 INFO  Loading model structure and parameters from saved\BPR-Nov-18-2025_23-08-41.pth
Tue 18 Nov 2025 23:09:16 INFO  The running environment of this training is as follows:
+-------------+----------------+
| Environment |     Usage      |
+=============+================+
| CPU         |    16.00 %     |
+-------------+----------------+
| GPU         |   0.0 / 0.0    |
+-------------+----------------+
| Memory      | 0.48 G/13.86 G |
+-------------+----------------+
Tue 18 Nov 2025 23:09:16 INFO  best valid : OrderedDict([('precision@10', np.float64(0.0238)), ('precision@20', np.float64(0.0182)), ('recall@10', np.float64(0.2377)), ('recall@20', np.float64(0.3646)), ('mrr@10', np.float64(0.0988)), ('mrr@20', np.float64(0.1072)), ('hit@10', np.float64(0.2377)), ('hit@20', np.float64(0.3646)), ('ndcg@10', np.float64(0.1307)), ('ndcg@20', np.float64(0.1624))])
Tue 18 Nov 2025 23:09:16 INFO  test result: OrderedDict([('precision@10', np.float64(0.0227)), ('precision@20', np.float64(0.0165)), ('recall@10', np.float64(0.2271)), ('recall@20', np.float64(0.3305)), ('mrr@10', np.float64(0.0902)), ('mrr@20', np.float64(0.0971)), ('hit@10', np.float64(0.2271)), ('hit@20', np.float64(0.3305)), ('ndcg@10', np.float64(0.122)), ('ndcg@20', np.float64(0.1479))])
