Tue 18 Nov 2025 23:48:54 INFO  ['c:\\Users\\martin\\miniconda3\\envs\\bp\\Lib\\site-packages\\ipykernel_launcher.py', '--f=c:\\Users\\martin\\AppData\\Roaming\\jupyter\\runtime\\kernel-v3622422e5bdfed9801eb125eda29c27abe47778e1.json']
Tue 18 Nov 2025 23:48:54 INFO  
General Hyper Parameters:
gpu_id = 0
use_gpu = True
seed = 2020
state = INFO
reproducibility = True
data_path = ./data/split/amazon_all_beauty\amazon_all_beauty--expR
checkpoint_dir = saved
show_progress = True
save_dataset = False
dataset_save_path = None
save_dataloaders = False
dataloaders_save_path = None
log_wandb = False

Training Hyper Parameters:
epochs = 50
train_batch_size = 2048
learner = adam
learning_rate = 0.001
train_neg_sample_args = {'distribution': 'uniform', 'sample_num': 1, 'alpha': 1.0, 'dynamic': False, 'candidate_num': 0}
eval_step = 1
stopping_step = 5
clip_grad_norm = None
weight_decay = 0.0
loss_decimal_place = 4

Evaluation Hyper Parameters:
eval_args = {'split': {'RS': [0, 0, 0]}, 'order': 'RO', 'group_by': 'user', 'mode': {'valid': 'full', 'test': 'full'}}
repeatable = False
metrics = ['Precision', 'Recall', 'MRR', 'Hit', 'NDCG']
topk = [10, 20]
valid_metric = NDCG@10
valid_metric_bigger = True
eval_batch_size = 4096
metric_decimal_place = 4

Dataset Hyper Parameters:
field_separator = 	
seq_separator =  
USER_ID_FIELD = user_id
ITEM_ID_FIELD = item_id
RATING_FIELD = rating
TIME_FIELD = timestamp
seq_len = None
LABEL_FIELD = label
threshold = None
NEG_PREFIX = neg_
load_col = {'inter': ['user_id', 'item_id']}
unload_col = None
unused_col = None
additional_feat_suffix = None
rm_dup_inter = None
val_interval = None
filter_inter_by_user_or_item = True
user_inter_num_interval = [0,inf)
item_inter_num_interval = [0,inf)
alias_of_user_id = None
alias_of_item_id = None
alias_of_entity_id = None
alias_of_relation_id = None
preload_weight = None
normalize_field = None
normalize_all = None
ITEM_LIST_LENGTH_FIELD = item_length
LIST_SUFFIX = _list
MAX_ITEM_LIST_LENGTH = 50
POSITION_FIELD = position_id
HEAD_ENTITY_ID_FIELD = head_id
TAIL_ENTITY_ID_FIELD = tail_id
RELATION_ID_FIELD = relation_id
ENTITY_ID_FIELD = entity_id
benchmark_filename = ['train', 'valid', 'test']

Other Hyper Parameters: 
worker = 0
wandb_project = recbole
shuffle = True
require_pow = False
enable_amp = False
enable_scaler = False
transform = None
embedding_size = 64
numerical_features = []
discretization = None
kg_reverse_r = False
entity_kg_num_interval = [0,inf)
relation_kg_num_interval = [0,inf)
MODEL_TYPE = ModelType.GENERAL
test_args = {'mode': 'full'}
MODEL_INPUT_TYPE = InputType.PAIRWISE
eval_type = EvaluatorType.RANKING
single_spec = True
local_rank = 0
device = cpu
valid_neg_sample_args = {'distribution': 'uniform', 'sample_num': 'none'}
test_neg_sample_args = {'distribution': 'uniform', 'sample_num': 'none'}


Tue 18 Nov 2025 23:48:55 INFO  amazon_all_beauty--expR
The number of users: 1472
Average actions of users: 9.479265805574439
The number of items: 6802
Average actions of items: 2.050286722540803
The number of inters: 13944
The sparsity of the dataset: 99.86073469439934%
Remain Fields: ['user_id', 'item_id']
Tue 18 Nov 2025 23:48:55 INFO  [Training]: train_batch_size = [2048] train_neg_sample_args: [{'distribution': 'uniform', 'sample_num': 1, 'alpha': 1.0, 'dynamic': False, 'candidate_num': 0}]
Tue 18 Nov 2025 23:48:55 INFO  [Evaluation]: eval_batch_size = [4096] eval_args: [{'split': {'RS': [0, 0, 0]}, 'order': 'RO', 'group_by': 'user', 'mode': {'valid': 'full', 'test': 'full'}}]
Tue 18 Nov 2025 23:48:55 INFO  BPR(
  (user_embedding): Embedding(1472, 64)
  (item_embedding): Embedding(6802, 64)
  (loss): BPRLoss()
)
Trainable parameters: 529536
Tue 18 Nov 2025 23:48:55 INFO  FLOPs: 128.0
Tue 18 Nov 2025 23:48:56 INFO  epoch 0 training [time: 0.11s, train loss: 4.1589]
Tue 18 Nov 2025 23:48:57 INFO  epoch 0 evaluating [time: 1.06s, valid_score: 0.000700]
Tue 18 Nov 2025 23:48:57 INFO  valid result: 
precision@10 : 0.0001    precision@20 : 0.0001    recall@10 : 0.0014    recall@20 : 0.0027    mrr@10 : 0.0004    mrr@20 : 0.0005    hit@10 : 0.0014    hit@20 : 0.0027    ndcg@10 : 0.0007    ndcg@20 : 0.001
Tue 18 Nov 2025 23:48:57 INFO  Saving current: saved\BPR-Nov-18-2025_23-48-55.pth
Tue 18 Nov 2025 23:48:57 INFO  epoch 1 training [time: 0.06s, train loss: 4.1478]
Tue 18 Nov 2025 23:48:58 INFO  epoch 1 evaluating [time: 0.92s, valid_score: 0.000700]
Tue 18 Nov 2025 23:48:58 INFO  valid result: 
precision@10 : 0.0001    precision@20 : 0.0001    recall@10 : 0.0014    recall@20 : 0.0027    mrr@10 : 0.0005    mrr@20 : 0.0006    hit@10 : 0.0014    hit@20 : 0.0027    ndcg@10 : 0.0007    ndcg@20 : 0.001
Tue 18 Nov 2025 23:48:58 INFO  Saving current: saved\BPR-Nov-18-2025_23-48-55.pth
Tue 18 Nov 2025 23:48:58 INFO  epoch 2 training [time: 0.07s, train loss: 4.1385]
Tue 18 Nov 2025 23:48:59 INFO  epoch 2 evaluating [time: 0.83s, valid_score: 0.000700]
Tue 18 Nov 2025 23:48:59 INFO  valid result: 
precision@10 : 0.0001    precision@20 : 0.0002    recall@10 : 0.0014    recall@20 : 0.0041    mrr@10 : 0.0005    mrr@20 : 0.0007    hit@10 : 0.0014    hit@20 : 0.0041    ndcg@10 : 0.0007    ndcg@20 : 0.0014
Tue 18 Nov 2025 23:48:59 INFO  Saving current: saved\BPR-Nov-18-2025_23-48-55.pth
Tue 18 Nov 2025 23:48:59 INFO  epoch 3 training [time: 0.09s, train loss: 4.1291]
Tue 18 Nov 2025 23:49:00 INFO  epoch 3 evaluating [time: 0.81s, valid_score: 0.000900]
Tue 18 Nov 2025 23:49:00 INFO  valid result: 
precision@10 : 0.0002    precision@20 : 0.0002    recall@10 : 0.002    recall@20 : 0.0041    mrr@10 : 0.0006    mrr@20 : 0.0007    hit@10 : 0.002    hit@20 : 0.0041    ndcg@10 : 0.0009    ndcg@20 : 0.0015
Tue 18 Nov 2025 23:49:00 INFO  Saving current: saved\BPR-Nov-18-2025_23-48-55.pth
Tue 18 Nov 2025 23:49:00 INFO  epoch 4 training [time: 0.09s, train loss: 4.1192]
Tue 18 Nov 2025 23:49:01 INFO  epoch 4 evaluating [time: 0.90s, valid_score: 0.001100]
Tue 18 Nov 2025 23:49:01 INFO  valid result: 
precision@10 : 0.0002    precision@20 : 0.0002    recall@10 : 0.002    recall@20 : 0.0041    mrr@10 : 0.0008    mrr@20 : 0.0009    hit@10 : 0.002    hit@20 : 0.0041    ndcg@10 : 0.0011    ndcg@20 : 0.0016
Tue 18 Nov 2025 23:49:01 INFO  Saving current: saved\BPR-Nov-18-2025_23-48-55.pth
Tue 18 Nov 2025 23:49:01 INFO  epoch 5 training [time: 0.07s, train loss: 4.1087]
Tue 18 Nov 2025 23:49:02 INFO  epoch 5 evaluating [time: 0.87s, valid_score: 0.001000]
Tue 18 Nov 2025 23:49:02 INFO  valid result: 
precision@10 : 0.0002    precision@20 : 0.0002    recall@10 : 0.002    recall@20 : 0.0041    mrr@10 : 0.0007    mrr@20 : 0.0009    hit@10 : 0.002    hit@20 : 0.0041    ndcg@10 : 0.001    ndcg@20 : 0.0016
Tue 18 Nov 2025 23:49:02 INFO  epoch 6 training [time: 0.09s, train loss: 4.0967]
Tue 18 Nov 2025 23:49:03 INFO  epoch 6 evaluating [time: 0.88s, valid_score: 0.001500]
Tue 18 Nov 2025 23:49:03 INFO  valid result: 
precision@10 : 0.0002    precision@20 : 0.0002    recall@10 : 0.002    recall@20 : 0.0048    mrr@10 : 0.0014    mrr@20 : 0.0015    hit@10 : 0.002    hit@20 : 0.0048    ndcg@10 : 0.0015    ndcg@20 : 0.0022
Tue 18 Nov 2025 23:49:03 INFO  Saving current: saved\BPR-Nov-18-2025_23-48-55.pth
Tue 18 Nov 2025 23:49:03 INFO  epoch 7 training [time: 0.10s, train loss: 4.0839]
Tue 18 Nov 2025 23:49:04 INFO  epoch 7 evaluating [time: 0.86s, valid_score: 0.001500]
Tue 18 Nov 2025 23:49:04 INFO  valid result: 
precision@10 : 0.0002    precision@20 : 0.0002    recall@10 : 0.002    recall@20 : 0.0048    mrr@10 : 0.0014    mrr@20 : 0.0016    hit@10 : 0.002    hit@20 : 0.0048    ndcg@10 : 0.0015    ndcg@20 : 0.0022
Tue 18 Nov 2025 23:49:04 INFO  Saving current: saved\BPR-Nov-18-2025_23-48-55.pth
Tue 18 Nov 2025 23:49:04 INFO  epoch 8 training [time: 0.07s, train loss: 4.0690]
Tue 18 Nov 2025 23:49:05 INFO  epoch 8 evaluating [time: 0.94s, valid_score: 0.001800]
Tue 18 Nov 2025 23:49:05 INFO  valid result: 
precision@10 : 0.0002    precision@20 : 0.0002    recall@10 : 0.002    recall@20 : 0.0048    mrr@10 : 0.0017    mrr@20 : 0.0019    hit@10 : 0.002    hit@20 : 0.0048    ndcg@10 : 0.0018    ndcg@20 : 0.0025
Tue 18 Nov 2025 23:49:05 INFO  Saving current: saved\BPR-Nov-18-2025_23-48-55.pth
Tue 18 Nov 2025 23:49:05 INFO  epoch 9 training [time: 0.08s, train loss: 4.0529]
Tue 18 Nov 2025 23:49:06 INFO  epoch 9 evaluating [time: 0.85s, valid_score: 0.002000]
Tue 18 Nov 2025 23:49:06 INFO  valid result: 
precision@10 : 0.0003    precision@20 : 0.0003    recall@10 : 0.0027    recall@20 : 0.0054    mrr@10 : 0.0018    mrr@20 : 0.002    hit@10 : 0.0027    hit@20 : 0.0054    ndcg@10 : 0.002    ndcg@20 : 0.0027
Tue 18 Nov 2025 23:49:06 INFO  Saving current: saved\BPR-Nov-18-2025_23-48-55.pth
Tue 18 Nov 2025 23:49:06 INFO  epoch 10 training [time: 0.08s, train loss: 4.0336]
Tue 18 Nov 2025 23:49:07 INFO  epoch 10 evaluating [time: 0.80s, valid_score: 0.002100]
Tue 18 Nov 2025 23:49:07 INFO  valid result: 
precision@10 : 0.0003    precision@20 : 0.0003    recall@10 : 0.0034    recall@20 : 0.0054    mrr@10 : 0.0017    mrr@20 : 0.0018    hit@10 : 0.0034    hit@20 : 0.0054    ndcg@10 : 0.0021    ndcg@20 : 0.0026
Tue 18 Nov 2025 23:49:07 INFO  Saving current: saved\BPR-Nov-18-2025_23-48-55.pth
Tue 18 Nov 2025 23:49:07 INFO  epoch 11 training [time: 0.07s, train loss: 4.0123]
Tue 18 Nov 2025 23:49:08 INFO  epoch 11 evaluating [time: 0.84s, valid_score: 0.002100]
Tue 18 Nov 2025 23:49:08 INFO  valid result: 
precision@10 : 0.0003    precision@20 : 0.0002    recall@10 : 0.0034    recall@20 : 0.0048    mrr@10 : 0.0017    mrr@20 : 0.0018    hit@10 : 0.0034    hit@20 : 0.0048    ndcg@10 : 0.0021    ndcg@20 : 0.0024
Tue 18 Nov 2025 23:49:08 INFO  Saving current: saved\BPR-Nov-18-2025_23-48-55.pth
Tue 18 Nov 2025 23:49:08 INFO  epoch 12 training [time: 0.07s, train loss: 3.9902]
Tue 18 Nov 2025 23:49:09 INFO  epoch 12 evaluating [time: 1.02s, valid_score: 0.001900]
Tue 18 Nov 2025 23:49:09 INFO  valid result: 
precision@10 : 0.0003    precision@20 : 0.0002    recall@10 : 0.0027    recall@20 : 0.0048    mrr@10 : 0.0016    mrr@20 : 0.0018    hit@10 : 0.0027    hit@20 : 0.0048    ndcg@10 : 0.0019    ndcg@20 : 0.0024
Tue 18 Nov 2025 23:49:09 INFO  epoch 13 training [time: 0.09s, train loss: 3.9633]
Tue 18 Nov 2025 23:49:10 INFO  epoch 13 evaluating [time: 0.96s, valid_score: 0.001800]
Tue 18 Nov 2025 23:49:10 INFO  valid result: 
precision@10 : 0.0003    precision@20 : 0.0002    recall@10 : 0.0027    recall@20 : 0.0048    mrr@10 : 0.0016    mrr@20 : 0.0018    hit@10 : 0.0027    hit@20 : 0.0048    ndcg@10 : 0.0018    ndcg@20 : 0.0024
Tue 18 Nov 2025 23:49:10 INFO  epoch 14 training [time: 0.08s, train loss: 3.9357]
Tue 18 Nov 2025 23:49:11 INFO  epoch 14 evaluating [time: 0.94s, valid_score: 0.002000]
Tue 18 Nov 2025 23:49:11 INFO  valid result: 
precision@10 : 0.0003    precision@20 : 0.0003    recall@10 : 0.0034    recall@20 : 0.0054    mrr@10 : 0.0016    mrr@20 : 0.0018    hit@10 : 0.0034    hit@20 : 0.0054    ndcg@10 : 0.002    ndcg@20 : 0.0025
Tue 18 Nov 2025 23:49:12 INFO  epoch 15 training [time: 0.09s, train loss: 3.9039]
Tue 18 Nov 2025 23:49:13 INFO  epoch 15 evaluating [time: 0.99s, valid_score: 0.002400]
Tue 18 Nov 2025 23:49:13 INFO  valid result: 
precision@10 : 0.0005    precision@20 : 0.0003    recall@10 : 0.0048    recall@20 : 0.0061    mrr@10 : 0.0018    mrr@20 : 0.0018    hit@10 : 0.0048    hit@20 : 0.0061    ndcg@10 : 0.0024    ndcg@20 : 0.0027
Tue 18 Nov 2025 23:49:13 INFO  Saving current: saved\BPR-Nov-18-2025_23-48-55.pth
Tue 18 Nov 2025 23:49:13 INFO  epoch 16 training [time: 0.08s, train loss: 3.8708]
Tue 18 Nov 2025 23:49:14 INFO  epoch 16 evaluating [time: 0.90s, valid_score: 0.002200]
Tue 18 Nov 2025 23:49:14 INFO  valid result: 
precision@10 : 0.0004    precision@20 : 0.0003    recall@10 : 0.0041    recall@20 : 0.0061    mrr@10 : 0.0017    mrr@20 : 0.0018    hit@10 : 0.0041    hit@20 : 0.0061    ndcg@10 : 0.0022    ndcg@20 : 0.0027
Tue 18 Nov 2025 23:49:14 INFO  epoch 17 training [time: 0.09s, train loss: 3.8338]
Tue 18 Nov 2025 23:49:15 INFO  epoch 17 evaluating [time: 1.06s, valid_score: 0.002200]
Tue 18 Nov 2025 23:49:15 INFO  valid result: 
precision@10 : 0.0004    precision@20 : 0.0003    recall@10 : 0.0041    recall@20 : 0.0061    mrr@10 : 0.0017    mrr@20 : 0.0019    hit@10 : 0.0041    hit@20 : 0.0061    ndcg@10 : 0.0022    ndcg@20 : 0.0028
Tue 18 Nov 2025 23:49:15 INFO  epoch 18 training [time: 0.07s, train loss: 3.7933]
Tue 18 Nov 2025 23:49:16 INFO  epoch 18 evaluating [time: 0.94s, valid_score: 0.002100]
Tue 18 Nov 2025 23:49:16 INFO  valid result: 
precision@10 : 0.0003    precision@20 : 0.0003    recall@10 : 0.0034    recall@20 : 0.0068    mrr@10 : 0.0017    mrr@20 : 0.0019    hit@10 : 0.0034    hit@20 : 0.0068    ndcg@10 : 0.0021    ndcg@20 : 0.0029
Tue 18 Nov 2025 23:49:16 INFO  epoch 19 training [time: 0.08s, train loss: 3.7508]
Tue 18 Nov 2025 23:49:17 INFO  epoch 19 evaluating [time: 1.03s, valid_score: 0.002100]
Tue 18 Nov 2025 23:49:17 INFO  valid result: 
precision@10 : 0.0003    precision@20 : 0.0003    recall@10 : 0.0034    recall@20 : 0.0068    mrr@10 : 0.0017    mrr@20 : 0.0019    hit@10 : 0.0034    hit@20 : 0.0068    ndcg@10 : 0.0021    ndcg@20 : 0.0029
Tue 18 Nov 2025 23:49:17 INFO  epoch 20 training [time: 0.08s, train loss: 3.7048]
Tue 18 Nov 2025 23:49:18 INFO  epoch 20 evaluating [time: 0.90s, valid_score: 0.002300]
Tue 18 Nov 2025 23:49:18 INFO  valid result: 
precision@10 : 0.0004    precision@20 : 0.0003    recall@10 : 0.0041    recall@20 : 0.0068    mrr@10 : 0.0018    mrr@20 : 0.002    hit@10 : 0.0041    hit@20 : 0.0068    ndcg@10 : 0.0023    ndcg@20 : 0.003
Tue 18 Nov 2025 23:49:18 INFO  epoch 21 training [time: 0.10s, train loss: 3.6534]
Tue 18 Nov 2025 23:49:19 INFO  epoch 21 evaluating [time: 0.99s, valid_score: 0.002100]
Tue 18 Nov 2025 23:49:19 INFO  valid result: 
precision@10 : 0.0003    precision@20 : 0.0004    recall@10 : 0.0034    recall@20 : 0.0075    mrr@10 : 0.0017    mrr@20 : 0.002    hit@10 : 0.0034    hit@20 : 0.0075    ndcg@10 : 0.0021    ndcg@20 : 0.0031
Tue 18 Nov 2025 23:49:19 INFO  Finished training, best eval result in epoch 15
Tue 18 Nov 2025 23:49:20 INFO  Loading model structure and parameters from saved\BPR-Nov-18-2025_23-48-55.pth
Tue 18 Nov 2025 23:49:21 INFO  The running environment of this training is as follows:
+-------------+----------------+
| Environment |     Usage      |
+=============+================+
| CPU         |    23.90 %     |
+-------------+----------------+
| GPU         |   0.0 / 0.0    |
+-------------+----------------+
| Memory      | 0.96 G/13.86 G |
+-------------+----------------+
Tue 18 Nov 2025 23:49:21 INFO  best valid : OrderedDict([('precision@10', np.float64(0.0005)), ('precision@20', np.float64(0.0003)), ('recall@10', np.float64(0.0048)), ('recall@20', np.float64(0.0061)), ('mrr@10', np.float64(0.0018)), ('mrr@20', np.float64(0.0018)), ('hit@10', np.float64(0.0048)), ('hit@20', np.float64(0.0061)), ('ndcg@10', np.float64(0.0024)), ('ndcg@20', np.float64(0.0027))])
Tue 18 Nov 2025 23:49:22 INFO  test result: OrderedDict([('precision@10', np.float64(0.0005)), ('precision@20', np.float64(0.0005)), ('recall@10', np.float64(0.0054)), ('recall@20', np.float64(0.0095)), ('mrr@10', np.float64(0.0019)), ('mrr@20', np.float64(0.0022)), ('hit@10', np.float64(0.0054)), ('hit@20', np.float64(0.0095)), ('ndcg@10', np.float64(0.0028)), ('ndcg@20', np.float64(0.0038))])
