Sat 13 Dec 2025 23:50:37 INFO  ['c:\\Users\\marti\\miniconda3\\envs\\bp_cuda\\Lib\\site-packages\\ipykernel_launcher.py', '--f=c:\\Users\\marti\\AppData\\Roaming\\jupyter\\runtime\\kernel-v3c445ff7fe94ae4af53429f549af66ad1608410b0.json']
Sat 13 Dec 2025 23:50:37 INFO  
General Hyper Parameters:
gpu_id = 0
use_gpu = True
seed = 2020
state = INFO
reproducibility = True
data_path = ./data/split/amazon_all_beauty\amazon_all_beauty--impB
checkpoint_dir = saved
show_progress = False
save_dataset = False
dataset_save_path = None
save_dataloaders = False
dataloaders_save_path = None
log_wandb = False

Training Hyper Parameters:
epochs = 50
train_batch_size = 2048
learner = adam
learning_rate = 0.001
train_neg_sample_args = {'distribution': 'uniform', 'sample_num': 1, 'alpha': 1.0, 'dynamic': False, 'candidate_num': 0}
eval_step = 1
stopping_step = 5
clip_grad_norm = None
weight_decay = 0.0
loss_decimal_place = 4

Evaluation Hyper Parameters:
eval_args = {'split': {'RS': [0, 0, 0]}, 'order': 'RO', 'group_by': 'user', 'mode': {'valid': 'uni100', 'test': 'uni100'}}
repeatable = False
metrics = ['Precision', 'Recall', 'MRR', 'Hit', 'NDCG']
topk = [10, 20]
valid_metric = NDCG@10
valid_metric_bigger = True
eval_batch_size = 4096
metric_decimal_place = 4

Dataset Hyper Parameters:
field_separator = 	
seq_separator =  
USER_ID_FIELD = user_id
ITEM_ID_FIELD = item_id
RATING_FIELD = rating
TIME_FIELD = timestamp
seq_len = None
LABEL_FIELD = label
threshold = None
NEG_PREFIX = neg_
load_col = {'inter': ['user_id', 'item_id', 'rating']}
unload_col = None
unused_col = None
additional_feat_suffix = None
rm_dup_inter = None
val_interval = None
filter_inter_by_user_or_item = True
user_inter_num_interval = [0,inf)
item_inter_num_interval = [0,inf)
alias_of_user_id = None
alias_of_item_id = None
alias_of_entity_id = None
alias_of_relation_id = None
preload_weight = None
normalize_field = None
normalize_all = None
ITEM_LIST_LENGTH_FIELD = item_length
LIST_SUFFIX = _list
MAX_ITEM_LIST_LENGTH = 50
POSITION_FIELD = position_id
HEAD_ENTITY_ID_FIELD = head_id
TAIL_ENTITY_ID_FIELD = tail_id
RELATION_ID_FIELD = relation_id
ENTITY_ID_FIELD = entity_id
benchmark_filename = ['train', 'valid', 'test']

Other Hyper Parameters: 
worker = 0
wandb_project = recbole
shuffle = True
require_pow = False
enable_amp = False
enable_scaler = False
transform = None
embedding_size = 64
numerical_features = []
discretization = None
kg_reverse_r = False
entity_kg_num_interval = [0,inf)
relation_kg_num_interval = [0,inf)
MODEL_TYPE = ModelType.GENERAL
num_workers = 4
pin_memory = True
test_args = {'mode': 'full'}
MODEL_INPUT_TYPE = InputType.PAIRWISE
eval_type = EvaluatorType.RANKING
single_spec = True
local_rank = 0
device = cuda
valid_neg_sample_args = {'distribution': 'uniform', 'sample_num': 100}
test_neg_sample_args = {'distribution': 'uniform', 'sample_num': 100}


Sat 13 Dec 2025 23:50:38 INFO  amazon_all_beauty--impB
The number of users: 999
Average actions of users: 9.731462925851703
The number of items: 4785
Average actions of items: 2.0301003344481607
The number of inters: 9712
The sparsity of the dataset: 99.79682922211659%
Remain Fields: ['user_id', 'item_id']
Sat 13 Dec 2025 23:50:38 INFO  [Training]: train_batch_size = [2048] train_neg_sample_args: [{'distribution': 'uniform', 'sample_num': 1, 'alpha': 1.0, 'dynamic': False, 'candidate_num': 0}]
Sat 13 Dec 2025 23:50:38 INFO  [Evaluation]: eval_batch_size = [4096] eval_args: [{'split': {'RS': [0, 0, 0]}, 'order': 'RO', 'group_by': 'user', 'mode': {'valid': 'uni100', 'test': 'uni100'}}]
Sat 13 Dec 2025 23:50:38 INFO  BPR(
  (user_embedding): Embedding(999, 64)
  (item_embedding): Embedding(4785, 64)
  (loss): BPRLoss()
)
Trainable parameters: 370176
Sat 13 Dec 2025 23:50:38 INFO  FLOPs: 128.0
Sat 13 Dec 2025 23:50:38 INFO  epoch 0 training [time: 0.09s, train loss: 2.7727]
Sat 13 Dec 2025 23:50:39 INFO  epoch 0 evaluating [time: 0.41s, valid_score: 0.049300]
Sat 13 Dec 2025 23:50:39 INFO  valid result: 
precision@10 : 0.0108    precision@20 : 0.01    recall@10 : 0.1082    recall@20 : 0.2004    mrr@10 : 0.0318    mrr@20 : 0.0379    hit@10 : 0.1082    hit@20 : 0.2004    ndcg@10 : 0.0493    ndcg@20 : 0.0723
Sat 13 Dec 2025 23:50:39 INFO  Saving current: saved\BPR-Dec-13-2025_23-50-38.pth
Sat 13 Dec 2025 23:50:39 INFO  epoch 1 training [time: 0.03s, train loss: 2.7651]
Sat 13 Dec 2025 23:50:39 INFO  epoch 1 evaluating [time: 0.31s, valid_score: 0.046500]
Sat 13 Dec 2025 23:50:39 INFO  valid result: 
precision@10 : 0.0102    precision@20 : 0.0098    recall@10 : 0.1022    recall@20 : 0.1964    mrr@10 : 0.0298    mrr@20 : 0.036    hit@10 : 0.1022    hit@20 : 0.1964    ndcg@10 : 0.0465    ndcg@20 : 0.0699
Sat 13 Dec 2025 23:50:39 INFO  epoch 2 training [time: 0.03s, train loss: 2.7594]
Sat 13 Dec 2025 23:50:40 INFO  epoch 2 evaluating [time: 0.31s, valid_score: 0.052400]
Sat 13 Dec 2025 23:50:40 INFO  valid result: 
precision@10 : 0.011    precision@20 : 0.0097    recall@10 : 0.1102    recall@20 : 0.1944    mrr@10 : 0.0352    mrr@20 : 0.0408    hit@10 : 0.1102    hit@20 : 0.1944    ndcg@10 : 0.0524    ndcg@20 : 0.0734
Sat 13 Dec 2025 23:50:40 INFO  Saving current: saved\BPR-Dec-13-2025_23-50-38.pth
Sat 13 Dec 2025 23:50:40 INFO  epoch 3 training [time: 0.03s, train loss: 2.7528]
Sat 13 Dec 2025 23:50:40 INFO  epoch 3 evaluating [time: 0.30s, valid_score: 0.048100]
Sat 13 Dec 2025 23:50:40 INFO  valid result: 
precision@10 : 0.0102    precision@20 : 0.0096    recall@10 : 0.1022    recall@20 : 0.1914    mrr@10 : 0.0319    mrr@20 : 0.0378    hit@10 : 0.1022    hit@20 : 0.1914    ndcg@10 : 0.0481    ndcg@20 : 0.0703
Sat 13 Dec 2025 23:50:40 INFO  epoch 4 training [time: 0.03s, train loss: 2.7468]
Sat 13 Dec 2025 23:50:40 INFO  epoch 4 evaluating [time: 0.30s, valid_score: 0.050200]
Sat 13 Dec 2025 23:50:40 INFO  valid result: 
precision@10 : 0.0107    precision@20 : 0.0096    recall@10 : 0.1072    recall@20 : 0.1914    mrr@10 : 0.0333    mrr@20 : 0.0388    hit@10 : 0.1072    hit@20 : 0.1914    ndcg@10 : 0.0502    ndcg@20 : 0.0711
Sat 13 Dec 2025 23:50:40 INFO  epoch 5 training [time: 0.04s, train loss: 2.7407]
Sat 13 Dec 2025 23:50:41 INFO  epoch 5 evaluating [time: 0.31s, valid_score: 0.048300]
Sat 13 Dec 2025 23:50:41 INFO  valid result: 
precision@10 : 0.0102    precision@20 : 0.0088    recall@10 : 0.1022    recall@20 : 0.1754    mrr@10 : 0.0321    mrr@20 : 0.0373    hit@10 : 0.1022    hit@20 : 0.1754    ndcg@10 : 0.0483    ndcg@20 : 0.0668
Sat 13 Dec 2025 23:50:41 INFO  epoch 6 training [time: 0.03s, train loss: 2.7337]
Sat 13 Dec 2025 23:50:41 INFO  epoch 6 evaluating [time: 0.32s, valid_score: 0.046300]
Sat 13 Dec 2025 23:50:41 INFO  valid result: 
precision@10 : 0.0098    precision@20 : 0.0092    recall@10 : 0.0982    recall@20 : 0.1834    mrr@10 : 0.0308    mrr@20 : 0.0365    hit@10 : 0.0982    hit@20 : 0.1834    ndcg@10 : 0.0463    ndcg@20 : 0.0676
Sat 13 Dec 2025 23:50:41 INFO  epoch 7 training [time: 0.03s, train loss: 2.7268]
Sat 13 Dec 2025 23:50:42 INFO  epoch 7 evaluating [time: 0.32s, valid_score: 0.046500]
Sat 13 Dec 2025 23:50:42 INFO  valid result: 
precision@10 : 0.0099    precision@20 : 0.0096    recall@10 : 0.0992    recall@20 : 0.1914    mrr@10 : 0.0306    mrr@20 : 0.0368    hit@10 : 0.0992    hit@20 : 0.1914    ndcg@10 : 0.0465    ndcg@20 : 0.0695
Sat 13 Dec 2025 23:50:42 INFO  epoch 8 training [time: 0.03s, train loss: 2.7188]
Sat 13 Dec 2025 23:50:42 INFO  epoch 8 evaluating [time: 0.31s, valid_score: 0.048900]
Sat 13 Dec 2025 23:50:42 INFO  valid result: 
precision@10 : 0.0101    precision@20 : 0.0096    recall@10 : 0.1012    recall@20 : 0.1914    mrr@10 : 0.0334    mrr@20 : 0.0395    hit@10 : 0.1012    hit@20 : 0.1914    ndcg@10 : 0.0489    ndcg@20 : 0.0715
Sat 13 Dec 2025 23:50:42 INFO  Finished training, best eval result in epoch 2
Sat 13 Dec 2025 23:50:42 INFO  Loading model structure and parameters from saved\BPR-Dec-13-2025_23-50-38.pth
Sat 13 Dec 2025 23:50:43 INFO  The running environment of this training is as follows:
+-------------+----------------+
| Environment |     Usage      |
+=============+================+
| CPU         |     9.20 %     |
+-------------+----------------+
| GPU         | 0.05 G/8.00 G  |
+-------------+----------------+
| Memory      | 2.23 G/15.26 G |
+-------------+----------------+
Sat 13 Dec 2025 23:50:43 INFO  best valid : OrderedDict([('precision@10', 0.011), ('precision@20', 0.0097), ('recall@10', 0.1102), ('recall@20', 0.1944), ('mrr@10', 0.0352), ('mrr@20', 0.0408), ('hit@10', 0.1102), ('hit@20', 0.1944), ('ndcg@10', 0.0524), ('ndcg@20', 0.0734)])
Sat 13 Dec 2025 23:50:43 INFO  test result: OrderedDict([('precision@10', 0.0097), ('precision@20', 0.0104), ('recall@10', 0.0972), ('recall@20', 0.2084), ('mrr@10', 0.0301), ('mrr@20', 0.0376), ('hit@10', 0.0972), ('hit@20', 0.2084), ('ndcg@10', 0.0454), ('ndcg@20', 0.0733)])
