Sun 14 Dec 2025 05:14:57 INFO  ['c:\\Users\\marti\\miniconda3\\envs\\bp_cuda\\Lib\\site-packages\\ipykernel_launcher.py', '--f=c:\\Users\\marti\\AppData\\Roaming\\jupyter\\runtime\\kernel-v3c445ff7fe94ae4af53429f549af66ad1608410b0.json']
Sun 14 Dec 2025 05:14:57 INFO  
General Hyper Parameters:
gpu_id = 0
use_gpu = True
seed = 2020
state = INFO
reproducibility = True
data_path = ./data/split/jester\jester--expR
checkpoint_dir = saved
show_progress = False
save_dataset = False
dataset_save_path = None
save_dataloaders = False
dataloaders_save_path = None
log_wandb = False

Training Hyper Parameters:
epochs = 50
train_batch_size = 2048
learner = adam
learning_rate = 0.001
train_neg_sample_args = {'distribution': 'uniform', 'sample_num': 1, 'alpha': 1.0, 'dynamic': False, 'candidate_num': 0}
eval_step = 1
stopping_step = 5
clip_grad_norm = None
weight_decay = 0.0
loss_decimal_place = 4

Evaluation Hyper Parameters:
eval_args = {'split': {'RS': [0, 0, 0]}, 'order': 'RO', 'group_by': 'user', 'mode': {'valid': 'uni100', 'test': 'uni100'}}
repeatable = False
metrics = ['Precision', 'Recall', 'MRR', 'Hit', 'NDCG']
topk = [10, 20]
valid_metric = NDCG@10
valid_metric_bigger = True
eval_batch_size = 4096
metric_decimal_place = 4

Dataset Hyper Parameters:
field_separator = 	
seq_separator =  
USER_ID_FIELD = user_id
ITEM_ID_FIELD = item_id
RATING_FIELD = rating
TIME_FIELD = timestamp
seq_len = None
LABEL_FIELD = label
threshold = None
NEG_PREFIX = neg_
load_col = {'inter': ['user_id', 'item_id', 'rating']}
unload_col = None
unused_col = None
additional_feat_suffix = None
rm_dup_inter = None
val_interval = None
filter_inter_by_user_or_item = True
user_inter_num_interval = [0,inf)
item_inter_num_interval = [0,inf)
alias_of_user_id = None
alias_of_item_id = None
alias_of_entity_id = None
alias_of_relation_id = None
preload_weight = None
normalize_field = None
normalize_all = None
ITEM_LIST_LENGTH_FIELD = item_length
LIST_SUFFIX = _list
MAX_ITEM_LIST_LENGTH = 50
POSITION_FIELD = position_id
HEAD_ENTITY_ID_FIELD = head_id
TAIL_ENTITY_ID_FIELD = tail_id
RELATION_ID_FIELD = relation_id
ENTITY_ID_FIELD = entity_id
benchmark_filename = ['train', 'valid', 'test']

Other Hyper Parameters: 
worker = 0
wandb_project = recbole
shuffle = True
require_pow = False
enable_amp = False
enable_scaler = False
transform = None
accum = stack
gcn_output_dim = 500
embedding_size = 64
dropout_prob = 0.3
sparse_feature = True
class_num = 2
num_basis_functions = 2
numerical_features = []
discretization = None
kg_reverse_r = False
entity_kg_num_interval = [0,inf)
relation_kg_num_interval = [0,inf)
MODEL_TYPE = ModelType.GENERAL
num_workers = 4
pin_memory = True
test_args = {'mode': 'full'}
MODEL_INPUT_TYPE = InputType.PAIRWISE
eval_type = EvaluatorType.RANKING
single_spec = True
local_rank = 0
device = cuda
valid_neg_sample_args = {'distribution': 'uniform', 'sample_num': 100}
test_neg_sample_args = {'distribution': 'uniform', 'sample_num': 100}


Sun 14 Dec 2025 05:15:11 INFO  jester--expR
The number of users: 73422
Average actions of users: 56.14529902888819
The number of items: 101
Average actions of items: 41222.44
The number of inters: 4122244
The sparsity of the dataset: 44.41135214281419%
Remain Fields: ['user_id', 'item_id', 'rating']
Sun 14 Dec 2025 05:15:13 INFO  [Training]: train_batch_size = [2048] train_neg_sample_args: [{'distribution': 'uniform', 'sample_num': 1, 'alpha': 1.0, 'dynamic': False, 'candidate_num': 0}]
Sun 14 Dec 2025 05:15:13 INFO  [Evaluation]: eval_batch_size = [4096] eval_args: [{'split': {'RS': [0, 0, 0]}, 'order': 'RO', 'group_by': 'user', 'mode': {'valid': 'uni100', 'test': 'uni100'}}]
Sun 14 Dec 2025 05:15:22 INFO  GCMC(
  (GcEncoder): GcEncoder(
    (dropout): Dropout(p=0.3, inplace=False)
    (sparse_dropout): SparseDropout()
    (activate): ReLU()
    (weights_u): ParameterList(  (0): Parameter containing: [torch.float32 of size 73523x500 (cuda:0)])
    (weights_v): ParameterList(  (0): Parameter containing: [torch.float32 of size 73523x500 (cuda:0)])
    (dense_layer_u): Linear(in_features=500, out_features=64, bias=False)
    (dense_layer_v): Linear(in_features=500, out_features=64, bias=False)
  )
  (BiDecoder): BiDecoder(
    (dropout): Dropout(p=0.0, inplace=False)
    (weights): ParameterList(
        (0): Parameter containing: [torch.float32 of size 64x64 (cuda:0)]
        (1): Parameter containing: [torch.float32 of size 64x64 (cuda:0)]
    )
    (dense_layer): Linear(in_features=2, out_features=2, bias=False)
  )
  (loss_function): CrossEntropyLoss()
)
Trainable parameters: 36801696
Sun 14 Dec 2025 05:15:22 INFO  FLOPs: 2352736004.0
Sun 14 Dec 2025 05:28:30 INFO  epoch 0 training [time: 787.68s, train loss: 881.0043]
Sun 14 Dec 2025 05:37:37 INFO  epoch 0 evaluating [time: 546.60s, valid_score: 0.732300]
Sun 14 Dec 2025 05:37:37 INFO  valid result: 
precision@10 : 0.0921    precision@20 : 0.0473    recall@10 : 0.9214    recall@20 : 0.9467    mrr@10 : 0.668    mrr@20 : 0.6697    hit@10 : 0.9214    hit@20 : 0.9467    ndcg@10 : 0.7323    ndcg@20 : 0.7386
Sun 14 Dec 2025 05:37:38 INFO  Saving current: saved\GCMC-Dec-14-2025_05-15-22.pth
Sun 14 Dec 2025 05:50:46 INFO  epoch 1 training [time: 787.89s, train loss: 829.5938]
Sun 14 Dec 2025 05:59:52 INFO  epoch 1 evaluating [time: 546.86s, valid_score: 0.730600]
Sun 14 Dec 2025 05:59:53 INFO  valid result: 
precision@10 : 0.092    precision@20 : 0.0473    recall@10 : 0.9201    recall@20 : 0.9469    mrr@10 : 0.6661    mrr@20 : 0.6679    hit@10 : 0.9201    hit@20 : 0.9469    ndcg@10 : 0.7306    ndcg@20 : 0.7373
Sun 14 Dec 2025 06:13:00 INFO  epoch 2 training [time: 787.64s, train loss: 815.4288]
Sun 14 Dec 2025 06:22:05 INFO  epoch 2 evaluating [time: 545.07s, valid_score: 0.731600]
Sun 14 Dec 2025 06:22:05 INFO  valid result: 
precision@10 : 0.0921    precision@20 : 0.0473    recall@10 : 0.9209    recall@20 : 0.9469    mrr@10 : 0.6672    mrr@20 : 0.669    hit@10 : 0.9209    hit@20 : 0.9469    ndcg@10 : 0.7316    ndcg@20 : 0.7381
Sun 14 Dec 2025 06:35:13 INFO  epoch 3 training [time: 787.68s, train loss: 811.1767]
Sun 14 Dec 2025 06:44:19 INFO  epoch 3 evaluating [time: 545.62s, valid_score: 0.731500]
Sun 14 Dec 2025 06:44:19 INFO  valid result: 
precision@10 : 0.092    precision@20 : 0.0474    recall@10 : 0.9196    recall@20 : 0.9472    mrr@10 : 0.6675    mrr@20 : 0.6694    hit@10 : 0.9196    hit@20 : 0.9472    ndcg@10 : 0.7315    ndcg@20 : 0.7384
Sun 14 Dec 2025 06:57:27 INFO  epoch 4 training [time: 787.51s, train loss: 806.1608]
Sun 14 Dec 2025 07:06:34 INFO  epoch 4 evaluating [time: 547.03s, valid_score: 0.731000]
Sun 14 Dec 2025 07:06:34 INFO  valid result: 
precision@10 : 0.092    precision@20 : 0.0473    recall@10 : 0.9199    recall@20 : 0.9468    mrr@10 : 0.6668    mrr@20 : 0.6686    hit@10 : 0.9199    hit@20 : 0.9468    ndcg@10 : 0.731    ndcg@20 : 0.7378
Sun 14 Dec 2025 07:19:41 INFO  epoch 5 training [time: 787.45s, train loss: 800.0958]
Sun 14 Dec 2025 07:28:47 INFO  epoch 5 evaluating [time: 545.72s, valid_score: 0.731100]
Sun 14 Dec 2025 07:28:47 INFO  valid result: 
precision@10 : 0.0919    precision@20 : 0.0474    recall@10 : 0.9188    recall@20 : 0.9471    mrr@10 : 0.6671    mrr@20 : 0.669    hit@10 : 0.9188    hit@20 : 0.9471    ndcg@10 : 0.7311    ndcg@20 : 0.7381
Sun 14 Dec 2025 07:41:55 INFO  epoch 6 training [time: 787.54s, train loss: 795.3241]
Sun 14 Dec 2025 07:51:01 INFO  epoch 6 evaluating [time: 546.03s, valid_score: 0.730400]
Sun 14 Dec 2025 07:51:01 INFO  valid result: 
precision@10 : 0.0918    precision@20 : 0.0473    recall@10 : 0.9183    recall@20 : 0.9469    mrr@10 : 0.6665    mrr@20 : 0.6684    hit@10 : 0.9183    hit@20 : 0.9469    ndcg@10 : 0.7304    ndcg@20 : 0.7376
Sun 14 Dec 2025 07:51:01 INFO  Finished training, best eval result in epoch 0
Sun 14 Dec 2025 07:51:01 INFO  Loading model structure and parameters from saved\GCMC-Dec-14-2025_05-15-22.pth
Sun 14 Dec 2025 08:02:51 INFO  The running environment of this training is as follows:
+-------------+----------------+
| Environment |     Usage      |
+=============+================+
| CPU         |     5.10 %     |
+-------------+----------------+
| GPU         | 4.52 G/8.00 G  |
+-------------+----------------+
| Memory      | 1.95 G/15.26 G |
+-------------+----------------+
Sun 14 Dec 2025 08:02:51 INFO  best valid : OrderedDict([('precision@10', 0.0921), ('precision@20', 0.0473), ('recall@10', 0.9214), ('recall@20', 0.9467), ('mrr@10', 0.668), ('mrr@20', 0.6697), ('hit@10', 0.9214), ('hit@20', 0.9467), ('ndcg@10', 0.7323), ('ndcg@20', 0.7386)])
Sun 14 Dec 2025 08:02:52 INFO  test result: OrderedDict([('precision@10', 0.0924), ('precision@20', 0.0474), ('recall@10', 0.9243), ('recall@20', 0.9474), ('mrr@10', 0.8123), ('mrr@20', 0.8138), ('hit@10', 0.9243), ('hit@20', 0.9474), ('ndcg@10', 0.8403), ('ndcg@20', 0.8461)])
