Tue 25 Nov 2025 12:50:25 INFO  ['c:\\Users\\martin\\miniconda3\\envs\\bp\\Lib\\site-packages\\ipykernel_launcher.py', '--f=c:\\Users\\martin\\AppData\\Roaming\\jupyter\\runtime\\kernel-v37b5ce5c0a0616507b789b915955a5c90e82de67f.json']
Tue 25 Nov 2025 12:50:25 INFO  
General Hyper Parameters:
gpu_id = 0
use_gpu = True
seed = 2020
state = INFO
reproducibility = True
data_path = ./data/split/jester\jester--impR
checkpoint_dir = saved
show_progress = True
save_dataset = False
dataset_save_path = None
save_dataloaders = False
dataloaders_save_path = None
log_wandb = False

Training Hyper Parameters:
epochs = 50
train_batch_size = 2048
learner = adam
learning_rate = 0.001
train_neg_sample_args = {'distribution': 'uniform', 'sample_num': 1, 'alpha': 1.0, 'dynamic': False, 'candidate_num': 0}
eval_step = 1
stopping_step = 5
clip_grad_norm = None
weight_decay = 0.0
loss_decimal_place = 4

Evaluation Hyper Parameters:
eval_args = {'split': {'RS': [0, 0, 0]}, 'order': 'RO', 'group_by': 'user', 'mode': {'valid': 'full', 'test': 'full'}}
repeatable = False
metrics = ['Precision', 'Recall', 'MRR', 'Hit', 'NDCG']
topk = [10, 20]
valid_metric = NDCG@10
valid_metric_bigger = True
eval_batch_size = 4096
metric_decimal_place = 4

Dataset Hyper Parameters:
field_separator = 	
seq_separator =  
USER_ID_FIELD = user_id
ITEM_ID_FIELD = item_id
RATING_FIELD = rating
TIME_FIELD = timestamp
seq_len = None
LABEL_FIELD = label
threshold = None
NEG_PREFIX = neg_
load_col = {'inter': ['user_id', 'item_id']}
unload_col = None
unused_col = None
additional_feat_suffix = None
rm_dup_inter = None
val_interval = None
filter_inter_by_user_or_item = True
user_inter_num_interval = [0,inf)
item_inter_num_interval = [0,inf)
alias_of_user_id = None
alias_of_item_id = None
alias_of_entity_id = None
alias_of_relation_id = None
preload_weight = None
normalize_field = None
normalize_all = None
ITEM_LIST_LENGTH_FIELD = item_length
LIST_SUFFIX = _list
MAX_ITEM_LIST_LENGTH = 50
POSITION_FIELD = position_id
HEAD_ENTITY_ID_FIELD = head_id
TAIL_ENTITY_ID_FIELD = tail_id
RELATION_ID_FIELD = relation_id
ENTITY_ID_FIELD = entity_id
benchmark_filename = ['train', 'valid', 'test']

Other Hyper Parameters: 
worker = 0
wandb_project = recbole
shuffle = True
require_pow = False
enable_amp = False
enable_scaler = False
transform = None
accum = stack
gcn_output_dim = 500
embedding_size = 64
dropout_prob = 0.3
sparse_feature = True
class_num = 2
num_basis_functions = 2
numerical_features = []
discretization = None
kg_reverse_r = False
entity_kg_num_interval = [0,inf)
relation_kg_num_interval = [0,inf)
MODEL_TYPE = ModelType.GENERAL
test_args = {'mode': 'full'}
MODEL_INPUT_TYPE = InputType.PAIRWISE
eval_type = EvaluatorType.RANKING
single_spec = True
local_rank = 0
device = cpu
valid_neg_sample_args = {'distribution': 'uniform', 'sample_num': 'none'}
test_neg_sample_args = {'distribution': 'uniform', 'sample_num': 'none'}


Tue 25 Nov 2025 12:50:27 INFO  jester--impR
The number of users: 50098
Average actions of users: 20.228696329121505
The number of items: 101
Average actions of items: 10133.97
The number of inters: 1013397
The sparsity of the dataset: 79.9719875776152%
Remain Fields: ['user_id', 'item_id']
Tue 25 Nov 2025 12:50:30 INFO  [Training]: train_batch_size = [2048] train_neg_sample_args: [{'distribution': 'uniform', 'sample_num': 1, 'alpha': 1.0, 'dynamic': False, 'candidate_num': 0}]
Tue 25 Nov 2025 12:50:30 INFO  [Evaluation]: eval_batch_size = [4096] eval_args: [{'split': {'RS': [0, 0, 0]}, 'order': 'RO', 'group_by': 'user', 'mode': {'valid': 'full', 'test': 'full'}}]
Tue 25 Nov 2025 12:50:32 INFO  GCMC(
  (GcEncoder): GcEncoder(
    (dropout): Dropout(p=0.3, inplace=False)
    (sparse_dropout): SparseDropout()
    (activate): ReLU()
    (weights_u): ParameterList(  (0): Parameter containing: [torch.float32 of size 50199x500])
    (weights_v): ParameterList(  (0): Parameter containing: [torch.float32 of size 50199x500])
    (dense_layer_u): Linear(in_features=500, out_features=64, bias=False)
    (dense_layer_v): Linear(in_features=500, out_features=64, bias=False)
  )
  (BiDecoder): BiDecoder(
    (dropout): Dropout(p=0.0, inplace=False)
    (weights): ParameterList(
        (0): Parameter containing: [torch.float32 of size 64x64]
        (1): Parameter containing: [torch.float32 of size 64x64]
    )
    (dense_layer): Linear(in_features=2, out_features=2, bias=False)
  )
  (loss_function): CrossEntropyLoss()
)
Trainable parameters: 25139696
Tue 25 Nov 2025 12:50:33 INFO  FLOPs: 1606368004.0
Tue 25 Nov 2025 13:08:08 INFO  epoch 0 training [time: 1053.01s, train loss: 260.1098]
Tue 25 Nov 2025 13:30:55 INFO  epoch 0 evaluating [time: 1366.91s, valid_score: 0.252500]
Tue 25 Nov 2025 13:30:55 INFO  valid result: 
precision@10 : 0.0488    precision@20 : 0.0342    recall@10 : 0.4877    recall@20 : 0.6832    mrr@10 : 0.1814    mrr@20 : 0.1951    hit@10 : 0.4877    hit@20 : 0.6832    ndcg@10 : 0.2525    ndcg@20 : 0.302
Tue 25 Nov 2025 13:30:55 INFO  Saving current: saved\GCMC-Nov-25-2025_12-50-33.pth
Tue 25 Nov 2025 13:49:35 INFO  epoch 1 training [time: 1120.41s, train loss: 240.5098]
Tue 25 Nov 2025 14:12:46 INFO  epoch 1 evaluating [time: 1390.71s, valid_score: 0.262300]
Tue 25 Nov 2025 14:12:46 INFO  valid result: 
precision@10 : 0.0502    precision@20 : 0.0352    recall@10 : 0.5023    recall@20 : 0.703    mrr@10 : 0.1897    mrr@20 : 0.2037    hit@10 : 0.5023    hit@20 : 0.703    ndcg@10 : 0.2623    ndcg@20 : 0.3132
Tue 25 Nov 2025 14:12:47 INFO  Saving current: saved\GCMC-Nov-25-2025_12-50-33.pth
Tue 25 Nov 2025 14:31:29 INFO  epoch 2 training [time: 1122.45s, train loss: 232.1282]
Tue 25 Nov 2025 14:53:32 INFO  epoch 2 evaluating [time: 1323.30s, valid_score: 0.259800]
Tue 25 Nov 2025 14:53:32 INFO  valid result: 
precision@10 : 0.05    precision@20 : 0.035    recall@10 : 0.4998    recall@20 : 0.7008    mrr@10 : 0.1873    mrr@20 : 0.2013    hit@10 : 0.4998    hit@20 : 0.7008    ndcg@10 : 0.2598    ndcg@20 : 0.3108
Tue 25 Nov 2025 15:11:39 INFO  epoch 3 training [time: 1087.11s, train loss: 230.3806]
Tue 25 Nov 2025 15:33:56 INFO  epoch 3 evaluating [time: 1336.33s, valid_score: 0.268900]
Tue 25 Nov 2025 15:33:56 INFO  valid result: 
precision@10 : 0.0513    precision@20 : 0.0354    recall@10 : 0.5127    recall@20 : 0.7081    mrr@10 : 0.195    mrr@20 : 0.2086    hit@10 : 0.5127    hit@20 : 0.7081    ndcg@10 : 0.2689    ndcg@20 : 0.3184
Tue 25 Nov 2025 15:33:56 INFO  Saving current: saved\GCMC-Nov-25-2025_12-50-33.pth
Tue 25 Nov 2025 15:52:25 INFO  epoch 4 training [time: 1108.32s, train loss: 223.9648]
Tue 25 Nov 2025 16:14:38 INFO  epoch 4 evaluating [time: 1332.93s, valid_score: 0.277300]
Tue 25 Nov 2025 16:14:38 INFO  valid result: 
precision@10 : 0.0522    precision@20 : 0.0359    recall@10 : 0.5216    recall@20 : 0.7177    mrr@10 : 0.2031    mrr@20 : 0.2168    hit@10 : 0.5216    hit@20 : 0.7177    ndcg@10 : 0.2773    ndcg@20 : 0.3269
Tue 25 Nov 2025 16:14:38 INFO  Saving current: saved\GCMC-Nov-25-2025_12-50-33.pth
Tue 25 Nov 2025 16:33:53 INFO  epoch 5 training [time: 1154.73s, train loss: 221.5631]
Tue 25 Nov 2025 16:57:30 INFO  epoch 5 evaluating [time: 1417.35s, valid_score: 0.280000]
Tue 25 Nov 2025 16:57:30 INFO  valid result: 
precision@10 : 0.0525    precision@20 : 0.0361    recall@10 : 0.5251    recall@20 : 0.723    mrr@10 : 0.2056    mrr@20 : 0.2194    hit@10 : 0.5251    hit@20 : 0.723    ndcg@10 : 0.28    ndcg@20 : 0.3301
Tue 25 Nov 2025 16:57:30 INFO  Saving current: saved\GCMC-Nov-25-2025_12-50-33.pth
Tue 25 Nov 2025 17:16:19 INFO  epoch 6 training [time: 1129.03s, train loss: 220.4940]
Tue 25 Nov 2025 17:39:53 INFO  epoch 6 evaluating [time: 1413.64s, valid_score: 0.279500]
Tue 25 Nov 2025 17:39:53 INFO  valid result: 
precision@10 : 0.0526    precision@20 : 0.0362    recall@10 : 0.5259    recall@20 : 0.7243    mrr@10 : 0.2046    mrr@20 : 0.2185    hit@10 : 0.5259    hit@20 : 0.7243    ndcg@10 : 0.2795    ndcg@20 : 0.3297
Tue 25 Nov 2025 17:58:53 INFO  epoch 7 training [time: 1139.79s, train loss: 220.3134]
Tue 25 Nov 2025 18:22:33 INFO  epoch 7 evaluating [time: 1419.67s, valid_score: 0.279800]
Tue 25 Nov 2025 18:22:33 INFO  valid result: 
precision@10 : 0.0528    precision@20 : 0.0363    recall@10 : 0.5283    recall@20 : 0.7256    mrr@10 : 0.2045    mrr@20 : 0.2182    hit@10 : 0.5283    hit@20 : 0.7256    ndcg@10 : 0.2798    ndcg@20 : 0.3298
Tue 25 Nov 2025 18:41:33 INFO  epoch 8 training [time: 1140.18s, train loss: 219.8620]
Tue 25 Nov 2025 19:05:17 INFO  epoch 8 evaluating [time: 1424.49s, valid_score: 0.276700]
Tue 25 Nov 2025 19:05:17 INFO  valid result: 
precision@10 : 0.0525    precision@20 : 0.0362    recall@10 : 0.5247    recall@20 : 0.7242    mrr@10 : 0.2014    mrr@20 : 0.2153    hit@10 : 0.5247    hit@20 : 0.7242    ndcg@10 : 0.2767    ndcg@20 : 0.3272
Tue 25 Nov 2025 19:24:17 INFO  epoch 9 training [time: 1139.39s, train loss: 218.9393]
Tue 25 Nov 2025 19:48:05 INFO  epoch 9 evaluating [time: 1428.62s, valid_score: 0.275300]
Tue 25 Nov 2025 19:48:05 INFO  valid result: 
precision@10 : 0.0523    precision@20 : 0.0362    recall@10 : 0.5225    recall@20 : 0.7241    mrr@10 : 0.2003    mrr@20 : 0.2143    hit@10 : 0.5225    hit@20 : 0.7241    ndcg@10 : 0.2753    ndcg@20 : 0.3263
Tue 25 Nov 2025 20:07:06 INFO  epoch 10 training [time: 1141.12s, train loss: 217.9030]
Tue 25 Nov 2025 20:31:01 INFO  epoch 10 evaluating [time: 1434.76s, valid_score: 0.274700]
Tue 25 Nov 2025 20:31:01 INFO  valid result: 
precision@10 : 0.0521    precision@20 : 0.036    recall@10 : 0.5205    recall@20 : 0.7197    mrr@10 : 0.2002    mrr@20 : 0.2141    hit@10 : 0.5205    hit@20 : 0.7197    ndcg@10 : 0.2747    ndcg@20 : 0.3252
Tue 25 Nov 2025 20:50:03 INFO  epoch 11 training [time: 1142.03s, train loss: 215.8601]
Tue 25 Nov 2025 21:14:00 INFO  epoch 11 evaluating [time: 1436.94s, valid_score: 0.277400]
Tue 25 Nov 2025 21:14:00 INFO  valid result: 
precision@10 : 0.0524    precision@20 : 0.0362    recall@10 : 0.5238    recall@20 : 0.7232    mrr@10 : 0.2026    mrr@20 : 0.2165    hit@10 : 0.5238    hit@20 : 0.7232    ndcg@10 : 0.2774    ndcg@20 : 0.3279
Tue 25 Nov 2025 21:14:00 INFO  Finished training, best eval result in epoch 5
Tue 25 Nov 2025 21:14:00 INFO  Loading model structure and parameters from saved\GCMC-Nov-25-2025_12-50-33.pth
Tue 25 Nov 2025 21:37:56 INFO  The running environment of this training is as follows:
+-------------+----------------+
| Environment |     Usage      |
+=============+================+
| CPU         |     3.70 %     |
+-------------+----------------+
| GPU         |   0.0 / 0.0    |
+-------------+----------------+
| Memory      | 1.04 G/13.86 G |
+-------------+----------------+
Tue 25 Nov 2025 21:37:56 INFO  best valid : OrderedDict([('precision@10', 0.0525), ('precision@20', 0.0361), ('recall@10', 0.5251), ('recall@20', 0.723), ('mrr@10', 0.2056), ('mrr@20', 0.2194), ('hit@10', 0.5251), ('hit@20', 0.723), ('ndcg@10', 0.28), ('ndcg@20', 0.3301)])
Tue 25 Nov 2025 21:37:56 INFO  test result: OrderedDict([('precision@10', 0.0542), ('precision@20', 0.0368), ('recall@10', 0.5423), ('recall@20', 0.7354), ('mrr@10', 0.2202), ('mrr@20', 0.2336), ('hit@10', 0.5423), ('hit@20', 0.7354), ('ndcg@10', 0.2954), ('ndcg@20', 0.3443)])
