Sun 14 Dec 2025 04:39:43 INFO  ['c:\\Users\\marti\\miniconda3\\envs\\bp_cuda\\Lib\\site-packages\\ipykernel_launcher.py', '--f=c:\\Users\\marti\\AppData\\Roaming\\jupyter\\runtime\\kernel-v3c445ff7fe94ae4af53429f549af66ad1608410b0.json']
Sun 14 Dec 2025 04:39:43 INFO  
General Hyper Parameters:
gpu_id = 0
use_gpu = True
seed = 2020
state = INFO
reproducibility = True
data_path = ./data/split/jester\jester--impR
checkpoint_dir = saved
show_progress = False
save_dataset = False
dataset_save_path = None
save_dataloaders = False
dataloaders_save_path = None
log_wandb = False

Training Hyper Parameters:
epochs = 50
train_batch_size = 2048
learner = adam
learning_rate = 0.001
train_neg_sample_args = {'distribution': 'uniform', 'sample_num': 1, 'alpha': 1.0, 'dynamic': False, 'candidate_num': 0}
eval_step = 1
stopping_step = 5
clip_grad_norm = None
weight_decay = 0.0
loss_decimal_place = 4

Evaluation Hyper Parameters:
eval_args = {'split': {'RS': [0, 0, 0]}, 'order': 'RO', 'group_by': 'user', 'mode': {'valid': 'uni100', 'test': 'uni100'}}
repeatable = False
metrics = ['Precision', 'Recall', 'MRR', 'Hit', 'NDCG']
topk = [10, 20]
valid_metric = NDCG@10
valid_metric_bigger = True
eval_batch_size = 4096
metric_decimal_place = 4

Dataset Hyper Parameters:
field_separator = 	
seq_separator =  
USER_ID_FIELD = user_id
ITEM_ID_FIELD = item_id
RATING_FIELD = rating
TIME_FIELD = timestamp
seq_len = None
LABEL_FIELD = label
threshold = None
NEG_PREFIX = neg_
load_col = {'inter': ['user_id', 'item_id', 'rating']}
unload_col = None
unused_col = None
additional_feat_suffix = None
rm_dup_inter = None
val_interval = None
filter_inter_by_user_or_item = True
user_inter_num_interval = [0,inf)
item_inter_num_interval = [0,inf)
alias_of_user_id = None
alias_of_item_id = None
alias_of_entity_id = None
alias_of_relation_id = None
preload_weight = None
normalize_field = None
normalize_all = None
ITEM_LIST_LENGTH_FIELD = item_length
LIST_SUFFIX = _list
MAX_ITEM_LIST_LENGTH = 50
POSITION_FIELD = position_id
HEAD_ENTITY_ID_FIELD = head_id
TAIL_ENTITY_ID_FIELD = tail_id
RELATION_ID_FIELD = relation_id
ENTITY_ID_FIELD = entity_id
benchmark_filename = ['train', 'valid', 'test']

Other Hyper Parameters: 
worker = 0
wandb_project = recbole
shuffle = True
require_pow = False
enable_amp = False
enable_scaler = False
transform = None
accum = stack
gcn_output_dim = 500
embedding_size = 64
dropout_prob = 0.3
sparse_feature = True
class_num = 2
num_basis_functions = 2
numerical_features = []
discretization = None
kg_reverse_r = False
entity_kg_num_interval = [0,inf)
relation_kg_num_interval = [0,inf)
MODEL_TYPE = ModelType.GENERAL
num_workers = 4
pin_memory = True
test_args = {'mode': 'full'}
MODEL_INPUT_TYPE = InputType.PAIRWISE
eval_type = EvaluatorType.RANKING
single_spec = True
local_rank = 0
device = cuda
valid_neg_sample_args = {'distribution': 'uniform', 'sample_num': 100}
test_neg_sample_args = {'distribution': 'uniform', 'sample_num': 100}


Sun 14 Dec 2025 04:39:49 INFO  jester--impR
The number of users: 50098
Average actions of users: 20.228696329121505
The number of items: 101
Average actions of items: 10133.97
The number of inters: 1013397
The sparsity of the dataset: 79.9719875776152%
Remain Fields: ['user_id', 'item_id', 'rating']
Sun 14 Dec 2025 04:39:51 INFO  [Training]: train_batch_size = [2048] train_neg_sample_args: [{'distribution': 'uniform', 'sample_num': 1, 'alpha': 1.0, 'dynamic': False, 'candidate_num': 0}]
Sun 14 Dec 2025 04:39:51 INFO  [Evaluation]: eval_batch_size = [4096] eval_args: [{'split': {'RS': [0, 0, 0]}, 'order': 'RO', 'group_by': 'user', 'mode': {'valid': 'uni100', 'test': 'uni100'}}]
Sun 14 Dec 2025 04:39:53 INFO  GCMC(
  (GcEncoder): GcEncoder(
    (dropout): Dropout(p=0.3, inplace=False)
    (sparse_dropout): SparseDropout()
    (activate): ReLU()
    (weights_u): ParameterList(  (0): Parameter containing: [torch.float32 of size 50199x500 (cuda:0)])
    (weights_v): ParameterList(  (0): Parameter containing: [torch.float32 of size 50199x500 (cuda:0)])
    (dense_layer_u): Linear(in_features=500, out_features=64, bias=False)
    (dense_layer_v): Linear(in_features=500, out_features=64, bias=False)
  )
  (BiDecoder): BiDecoder(
    (dropout): Dropout(p=0.0, inplace=False)
    (weights): ParameterList(
        (0): Parameter containing: [torch.float32 of size 64x64 (cuda:0)]
        (1): Parameter containing: [torch.float32 of size 64x64 (cuda:0)]
    )
    (dense_layer): Linear(in_features=2, out_features=2, bias=False)
  )
  (loss_function): CrossEntropyLoss()
)
Trainable parameters: 25139696
Sun 14 Dec 2025 04:39:53 INFO  FLOPs: 1606368004.0
Sun 14 Dec 2025 04:40:40 INFO  epoch 0 training [time: 46.86s, train loss: 258.4252]
Sun 14 Dec 2025 04:41:52 INFO  epoch 0 evaluating [time: 72.23s, valid_score: 0.309100]
Sun 14 Dec 2025 04:41:52 INFO  valid result: 
precision@10 : 0.0579    precision@20 : 0.0383    recall@10 : 0.5787    recall@20 : 0.7657    mrr@10 : 0.2271    mrr@20 : 0.2402    hit@10 : 0.5787    hit@20 : 0.7657    ndcg@10 : 0.3091    ndcg@20 : 0.3566
Sun 14 Dec 2025 04:41:53 INFO  Saving current: saved\GCMC-Dec-14-2025_04-39-53.pth
Sun 14 Dec 2025 04:42:40 INFO  epoch 1 training [time: 46.90s, train loss: 235.5774]
Sun 14 Dec 2025 04:43:52 INFO  epoch 1 evaluating [time: 72.01s, valid_score: 0.324400]
Sun 14 Dec 2025 04:43:52 INFO  valid result: 
precision@10 : 0.0601    precision@20 : 0.0396    recall@10 : 0.601    recall@20 : 0.7919    mrr@10 : 0.2401    mrr@20 : 0.2534    hit@10 : 0.601    hit@20 : 0.7919    ndcg@10 : 0.3244    ndcg@20 : 0.3727
Sun 14 Dec 2025 04:43:52 INFO  Saving current: saved\GCMC-Dec-14-2025_04-39-53.pth
Sun 14 Dec 2025 04:44:39 INFO  epoch 2 training [time: 46.92s, train loss: 231.5613]
Sun 14 Dec 2025 04:45:52 INFO  epoch 2 evaluating [time: 72.17s, valid_score: 0.323200]
Sun 14 Dec 2025 04:45:52 INFO  valid result: 
precision@10 : 0.0604    precision@20 : 0.0396    recall@10 : 0.6044    recall@20 : 0.7923    mrr@10 : 0.2376    mrr@20 : 0.2508    hit@10 : 0.6044    hit@20 : 0.7923    ndcg@10 : 0.3232    ndcg@20 : 0.3709
Sun 14 Dec 2025 04:46:39 INFO  epoch 3 training [time: 46.94s, train loss: 229.0410]
Sun 14 Dec 2025 04:47:51 INFO  epoch 3 evaluating [time: 72.21s, valid_score: 0.329800]
Sun 14 Dec 2025 04:47:51 INFO  valid result: 
precision@10 : 0.0608    precision@20 : 0.0399    recall@10 : 0.6083    recall@20 : 0.7989    mrr@10 : 0.2449    mrr@20 : 0.2582    hit@10 : 0.6083    hit@20 : 0.7989    ndcg@10 : 0.3298    ndcg@20 : 0.3781
Sun 14 Dec 2025 04:47:52 INFO  Saving current: saved\GCMC-Dec-14-2025_04-39-53.pth
Sun 14 Dec 2025 04:48:38 INFO  epoch 4 training [time: 46.88s, train loss: 225.7951]
Sun 14 Dec 2025 04:49:51 INFO  epoch 4 evaluating [time: 72.12s, valid_score: 0.336200]
Sun 14 Dec 2025 04:49:51 INFO  valid result: 
precision@10 : 0.0619    precision@20 : 0.0403    recall@10 : 0.6189    recall@20 : 0.8062    mrr@10 : 0.2499    mrr@20 : 0.2631    hit@10 : 0.6189    hit@20 : 0.8062    ndcg@10 : 0.3362    ndcg@20 : 0.3837
Sun 14 Dec 2025 04:49:51 INFO  Saving current: saved\GCMC-Dec-14-2025_04-39-53.pth
Sun 14 Dec 2025 04:50:38 INFO  epoch 5 training [time: 46.90s, train loss: 221.7933]
Sun 14 Dec 2025 04:51:50 INFO  epoch 5 evaluating [time: 72.04s, valid_score: 0.338600]
Sun 14 Dec 2025 04:51:50 INFO  valid result: 
precision@10 : 0.0622    precision@20 : 0.0406    recall@10 : 0.6223    recall@20 : 0.8111    mrr@10 : 0.252    mrr@20 : 0.2652    hit@10 : 0.6223    hit@20 : 0.8111    ndcg@10 : 0.3386    ndcg@20 : 0.3865
Sun 14 Dec 2025 04:51:51 INFO  Saving current: saved\GCMC-Dec-14-2025_04-39-53.pth
Sun 14 Dec 2025 04:52:38 INFO  epoch 6 training [time: 46.90s, train loss: 220.8795]
Sun 14 Dec 2025 04:53:50 INFO  epoch 6 evaluating [time: 72.41s, valid_score: 0.338700]
Sun 14 Dec 2025 04:53:50 INFO  valid result: 
precision@10 : 0.0622    precision@20 : 0.0405    recall@10 : 0.6218    recall@20 : 0.8101    mrr@10 : 0.2523    mrr@20 : 0.2655    hit@10 : 0.6218    hit@20 : 0.8101    ndcg@10 : 0.3387    ndcg@20 : 0.3865
Sun 14 Dec 2025 04:53:51 INFO  Saving current: saved\GCMC-Dec-14-2025_04-39-53.pth
Sun 14 Dec 2025 04:54:38 INFO  epoch 7 training [time: 46.89s, train loss: 219.8796]
Sun 14 Dec 2025 04:55:50 INFO  epoch 7 evaluating [time: 72.11s, valid_score: 0.337700]
Sun 14 Dec 2025 04:55:50 INFO  valid result: 
precision@10 : 0.0621    precision@20 : 0.0405    recall@10 : 0.6211    recall@20 : 0.8103    mrr@10 : 0.2513    mrr@20 : 0.2645    hit@10 : 0.6211    hit@20 : 0.8103    ndcg@10 : 0.3377    ndcg@20 : 0.3857
Sun 14 Dec 2025 04:56:37 INFO  epoch 8 training [time: 46.93s, train loss: 217.9283]
Sun 14 Dec 2025 04:57:49 INFO  epoch 8 evaluating [time: 71.81s, valid_score: 0.341700]
Sun 14 Dec 2025 04:57:49 INFO  valid result: 
precision@10 : 0.0622    precision@20 : 0.0407    recall@10 : 0.6225    recall@20 : 0.8139    mrr@10 : 0.2559    mrr@20 : 0.2693    hit@10 : 0.6225    hit@20 : 0.8139    ndcg@10 : 0.3417    ndcg@20 : 0.3903
Sun 14 Dec 2025 04:57:49 INFO  Saving current: saved\GCMC-Dec-14-2025_04-39-53.pth
Sun 14 Dec 2025 04:58:36 INFO  epoch 9 training [time: 46.94s, train loss: 214.9936]
Sun 14 Dec 2025 04:59:48 INFO  epoch 9 evaluating [time: 71.84s, valid_score: 0.343100]
Sun 14 Dec 2025 04:59:48 INFO  valid result: 
precision@10 : 0.0625    precision@20 : 0.0407    recall@10 : 0.6249    recall@20 : 0.8136    mrr@10 : 0.2569    mrr@20 : 0.2701    hit@10 : 0.6249    hit@20 : 0.8136    ndcg@10 : 0.3431    ndcg@20 : 0.3909
Sun 14 Dec 2025 04:59:49 INFO  Saving current: saved\GCMC-Dec-14-2025_04-39-53.pth
Sun 14 Dec 2025 05:00:36 INFO  epoch 10 training [time: 46.92s, train loss: 212.9366]
Sun 14 Dec 2025 05:01:48 INFO  epoch 10 evaluating [time: 71.84s, valid_score: 0.343900]
Sun 14 Dec 2025 05:01:48 INFO  valid result: 
precision@10 : 0.0626    precision@20 : 0.0408    recall@10 : 0.6263    recall@20 : 0.8154    mrr@10 : 0.2576    mrr@20 : 0.2709    hit@10 : 0.6263    hit@20 : 0.8154    ndcg@10 : 0.3439    ndcg@20 : 0.3919
Sun 14 Dec 2025 05:01:48 INFO  Saving current: saved\GCMC-Dec-14-2025_04-39-53.pth
Sun 14 Dec 2025 05:02:35 INFO  epoch 11 training [time: 46.91s, train loss: 212.2018]
Sun 14 Dec 2025 05:03:47 INFO  epoch 11 evaluating [time: 72.12s, valid_score: 0.340300]
Sun 14 Dec 2025 05:03:47 INFO  valid result: 
precision@10 : 0.0624    precision@20 : 0.0407    recall@10 : 0.6237    recall@20 : 0.8136    mrr@10 : 0.2537    mrr@20 : 0.267    hit@10 : 0.6237    hit@20 : 0.8136    ndcg@10 : 0.3403    ndcg@20 : 0.3885
Sun 14 Dec 2025 05:04:34 INFO  epoch 12 training [time: 46.92s, train loss: 211.2207]
Sun 14 Dec 2025 05:05:47 INFO  epoch 12 evaluating [time: 72.23s, valid_score: 0.342400]
Sun 14 Dec 2025 05:05:47 INFO  valid result: 
precision@10 : 0.0625    precision@20 : 0.0407    recall@10 : 0.6251    recall@20 : 0.8132    mrr@10 : 0.256    mrr@20 : 0.2692    hit@10 : 0.6251    hit@20 : 0.8132    ndcg@10 : 0.3424    ndcg@20 : 0.3902
Sun 14 Dec 2025 05:06:34 INFO  epoch 13 training [time: 46.91s, train loss: 209.4461]
Sun 14 Dec 2025 05:07:46 INFO  epoch 13 evaluating [time: 72.10s, valid_score: 0.341300]
Sun 14 Dec 2025 05:07:46 INFO  valid result: 
precision@10 : 0.0625    precision@20 : 0.0408    recall@10 : 0.625    recall@20 : 0.8151    mrr@10 : 0.2545    mrr@20 : 0.2678    hit@10 : 0.625    hit@20 : 0.8151    ndcg@10 : 0.3413    ndcg@20 : 0.3895
Sun 14 Dec 2025 05:08:33 INFO  epoch 14 training [time: 46.93s, train loss: 208.8976]
Sun 14 Dec 2025 05:09:45 INFO  epoch 14 evaluating [time: 72.03s, valid_score: 0.343200]
Sun 14 Dec 2025 05:09:45 INFO  valid result: 
precision@10 : 0.0624    precision@20 : 0.0407    recall@10 : 0.6239    recall@20 : 0.8148    mrr@10 : 0.2574    mrr@20 : 0.2707    hit@10 : 0.6239    hit@20 : 0.8148    ndcg@10 : 0.3432    ndcg@20 : 0.3916
Sun 14 Dec 2025 05:10:32 INFO  epoch 15 training [time: 46.89s, train loss: 208.1006]
Sun 14 Dec 2025 05:11:44 INFO  epoch 15 evaluating [time: 72.18s, valid_score: 0.342000]
Sun 14 Dec 2025 05:11:44 INFO  valid result: 
precision@10 : 0.0625    precision@20 : 0.0408    recall@10 : 0.6251    recall@20 : 0.8155    mrr@10 : 0.2554    mrr@20 : 0.2688    hit@10 : 0.6251    hit@20 : 0.8155    ndcg@10 : 0.342    ndcg@20 : 0.3903
Sun 14 Dec 2025 05:12:31 INFO  epoch 16 training [time: 46.89s, train loss: 207.2583]
Sun 14 Dec 2025 05:13:44 INFO  epoch 16 evaluating [time: 72.20s, valid_score: 0.343300]
Sun 14 Dec 2025 05:13:44 INFO  valid result: 
precision@10 : 0.0626    precision@20 : 0.0408    recall@10 : 0.6258    recall@20 : 0.8154    mrr@10 : 0.257    mrr@20 : 0.2703    hit@10 : 0.6258    hit@20 : 0.8154    ndcg@10 : 0.3433    ndcg@20 : 0.3914
Sun 14 Dec 2025 05:13:44 INFO  Finished training, best eval result in epoch 10
Sun 14 Dec 2025 05:13:44 INFO  Loading model structure and parameters from saved\GCMC-Dec-14-2025_04-39-53.pth
Sun 14 Dec 2025 05:14:57 INFO  The running environment of this training is as follows:
+-------------+----------------+
| Environment |     Usage      |
+=============+================+
| CPU         |     6.10 %     |
+-------------+----------------+
| GPU         | 4.26 G/8.00 G  |
+-------------+----------------+
| Memory      | 1.30 G/15.26 G |
+-------------+----------------+
Sun 14 Dec 2025 05:14:57 INFO  best valid : OrderedDict([('precision@10', 0.0626), ('precision@20', 0.0408), ('recall@10', 0.6263), ('recall@20', 0.8154), ('mrr@10', 0.2576), ('mrr@20', 0.2709), ('hit@10', 0.6263), ('hit@20', 0.8154), ('ndcg@10', 0.3439), ('ndcg@20', 0.3919)])
Sun 14 Dec 2025 05:14:57 INFO  test result: OrderedDict([('precision@10', 0.0643), ('precision@20', 0.0412), ('recall@10', 0.6429), ('recall@20', 0.8241), ('mrr@10', 0.2713), ('mrr@20', 0.2839), ('hit@10', 0.6429), ('hit@20', 0.8241), ('ndcg@10', 0.3584), ('ndcg@20', 0.4043)])
