Wed 19 Nov 2025 21:51:15 INFO  ['c:\\Users\\martin\\miniconda3\\envs\\bp\\Lib\\site-packages\\ipykernel_launcher.py', '--f=c:\\Users\\martin\\AppData\\Roaming\\jupyter\\runtime\\kernel-v3b4d02f3c1a36799ba54e99efaeaba8d1ad4a9cfe.json']
Wed 19 Nov 2025 21:51:15 INFO  
General Hyper Parameters:
gpu_id = 0
use_gpu = True
seed = 2020
state = INFO
reproducibility = True
data_path = ./data/split/amazon_all_beauty\amazon_all_beauty--impR
checkpoint_dir = saved
show_progress = True
save_dataset = False
dataset_save_path = None
save_dataloaders = False
dataloaders_save_path = None
log_wandb = False

Training Hyper Parameters:
epochs = 50
train_batch_size = 2048
learner = adam
learning_rate = 0.001
train_neg_sample_args = {'distribution': 'uniform', 'sample_num': 1, 'alpha': 1.0, 'dynamic': False, 'candidate_num': 0}
eval_step = 1
stopping_step = 5
clip_grad_norm = None
weight_decay = 0.0
loss_decimal_place = 4

Evaluation Hyper Parameters:
eval_args = {'split': {'RS': [0, 0, 0]}, 'order': 'RO', 'group_by': 'user', 'mode': {'valid': 'full', 'test': 'full'}}
repeatable = False
metrics = ['Precision', 'Recall', 'MRR', 'Hit', 'NDCG']
topk = [10, 20]
valid_metric = NDCG@10
valid_metric_bigger = True
eval_batch_size = 4096
metric_decimal_place = 4

Dataset Hyper Parameters:
field_separator = 	
seq_separator =  
USER_ID_FIELD = user_id
ITEM_ID_FIELD = item_id
RATING_FIELD = rating
TIME_FIELD = timestamp
seq_len = None
LABEL_FIELD = label
threshold = None
NEG_PREFIX = neg_
load_col = {'inter': ['user_id', 'item_id']}
unload_col = None
unused_col = None
additional_feat_suffix = None
rm_dup_inter = None
val_interval = None
filter_inter_by_user_or_item = True
user_inter_num_interval = [0,inf)
item_inter_num_interval = [0,inf)
alias_of_user_id = None
alias_of_item_id = None
alias_of_entity_id = None
alias_of_relation_id = None
preload_weight = None
normalize_field = None
normalize_all = None
ITEM_LIST_LENGTH_FIELD = item_length
LIST_SUFFIX = _list
MAX_ITEM_LIST_LENGTH = 50
POSITION_FIELD = position_id
HEAD_ENTITY_ID_FIELD = head_id
TAIL_ENTITY_ID_FIELD = tail_id
RELATION_ID_FIELD = relation_id
ENTITY_ID_FIELD = entity_id
benchmark_filename = ['train', 'valid', 'test']

Other Hyper Parameters: 
worker = 0
wandb_project = recbole
shuffle = True
require_pow = False
enable_amp = False
enable_scaler = False
transform = None
accum = stack
gcn_output_dim = 500
embedding_size = 64
dropout_prob = 0.3
sparse_feature = True
class_num = 2
num_basis_functions = 2
numerical_features = []
discretization = None
kg_reverse_r = False
entity_kg_num_interval = [0,inf)
relation_kg_num_interval = [0,inf)
MODEL_TYPE = ModelType.GENERAL
test_args = {'mode': 'full'}
MODEL_INPUT_TYPE = InputType.PAIRWISE
eval_type = EvaluatorType.RANKING
single_spec = True
local_rank = 0
device = cpu
valid_neg_sample_args = {'distribution': 'uniform', 'sample_num': 'none'}
test_neg_sample_args = {'distribution': 'uniform', 'sample_num': 'none'}


Wed 19 Nov 2025 21:51:15 INFO  amazon_all_beauty--impR
The number of users: 999
Average actions of users: 9.731462925851703
The number of items: 4785
Average actions of items: 2.0301003344481607
The number of inters: 9712
The sparsity of the dataset: 99.79682922211659%
Remain Fields: ['user_id', 'item_id']
Wed 19 Nov 2025 21:51:15 INFO  [Training]: train_batch_size = [2048] train_neg_sample_args: [{'distribution': 'uniform', 'sample_num': 1, 'alpha': 1.0, 'dynamic': False, 'candidate_num': 0}]
Wed 19 Nov 2025 21:51:15 INFO  [Evaluation]: eval_batch_size = [4096] eval_args: [{'split': {'RS': [0, 0, 0]}, 'order': 'RO', 'group_by': 'user', 'mode': {'valid': 'full', 'test': 'full'}}]
Wed 19 Nov 2025 21:51:16 INFO  GCMC(
  (GcEncoder): GcEncoder(
    (dropout): Dropout(p=0.3, inplace=False)
    (sparse_dropout): SparseDropout()
    (activate): ReLU()
    (weights_u): ParameterList(  (0): Parameter containing: [torch.float32 of size 5784x500])
    (weights_v): ParameterList(  (0): Parameter containing: [torch.float32 of size 5784x500])
    (dense_layer_u): Linear(in_features=500, out_features=64, bias=False)
    (dense_layer_v): Linear(in_features=500, out_features=64, bias=False)
  )
  (BiDecoder): BiDecoder(
    (dropout): Dropout(p=0.0, inplace=False)
    (weights): ParameterList(
        (0): Parameter containing: [torch.float32 of size 64x64]
        (1): Parameter containing: [torch.float32 of size 64x64]
    )
    (dense_layer): Linear(in_features=2, out_features=2, bias=False)
  )
  (loss_function): CrossEntropyLoss()
)
Trainable parameters: 2932196
Wed 19 Nov 2025 21:51:16 INFO  FLOPs: 185088004.0
Wed 19 Nov 2025 21:51:17 INFO  epoch 0 training [time: 0.90s, train loss: 2.7725]
Wed 19 Nov 2025 21:51:51 INFO  epoch 0 evaluating [time: 34.77s, valid_score: 0.000000]
Wed 19 Nov 2025 21:51:51 INFO  valid result: 
precision@10 : 0.0    precision@20 : 0.0001    recall@10 : 0.0    recall@20 : 0.001    mrr@10 : 0.0    mrr@20 : 0.0001    hit@10 : 0.0    hit@20 : 0.001    ndcg@10 : 0.0    ndcg@20 : 0.0003
Wed 19 Nov 2025 21:51:51 INFO  Saving current: saved\GCMC-Nov-19-2025_21-51-16.pth
Wed 19 Nov 2025 21:51:52 INFO  epoch 1 training [time: 0.67s, train loss: 2.7719]
Wed 19 Nov 2025 21:52:28 INFO  epoch 1 evaluating [time: 36.40s, valid_score: 0.001300]
Wed 19 Nov 2025 21:52:28 INFO  valid result: 
precision@10 : 0.0002    precision@20 : 0.0003    recall@10 : 0.002    recall@20 : 0.005    mrr@10 : 0.001    mrr@20 : 0.0012    hit@10 : 0.002    hit@20 : 0.005    ndcg@10 : 0.0013    ndcg@20 : 0.002
Wed 19 Nov 2025 21:52:29 INFO  Saving current: saved\GCMC-Nov-19-2025_21-51-16.pth
Wed 19 Nov 2025 21:52:29 INFO  epoch 2 training [time: 0.67s, train loss: 2.7697]
Wed 19 Nov 2025 21:53:04 INFO  epoch 2 evaluating [time: 35.27s, valid_score: 0.004900]
Wed 19 Nov 2025 21:53:05 INFO  valid result: 
precision@10 : 0.001    precision@20 : 0.0007    recall@10 : 0.01    recall@20 : 0.013    mrr@10 : 0.0032    mrr@20 : 0.0034    hit@10 : 0.01    hit@20 : 0.013    ndcg@10 : 0.0049    ndcg@20 : 0.0056
Wed 19 Nov 2025 21:53:05 INFO  Saving current: saved\GCMC-Nov-19-2025_21-51-16.pth
Wed 19 Nov 2025 21:53:05 INFO  epoch 3 training [time: 0.67s, train loss: 2.7609]
Wed 19 Nov 2025 21:53:40 INFO  epoch 3 evaluating [time: 34.72s, valid_score: 0.005100]
Wed 19 Nov 2025 21:53:40 INFO  valid result: 
precision@10 : 0.0011    precision@20 : 0.0008    recall@10 : 0.011    recall@20 : 0.015    mrr@10 : 0.0032    mrr@20 : 0.0035    hit@10 : 0.011    hit@20 : 0.015    ndcg@10 : 0.0051    ndcg@20 : 0.0061
Wed 19 Nov 2025 21:53:40 INFO  Saving current: saved\GCMC-Nov-19-2025_21-51-16.pth
Wed 19 Nov 2025 21:53:41 INFO  epoch 4 training [time: 0.66s, train loss: 2.7303]
Wed 19 Nov 2025 21:54:16 INFO  epoch 4 evaluating [time: 34.97s, valid_score: 0.004600]
Wed 19 Nov 2025 21:54:16 INFO  valid result: 
precision@10 : 0.0009    precision@20 : 0.0008    recall@10 : 0.009    recall@20 : 0.015    mrr@10 : 0.0032    mrr@20 : 0.0036    hit@10 : 0.009    hit@20 : 0.015    ndcg@10 : 0.0046    ndcg@20 : 0.0061
Wed 19 Nov 2025 21:54:16 INFO  epoch 5 training [time: 0.71s, train loss: 2.6837]
Wed 19 Nov 2025 21:54:54 INFO  epoch 5 evaluating [time: 37.33s, valid_score: 0.003900]
Wed 19 Nov 2025 21:54:54 INFO  valid result: 
precision@10 : 0.0008    precision@20 : 0.0007    recall@10 : 0.008    recall@20 : 0.014    mrr@10 : 0.0026    mrr@20 : 0.0031    hit@10 : 0.008    hit@20 : 0.014    ndcg@10 : 0.0039    ndcg@20 : 0.0055
Wed 19 Nov 2025 21:54:54 INFO  epoch 6 training [time: 0.69s, train loss: 2.6738]
Wed 19 Nov 2025 21:55:32 INFO  epoch 6 evaluating [time: 37.13s, valid_score: 0.003500]
Wed 19 Nov 2025 21:55:32 INFO  valid result: 
precision@10 : 0.0007    precision@20 : 0.0006    recall@10 : 0.007    recall@20 : 0.012    mrr@10 : 0.0024    mrr@20 : 0.0028    hit@10 : 0.007    hit@20 : 0.012    ndcg@10 : 0.0035    ndcg@20 : 0.0048
Wed 19 Nov 2025 21:55:32 INFO  epoch 7 training [time: 0.72s, train loss: 2.6364]
Wed 19 Nov 2025 21:56:11 INFO  epoch 7 evaluating [time: 38.50s, valid_score: 0.003500]
Wed 19 Nov 2025 21:56:11 INFO  valid result: 
precision@10 : 0.0007    precision@20 : 0.0007    recall@10 : 0.007    recall@20 : 0.013    mrr@10 : 0.0024    mrr@20 : 0.0028    hit@10 : 0.007    hit@20 : 0.013    ndcg@10 : 0.0035    ndcg@20 : 0.005
Wed 19 Nov 2025 21:56:12 INFO  epoch 8 training [time: 0.74s, train loss: 2.6279]
Wed 19 Nov 2025 21:56:49 INFO  epoch 8 evaluating [time: 37.67s, valid_score: 0.004100]
Wed 19 Nov 2025 21:56:49 INFO  valid result: 
precision@10 : 0.0009    precision@20 : 0.0007    recall@10 : 0.009    recall@20 : 0.013    mrr@10 : 0.0026    mrr@20 : 0.0029    hit@10 : 0.009    hit@20 : 0.013    ndcg@10 : 0.0041    ndcg@20 : 0.0051
Wed 19 Nov 2025 21:56:50 INFO  epoch 9 training [time: 0.75s, train loss: 2.6203]
Wed 19 Nov 2025 21:57:27 INFO  epoch 9 evaluating [time: 36.92s, valid_score: 0.003800]
Wed 19 Nov 2025 21:57:27 INFO  valid result: 
precision@10 : 0.0008    precision@20 : 0.0007    recall@10 : 0.008    recall@20 : 0.013    mrr@10 : 0.0025    mrr@20 : 0.0029    hit@10 : 0.008    hit@20 : 0.013    ndcg@10 : 0.0038    ndcg@20 : 0.0051
Wed 19 Nov 2025 21:57:27 INFO  Finished training, best eval result in epoch 3
Wed 19 Nov 2025 21:57:27 INFO  Loading model structure and parameters from saved\GCMC-Nov-19-2025_21-51-16.pth
Wed 19 Nov 2025 21:58:05 INFO  The running environment of this training is as follows:
+-------------+----------------+
| Environment |     Usage      |
+=============+================+
| CPU         |    15.40 %     |
+-------------+----------------+
| GPU         |   0.0 / 0.0    |
+-------------+----------------+
| Memory      | 0.71 G/13.86 G |
+-------------+----------------+
Wed 19 Nov 2025 21:58:05 INFO  best valid : OrderedDict([('precision@10', 0.0011), ('precision@20', 0.0008), ('recall@10', 0.011), ('recall@20', 0.015), ('mrr@10', 0.0032), ('mrr@20', 0.0035), ('hit@10', 0.011), ('hit@20', 0.015), ('ndcg@10', 0.0051), ('ndcg@20', 0.0061)])
Wed 19 Nov 2025 21:58:05 INFO  test result: OrderedDict([('precision@10', 0.0006), ('precision@20', 0.0007), ('recall@10', 0.006), ('recall@20', 0.013), ('mrr@10', 0.002), ('mrr@20', 0.0025), ('hit@10', 0.006), ('hit@20', 0.013), ('ndcg@10', 0.0029), ('ndcg@20', 0.0048)])
