Sun 14 Dec 2025 02:06:37 INFO  ['c:\\Users\\marti\\miniconda3\\envs\\bp_cuda\\Lib\\site-packages\\ipykernel_launcher.py', '--f=c:\\Users\\marti\\AppData\\Roaming\\jupyter\\runtime\\kernel-v3c445ff7fe94ae4af53429f549af66ad1608410b0.json']
Sun 14 Dec 2025 02:06:37 INFO  
General Hyper Parameters:
gpu_id = 0
use_gpu = True
seed = 2020
state = INFO
reproducibility = True
data_path = ./data/split/ml-100k\ml-100k--expR
checkpoint_dir = saved
show_progress = False
save_dataset = False
dataset_save_path = None
save_dataloaders = False
dataloaders_save_path = None
log_wandb = False

Training Hyper Parameters:
epochs = 50
train_batch_size = 2048
learner = adam
learning_rate = 0.001
train_neg_sample_args = {'distribution': 'uniform', 'sample_num': 1, 'alpha': 1.0, 'dynamic': False, 'candidate_num': 0}
eval_step = 1
stopping_step = 5
clip_grad_norm = None
weight_decay = 0.0
loss_decimal_place = 4

Evaluation Hyper Parameters:
eval_args = {'split': {'RS': [0, 0, 0]}, 'order': 'RO', 'group_by': 'user', 'mode': {'valid': 'uni100', 'test': 'uni100'}}
repeatable = False
metrics = ['Precision', 'Recall', 'MRR', 'Hit', 'NDCG']
topk = [10, 20]
valid_metric = NDCG@10
valid_metric_bigger = True
eval_batch_size = 4096
metric_decimal_place = 4

Dataset Hyper Parameters:
field_separator = 	
seq_separator =  
USER_ID_FIELD = user_id
ITEM_ID_FIELD = item_id
RATING_FIELD = rating
TIME_FIELD = timestamp
seq_len = None
LABEL_FIELD = label
threshold = None
NEG_PREFIX = neg_
load_col = {'inter': ['user_id', 'item_id', 'rating']}
unload_col = None
unused_col = None
additional_feat_suffix = None
rm_dup_inter = None
val_interval = None
filter_inter_by_user_or_item = True
user_inter_num_interval = [0,inf)
item_inter_num_interval = [0,inf)
alias_of_user_id = None
alias_of_item_id = None
alias_of_entity_id = None
alias_of_relation_id = None
preload_weight = None
normalize_field = None
normalize_all = None
ITEM_LIST_LENGTH_FIELD = item_length
LIST_SUFFIX = _list
MAX_ITEM_LIST_LENGTH = 50
POSITION_FIELD = position_id
HEAD_ENTITY_ID_FIELD = head_id
TAIL_ENTITY_ID_FIELD = tail_id
RELATION_ID_FIELD = relation_id
ENTITY_ID_FIELD = entity_id
benchmark_filename = ['train', 'valid', 'test']

Other Hyper Parameters: 
worker = 0
wandb_project = recbole
shuffle = True
require_pow = False
enable_amp = False
enable_scaler = False
transform = None
accum = stack
gcn_output_dim = 500
embedding_size = 64
dropout_prob = 0.3
sparse_feature = True
class_num = 2
num_basis_functions = 2
numerical_features = []
discretization = None
kg_reverse_r = False
entity_kg_num_interval = [0,inf)
relation_kg_num_interval = [0,inf)
MODEL_TYPE = ModelType.GENERAL
num_workers = 4
pin_memory = True
test_args = {'mode': 'full'}
MODEL_INPUT_TYPE = InputType.PAIRWISE
eval_type = EvaluatorType.RANKING
single_spec = True
local_rank = 0
device = cuda
valid_neg_sample_args = {'distribution': 'uniform', 'sample_num': 100}
test_neg_sample_args = {'distribution': 'uniform', 'sample_num': 100}


Sun 14 Dec 2025 02:06:41 INFO  ml-100k--expR
The number of users: 944
Average actions of users: 106.04453870625663
The number of items: 1683
Average actions of items: 59.45303210463734
The number of inters: 100000
The sparsity of the dataset: 93.70575143257098%
Remain Fields: ['user_id', 'item_id', 'rating']
Sun 14 Dec 2025 02:06:41 INFO  [Training]: train_batch_size = [2048] train_neg_sample_args: [{'distribution': 'uniform', 'sample_num': 1, 'alpha': 1.0, 'dynamic': False, 'candidate_num': 0}]
Sun 14 Dec 2025 02:06:41 INFO  [Evaluation]: eval_batch_size = [4096] eval_args: [{'split': {'RS': [0, 0, 0]}, 'order': 'RO', 'group_by': 'user', 'mode': {'valid': 'uni100', 'test': 'uni100'}}]
Sun 14 Dec 2025 02:06:41 INFO  GCMC(
  (GcEncoder): GcEncoder(
    (dropout): Dropout(p=0.3, inplace=False)
    (sparse_dropout): SparseDropout()
    (activate): ReLU()
    (weights_u): ParameterList(  (0): Parameter containing: [torch.float32 of size 2627x500 (cuda:0)])
    (weights_v): ParameterList(  (0): Parameter containing: [torch.float32 of size 2627x500 (cuda:0)])
    (dense_layer_u): Linear(in_features=500, out_features=64, bias=False)
    (dense_layer_v): Linear(in_features=500, out_features=64, bias=False)
  )
  (BiDecoder): BiDecoder(
    (dropout): Dropout(p=0.0, inplace=False)
    (weights): ParameterList(
        (0): Parameter containing: [torch.float32 of size 64x64 (cuda:0)]
        (1): Parameter containing: [torch.float32 of size 64x64 (cuda:0)]
    )
    (dense_layer): Linear(in_features=2, out_features=2, bias=False)
  )
  (loss_function): CrossEntropyLoss()
)
Trainable parameters: 1353696
Sun 14 Dec 2025 02:06:41 INFO  FLOPs: 84064004.0
Sun 14 Dec 2025 02:06:42 INFO  epoch 0 training [time: 0.84s, train loss: 30.3034]
Sun 14 Dec 2025 02:06:43 INFO  epoch 0 evaluating [time: 0.45s, valid_score: 0.312400]
Sun 14 Dec 2025 02:06:43 INFO  valid result: 
precision@10 : 0.0522    precision@20 : 0.036    recall@10 : 0.5217    recall@20 : 0.72    mrr@10 : 0.2482    mrr@20 : 0.2616    hit@10 : 0.5217    hit@20 : 0.72    ndcg@10 : 0.3124    ndcg@20 : 0.3622
Sun 14 Dec 2025 02:06:43 INFO  Saving current: saved\GCMC-Dec-14-2025_02-06-41.pth
Sun 14 Dec 2025 02:06:43 INFO  epoch 1 training [time: 0.61s, train loss: 24.8400]
Sun 14 Dec 2025 02:06:44 INFO  epoch 1 evaluating [time: 0.45s, valid_score: 0.317700]
Sun 14 Dec 2025 02:06:44 INFO  valid result: 
precision@10 : 0.0539    precision@20 : 0.0364    recall@10 : 0.5387    recall@20 : 0.7285    mrr@10 : 0.2505    mrr@20 : 0.2635    hit@10 : 0.5387    hit@20 : 0.7285    ndcg@10 : 0.3177    ndcg@20 : 0.3655
Sun 14 Dec 2025 02:06:44 INFO  Saving current: saved\GCMC-Dec-14-2025_02-06-41.pth
Sun 14 Dec 2025 02:06:45 INFO  epoch 2 training [time: 0.61s, train loss: 23.3534]
Sun 14 Dec 2025 02:06:45 INFO  epoch 2 evaluating [time: 0.46s, valid_score: 0.404400]
Sun 14 Dec 2025 02:06:45 INFO  valid result: 
precision@10 : 0.063    precision@20 : 0.0405    recall@10 : 0.6299    recall@20 : 0.8091    mrr@10 : 0.3346    mrr@20 : 0.3471    hit@10 : 0.6299    hit@20 : 0.8091    ndcg@10 : 0.4044    ndcg@20 : 0.4499
Sun 14 Dec 2025 02:06:45 INFO  Saving current: saved\GCMC-Dec-14-2025_02-06-41.pth
Sun 14 Dec 2025 02:06:46 INFO  epoch 3 training [time: 0.60s, train loss: 22.3991]
Sun 14 Dec 2025 02:06:47 INFO  epoch 3 evaluating [time: 0.44s, valid_score: 0.407600]
Sun 14 Dec 2025 02:06:47 INFO  valid result: 
precision@10 : 0.0673    precision@20 : 0.0418    recall@10 : 0.6734    recall@20 : 0.8367    mrr@10 : 0.3257    mrr@20 : 0.3374    hit@10 : 0.6734    hit@20 : 0.8367    ndcg@10 : 0.4076    ndcg@20 : 0.4494
Sun 14 Dec 2025 02:06:47 INFO  Saving current: saved\GCMC-Dec-14-2025_02-06-41.pth
Sun 14 Dec 2025 02:06:47 INFO  epoch 4 training [time: 0.60s, train loss: 21.4329]
Sun 14 Dec 2025 02:06:48 INFO  epoch 4 evaluating [time: 0.46s, valid_score: 0.422200]
Sun 14 Dec 2025 02:06:48 INFO  valid result: 
precision@10 : 0.0684    precision@20 : 0.0425    recall@10 : 0.684    recall@20 : 0.8494    mrr@10 : 0.342    mrr@20 : 0.3534    hit@10 : 0.684    hit@20 : 0.8494    ndcg@10 : 0.4222    ndcg@20 : 0.4639
Sun 14 Dec 2025 02:06:48 INFO  Saving current: saved\GCMC-Dec-14-2025_02-06-41.pth
Sun 14 Dec 2025 02:06:49 INFO  epoch 5 training [time: 0.62s, train loss: 21.0164]
Sun 14 Dec 2025 02:06:49 INFO  epoch 5 evaluating [time: 0.46s, valid_score: 0.418200]
Sun 14 Dec 2025 02:06:49 INFO  valid result: 
precision@10 : 0.0684    precision@20 : 0.0422    recall@10 : 0.684    recall@20 : 0.8441    mrr@10 : 0.3369    mrr@20 : 0.3483    hit@10 : 0.684    hit@20 : 0.8441    ndcg@10 : 0.4182    ndcg@20 : 0.4591
Sun 14 Dec 2025 02:06:50 INFO  epoch 6 training [time: 0.61s, train loss: 20.8209]
Sun 14 Dec 2025 02:06:50 INFO  epoch 6 evaluating [time: 0.44s, valid_score: 0.424200]
Sun 14 Dec 2025 02:06:50 INFO  valid result: 
precision@10 : 0.069    precision@20 : 0.0419    recall@10 : 0.6903    recall@20 : 0.8378    mrr@10 : 0.3421    mrr@20 : 0.3526    hit@10 : 0.6903    hit@20 : 0.8378    ndcg@10 : 0.4242    ndcg@20 : 0.4619
Sun 14 Dec 2025 02:06:50 INFO  Saving current: saved\GCMC-Dec-14-2025_02-06-41.pth
Sun 14 Dec 2025 02:06:51 INFO  epoch 7 training [time: 0.60s, train loss: 20.4381]
Sun 14 Dec 2025 02:06:52 INFO  epoch 7 evaluating [time: 0.45s, valid_score: 0.421300]
Sun 14 Dec 2025 02:06:52 INFO  valid result: 
precision@10 : 0.0695    precision@20 : 0.0422    recall@10 : 0.6946    recall@20 : 0.8441    mrr@10 : 0.3371    mrr@20 : 0.3476    hit@10 : 0.6946    hit@20 : 0.8441    ndcg@10 : 0.4213    ndcg@20 : 0.4592
Sun 14 Dec 2025 02:06:52 INFO  epoch 8 training [time: 0.61s, train loss: 20.4065]
Sun 14 Dec 2025 02:06:53 INFO  epoch 8 evaluating [time: 0.46s, valid_score: 0.429100]
Sun 14 Dec 2025 02:06:53 INFO  valid result: 
precision@10 : 0.0702    precision@20 : 0.0424    recall@10 : 0.702    recall@20 : 0.8484    mrr@10 : 0.3451    mrr@20 : 0.3554    hit@10 : 0.702    hit@20 : 0.8484    ndcg@10 : 0.4291    ndcg@20 : 0.4663
Sun 14 Dec 2025 02:06:53 INFO  Saving current: saved\GCMC-Dec-14-2025_02-06-41.pth
Sun 14 Dec 2025 02:06:54 INFO  epoch 9 training [time: 0.60s, train loss: 20.3035]
Sun 14 Dec 2025 02:06:54 INFO  epoch 9 evaluating [time: 0.47s, valid_score: 0.437600]
Sun 14 Dec 2025 02:06:54 INFO  valid result: 
precision@10 : 0.0708    precision@20 : 0.0426    recall@10 : 0.7084    recall@20 : 0.8526    mrr@10 : 0.3541    mrr@20 : 0.3643    hit@10 : 0.7084    hit@20 : 0.8526    ndcg@10 : 0.4376    ndcg@20 : 0.4743
Sun 14 Dec 2025 02:06:54 INFO  Saving current: saved\GCMC-Dec-14-2025_02-06-41.pth
Sun 14 Dec 2025 02:06:55 INFO  epoch 10 training [time: 0.61s, train loss: 20.0731]
Sun 14 Dec 2025 02:06:55 INFO  epoch 10 evaluating [time: 0.44s, valid_score: 0.436400]
Sun 14 Dec 2025 02:06:56 INFO  valid result: 
precision@10 : 0.0704    precision@20 : 0.0432    recall@10 : 0.7041    recall@20 : 0.8643    mrr@10 : 0.3535    mrr@20 : 0.3647    hit@10 : 0.7041    hit@20 : 0.8643    ndcg@10 : 0.4364    ndcg@20 : 0.4771
Sun 14 Dec 2025 02:06:56 INFO  epoch 11 training [time: 0.60s, train loss: 19.9470]
Sun 14 Dec 2025 02:06:57 INFO  epoch 11 evaluating [time: 0.45s, valid_score: 0.449700]
Sun 14 Dec 2025 02:06:57 INFO  valid result: 
precision@10 : 0.0714    precision@20 : 0.0427    recall@10 : 0.7137    recall@20 : 0.8537    mrr@10 : 0.3676    mrr@20 : 0.3772    hit@10 : 0.7137    hit@20 : 0.8537    ndcg@10 : 0.4497    ndcg@20 : 0.485
Sun 14 Dec 2025 02:06:57 INFO  Saving current: saved\GCMC-Dec-14-2025_02-06-41.pth
Sun 14 Dec 2025 02:06:57 INFO  epoch 12 training [time: 0.61s, train loss: 19.6084]
Sun 14 Dec 2025 02:06:58 INFO  epoch 12 evaluating [time: 0.46s, valid_score: 0.454400]
Sun 14 Dec 2025 02:06:58 INFO  valid result: 
precision@10 : 0.0729    precision@20 : 0.0439    recall@10 : 0.7285    recall@20 : 0.878    mrr@10 : 0.3694    mrr@20 : 0.3799    hit@10 : 0.7285    hit@20 : 0.878    ndcg@10 : 0.4544    ndcg@20 : 0.4924
Sun 14 Dec 2025 02:06:58 INFO  Saving current: saved\GCMC-Dec-14-2025_02-06-41.pth
Sun 14 Dec 2025 02:06:59 INFO  epoch 13 training [time: 0.61s, train loss: 19.5630]
Sun 14 Dec 2025 02:06:59 INFO  epoch 13 evaluating [time: 0.44s, valid_score: 0.462400]
Sun 14 Dec 2025 02:06:59 INFO  valid result: 
precision@10 : 0.073    precision@20 : 0.0438    recall@10 : 0.7296    recall@20 : 0.8759    mrr@10 : 0.38    mrr@20 : 0.3904    hit@10 : 0.7296    hit@20 : 0.8759    ndcg@10 : 0.4624    ndcg@20 : 0.4997
Sun 14 Dec 2025 02:06:59 INFO  Saving current: saved\GCMC-Dec-14-2025_02-06-41.pth
Sun 14 Dec 2025 02:07:00 INFO  epoch 14 training [time: 0.60s, train loss: 19.2012]
Sun 14 Dec 2025 02:07:01 INFO  epoch 14 evaluating [time: 0.45s, valid_score: 0.465500]
Sun 14 Dec 2025 02:07:01 INFO  valid result: 
precision@10 : 0.0738    precision@20 : 0.0438    recall@10 : 0.7381    recall@20 : 0.8759    mrr@10 : 0.3814    mrr@20 : 0.3912    hit@10 : 0.7381    hit@20 : 0.8759    ndcg@10 : 0.4655    ndcg@20 : 0.5007
Sun 14 Dec 2025 02:07:01 INFO  Saving current: saved\GCMC-Dec-14-2025_02-06-41.pth
Sun 14 Dec 2025 02:07:01 INFO  epoch 15 training [time: 0.61s, train loss: 18.8959]
Sun 14 Dec 2025 02:07:02 INFO  epoch 15 evaluating [time: 0.45s, valid_score: 0.471300]
Sun 14 Dec 2025 02:07:02 INFO  valid result: 
precision@10 : 0.0738    precision@20 : 0.0437    recall@10 : 0.7381    recall@20 : 0.8738    mrr@10 : 0.3885    mrr@20 : 0.3983    hit@10 : 0.7381    hit@20 : 0.8738    ndcg@10 : 0.4713    ndcg@20 : 0.5062
Sun 14 Dec 2025 02:07:02 INFO  Saving current: saved\GCMC-Dec-14-2025_02-06-41.pth
Sun 14 Dec 2025 02:07:03 INFO  epoch 16 training [time: 0.60s, train loss: 18.7384]
Sun 14 Dec 2025 02:07:03 INFO  epoch 16 evaluating [time: 0.44s, valid_score: 0.482500]
Sun 14 Dec 2025 02:07:03 INFO  valid result: 
precision@10 : 0.0754    precision@20 : 0.0441    recall@10 : 0.754    recall@20 : 0.8812    mrr@10 : 0.3985    mrr@20 : 0.4076    hit@10 : 0.754    hit@20 : 0.8812    ndcg@10 : 0.4825    ndcg@20 : 0.5151
Sun 14 Dec 2025 02:07:03 INFO  Saving current: saved\GCMC-Dec-14-2025_02-06-41.pth
Sun 14 Dec 2025 02:07:04 INFO  epoch 17 training [time: 0.60s, train loss: 18.4429]
Sun 14 Dec 2025 02:07:04 INFO  epoch 17 evaluating [time: 0.46s, valid_score: 0.483000]
Sun 14 Dec 2025 02:07:05 INFO  valid result: 
precision@10 : 0.0754    precision@20 : 0.0445    recall@10 : 0.754    recall@20 : 0.8908    mrr@10 : 0.3987    mrr@20 : 0.4084    hit@10 : 0.754    hit@20 : 0.8908    ndcg@10 : 0.483    ndcg@20 : 0.5179
Sun 14 Dec 2025 02:07:05 INFO  Saving current: saved\GCMC-Dec-14-2025_02-06-41.pth
Sun 14 Dec 2025 02:07:05 INFO  epoch 18 training [time: 0.61s, train loss: 18.3402]
Sun 14 Dec 2025 02:07:06 INFO  epoch 18 evaluating [time: 0.45s, valid_score: 0.497300]
Sun 14 Dec 2025 02:07:06 INFO  valid result: 
precision@10 : 0.0766    precision@20 : 0.0444    recall@10 : 0.7656    recall@20 : 0.8887    mrr@10 : 0.4143    mrr@20 : 0.4232    hit@10 : 0.7656    hit@20 : 0.8887    ndcg@10 : 0.4973    ndcg@20 : 0.5289
Sun 14 Dec 2025 02:07:06 INFO  Saving current: saved\GCMC-Dec-14-2025_02-06-41.pth
Sun 14 Dec 2025 02:07:07 INFO  epoch 19 training [time: 0.60s, train loss: 18.2534]
Sun 14 Dec 2025 02:07:07 INFO  epoch 19 evaluating [time: 0.44s, valid_score: 0.486700]
Sun 14 Dec 2025 02:07:07 INFO  valid result: 
precision@10 : 0.0759    precision@20 : 0.0451    recall@10 : 0.7593    recall@20 : 0.9014    mrr@10 : 0.4021    mrr@20 : 0.412    hit@10 : 0.7593    hit@20 : 0.9014    ndcg@10 : 0.4867    ndcg@20 : 0.5227
Sun 14 Dec 2025 02:07:08 INFO  epoch 20 training [time: 0.61s, train loss: 18.1035]
Sun 14 Dec 2025 02:07:08 INFO  epoch 20 evaluating [time: 0.44s, valid_score: 0.485800]
Sun 14 Dec 2025 02:07:08 INFO  valid result: 
precision@10 : 0.0768    precision@20 : 0.0451    recall@10 : 0.7678    recall@20 : 0.9014    mrr@10 : 0.3989    mrr@20 : 0.4083    hit@10 : 0.7678    hit@20 : 0.9014    ndcg@10 : 0.4858    ndcg@20 : 0.5198
Sun 14 Dec 2025 02:07:09 INFO  epoch 21 training [time: 0.63s, train loss: 18.0831]
Sun 14 Dec 2025 02:07:10 INFO  epoch 21 evaluating [time: 0.46s, valid_score: 0.486600]
Sun 14 Dec 2025 02:07:10 INFO  valid result: 
precision@10 : 0.0761    precision@20 : 0.0443    recall@10 : 0.7614    recall@20 : 0.8865    mrr@10 : 0.4016    mrr@20 : 0.4108    hit@10 : 0.7614    hit@20 : 0.8865    ndcg@10 : 0.4866    ndcg@20 : 0.5189
Sun 14 Dec 2025 02:07:10 INFO  epoch 22 training [time: 0.61s, train loss: 18.0152]
Sun 14 Dec 2025 02:07:11 INFO  epoch 22 evaluating [time: 0.45s, valid_score: 0.484200]
Sun 14 Dec 2025 02:07:11 INFO  valid result: 
precision@10 : 0.077    precision@20 : 0.0449    recall@10 : 0.7699    recall@20 : 0.8982    mrr@10 : 0.3954    mrr@20 : 0.4045    hit@10 : 0.7699    hit@20 : 0.8982    ndcg@10 : 0.4842    ndcg@20 : 0.5169
Sun 14 Dec 2025 02:07:11 INFO  epoch 23 training [time: 0.61s, train loss: 17.8775]
Sun 14 Dec 2025 02:07:12 INFO  epoch 23 evaluating [time: 0.45s, valid_score: 0.498400]
Sun 14 Dec 2025 02:07:12 INFO  valid result: 
precision@10 : 0.0769    precision@20 : 0.0445    recall@10 : 0.7688    recall@20 : 0.8908    mrr@10 : 0.4138    mrr@20 : 0.4225    hit@10 : 0.7688    hit@20 : 0.8908    ndcg@10 : 0.4984    ndcg@20 : 0.5295
Sun 14 Dec 2025 02:07:12 INFO  Saving current: saved\GCMC-Dec-14-2025_02-06-41.pth
Sun 14 Dec 2025 02:07:13 INFO  epoch 24 training [time: 0.60s, train loss: 17.6142]
Sun 14 Dec 2025 02:07:13 INFO  epoch 24 evaluating [time: 0.46s, valid_score: 0.501000]
Sun 14 Dec 2025 02:07:13 INFO  valid result: 
precision@10 : 0.0779    precision@20 : 0.0449    recall@10 : 0.7794    recall@20 : 0.8982    mrr@10 : 0.4145    mrr@20 : 0.4229    hit@10 : 0.7794    hit@20 : 0.8982    ndcg@10 : 0.501    ndcg@20 : 0.5313
Sun 14 Dec 2025 02:07:13 INFO  Saving current: saved\GCMC-Dec-14-2025_02-06-41.pth
Sun 14 Dec 2025 02:07:14 INFO  epoch 25 training [time: 0.61s, train loss: 17.7824]
Sun 14 Dec 2025 02:07:15 INFO  epoch 25 evaluating [time: 0.45s, valid_score: 0.497800]
Sun 14 Dec 2025 02:07:15 INFO  valid result: 
precision@10 : 0.0776    precision@20 : 0.0449    recall@10 : 0.7762    recall@20 : 0.8971    mrr@10 : 0.4108    mrr@20 : 0.4194    hit@10 : 0.7762    hit@20 : 0.8971    ndcg@10 : 0.4978    ndcg@20 : 0.5286
Sun 14 Dec 2025 02:07:15 INFO  epoch 26 training [time: 0.61s, train loss: 17.6158]
Sun 14 Dec 2025 02:07:16 INFO  epoch 26 evaluating [time: 0.45s, valid_score: 0.496500]
Sun 14 Dec 2025 02:07:16 INFO  valid result: 
precision@10 : 0.0783    precision@20 : 0.0445    recall@10 : 0.7826    recall@20 : 0.8908    mrr@10 : 0.4075    mrr@20 : 0.4153    hit@10 : 0.7826    hit@20 : 0.8908    ndcg@10 : 0.4965    ndcg@20 : 0.5242
Sun 14 Dec 2025 02:07:17 INFO  epoch 27 training [time: 0.61s, train loss: 17.4705]
Sun 14 Dec 2025 02:07:17 INFO  epoch 27 evaluating [time: 0.47s, valid_score: 0.496100]
Sun 14 Dec 2025 02:07:17 INFO  valid result: 
precision@10 : 0.0773    precision@20 : 0.0445    recall@10 : 0.7731    recall@20 : 0.8908    mrr@10 : 0.4099    mrr@20 : 0.4183    hit@10 : 0.7731    hit@20 : 0.8908    ndcg@10 : 0.4961    ndcg@20 : 0.5263
Sun 14 Dec 2025 02:07:18 INFO  epoch 28 training [time: 0.62s, train loss: 17.4619]
Sun 14 Dec 2025 02:07:18 INFO  epoch 28 evaluating [time: 0.46s, valid_score: 0.506800]
Sun 14 Dec 2025 02:07:18 INFO  valid result: 
precision@10 : 0.0784    precision@20 : 0.0452    recall@10 : 0.7837    recall@20 : 0.9035    mrr@10 : 0.4211    mrr@20 : 0.4293    hit@10 : 0.7837    hit@20 : 0.9035    ndcg@10 : 0.5068    ndcg@20 : 0.537
Sun 14 Dec 2025 02:07:19 INFO  Saving current: saved\GCMC-Dec-14-2025_02-06-41.pth
Sun 14 Dec 2025 02:07:19 INFO  epoch 29 training [time: 0.62s, train loss: 17.4077]
Sun 14 Dec 2025 02:07:20 INFO  epoch 29 evaluating [time: 0.45s, valid_score: 0.496600]
Sun 14 Dec 2025 02:07:20 INFO  valid result: 
precision@10 : 0.0779    precision@20 : 0.045    recall@10 : 0.7794    recall@20 : 0.9003    mrr@10 : 0.4084    mrr@20 : 0.417    hit@10 : 0.7794    hit@20 : 0.9003    ndcg@10 : 0.4966    ndcg@20 : 0.5275
Sun 14 Dec 2025 02:07:20 INFO  epoch 30 training [time: 0.62s, train loss: 17.3135]
Sun 14 Dec 2025 02:07:21 INFO  epoch 30 evaluating [time: 0.45s, valid_score: 0.506800]
Sun 14 Dec 2025 02:07:21 INFO  valid result: 
precision@10 : 0.0782    precision@20 : 0.0448    recall@10 : 0.7815    recall@20 : 0.895    mrr@10 : 0.4213    mrr@20 : 0.4295    hit@10 : 0.7815    hit@20 : 0.895    ndcg@10 : 0.5068    ndcg@20 : 0.536
Sun 14 Dec 2025 02:07:21 INFO  Saving current: saved\GCMC-Dec-14-2025_02-06-41.pth
Sun 14 Dec 2025 02:07:22 INFO  epoch 31 training [time: 0.60s, train loss: 17.2785]
Sun 14 Dec 2025 02:07:22 INFO  epoch 31 evaluating [time: 0.46s, valid_score: 0.502000]
Sun 14 Dec 2025 02:07:22 INFO  valid result: 
precision@10 : 0.0789    precision@20 : 0.0447    recall@10 : 0.789    recall@20 : 0.894    mrr@10 : 0.4125    mrr@20 : 0.4198    hit@10 : 0.789    hit@20 : 0.894    ndcg@10 : 0.502    ndcg@20 : 0.5286
Sun 14 Dec 2025 02:07:23 INFO  epoch 32 training [time: 0.60s, train loss: 17.0599]
Sun 14 Dec 2025 02:07:23 INFO  epoch 32 evaluating [time: 0.46s, valid_score: 0.516400]
Sun 14 Dec 2025 02:07:24 INFO  valid result: 
precision@10 : 0.0796    precision@20 : 0.0448    recall@10 : 0.7964    recall@20 : 0.8961    mrr@10 : 0.4293    mrr@20 : 0.4362    hit@10 : 0.7964    hit@20 : 0.8961    ndcg@10 : 0.5164    ndcg@20 : 0.5416
Sun 14 Dec 2025 02:07:24 INFO  Saving current: saved\GCMC-Dec-14-2025_02-06-41.pth
Sun 14 Dec 2025 02:07:24 INFO  epoch 33 training [time: 0.61s, train loss: 16.9565]
Sun 14 Dec 2025 02:07:25 INFO  epoch 33 evaluating [time: 0.45s, valid_score: 0.509100]
Sun 14 Dec 2025 02:07:25 INFO  valid result: 
precision@10 : 0.0797    precision@20 : 0.0452    recall@10 : 0.7975    recall@20 : 0.9035    mrr@10 : 0.4188    mrr@20 : 0.4263    hit@10 : 0.7975    hit@20 : 0.9035    ndcg@10 : 0.5091    ndcg@20 : 0.536
Sun 14 Dec 2025 02:07:25 INFO  epoch 34 training [time: 0.60s, train loss: 16.8742]
Sun 14 Dec 2025 02:07:26 INFO  epoch 34 evaluating [time: 0.45s, valid_score: 0.506800]
Sun 14 Dec 2025 02:07:26 INFO  valid result: 
precision@10 : 0.0788    precision@20 : 0.0449    recall@10 : 0.7879    recall@20 : 0.8971    mrr@10 : 0.4191    mrr@20 : 0.4267    hit@10 : 0.7879    hit@20 : 0.8971    ndcg@10 : 0.5068    ndcg@20 : 0.5345
Sun 14 Dec 2025 02:07:27 INFO  epoch 35 training [time: 0.61s, train loss: 16.7980]
Sun 14 Dec 2025 02:07:27 INFO  epoch 35 evaluating [time: 0.45s, valid_score: 0.507300]
Sun 14 Dec 2025 02:07:27 INFO  valid result: 
precision@10 : 0.079    precision@20 : 0.0453    recall@10 : 0.79    recall@20 : 0.9056    mrr@10 : 0.4189    mrr@20 : 0.4271    hit@10 : 0.79    hit@20 : 0.9056    ndcg@10 : 0.5073    ndcg@20 : 0.5367
Sun 14 Dec 2025 02:07:28 INFO  epoch 36 training [time: 0.60s, train loss: 16.7991]
Sun 14 Dec 2025 02:07:28 INFO  epoch 36 evaluating [time: 0.46s, valid_score: 0.525100]
Sun 14 Dec 2025 02:07:29 INFO  valid result: 
precision@10 : 0.0793    precision@20 : 0.0453    recall@10 : 0.7932    recall@20 : 0.9056    mrr@10 : 0.442    mrr@20 : 0.4501    hit@10 : 0.7932    hit@20 : 0.9056    ndcg@10 : 0.5251    ndcg@20 : 0.5538
Sun 14 Dec 2025 02:07:29 INFO  Saving current: saved\GCMC-Dec-14-2025_02-06-41.pth
Sun 14 Dec 2025 02:07:29 INFO  epoch 37 training [time: 0.61s, train loss: 16.7308]
Sun 14 Dec 2025 02:07:30 INFO  epoch 37 evaluating [time: 0.45s, valid_score: 0.517400]
Sun 14 Dec 2025 02:07:30 INFO  valid result: 
precision@10 : 0.0786    precision@20 : 0.0449    recall@10 : 0.7858    recall@20 : 0.8982    mrr@10 : 0.4334    mrr@20 : 0.4413    hit@10 : 0.7858    hit@20 : 0.8982    ndcg@10 : 0.5174    ndcg@20 : 0.5459
Sun 14 Dec 2025 02:07:30 INFO  epoch 38 training [time: 0.62s, train loss: 16.7532]
Sun 14 Dec 2025 02:07:31 INFO  epoch 38 evaluating [time: 0.45s, valid_score: 0.514600]
Sun 14 Dec 2025 02:07:31 INFO  valid result: 
precision@10 : 0.0795    precision@20 : 0.0452    recall@10 : 0.7953    recall@20 : 0.9046    mrr@10 : 0.4269    mrr@20 : 0.4345    hit@10 : 0.7953    hit@20 : 0.9046    ndcg@10 : 0.5146    ndcg@20 : 0.5422
Sun 14 Dec 2025 02:07:32 INFO  epoch 39 training [time: 0.61s, train loss: 16.7927]
Sun 14 Dec 2025 02:07:32 INFO  epoch 39 evaluating [time: 0.45s, valid_score: 0.520300]
Sun 14 Dec 2025 02:07:32 INFO  valid result: 
precision@10 : 0.0791    precision@20 : 0.0454    recall@10 : 0.7911    recall@20 : 0.9088    mrr@10 : 0.4358    mrr@20 : 0.4439    hit@10 : 0.7911    hit@20 : 0.9088    ndcg@10 : 0.5203    ndcg@20 : 0.5501
Sun 14 Dec 2025 02:07:33 INFO  epoch 40 training [time: 0.61s, train loss: 16.6991]
Sun 14 Dec 2025 02:07:33 INFO  epoch 40 evaluating [time: 0.46s, valid_score: 0.515400]
Sun 14 Dec 2025 02:07:34 INFO  valid result: 
precision@10 : 0.0786    precision@20 : 0.0458    recall@10 : 0.7858    recall@20 : 0.9162    mrr@10 : 0.4311    mrr@20 : 0.4404    hit@10 : 0.7858    hit@20 : 0.9162    ndcg@10 : 0.5154    ndcg@20 : 0.5485
Sun 14 Dec 2025 02:07:34 INFO  epoch 41 training [time: 0.61s, train loss: 16.6906]
Sun 14 Dec 2025 02:07:35 INFO  epoch 41 evaluating [time: 0.45s, valid_score: 0.523600]
Sun 14 Dec 2025 02:07:35 INFO  valid result: 
precision@10 : 0.0792    precision@20 : 0.0452    recall@10 : 0.7922    recall@20 : 0.9046    mrr@10 : 0.4401    mrr@20 : 0.4479    hit@10 : 0.7922    hit@20 : 0.9046    ndcg@10 : 0.5236    ndcg@20 : 0.552
Sun 14 Dec 2025 02:07:35 INFO  epoch 42 training [time: 0.61s, train loss: 16.7046]
Sun 14 Dec 2025 02:07:36 INFO  epoch 42 evaluating [time: 0.45s, valid_score: 0.512400]
Sun 14 Dec 2025 02:07:36 INFO  valid result: 
precision@10 : 0.0797    precision@20 : 0.0456    recall@10 : 0.7975    recall@20 : 0.912    mrr@10 : 0.4237    mrr@20 : 0.4321    hit@10 : 0.7975    hit@20 : 0.912    ndcg@10 : 0.5124    ndcg@20 : 0.5419
Sun 14 Dec 2025 02:07:36 INFO  Finished training, best eval result in epoch 36
Sun 14 Dec 2025 02:07:36 INFO  Loading model structure and parameters from saved\GCMC-Dec-14-2025_02-06-41.pth
Sun 14 Dec 2025 02:07:38 INFO  The running environment of this training is as follows:
+-------------+----------------+
| Environment |     Usage      |
+=============+================+
| CPU         |     7.90 %     |
+-------------+----------------+
| GPU         | 0.60 G/8.00 G  |
+-------------+----------------+
| Memory      | 1.37 G/15.26 G |
+-------------+----------------+
Sun 14 Dec 2025 02:07:38 INFO  best valid : OrderedDict([('precision@10', 0.0793), ('precision@20', 0.0453), ('recall@10', 0.7932), ('recall@20', 0.9056), ('mrr@10', 0.442), ('mrr@20', 0.4501), ('hit@10', 0.7932), ('hit@20', 0.9056), ('ndcg@10', 0.5251), ('ndcg@20', 0.5538)])
Sun 14 Dec 2025 02:07:38 INFO  test result: OrderedDict([('precision@10', 0.0791), ('precision@20', 0.0459), ('recall@10', 0.7911), ('recall@20', 0.9173), ('mrr@10', 0.4319), ('mrr@20', 0.4408), ('hit@10', 0.7911), ('hit@20', 0.9173), ('ndcg@10', 0.5173), ('ndcg@20', 0.5493)])
