Tue 09 Dec 2025 07:20:32 INFO  ['c:\\Users\\martin\\miniconda3\\envs\\bp\\Lib\\site-packages\\ipykernel_launcher.py', '--f=c:\\Users\\martin\\AppData\\Roaming\\jupyter\\runtime\\kernel-v36d94b79157c8ac1892c0baa1603bfba24b37cfdf.json']
Tue 09 Dec 2025 07:20:32 INFO  
General Hyper Parameters:
gpu_id = 0
use_gpu = True
seed = 2020
state = INFO
reproducibility = True
data_path = ./data/split/douban\douban--impR
checkpoint_dir = saved
show_progress = True
save_dataset = False
dataset_save_path = None
save_dataloaders = False
dataloaders_save_path = None
log_wandb = False

Training Hyper Parameters:
epochs = 50
train_batch_size = 2048
learner = adam
learning_rate = 0.001
train_neg_sample_args = {'distribution': 'uniform', 'sample_num': 1, 'alpha': 1.0, 'dynamic': False, 'candidate_num': 0}
eval_step = 1
stopping_step = 5
clip_grad_norm = None
weight_decay = 0.0
loss_decimal_place = 4

Evaluation Hyper Parameters:
eval_args = {'split': {'RS': [0, 0, 0]}, 'order': 'RO', 'group_by': 'user', 'mode': {'valid': 'full', 'test': 'full'}}
repeatable = False
metrics = ['Precision', 'Recall', 'MRR', 'Hit', 'NDCG']
topk = [10, 20]
valid_metric = NDCG@10
valid_metric_bigger = True
eval_batch_size = 4096
metric_decimal_place = 4

Dataset Hyper Parameters:
field_separator = 	
seq_separator =  
USER_ID_FIELD = user_id
ITEM_ID_FIELD = item_id
RATING_FIELD = rating
TIME_FIELD = timestamp
seq_len = None
LABEL_FIELD = label
threshold = None
NEG_PREFIX = neg_
load_col = {'inter': ['user_id', 'item_id']}
unload_col = None
unused_col = None
additional_feat_suffix = None
rm_dup_inter = None
val_interval = None
filter_inter_by_user_or_item = True
user_inter_num_interval = [0,inf)
item_inter_num_interval = [0,inf)
alias_of_user_id = None
alias_of_item_id = None
alias_of_entity_id = None
alias_of_relation_id = None
preload_weight = None
normalize_field = None
normalize_all = None
ITEM_LIST_LENGTH_FIELD = item_length
LIST_SUFFIX = _list
MAX_ITEM_LIST_LENGTH = 50
POSITION_FIELD = position_id
HEAD_ENTITY_ID_FIELD = head_id
TAIL_ENTITY_ID_FIELD = tail_id
RELATION_ID_FIELD = relation_id
ENTITY_ID_FIELD = entity_id
benchmark_filename = ['train', 'valid', 'test']

Other Hyper Parameters: 
worker = 0
wandb_project = recbole
shuffle = True
require_pow = False
enable_amp = False
enable_scaler = False
transform = None
accum = stack
gcn_output_dim = 500
embedding_size = 64
dropout_prob = 0.3
sparse_feature = True
class_num = 2
num_basis_functions = 2
numerical_features = []
discretization = None
kg_reverse_r = False
entity_kg_num_interval = [0,inf)
relation_kg_num_interval = [0,inf)
MODEL_TYPE = ModelType.GENERAL
MODEL_INPUT_TYPE = InputType.PAIRWISE
eval_type = EvaluatorType.RANKING
single_spec = True
local_rank = 0
device = cpu
valid_neg_sample_args = {'distribution': 'uniform', 'sample_num': 'none'}
test_neg_sample_args = {'distribution': 'uniform', 'sample_num': 'none'}


Tue 09 Dec 2025 07:20:37 INFO  douban--impR
The number of users: 54411
Average actions of users: 7.565815107517
The number of items: 29
Average actions of items: 14702.0
The number of inters: 411656
The sparsity of the dataset: 73.91146186844826%
Remain Fields: ['user_id', 'item_id']
Tue 09 Dec 2025 07:20:40 INFO  [Training]: train_batch_size = [2048] train_neg_sample_args: [{'distribution': 'uniform', 'sample_num': 1, 'alpha': 1.0, 'dynamic': False, 'candidate_num': 0}]
Tue 09 Dec 2025 07:20:40 INFO  [Evaluation]: eval_batch_size = [4096] eval_args: [{'split': {'RS': [0, 0, 0]}, 'order': 'RO', 'group_by': 'user', 'mode': {'valid': 'full', 'test': 'full'}}]
Tue 09 Dec 2025 07:20:41 INFO  GCMC(
  (GcEncoder): GcEncoder(
    (dropout): Dropout(p=0.3, inplace=False)
    (sparse_dropout): SparseDropout()
    (activate): ReLU()
    (weights_u): ParameterList(  (0): Parameter containing: [torch.float32 of size 54440x500])
    (weights_v): ParameterList(  (0): Parameter containing: [torch.float32 of size 54440x500])
    (dense_layer_u): Linear(in_features=500, out_features=64, bias=False)
    (dense_layer_v): Linear(in_features=500, out_features=64, bias=False)
  )
  (BiDecoder): BiDecoder(
    (dropout): Dropout(p=0.0, inplace=False)
    (weights): ParameterList(
        (0): Parameter containing: [torch.float32 of size 64x64]
        (1): Parameter containing: [torch.float32 of size 64x64]
    )
    (dense_layer): Linear(in_features=2, out_features=2, bias=False)
  )
  (loss_function): CrossEntropyLoss()
)
Trainable parameters: 27260196
Tue 09 Dec 2025 07:20:41 INFO  FLOPs: 1742080004.0
Tue 09 Dec 2025 07:24:02 INFO  epoch 0 training [time: 200.51s, train loss: 89.2705]
Tue 09 Dec 2025 07:27:44 INFO  epoch 0 evaluating [time: 222.70s, valid_score: 0.439700]
Tue 09 Dec 2025 07:27:44 INFO  valid result: 
precision@10 : 0.0795    precision@20 : 0.0494    recall@10 : 0.7949    recall@20 : 0.9878    mrr@10 : 0.3321    mrr@20 : 0.3463    hit@10 : 0.7949    hit@20 : 0.9878    ndcg@10 : 0.4397    ndcg@20 : 0.4895
Tue 09 Dec 2025 07:27:45 INFO  Saving current: saved\GCMC-Dec-09-2025_07-20-41.pth
Tue 09 Dec 2025 07:31:04 INFO  epoch 1 training [time: 198.81s, train loss: 83.4438]
Tue 09 Dec 2025 07:34:46 INFO  epoch 1 evaluating [time: 222.24s, valid_score: 0.426700]
Tue 09 Dec 2025 07:34:46 INFO  valid result: 
precision@10 : 0.0794    precision@20 : 0.0494    recall@10 : 0.7945    recall@20 : 0.9877    mrr@10 : 0.3151    mrr@20 : 0.3293    hit@10 : 0.7945    hit@20 : 0.9877    ndcg@10 : 0.4267    ndcg@20 : 0.4765
Tue 09 Dec 2025 07:38:07 INFO  epoch 2 training [time: 200.73s, train loss: 80.3068]
Tue 09 Dec 2025 07:41:51 INFO  epoch 2 evaluating [time: 224.28s, valid_score: 0.432100]
Tue 09 Dec 2025 07:41:51 INFO  valid result: 
precision@10 : 0.0799    precision@20 : 0.0495    recall@10 : 0.7985    recall@20 : 0.989    mrr@10 : 0.3207    mrr@20 : 0.3347    hit@10 : 0.7985    hit@20 : 0.989    ndcg@10 : 0.4321    ndcg@20 : 0.4813
Tue 09 Dec 2025 07:45:12 INFO  epoch 3 training [time: 200.83s, train loss: 79.4410]
Tue 09 Dec 2025 07:48:56 INFO  epoch 3 evaluating [time: 223.96s, valid_score: 0.425800]
Tue 09 Dec 2025 07:48:56 INFO  valid result: 
precision@10 : 0.0795    precision@20 : 0.0494    recall@10 : 0.7951    recall@20 : 0.9888    mrr@10 : 0.3137    mrr@20 : 0.328    hit@10 : 0.7951    hit@20 : 0.9888    ndcg@10 : 0.4258    ndcg@20 : 0.4758
Tue 09 Dec 2025 07:52:18 INFO  epoch 4 training [time: 202.03s, train loss: 78.6691]
Tue 09 Dec 2025 07:56:03 INFO  epoch 4 evaluating [time: 225.01s, valid_score: 0.436000]
Tue 09 Dec 2025 07:56:03 INFO  valid result: 
precision@10 : 0.0805    precision@20 : 0.0494    recall@10 : 0.8055    recall@20 : 0.9888    mrr@10 : 0.3235    mrr@20 : 0.337    hit@10 : 0.8055    hit@20 : 0.9888    ndcg@10 : 0.436    ndcg@20 : 0.4834
Tue 09 Dec 2025 07:59:26 INFO  epoch 5 training [time: 202.64s, train loss: 77.4999]
Tue 09 Dec 2025 08:03:11 INFO  epoch 5 evaluating [time: 224.91s, valid_score: 0.431700]
Tue 09 Dec 2025 08:03:11 INFO  valid result: 
precision@10 : 0.0802    precision@20 : 0.0493    recall@10 : 0.802    recall@20 : 0.9866    mrr@10 : 0.3189    mrr@20 : 0.3325    hit@10 : 0.802    hit@20 : 0.9866    ndcg@10 : 0.4317    ndcg@20 : 0.4793
Tue 09 Dec 2025 08:06:33 INFO  epoch 6 training [time: 202.81s, train loss: 76.3251]
Tue 09 Dec 2025 08:10:19 INFO  epoch 6 evaluating [time: 225.30s, valid_score: 0.433700]
Tue 09 Dec 2025 08:10:19 INFO  valid result: 
precision@10 : 0.0803    precision@20 : 0.0494    recall@10 : 0.8029    recall@20 : 0.9872    mrr@10 : 0.3212    mrr@20 : 0.3347    hit@10 : 0.8029    hit@20 : 0.9872    ndcg@10 : 0.4337    ndcg@20 : 0.4812
Tue 09 Dec 2025 08:10:19 INFO  Finished training, best eval result in epoch 0
Tue 09 Dec 2025 08:10:19 INFO  Loading model structure and parameters from saved\GCMC-Dec-09-2025_07-20-41.pth
Tue 09 Dec 2025 08:14:03 INFO  The running environment of this training is as follows:
+-------------+----------------+
| Environment |     Usage      |
+=============+================+
| CPU         |     2.90 %     |
+-------------+----------------+
| GPU         |   0.0 / 0.0    |
+-------------+----------------+
| Memory      | 1.30 G/13.86 G |
+-------------+----------------+
Tue 09 Dec 2025 08:14:03 INFO  best valid : OrderedDict([('precision@10', 0.0795), ('precision@20', 0.0494), ('recall@10', 0.7949), ('recall@20', 0.9878), ('mrr@10', 0.3321), ('mrr@20', 0.3463), ('hit@10', 0.7949), ('hit@20', 0.9878), ('ndcg@10', 0.4397), ('ndcg@20', 0.4895)])
Tue 09 Dec 2025 08:14:03 INFO  test result: OrderedDict([('precision@10', 0.0828), ('precision@20', 0.0496), ('recall@10', 0.8278), ('recall@20', 0.9924), ('mrr@10', 0.3657), ('mrr@20', 0.3779), ('hit@10', 0.8278), ('hit@20', 0.9924), ('ndcg@10', 0.4732), ('ndcg@20', 0.5157)])
