Sun 14 Dec 2025 02:07:38 INFO  ['c:\\Users\\marti\\miniconda3\\envs\\bp_cuda\\Lib\\site-packages\\ipykernel_launcher.py', '--f=c:\\Users\\marti\\AppData\\Roaming\\jupyter\\runtime\\kernel-v3c445ff7fe94ae4af53429f549af66ad1608410b0.json']
Sun 14 Dec 2025 02:07:38 INFO  
General Hyper Parameters:
gpu_id = 0
use_gpu = True
seed = 2020
state = INFO
reproducibility = True
data_path = ./data/split/douban\douban--impB
checkpoint_dir = saved
show_progress = False
save_dataset = False
dataset_save_path = None
save_dataloaders = False
dataloaders_save_path = None
log_wandb = False

Training Hyper Parameters:
epochs = 50
train_batch_size = 2048
learner = adam
learning_rate = 0.001
train_neg_sample_args = {'distribution': 'uniform', 'sample_num': 1, 'alpha': 1.0, 'dynamic': False, 'candidate_num': 0}
eval_step = 1
stopping_step = 5
clip_grad_norm = None
weight_decay = 0.0
loss_decimal_place = 4

Evaluation Hyper Parameters:
eval_args = {'split': {'RS': [0, 0, 0]}, 'order': 'RO', 'group_by': 'user', 'mode': {'valid': 'uni100', 'test': 'uni100'}}
repeatable = False
metrics = ['Precision', 'Recall', 'MRR', 'Hit', 'NDCG']
topk = [10, 20]
valid_metric = NDCG@10
valid_metric_bigger = True
eval_batch_size = 4096
metric_decimal_place = 4

Dataset Hyper Parameters:
field_separator = 	
seq_separator =  
USER_ID_FIELD = user_id
ITEM_ID_FIELD = item_id
RATING_FIELD = rating
TIME_FIELD = timestamp
seq_len = None
LABEL_FIELD = label
threshold = None
NEG_PREFIX = neg_
load_col = {'inter': ['user_id', 'item_id', 'rating']}
unload_col = None
unused_col = None
additional_feat_suffix = None
rm_dup_inter = None
val_interval = None
filter_inter_by_user_or_item = True
user_inter_num_interval = [0,inf)
item_inter_num_interval = [0,inf)
alias_of_user_id = None
alias_of_item_id = None
alias_of_entity_id = None
alias_of_relation_id = None
preload_weight = None
normalize_field = None
normalize_all = None
ITEM_LIST_LENGTH_FIELD = item_length
LIST_SUFFIX = _list
MAX_ITEM_LIST_LENGTH = 50
POSITION_FIELD = position_id
HEAD_ENTITY_ID_FIELD = head_id
TAIL_ENTITY_ID_FIELD = tail_id
RELATION_ID_FIELD = relation_id
ENTITY_ID_FIELD = entity_id
benchmark_filename = ['train', 'valid', 'test']

Other Hyper Parameters: 
worker = 0
wandb_project = recbole
shuffle = True
require_pow = False
enable_amp = False
enable_scaler = False
transform = None
accum = stack
gcn_output_dim = 500
embedding_size = 64
dropout_prob = 0.3
sparse_feature = True
class_num = 2
num_basis_functions = 2
numerical_features = []
discretization = None
kg_reverse_r = False
entity_kg_num_interval = [0,inf)
relation_kg_num_interval = [0,inf)
MODEL_TYPE = ModelType.GENERAL
num_workers = 4
pin_memory = True
test_args = {'mode': 'full'}
MODEL_INPUT_TYPE = InputType.PAIRWISE
eval_type = EvaluatorType.RANKING
single_spec = True
local_rank = 0
device = cuda
valid_neg_sample_args = {'distribution': 'uniform', 'sample_num': 100}
test_neg_sample_args = {'distribution': 'uniform', 'sample_num': 100}


Sun 14 Dec 2025 02:07:42 INFO  douban--impB
The number of users: 54411
Average actions of users: 7.565815107517
The number of items: 29
Average actions of items: 14702.0
The number of inters: 411656
The sparsity of the dataset: 73.91146186844826%
Remain Fields: ['user_id', 'item_id']
Sun 14 Dec 2025 02:07:43 INFO  [Training]: train_batch_size = [2048] train_neg_sample_args: [{'distribution': 'uniform', 'sample_num': 1, 'alpha': 1.0, 'dynamic': False, 'candidate_num': 0}]
Sun 14 Dec 2025 02:07:43 INFO  [Evaluation]: eval_batch_size = [4096] eval_args: [{'split': {'RS': [0, 0, 0]}, 'order': 'RO', 'group_by': 'user', 'mode': {'valid': 'uni100', 'test': 'uni100'}}]
Sun 14 Dec 2025 02:07:44 INFO  GCMC(
  (GcEncoder): GcEncoder(
    (dropout): Dropout(p=0.3, inplace=False)
    (sparse_dropout): SparseDropout()
    (activate): ReLU()
    (weights_u): ParameterList(  (0): Parameter containing: [torch.float32 of size 54440x500 (cuda:0)])
    (weights_v): ParameterList(  (0): Parameter containing: [torch.float32 of size 54440x500 (cuda:0)])
    (dense_layer_u): Linear(in_features=500, out_features=64, bias=False)
    (dense_layer_v): Linear(in_features=500, out_features=64, bias=False)
  )
  (BiDecoder): BiDecoder(
    (dropout): Dropout(p=0.0, inplace=False)
    (weights): ParameterList(
        (0): Parameter containing: [torch.float32 of size 64x64 (cuda:0)]
        (1): Parameter containing: [torch.float32 of size 64x64 (cuda:0)]
    )
    (dense_layer): Linear(in_features=2, out_features=2, bias=False)
  )
  (loss_function): CrossEntropyLoss()
)
Trainable parameters: 27260196
Sun 14 Dec 2025 02:07:44 INFO  FLOPs: 1742080004.0
Sun 14 Dec 2025 02:07:56 INFO  epoch 0 training [time: 11.92s, train loss: 88.9642]
Sun 14 Dec 2025 02:08:59 INFO  epoch 0 evaluating [time: 63.26s, valid_score: 0.446100]
Sun 14 Dec 2025 02:08:59 INFO  valid result: 
precision@10 : 0.0804    precision@20 : 0.0495    recall@10 : 0.8042    recall@20 : 0.9892    mrr@10 : 0.3374    mrr@20 : 0.351    hit@10 : 0.8042    hit@20 : 0.9892    ndcg@10 : 0.4461    ndcg@20 : 0.4938
Sun 14 Dec 2025 02:09:00 INFO  Saving current: saved\GCMC-Dec-14-2025_02-07-44.pth
Sun 14 Dec 2025 02:09:12 INFO  epoch 1 training [time: 11.90s, train loss: 83.5694]
Sun 14 Dec 2025 02:10:15 INFO  epoch 1 evaluating [time: 63.47s, valid_score: 0.427100]
Sun 14 Dec 2025 02:10:15 INFO  valid result: 
precision@10 : 0.0797    precision@20 : 0.0494    recall@10 : 0.7966    recall@20 : 0.9887    mrr@10 : 0.3148    mrr@20 : 0.329    hit@10 : 0.7966    hit@20 : 0.9887    ndcg@10 : 0.4271    ndcg@20 : 0.4768
Sun 14 Dec 2025 02:10:27 INFO  epoch 2 training [time: 11.89s, train loss: 80.1885]
Sun 14 Dec 2025 02:11:30 INFO  epoch 2 evaluating [time: 63.01s, valid_score: 0.447600]
Sun 14 Dec 2025 02:11:30 INFO  valid result: 
precision@10 : 0.081    precision@20 : 0.0495    recall@10 : 0.81    recall@20 : 0.9906    mrr@10 : 0.3371    mrr@20 : 0.3505    hit@10 : 0.81    hit@20 : 0.9906    ndcg@10 : 0.4476    ndcg@20 : 0.4943
Sun 14 Dec 2025 02:11:31 INFO  Saving current: saved\GCMC-Dec-14-2025_02-07-44.pth
Sun 14 Dec 2025 02:11:43 INFO  epoch 3 training [time: 11.87s, train loss: 79.0293]
Sun 14 Dec 2025 02:12:46 INFO  epoch 3 evaluating [time: 63.29s, valid_score: 0.443200]
Sun 14 Dec 2025 02:12:46 INFO  valid result: 
precision@10 : 0.0808    precision@20 : 0.0495    recall@10 : 0.8083    recall@20 : 0.9895    mrr@10 : 0.332    mrr@20 : 0.3454    hit@10 : 0.8083    hit@20 : 0.9895    ndcg@10 : 0.4432    ndcg@20 : 0.4901
Sun 14 Dec 2025 02:12:58 INFO  epoch 4 training [time: 11.92s, train loss: 78.1067]
Sun 14 Dec 2025 02:14:01 INFO  epoch 4 evaluating [time: 62.95s, valid_score: 0.444800]
Sun 14 Dec 2025 02:14:01 INFO  valid result: 
precision@10 : 0.081    precision@20 : 0.0495    recall@10 : 0.81    recall@20 : 0.9896    mrr@10 : 0.3334    mrr@20 : 0.3466    hit@10 : 0.81    hit@20 : 0.9896    ndcg@10 : 0.4448    ndcg@20 : 0.4912
Sun 14 Dec 2025 02:14:13 INFO  epoch 5 training [time: 11.91s, train loss: 77.1842]
Sun 14 Dec 2025 02:15:16 INFO  epoch 5 evaluating [time: 62.41s, valid_score: 0.445100]
Sun 14 Dec 2025 02:15:16 INFO  valid result: 
precision@10 : 0.0808    precision@20 : 0.0495    recall@10 : 0.8081    recall@20 : 0.9897    mrr@10 : 0.3345    mrr@20 : 0.3479    hit@10 : 0.8081    hit@20 : 0.9897    ndcg@10 : 0.4451    ndcg@20 : 0.492
Sun 14 Dec 2025 02:15:28 INFO  epoch 6 training [time: 11.93s, train loss: 76.3089]
Sun 14 Dec 2025 02:16:31 INFO  epoch 6 evaluating [time: 63.04s, valid_score: 0.449700]
Sun 14 Dec 2025 02:16:31 INFO  valid result: 
precision@10 : 0.0813    precision@20 : 0.0494    recall@10 : 0.8132    recall@20 : 0.9889    mrr@10 : 0.3387    mrr@20 : 0.3516    hit@10 : 0.8132    hit@20 : 0.9889    ndcg@10 : 0.4497    ndcg@20 : 0.4951
Sun 14 Dec 2025 02:16:32 INFO  Saving current: saved\GCMC-Dec-14-2025_02-07-44.pth
Sun 14 Dec 2025 02:16:43 INFO  epoch 7 training [time: 11.90s, train loss: 74.8159]
Sun 14 Dec 2025 02:17:47 INFO  epoch 7 evaluating [time: 63.27s, valid_score: 0.441800]
Sun 14 Dec 2025 02:17:47 INFO  valid result: 
precision@10 : 0.0811    precision@20 : 0.0495    recall@10 : 0.8115    recall@20 : 0.9892    mrr@10 : 0.329    mrr@20 : 0.3421    hit@10 : 0.8115    hit@20 : 0.9892    ndcg@10 : 0.4418    ndcg@20 : 0.4877
Sun 14 Dec 2025 02:17:59 INFO  epoch 8 training [time: 11.91s, train loss: 73.0684]
Sun 14 Dec 2025 02:19:02 INFO  epoch 8 evaluating [time: 63.43s, valid_score: 0.430300]
Sun 14 Dec 2025 02:19:02 INFO  valid result: 
precision@10 : 0.0797    precision@20 : 0.0494    recall@10 : 0.7974    recall@20 : 0.9878    mrr@10 : 0.3183    mrr@20 : 0.3322    hit@10 : 0.7974    hit@20 : 0.9878    ndcg@10 : 0.4303    ndcg@20 : 0.4793
Sun 14 Dec 2025 02:19:14 INFO  epoch 9 training [time: 11.89s, train loss: 71.8650]
Sun 14 Dec 2025 02:20:18 INFO  epoch 9 evaluating [time: 63.27s, valid_score: 0.445500]
Sun 14 Dec 2025 02:20:18 INFO  valid result: 
precision@10 : 0.081    precision@20 : 0.0495    recall@10 : 0.8103    recall@20 : 0.9895    mrr@10 : 0.3341    mrr@20 : 0.3472    hit@10 : 0.8103    hit@20 : 0.9895    ndcg@10 : 0.4455    ndcg@20 : 0.4917
Sun 14 Dec 2025 02:20:30 INFO  epoch 10 training [time: 11.93s, train loss: 71.3327]
Sun 14 Dec 2025 02:21:33 INFO  epoch 10 evaluating [time: 63.08s, valid_score: 0.441600]
Sun 14 Dec 2025 02:21:33 INFO  valid result: 
precision@10 : 0.0805    precision@20 : 0.0495    recall@10 : 0.805    recall@20 : 0.9895    mrr@10 : 0.3305    mrr@20 : 0.344    hit@10 : 0.805    hit@20 : 0.9895    ndcg@10 : 0.4416    ndcg@20 : 0.4891
Sun 14 Dec 2025 02:21:45 INFO  epoch 11 training [time: 11.90s, train loss: 70.0223]
Sun 14 Dec 2025 02:22:48 INFO  epoch 11 evaluating [time: 63.42s, valid_score: 0.429200]
Sun 14 Dec 2025 02:22:48 INFO  valid result: 
precision@10 : 0.08    precision@20 : 0.0494    recall@10 : 0.7998    recall@20 : 0.9873    mrr@10 : 0.3159    mrr@20 : 0.3296    hit@10 : 0.7998    hit@20 : 0.9873    ndcg@10 : 0.4292    ndcg@20 : 0.4774
Sun 14 Dec 2025 02:23:00 INFO  epoch 12 training [time: 11.92s, train loss: 69.2990]
Sun 14 Dec 2025 02:24:04 INFO  epoch 12 evaluating [time: 63.24s, valid_score: 0.442000]
Sun 14 Dec 2025 02:24:04 INFO  valid result: 
precision@10 : 0.081    precision@20 : 0.0494    recall@10 : 0.8095    recall@20 : 0.9887    mrr@10 : 0.3296    mrr@20 : 0.3427    hit@10 : 0.8095    hit@20 : 0.9887    ndcg@10 : 0.442    ndcg@20 : 0.4882
Sun 14 Dec 2025 02:24:04 INFO  Finished training, best eval result in epoch 6
Sun 14 Dec 2025 02:24:04 INFO  Loading model structure and parameters from saved\GCMC-Dec-14-2025_02-07-44.pth
Sun 14 Dec 2025 02:25:09 INFO  The running environment of this training is as follows:
+-------------+----------------+
| Environment |     Usage      |
+=============+================+
| CPU         |     4.70 %     |
+-------------+----------------+
| GPU         | 1.82 G/8.00 G  |
+-------------+----------------+
| Memory      | 1.35 G/15.26 G |
+-------------+----------------+
Sun 14 Dec 2025 02:25:09 INFO  best valid : OrderedDict([('precision@10', 0.0813), ('precision@20', 0.0494), ('recall@10', 0.8132), ('recall@20', 0.9889), ('mrr@10', 0.3387), ('mrr@20', 0.3516), ('hit@10', 0.8132), ('hit@20', 0.9889), ('ndcg@10', 0.4497), ('ndcg@20', 0.4951)])
Sun 14 Dec 2025 02:25:09 INFO  test result: OrderedDict([('precision@10', 0.0838), ('precision@20', 0.0497), ('recall@10', 0.8381), ('recall@20', 0.9932), ('mrr@10', 0.3747), ('mrr@20', 0.3862), ('hit@10', 0.8381), ('hit@20', 0.9932), ('ndcg@10', 0.4833), ('ndcg@20', 0.5235)])
