Thu 27 Nov 2025 15:21:52 INFO  ['c:\\Users\\martin\\miniconda3\\envs\\bp\\Lib\\site-packages\\ipykernel_launcher.py', '--f=c:\\Users\\martin\\AppData\\Roaming\\jupyter\\runtime\\kernel-v3ab39920f646c09d7450605b6e539fb35e8fad509.json']
Thu 27 Nov 2025 15:21:52 INFO  
General Hyper Parameters:
gpu_id = 0
use_gpu = True
seed = 2020
state = INFO
reproducibility = True
data_path = ./data/split/jester\jester--expR
checkpoint_dir = saved
show_progress = True
save_dataset = False
dataset_save_path = None
save_dataloaders = False
dataloaders_save_path = None
log_wandb = False

Training Hyper Parameters:
epochs = 50
train_batch_size = 2048
learner = adam
learning_rate = 0.001
train_neg_sample_args = {'distribution': 'uniform', 'sample_num': 1, 'alpha': 1.0, 'dynamic': False, 'candidate_num': 0}
eval_step = 1
stopping_step = 5
clip_grad_norm = None
weight_decay = 0.0
loss_decimal_place = 4

Evaluation Hyper Parameters:
eval_args = {'split': {'RS': [0, 0, 0]}, 'order': 'RO', 'group_by': 'user', 'mode': {'valid': 'full', 'test': 'full'}}
repeatable = False
metrics = ['Precision', 'Recall', 'MRR', 'Hit', 'NDCG']
topk = [10, 20]
valid_metric = NDCG@10
valid_metric_bigger = True
eval_batch_size = 4096
metric_decimal_place = 4

Dataset Hyper Parameters:
field_separator = 	
seq_separator =  
USER_ID_FIELD = user_id
ITEM_ID_FIELD = item_id
RATING_FIELD = rating
TIME_FIELD = timestamp
seq_len = None
LABEL_FIELD = label
threshold = None
NEG_PREFIX = neg_
load_col = {'inter': ['user_id', 'item_id']}
unload_col = None
unused_col = None
additional_feat_suffix = None
rm_dup_inter = None
val_interval = None
filter_inter_by_user_or_item = True
user_inter_num_interval = [0,inf)
item_inter_num_interval = [0,inf)
alias_of_user_id = None
alias_of_item_id = None
alias_of_entity_id = None
alias_of_relation_id = None
preload_weight = None
normalize_field = None
normalize_all = None
ITEM_LIST_LENGTH_FIELD = item_length
LIST_SUFFIX = _list
MAX_ITEM_LIST_LENGTH = 50
POSITION_FIELD = position_id
HEAD_ENTITY_ID_FIELD = head_id
TAIL_ENTITY_ID_FIELD = tail_id
RELATION_ID_FIELD = relation_id
ENTITY_ID_FIELD = entity_id
benchmark_filename = ['train', 'valid', 'test']

Other Hyper Parameters: 
worker = 0
wandb_project = recbole
shuffle = True
require_pow = False
enable_amp = False
enable_scaler = False
transform = None
accum = stack
gcn_output_dim = 500
embedding_size = 64
dropout_prob = 0.3
sparse_feature = True
class_num = 2
num_basis_functions = 2
numerical_features = []
discretization = None
kg_reverse_r = False
entity_kg_num_interval = [0,inf)
relation_kg_num_interval = [0,inf)
MODEL_TYPE = ModelType.GENERAL
test_args = {'mode': 'full'}
MODEL_INPUT_TYPE = InputType.PAIRWISE
eval_type = EvaluatorType.RANKING
single_spec = True
local_rank = 0
device = cpu
valid_neg_sample_args = {'distribution': 'uniform', 'sample_num': 'none'}
test_neg_sample_args = {'distribution': 'uniform', 'sample_num': 'none'}


Thu 27 Nov 2025 15:22:03 INFO  jester--expR
The number of users: 73422
Average actions of users: 56.14529902888819
The number of items: 101
Average actions of items: 41222.44
The number of inters: 4122244
The sparsity of the dataset: 44.41135214281419%
Remain Fields: ['user_id', 'item_id']
Thu 27 Nov 2025 15:22:07 INFO  [Training]: train_batch_size = [2048] train_neg_sample_args: [{'distribution': 'uniform', 'sample_num': 1, 'alpha': 1.0, 'dynamic': False, 'candidate_num': 0}]
Thu 27 Nov 2025 15:22:07 INFO  [Evaluation]: eval_batch_size = [4096] eval_args: [{'split': {'RS': [0, 0, 0]}, 'order': 'RO', 'group_by': 'user', 'mode': {'valid': 'full', 'test': 'full'}}]
Thu 27 Nov 2025 15:22:17 INFO  GCMC(
  (GcEncoder): GcEncoder(
    (dropout): Dropout(p=0.3, inplace=False)
    (sparse_dropout): SparseDropout()
    (activate): ReLU()
    (weights_u): ParameterList(  (0): Parameter containing: [torch.float32 of size 73523x500])
    (weights_v): ParameterList(  (0): Parameter containing: [torch.float32 of size 73523x500])
    (dense_layer_u): Linear(in_features=500, out_features=64, bias=False)
    (dense_layer_v): Linear(in_features=500, out_features=64, bias=False)
  )
  (BiDecoder): BiDecoder(
    (dropout): Dropout(p=0.0, inplace=False)
    (weights): ParameterList(
        (0): Parameter containing: [torch.float32 of size 64x64]
        (1): Parameter containing: [torch.float32 of size 64x64]
    )
    (dense_layer): Linear(in_features=2, out_features=2, bias=False)
  )
  (loss_function): CrossEntropyLoss()
)
Trainable parameters: 36801696
Thu 27 Nov 2025 15:22:21 INFO  FLOPs: 2352736004.0
Thu 27 Nov 2025 19:31:59 INFO  epoch 0 training [time: 14976.59s, train loss: 880.6674]
Thu 27 Nov 2025 21:24:19 INFO  epoch 0 evaluating [time: 6740.34s, valid_score: 0.712700]
Thu 27 Nov 2025 21:24:19 INFO  valid result: 
precision@10 : 0.0914    precision@20 : 0.0468    recall@10 : 0.9142    recall@20 : 0.9359    mrr@10 : 0.6443    mrr@20 : 0.6458    hit@10 : 0.9142    hit@20 : 0.9359    ndcg@10 : 0.7127    ndcg@20 : 0.7182
Thu 27 Nov 2025 21:24:20 INFO  Saving current: saved\GCMC-Nov-27-2025_15-22-21.pth
Fri 28 Nov 2025 01:36:37 INFO  epoch 1 training [time: 15137.64s, train loss: 839.2551]
Fri 28 Nov 2025 03:29:54 INFO  epoch 1 evaluating [time: 6796.87s, valid_score: 0.712800]
Fri 28 Nov 2025 03:29:54 INFO  valid result: 
precision@10 : 0.0913    precision@20 : 0.0467    recall@10 : 0.9133    recall@20 : 0.9349    mrr@10 : 0.6446    mrr@20 : 0.6461    hit@10 : 0.9133    hit@20 : 0.9349    ndcg@10 : 0.7128    ndcg@20 : 0.7183
Fri 28 Nov 2025 03:29:55 INFO  Saving current: saved\GCMC-Nov-27-2025_15-22-21.pth
Fri 28 Nov 2025 07:44:21 INFO  epoch 2 training [time: 15266.35s, train loss: 817.8609]
Fri 28 Nov 2025 09:38:30 INFO  epoch 2 evaluating [time: 6848.80s, valid_score: 0.710600]
Fri 28 Nov 2025 09:38:30 INFO  valid result: 
precision@10 : 0.0911    precision@20 : 0.0468    recall@10 : 0.9113    recall@20 : 0.935    mrr@10 : 0.6423    mrr@20 : 0.6439    hit@10 : 0.9113    hit@20 : 0.935    ndcg@10 : 0.7106    ndcg@20 : 0.7165
Fri 28 Nov 2025 13:56:02 INFO  epoch 3 training [time: 15451.86s, train loss: 812.6702]
Fri 28 Nov 2025 15:49:33 INFO  epoch 3 evaluating [time: 6811.23s, valid_score: 0.711200]
Fri 28 Nov 2025 15:49:33 INFO  valid result: 
precision@10 : 0.091    precision@20 : 0.0466    recall@10 : 0.9099    recall@20 : 0.9328    mrr@10 : 0.6436    mrr@20 : 0.6451    hit@10 : 0.9099    hit@20 : 0.9328    ndcg@10 : 0.7112    ndcg@20 : 0.717
Fri 28 Nov 2025 20:02:06 INFO  epoch 4 training [time: 15153.01s, train loss: 807.0426]
Fri 28 Nov 2025 21:55:09 INFO  epoch 4 evaluating [time: 6782.74s, valid_score: 0.710800]
Fri 28 Nov 2025 21:55:09 INFO  valid result: 
precision@10 : 0.0909    precision@20 : 0.0466    recall@10 : 0.9092    recall@20 : 0.9319    mrr@10 : 0.6432    mrr@20 : 0.6448    hit@10 : 0.9092    hit@20 : 0.9319    ndcg@10 : 0.7108    ndcg@20 : 0.7165
Sat 29 Nov 2025 02:09:31 INFO  epoch 5 training [time: 15262.35s, train loss: 803.4580]
Sat 29 Nov 2025 04:03:54 INFO  epoch 5 evaluating [time: 6862.68s, valid_score: 0.708700]
Sat 29 Nov 2025 04:03:54 INFO  valid result: 
precision@10 : 0.0908    precision@20 : 0.0467    recall@10 : 0.9081    recall@20 : 0.9348    mrr@10 : 0.6409    mrr@20 : 0.6427    hit@10 : 0.9081    hit@20 : 0.9348    ndcg@10 : 0.7087    ndcg@20 : 0.7154
Sat 29 Nov 2025 08:19:07 INFO  epoch 6 training [time: 15313.24s, train loss: 797.4281]
Sat 29 Nov 2025 10:13:28 INFO  epoch 6 evaluating [time: 6861.17s, valid_score: 0.709900]
Sat 29 Nov 2025 10:13:29 INFO  valid result: 
precision@10 : 0.091    precision@20 : 0.0467    recall@10 : 0.91    recall@20 : 0.9347    mrr@10 : 0.6418    mrr@20 : 0.6435    hit@10 : 0.91    hit@20 : 0.9347    ndcg@10 : 0.7099    ndcg@20 : 0.7161
Sat 29 Nov 2025 14:30:13 INFO  epoch 7 training [time: 15404.24s, train loss: 793.6437]
Sat 29 Nov 2025 16:24:51 INFO  epoch 7 evaluating [time: 6878.62s, valid_score: 0.709700]
Sat 29 Nov 2025 16:24:51 INFO  valid result: 
precision@10 : 0.091    precision@20 : 0.0468    recall@10 : 0.9102    recall@20 : 0.9351    mrr@10 : 0.6416    mrr@20 : 0.6433    hit@10 : 0.9102    hit@20 : 0.9351    ndcg@10 : 0.7097    ndcg@20 : 0.716
Sat 29 Nov 2025 16:24:51 INFO  Finished training, best eval result in epoch 1
Sat 29 Nov 2025 16:24:52 INFO  Loading model structure and parameters from saved\GCMC-Nov-27-2025_15-22-21.pth
Sat 29 Nov 2025 18:19:14 INFO  The running environment of this training is as follows:
+-------------+----------------+
| Environment |     Usage      |
+=============+================+
| CPU         |     3.50 %     |
+-------------+----------------+
| GPU         |   0.0 / 0.0    |
+-------------+----------------+
| Memory      | 2.50 G/13.86 G |
+-------------+----------------+
Sat 29 Nov 2025 18:19:14 INFO  best valid : OrderedDict([('precision@10', 0.0913), ('precision@20', 0.0467), ('recall@10', 0.9133), ('recall@20', 0.9349), ('mrr@10', 0.6446), ('mrr@20', 0.6461), ('hit@10', 0.9133), ('hit@20', 0.9349), ('ndcg@10', 0.7128), ('ndcg@20', 0.7183)])
Sat 29 Nov 2025 18:19:14 INFO  test result: OrderedDict([('precision@10', 0.0917), ('precision@20', 0.0469), ('recall@10', 0.9166), ('recall@20', 0.9384), ('mrr@10', 0.8049), ('mrr@20', 0.8064), ('hit@10', 0.9166), ('hit@20', 0.9384), ('ndcg@10', 0.8329), ('ndcg@20', 0.8384)])
