Wed 19 Nov 2025 22:12:04 INFO  ['c:\\Users\\martin\\miniconda3\\envs\\bp\\Lib\\site-packages\\ipykernel_launcher.py', '--f=c:\\Users\\martin\\AppData\\Roaming\\jupyter\\runtime\\kernel-v3b4d02f3c1a36799ba54e99efaeaba8d1ad4a9cfe.json']
Wed 19 Nov 2025 22:12:04 INFO  
General Hyper Parameters:
gpu_id = 0
use_gpu = True
seed = 2020
state = INFO
reproducibility = True
data_path = ./data/split/jester\jester--expR
checkpoint_dir = saved
show_progress = True
save_dataset = False
dataset_save_path = None
save_dataloaders = False
dataloaders_save_path = None
log_wandb = False

Training Hyper Parameters:
epochs = 50
train_batch_size = 2048
learner = adam
learning_rate = 0.001
train_neg_sample_args = {'distribution': 'uniform', 'sample_num': 1, 'alpha': 1.0, 'dynamic': False, 'candidate_num': 0}
eval_step = 1
stopping_step = 5
clip_grad_norm = None
weight_decay = 0.0
loss_decimal_place = 4

Evaluation Hyper Parameters:
eval_args = {'split': {'RS': [0, 0, 0]}, 'order': 'RO', 'group_by': 'user', 'mode': {'valid': 'full', 'test': 'full'}}
repeatable = False
metrics = ['Precision', 'Recall', 'MRR', 'Hit', 'NDCG']
topk = [10, 20]
valid_metric = NDCG@10
valid_metric_bigger = True
eval_batch_size = 4096
metric_decimal_place = 4

Dataset Hyper Parameters:
field_separator = 	
seq_separator =  
USER_ID_FIELD = user_id
ITEM_ID_FIELD = item_id
RATING_FIELD = rating
TIME_FIELD = timestamp
seq_len = None
LABEL_FIELD = label
threshold = None
NEG_PREFIX = neg_
load_col = {'inter': ['user_id', 'item_id']}
unload_col = None
unused_col = None
additional_feat_suffix = None
rm_dup_inter = None
val_interval = None
filter_inter_by_user_or_item = True
user_inter_num_interval = [0,inf)
item_inter_num_interval = [0,inf)
alias_of_user_id = None
alias_of_item_id = None
alias_of_entity_id = None
alias_of_relation_id = None
preload_weight = None
normalize_field = None
normalize_all = None
ITEM_LIST_LENGTH_FIELD = item_length
LIST_SUFFIX = _list
MAX_ITEM_LIST_LENGTH = 50
POSITION_FIELD = position_id
HEAD_ENTITY_ID_FIELD = head_id
TAIL_ENTITY_ID_FIELD = tail_id
RELATION_ID_FIELD = relation_id
ENTITY_ID_FIELD = entity_id
benchmark_filename = ['train', 'valid', 'test']

Other Hyper Parameters: 
worker = 0
wandb_project = recbole
shuffle = True
require_pow = False
enable_amp = False
enable_scaler = False
transform = None
accum = stack
gcn_output_dim = 500
embedding_size = 64
dropout_prob = 0.3
sparse_feature = True
class_num = 2
num_basis_functions = 2
numerical_features = []
discretization = None
kg_reverse_r = False
entity_kg_num_interval = [0,inf)
relation_kg_num_interval = [0,inf)
MODEL_TYPE = ModelType.GENERAL
test_args = {'mode': 'full'}
MODEL_INPUT_TYPE = InputType.PAIRWISE
eval_type = EvaluatorType.RANKING
single_spec = True
local_rank = 0
device = cpu
valid_neg_sample_args = {'distribution': 'uniform', 'sample_num': 'none'}
test_neg_sample_args = {'distribution': 'uniform', 'sample_num': 'none'}


Wed 19 Nov 2025 22:12:05 INFO  Load filtered dataset from: [saved\jester--expR-Dataset.pth]
Wed 19 Nov 2025 22:12:05 INFO  jester--expR
The number of users: 73422
Average actions of users: 56.14529902888819
The number of items: 101
Average actions of items: 41222.44
The number of inters: 4122244
The sparsity of the dataset: 44.41135214281419%
Remain Fields: ['user_id', 'item_id']
Wed 19 Nov 2025 22:12:11 INFO  [Training]: train_batch_size = [2048] train_neg_sample_args: [{'distribution': 'uniform', 'sample_num': 1, 'alpha': 1.0, 'dynamic': False, 'candidate_num': 0}]
Wed 19 Nov 2025 22:12:11 INFO  [Evaluation]: eval_batch_size = [4096] eval_args: [{'split': {'RS': [0, 0, 0]}, 'order': 'RO', 'group_by': 'user', 'mode': {'valid': 'full', 'test': 'full'}}]
Wed 19 Nov 2025 22:12:21 INFO  GCMC(
  (GcEncoder): GcEncoder(
    (dropout): Dropout(p=0.3, inplace=False)
    (sparse_dropout): SparseDropout()
    (activate): ReLU()
    (weights_u): ParameterList(  (0): Parameter containing: [torch.float32 of size 73523x500])
    (weights_v): ParameterList(  (0): Parameter containing: [torch.float32 of size 73523x500])
    (dense_layer_u): Linear(in_features=500, out_features=64, bias=False)
    (dense_layer_v): Linear(in_features=500, out_features=64, bias=False)
  )
  (BiDecoder): BiDecoder(
    (dropout): Dropout(p=0.0, inplace=False)
    (weights): ParameterList(
        (0): Parameter containing: [torch.float32 of size 64x64]
        (1): Parameter containing: [torch.float32 of size 64x64]
    )
    (dense_layer): Linear(in_features=2, out_features=2, bias=False)
  )
  (loss_function): CrossEntropyLoss()
)
Trainable parameters: 36801696
Wed 19 Nov 2025 22:12:25 INFO  FLOPs: 2352736004.0
Thu 20 Nov 2025 02:46:12 INFO  epoch 0 training [time: 16427.39s, train loss: 882.5133]
Thu 20 Nov 2025 04:42:40 INFO  epoch 0 evaluating [time: 6988.54s, valid_score: 0.712900]
Thu 20 Nov 2025 04:42:41 INFO  valid result: 
precision@10 : 0.0915    precision@20 : 0.0467    recall@10 : 0.915    recall@20 : 0.9343    mrr@10 : 0.6442    mrr@20 : 0.6456    hit@10 : 0.915    hit@20 : 0.9343    ndcg@10 : 0.7129    ndcg@20 : 0.7178
Thu 20 Nov 2025 04:42:41 INFO  Saving current: saved\GCMC-Nov-19-2025_22-12-25.pth
Thu 20 Nov 2025 09:11:17 INFO  epoch 1 training [time: 16115.96s, train loss: 838.6997]
Thu 20 Nov 2025 11:07:07 INFO  epoch 1 evaluating [time: 6949.89s, valid_score: 0.711500]
Thu 20 Nov 2025 11:07:07 INFO  valid result: 
precision@10 : 0.0915    precision@20 : 0.0468    recall@10 : 0.9151    recall@20 : 0.9361    mrr@10 : 0.6423    mrr@20 : 0.6437    hit@10 : 0.9151    hit@20 : 0.9361    ndcg@10 : 0.7115    ndcg@20 : 0.7167
