Mon 24 Nov 2025 15:18:53 INFO  ['c:\\Users\\martin\\miniconda3\\envs\\bp\\Lib\\site-packages\\ipykernel_launcher.py', '--f=c:\\Users\\martin\\AppData\\Roaming\\jupyter\\runtime\\kernel-v3b23482af2a3001a6e3864f17ddf78f6d447931bc.json']
Mon 24 Nov 2025 15:18:53 INFO  
General Hyper Parameters:
gpu_id = 0
use_gpu = True
seed = 2020
state = INFO
reproducibility = True
data_path = ./data/split/jester\jester--impB
checkpoint_dir = saved
show_progress = True
save_dataset = False
dataset_save_path = None
save_dataloaders = False
dataloaders_save_path = None
log_wandb = False

Training Hyper Parameters:
epochs = 50
train_batch_size = 2048
learner = adam
learning_rate = 0.001
train_neg_sample_args = {'distribution': 'uniform', 'sample_num': 1, 'alpha': 1.0, 'dynamic': False, 'candidate_num': 0}
eval_step = 1
stopping_step = 5
clip_grad_norm = None
weight_decay = 0.0
loss_decimal_place = 4

Evaluation Hyper Parameters:
eval_args = {'split': {'RS': [0, 0, 0]}, 'order': 'RO', 'group_by': 'user', 'mode': {'valid': 'full', 'test': 'full'}}
repeatable = False
metrics = ['Precision', 'Recall', 'MRR', 'Hit', 'NDCG']
topk = [10, 20]
valid_metric = NDCG@10
valid_metric_bigger = True
eval_batch_size = 4096
metric_decimal_place = 4

Dataset Hyper Parameters:
field_separator = 	
seq_separator =  
USER_ID_FIELD = user_id
ITEM_ID_FIELD = item_id
RATING_FIELD = rating
TIME_FIELD = timestamp
seq_len = None
LABEL_FIELD = label
threshold = None
NEG_PREFIX = neg_
load_col = {'inter': ['user_id', 'item_id']}
unload_col = None
unused_col = None
additional_feat_suffix = None
rm_dup_inter = None
val_interval = None
filter_inter_by_user_or_item = True
user_inter_num_interval = [0,inf)
item_inter_num_interval = [0,inf)
alias_of_user_id = None
alias_of_item_id = None
alias_of_entity_id = None
alias_of_relation_id = None
preload_weight = None
normalize_field = None
normalize_all = None
ITEM_LIST_LENGTH_FIELD = item_length
LIST_SUFFIX = _list
MAX_ITEM_LIST_LENGTH = 50
POSITION_FIELD = position_id
HEAD_ENTITY_ID_FIELD = head_id
TAIL_ENTITY_ID_FIELD = tail_id
RELATION_ID_FIELD = relation_id
ENTITY_ID_FIELD = entity_id
benchmark_filename = ['train', 'valid', 'test']

Other Hyper Parameters: 
worker = 0
wandb_project = recbole
shuffle = True
require_pow = False
enable_amp = False
enable_scaler = False
transform = None
accum = stack
gcn_output_dim = 500
embedding_size = 64
dropout_prob = 0.3
sparse_feature = True
class_num = 2
num_basis_functions = 2
numerical_features = []
discretization = None
kg_reverse_r = False
entity_kg_num_interval = [0,inf)
relation_kg_num_interval = [0,inf)
MODEL_TYPE = ModelType.GENERAL
test_args = {'mode': 'full'}
MODEL_INPUT_TYPE = InputType.PAIRWISE
eval_type = EvaluatorType.RANKING
single_spec = True
local_rank = 0
device = cpu
valid_neg_sample_args = {'distribution': 'uniform', 'sample_num': 'none'}
test_neg_sample_args = {'distribution': 'uniform', 'sample_num': 'none'}


Mon 24 Nov 2025 15:18:56 INFO  jester--impB
The number of users: 50098
Average actions of users: 20.228696329121505
The number of items: 101
Average actions of items: 10133.97
The number of inters: 1013397
The sparsity of the dataset: 79.9719875776152%
Remain Fields: ['user_id', 'item_id']
Mon 24 Nov 2025 15:18:59 INFO  [Training]: train_batch_size = [2048] train_neg_sample_args: [{'distribution': 'uniform', 'sample_num': 1, 'alpha': 1.0, 'dynamic': False, 'candidate_num': 0}]
Mon 24 Nov 2025 15:18:59 INFO  [Evaluation]: eval_batch_size = [4096] eval_args: [{'split': {'RS': [0, 0, 0]}, 'order': 'RO', 'group_by': 'user', 'mode': {'valid': 'full', 'test': 'full'}}]
Mon 24 Nov 2025 15:19:02 INFO  GCMC(
  (GcEncoder): GcEncoder(
    (dropout): Dropout(p=0.3, inplace=False)
    (sparse_dropout): SparseDropout()
    (activate): ReLU()
    (weights_u): ParameterList(  (0): Parameter containing: [torch.float32 of size 50199x500])
    (weights_v): ParameterList(  (0): Parameter containing: [torch.float32 of size 50199x500])
    (dense_layer_u): Linear(in_features=500, out_features=64, bias=False)
    (dense_layer_v): Linear(in_features=500, out_features=64, bias=False)
  )
  (BiDecoder): BiDecoder(
    (dropout): Dropout(p=0.0, inplace=False)
    (weights): ParameterList(
        (0): Parameter containing: [torch.float32 of size 64x64]
        (1): Parameter containing: [torch.float32 of size 64x64]
    )
    (dense_layer): Linear(in_features=2, out_features=2, bias=False)
  )
  (loss_function): CrossEntropyLoss()
)
Trainable parameters: 25139696
Mon 24 Nov 2025 15:19:03 INFO  FLOPs: 1606368004.0
Mon 24 Nov 2025 15:37:53 INFO  epoch 0 training [time: 1130.55s, train loss: 260.1098]
Mon 24 Nov 2025 16:01:44 INFO  epoch 0 evaluating [time: 1430.58s, valid_score: 0.252500]
Mon 24 Nov 2025 16:01:44 INFO  valid result: 
precision@10 : 0.0488    precision@20 : 0.0342    recall@10 : 0.4876    recall@20 : 0.6834    mrr@10 : 0.1814    mrr@20 : 0.195    hit@10 : 0.4876    hit@20 : 0.6834    ndcg@10 : 0.2525    ndcg@20 : 0.302
Mon 24 Nov 2025 16:01:44 INFO  Saving current: saved\GCMC-Nov-24-2025_15-19-03.pth
Mon 24 Nov 2025 16:20:44 INFO  epoch 1 training [time: 1139.74s, train loss: 240.5007]
Mon 24 Nov 2025 16:44:12 INFO  epoch 1 evaluating [time: 1407.68s, valid_score: 0.262400]
Mon 24 Nov 2025 16:44:12 INFO  valid result: 
precision@10 : 0.0502    precision@20 : 0.0351    recall@10 : 0.5025    recall@20 : 0.7029    mrr@10 : 0.1898    mrr@20 : 0.2038    hit@10 : 0.5025    hit@20 : 0.7029    ndcg@10 : 0.2624    ndcg@20 : 0.3132
Mon 24 Nov 2025 16:44:12 INFO  Saving current: saved\GCMC-Nov-24-2025_15-19-03.pth
Mon 24 Nov 2025 17:04:19 INFO  epoch 2 training [time: 1206.90s, train loss: 232.1298]
Mon 24 Nov 2025 17:26:48 INFO  epoch 2 evaluating [time: 1348.48s, valid_score: 0.260100]
Mon 24 Nov 2025 17:26:48 INFO  valid result: 
precision@10 : 0.05    precision@20 : 0.035    recall@10 : 0.5    recall@20 : 0.7006    mrr@10 : 0.1876    mrr@20 : 0.2016    hit@10 : 0.5    hit@20 : 0.7006    ndcg@10 : 0.2601    ndcg@20 : 0.311
Mon 24 Nov 2025 17:44:29 INFO  epoch 3 training [time: 1061.12s, train loss: 230.4481]
Mon 24 Nov 2025 18:07:25 INFO  epoch 3 evaluating [time: 1375.89s, valid_score: 0.267700]
Mon 24 Nov 2025 18:07:25 INFO  valid result: 
precision@10 : 0.0511    precision@20 : 0.0354    recall@10 : 0.5113    recall@20 : 0.7073    mrr@10 : 0.1939    mrr@20 : 0.2076    hit@10 : 0.5113    hit@20 : 0.7073    ndcg@10 : 0.2677    ndcg@20 : 0.3174
Mon 24 Nov 2025 18:07:25 INFO  Saving current: saved\GCMC-Nov-24-2025_15-19-03.pth
Mon 24 Nov 2025 18:26:56 INFO  epoch 4 training [time: 1170.81s, train loss: 224.2631]
Mon 24 Nov 2025 18:50:23 INFO  epoch 4 evaluating [time: 1406.36s, valid_score: 0.276600]
Mon 24 Nov 2025 18:50:23 INFO  valid result: 
precision@10 : 0.0522    precision@20 : 0.0359    recall@10 : 0.5218    recall@20 : 0.7174    mrr@10 : 0.2022    mrr@20 : 0.2158    hit@10 : 0.5218    hit@20 : 0.7174    ndcg@10 : 0.2766    ndcg@20 : 0.3261
Mon 24 Nov 2025 18:50:23 INFO  Saving current: saved\GCMC-Nov-24-2025_15-19-03.pth
Mon 24 Nov 2025 19:08:29 INFO  epoch 5 training [time: 1086.21s, train loss: 221.6271]
Mon 24 Nov 2025 19:30:25 INFO  epoch 5 evaluating [time: 1315.44s, valid_score: 0.279600]
Mon 24 Nov 2025 19:30:25 INFO  valid result: 
precision@10 : 0.0525    precision@20 : 0.0361    recall@10 : 0.5247    recall@20 : 0.7226    mrr@10 : 0.2052    mrr@20 : 0.219    hit@10 : 0.5247    hit@20 : 0.7226    ndcg@10 : 0.2796    ndcg@20 : 0.3298
Mon 24 Nov 2025 19:30:25 INFO  Saving current: saved\GCMC-Nov-24-2025_15-19-03.pth
Mon 24 Nov 2025 19:48:27 INFO  epoch 6 training [time: 1081.51s, train loss: 220.5163]
Mon 24 Nov 2025 20:10:39 INFO  epoch 6 evaluating [time: 1331.92s, valid_score: 0.279600]
Mon 24 Nov 2025 20:10:39 INFO  valid result: 
precision@10 : 0.0526    precision@20 : 0.0362    recall@10 : 0.5264    recall@20 : 0.724    mrr@10 : 0.2046    mrr@20 : 0.2184    hit@10 : 0.5264    hit@20 : 0.724    ndcg@10 : 0.2796    ndcg@20 : 0.3296
Mon 24 Nov 2025 20:10:39 INFO  Saving current: saved\GCMC-Nov-24-2025_15-19-03.pth
Mon 24 Nov 2025 20:28:42 INFO  epoch 7 training [time: 1083.19s, train loss: 220.2863]
Mon 24 Nov 2025 20:51:13 INFO  epoch 7 evaluating [time: 1351.26s, valid_score: 0.279600]
Mon 24 Nov 2025 20:51:14 INFO  valid result: 
precision@10 : 0.0528    precision@20 : 0.0363    recall@10 : 0.5277    recall@20 : 0.7254    mrr@10 : 0.2044    mrr@20 : 0.2182    hit@10 : 0.5277    hit@20 : 0.7254    ndcg@10 : 0.2796    ndcg@20 : 0.3297
Mon 24 Nov 2025 20:51:14 INFO  Saving current: saved\GCMC-Nov-24-2025_15-19-03.pth
Mon 24 Nov 2025 21:09:47 INFO  epoch 8 training [time: 1113.06s, train loss: 219.8233]
Mon 24 Nov 2025 21:32:41 INFO  epoch 8 evaluating [time: 1373.98s, valid_score: 0.277000]
Mon 24 Nov 2025 21:32:41 INFO  valid result: 
precision@10 : 0.0525    precision@20 : 0.0362    recall@10 : 0.5249    recall@20 : 0.7248    mrr@10 : 0.2018    mrr@20 : 0.2157    hit@10 : 0.5249    hit@20 : 0.7248    ndcg@10 : 0.277    ndcg@20 : 0.3276
Mon 24 Nov 2025 21:51:13 INFO  epoch 9 training [time: 1112.27s, train loss: 218.7166]
Mon 24 Nov 2025 22:14:12 INFO  epoch 9 evaluating [time: 1378.91s, valid_score: 0.276300]
Mon 24 Nov 2025 22:14:12 INFO  valid result: 
precision@10 : 0.0523    precision@20 : 0.0362    recall@10 : 0.5231    recall@20 : 0.7239    mrr@10 : 0.2015    mrr@20 : 0.2155    hit@10 : 0.5231    hit@20 : 0.7239    ndcg@10 : 0.2763    ndcg@20 : 0.3272
Mon 24 Nov 2025 22:32:45 INFO  epoch 10 training [time: 1112.30s, train loss: 217.6280]
Mon 24 Nov 2025 22:55:54 INFO  epoch 10 evaluating [time: 1389.71s, valid_score: 0.275800]
Mon 24 Nov 2025 22:55:54 INFO  valid result: 
precision@10 : 0.0522    precision@20 : 0.036    recall@10 : 0.5218    recall@20 : 0.7206    mrr@10 : 0.2012    mrr@20 : 0.215    hit@10 : 0.5218    hit@20 : 0.7206    ndcg@10 : 0.2758    ndcg@20 : 0.3262
Mon 24 Nov 2025 23:14:27 INFO  epoch 11 training [time: 1112.53s, train loss: 216.1575]
Mon 24 Nov 2025 23:37:33 INFO  epoch 11 evaluating [time: 1385.81s, valid_score: 0.277200]
Mon 24 Nov 2025 23:37:33 INFO  valid result: 
precision@10 : 0.0524    precision@20 : 0.0361    recall@10 : 0.5236    recall@20 : 0.7229    mrr@10 : 0.2024    mrr@20 : 0.2163    hit@10 : 0.5236    hit@20 : 0.7229    ndcg@10 : 0.2772    ndcg@20 : 0.3277
Mon 24 Nov 2025 23:56:12 INFO  epoch 12 training [time: 1119.18s, train loss: 214.7045]
Tue 25 Nov 2025 00:19:23 INFO  epoch 12 evaluating [time: 1390.96s, valid_score: 0.277700]
Tue 25 Nov 2025 00:19:23 INFO  valid result: 
precision@10 : 0.0525    precision@20 : 0.0362    recall@10 : 0.5249    recall@20 : 0.7238    mrr@10 : 0.2027    mrr@20 : 0.2165    hit@10 : 0.5249    hit@20 : 0.7238    ndcg@10 : 0.2777    ndcg@20 : 0.328
Tue 25 Nov 2025 00:38:17 INFO  epoch 13 training [time: 1134.11s, train loss: 213.0524]
Tue 25 Nov 2025 01:01:34 INFO  epoch 13 evaluating [time: 1396.98s, valid_score: 0.279300]
Tue 25 Nov 2025 01:01:34 INFO  valid result: 
precision@10 : 0.0528    precision@20 : 0.0361    recall@10 : 0.5282    recall@20 : 0.7228    mrr@10 : 0.2037    mrr@20 : 0.2172    hit@10 : 0.5282    hit@20 : 0.7228    ndcg@10 : 0.2793    ndcg@20 : 0.3285
Tue 25 Nov 2025 01:01:34 INFO  Finished training, best eval result in epoch 7
Tue 25 Nov 2025 01:01:34 INFO  Loading model structure and parameters from saved\GCMC-Nov-24-2025_15-19-03.pth
Tue 25 Nov 2025 01:25:21 INFO  The running environment of this training is as follows:
+-------------+----------------+
| Environment |     Usage      |
+=============+================+
| CPU         |     5.10 %     |
+-------------+----------------+
| GPU         |   0.0 / 0.0    |
+-------------+----------------+
| Memory      | 0.89 G/13.86 G |
+-------------+----------------+
Tue 25 Nov 2025 01:25:21 INFO  best valid : OrderedDict([('precision@10', 0.0528), ('precision@20', 0.0363), ('recall@10', 0.5277), ('recall@20', 0.7254), ('mrr@10', 0.2044), ('mrr@20', 0.2182), ('hit@10', 0.5277), ('hit@20', 0.7254), ('ndcg@10', 0.2796), ('ndcg@20', 0.3297)])
Tue 25 Nov 2025 01:25:21 INFO  test result: OrderedDict([('precision@10', 0.0545), ('precision@20', 0.0369), ('recall@10', 0.5449), ('recall@20', 0.7378), ('mrr@10', 0.2208), ('mrr@20', 0.2342), ('hit@10', 0.5449), ('hit@20', 0.7378), ('ndcg@10', 0.2964), ('ndcg@20', 0.3453)])
