Wed 19 Nov 2025 21:33:43 INFO  ['c:\\Users\\martin\\miniconda3\\envs\\bp\\Lib\\site-packages\\ipykernel_launcher.py', '--f=c:\\Users\\martin\\AppData\\Roaming\\jupyter\\runtime\\kernel-v3b4d02f3c1a36799ba54e99efaeaba8d1ad4a9cfe.json']
Wed 19 Nov 2025 21:33:43 INFO  
General Hyper Parameters:
gpu_id = 0
use_gpu = True
seed = 2020
state = INFO
reproducibility = True
data_path = ./data/split/amazon_all_beauty\amazon_all_beauty--expR
checkpoint_dir = saved
show_progress = True
save_dataset = False
dataset_save_path = None
save_dataloaders = False
dataloaders_save_path = None
log_wandb = False

Training Hyper Parameters:
epochs = 50
train_batch_size = 2048
learner = adam
learning_rate = 0.001
train_neg_sample_args = {'distribution': 'uniform', 'sample_num': 1, 'alpha': 1.0, 'dynamic': False, 'candidate_num': 0}
eval_step = 1
stopping_step = 5
clip_grad_norm = None
weight_decay = 0.0
loss_decimal_place = 4

Evaluation Hyper Parameters:
eval_args = {'split': {'RS': [0, 0, 0]}, 'order': 'RO', 'group_by': 'user', 'mode': {'valid': 'full', 'test': 'full'}}
repeatable = False
metrics = ['Precision', 'Recall', 'MRR', 'Hit', 'NDCG']
topk = [10, 20]
valid_metric = NDCG@10
valid_metric_bigger = True
eval_batch_size = 4096
metric_decimal_place = 4

Dataset Hyper Parameters:
field_separator = 	
seq_separator =  
USER_ID_FIELD = user_id
ITEM_ID_FIELD = item_id
RATING_FIELD = rating
TIME_FIELD = timestamp
seq_len = None
LABEL_FIELD = label
threshold = None
NEG_PREFIX = neg_
load_col = {'inter': ['user_id', 'item_id']}
unload_col = None
unused_col = None
additional_feat_suffix = None
rm_dup_inter = None
val_interval = None
filter_inter_by_user_or_item = True
user_inter_num_interval = [0,inf)
item_inter_num_interval = [0,inf)
alias_of_user_id = None
alias_of_item_id = None
alias_of_entity_id = None
alias_of_relation_id = None
preload_weight = None
normalize_field = None
normalize_all = None
ITEM_LIST_LENGTH_FIELD = item_length
LIST_SUFFIX = _list
MAX_ITEM_LIST_LENGTH = 50
POSITION_FIELD = position_id
HEAD_ENTITY_ID_FIELD = head_id
TAIL_ENTITY_ID_FIELD = tail_id
RELATION_ID_FIELD = relation_id
ENTITY_ID_FIELD = entity_id
benchmark_filename = ['train', 'valid', 'test']

Other Hyper Parameters: 
worker = 0
wandb_project = recbole
shuffle = True
require_pow = False
enable_amp = False
enable_scaler = False
transform = None
accum = stack
gcn_output_dim = 500
embedding_size = 64
dropout_prob = 0.3
sparse_feature = True
class_num = 2
num_basis_functions = 2
numerical_features = []
discretization = None
kg_reverse_r = False
entity_kg_num_interval = [0,inf)
relation_kg_num_interval = [0,inf)
MODEL_TYPE = ModelType.GENERAL
test_args = {'mode': 'full'}
MODEL_INPUT_TYPE = InputType.PAIRWISE
eval_type = EvaluatorType.RANKING
single_spec = True
local_rank = 0
device = cpu
valid_neg_sample_args = {'distribution': 'uniform', 'sample_num': 'none'}
test_neg_sample_args = {'distribution': 'uniform', 'sample_num': 'none'}


Wed 19 Nov 2025 21:33:43 INFO  amazon_all_beauty--expR
The number of users: 1472
Average actions of users: 9.479265805574439
The number of items: 6802
Average actions of items: 2.050286722540803
The number of inters: 13944
The sparsity of the dataset: 99.86073469439934%
Remain Fields: ['user_id', 'item_id']
Wed 19 Nov 2025 21:33:43 INFO  [Training]: train_batch_size = [2048] train_neg_sample_args: [{'distribution': 'uniform', 'sample_num': 1, 'alpha': 1.0, 'dynamic': False, 'candidate_num': 0}]
Wed 19 Nov 2025 21:33:43 INFO  [Evaluation]: eval_batch_size = [4096] eval_args: [{'split': {'RS': [0, 0, 0]}, 'order': 'RO', 'group_by': 'user', 'mode': {'valid': 'full', 'test': 'full'}}]
Wed 19 Nov 2025 21:33:43 INFO  GCMC(
  (GcEncoder): GcEncoder(
    (dropout): Dropout(p=0.3, inplace=False)
    (sparse_dropout): SparseDropout()
    (activate): ReLU()
    (weights_u): ParameterList(  (0): Parameter containing: [torch.float32 of size 8274x500])
    (weights_v): ParameterList(  (0): Parameter containing: [torch.float32 of size 8274x500])
    (dense_layer_u): Linear(in_features=500, out_features=64, bias=False)
    (dense_layer_v): Linear(in_features=500, out_features=64, bias=False)
  )
  (BiDecoder): BiDecoder(
    (dropout): Dropout(p=0.0, inplace=False)
    (weights): ParameterList(
        (0): Parameter containing: [torch.float32 of size 64x64]
        (1): Parameter containing: [torch.float32 of size 64x64]
    )
    (dense_layer): Linear(in_features=2, out_features=2, bias=False)
  )
  (loss_function): CrossEntropyLoss()
)
Trainable parameters: 4177196
Wed 19 Nov 2025 21:33:43 INFO  FLOPs: 264768004.0
Wed 19 Nov 2025 21:33:44 INFO  epoch 0 training [time: 0.91s, train loss: 4.1588]
Wed 19 Nov 2025 21:34:37 INFO  epoch 0 evaluating [time: 52.81s, valid_score: 0.001500]
Wed 19 Nov 2025 21:34:37 INFO  valid result: 
precision@10 : 0.0002    precision@20 : 0.0002    recall@10 : 0.002    recall@20 : 0.0041    mrr@10 : 0.0014    mrr@20 : 0.0015    hit@10 : 0.002    hit@20 : 0.0041    ndcg@10 : 0.0015    ndcg@20 : 0.0021
Wed 19 Nov 2025 21:34:37 INFO  Saving current: saved\GCMC-Nov-19-2025_21-33-43.pth
Wed 19 Nov 2025 21:34:38 INFO  epoch 1 training [time: 0.95s, train loss: 4.1571]
Wed 19 Nov 2025 21:35:31 INFO  epoch 1 evaluating [time: 52.72s, valid_score: 0.004600]
Wed 19 Nov 2025 21:35:31 INFO  valid result: 
precision@10 : 0.001    precision@20 : 0.0007    recall@10 : 0.0102    recall@20 : 0.0143    mrr@10 : 0.0029    mrr@20 : 0.0032    hit@10 : 0.0102    hit@20 : 0.0143    ndcg@10 : 0.0046    ndcg@20 : 0.0056
Wed 19 Nov 2025 21:35:31 INFO  Saving current: saved\GCMC-Nov-19-2025_21-33-43.pth
Wed 19 Nov 2025 21:35:32 INFO  epoch 2 training [time: 0.94s, train loss: 4.1410]
Wed 19 Nov 2025 21:36:31 INFO  epoch 2 evaluating [time: 58.91s, valid_score: 0.004600]
Wed 19 Nov 2025 21:36:31 INFO  valid result: 
precision@10 : 0.0009    precision@20 : 0.0007    recall@10 : 0.0088    recall@20 : 0.015    mrr@10 : 0.0033    mrr@20 : 0.0037    hit@10 : 0.0088    hit@20 : 0.015    ndcg@10 : 0.0046    ndcg@20 : 0.0062
Wed 19 Nov 2025 21:36:31 INFO  Saving current: saved\GCMC-Nov-19-2025_21-33-43.pth
Wed 19 Nov 2025 21:36:32 INFO  epoch 3 training [time: 1.00s, train loss: 4.0483]
Wed 19 Nov 2025 21:37:30 INFO  epoch 3 evaluating [time: 57.95s, valid_score: 0.004300]
Wed 19 Nov 2025 21:37:30 INFO  valid result: 
precision@10 : 0.0008    precision@20 : 0.0008    recall@10 : 0.0082    recall@20 : 0.0163    mrr@10 : 0.0031    mrr@20 : 0.0036    hit@10 : 0.0082    hit@20 : 0.0163    ndcg@10 : 0.0043    ndcg@20 : 0.0063
Wed 19 Nov 2025 21:37:31 INFO  epoch 4 training [time: 1.02s, train loss: 3.9589]
Wed 19 Nov 2025 21:38:30 INFO  epoch 4 evaluating [time: 58.94s, valid_score: 0.004000]
Wed 19 Nov 2025 21:38:30 INFO  valid result: 
precision@10 : 0.0007    precision@20 : 0.0008    recall@10 : 0.0075    recall@20 : 0.0156    mrr@10 : 0.003    mrr@20 : 0.0035    hit@10 : 0.0075    hit@20 : 0.0156    ndcg@10 : 0.004    ndcg@20 : 0.006
Wed 19 Nov 2025 21:38:31 INFO  epoch 5 training [time: 1.14s, train loss: 3.8891]
Wed 19 Nov 2025 21:39:32 INFO  epoch 5 evaluating [time: 61.03s, valid_score: 0.004000]
Wed 19 Nov 2025 21:39:32 INFO  valid result: 
precision@10 : 0.0008    precision@20 : 0.0006    recall@10 : 0.0082    recall@20 : 0.0122    mrr@10 : 0.0028    mrr@20 : 0.0031    hit@10 : 0.0082    hit@20 : 0.0122    ndcg@10 : 0.004    ndcg@20 : 0.0051
Wed 19 Nov 2025 21:39:33 INFO  epoch 6 training [time: 1.16s, train loss: 3.8644]
Wed 19 Nov 2025 21:40:37 INFO  epoch 6 evaluating [time: 64.05s, valid_score: 0.003800]
Wed 19 Nov 2025 21:40:37 INFO  valid result: 
precision@10 : 0.0007    precision@20 : 0.0006    recall@10 : 0.0075    recall@20 : 0.0129    mrr@10 : 0.0027    mrr@20 : 0.003    hit@10 : 0.0075    hit@20 : 0.0129    ndcg@10 : 0.0038    ndcg@20 : 0.0051
Wed 19 Nov 2025 21:40:39 INFO  epoch 7 training [time: 1.36s, train loss: 3.8542]
Wed 19 Nov 2025 21:41:47 INFO  epoch 7 evaluating [time: 68.88s, valid_score: 0.003500]
Wed 19 Nov 2025 21:41:47 INFO  valid result: 
precision@10 : 0.0007    precision@20 : 0.0006    recall@10 : 0.0068    recall@20 : 0.0129    mrr@10 : 0.0026    mrr@20 : 0.003    hit@10 : 0.0068    hit@20 : 0.0129    ndcg@10 : 0.0035    ndcg@20 : 0.0051
Wed 19 Nov 2025 21:41:49 INFO  epoch 8 training [time: 1.39s, train loss: 3.8148]
Wed 19 Nov 2025 21:42:57 INFO  epoch 8 evaluating [time: 67.84s, valid_score: 0.004800]
Wed 19 Nov 2025 21:42:57 INFO  valid result: 
precision@10 : 0.001    precision@20 : 0.0007    recall@10 : 0.0102    recall@20 : 0.0136    mrr@10 : 0.0032    mrr@20 : 0.0034    hit@10 : 0.0102    hit@20 : 0.0136    ndcg@10 : 0.0048    ndcg@20 : 0.0056
Wed 19 Nov 2025 21:42:57 INFO  Saving current: saved\GCMC-Nov-19-2025_21-33-43.pth
Wed 19 Nov 2025 21:42:58 INFO  epoch 9 training [time: 1.36s, train loss: 3.8095]
Wed 19 Nov 2025 21:44:06 INFO  epoch 9 evaluating [time: 67.45s, valid_score: 0.004400]
Wed 19 Nov 2025 21:44:06 INFO  valid result: 
precision@10 : 0.0009    precision@20 : 0.0007    recall@10 : 0.0088    recall@20 : 0.0136    mrr@10 : 0.0031    mrr@20 : 0.0035    hit@10 : 0.0088    hit@20 : 0.0136    ndcg@10 : 0.0044    ndcg@20 : 0.0057
Wed 19 Nov 2025 21:44:07 INFO  epoch 10 training [time: 1.29s, train loss: 3.7888]
Wed 19 Nov 2025 21:45:15 INFO  epoch 10 evaluating [time: 68.48s, valid_score: 0.004700]
Wed 19 Nov 2025 21:45:15 INFO  valid result: 
precision@10 : 0.001    precision@20 : 0.0007    recall@10 : 0.0095    recall@20 : 0.015    mrr@10 : 0.0033    mrr@20 : 0.0036    hit@10 : 0.0095    hit@20 : 0.015    ndcg@10 : 0.0047    ndcg@20 : 0.006
Wed 19 Nov 2025 21:45:17 INFO  epoch 11 training [time: 1.30s, train loss: 3.7444]
Wed 19 Nov 2025 21:46:26 INFO  epoch 11 evaluating [time: 69.06s, valid_score: 0.004500]
Wed 19 Nov 2025 21:46:26 INFO  valid result: 
precision@10 : 0.0009    precision@20 : 0.0007    recall@10 : 0.0088    recall@20 : 0.0143    mrr@10 : 0.0032    mrr@20 : 0.0036    hit@10 : 0.0088    hit@20 : 0.0143    ndcg@10 : 0.0045    ndcg@20 : 0.0059
Wed 19 Nov 2025 21:46:27 INFO  epoch 12 training [time: 1.30s, train loss: 3.6931]
Wed 19 Nov 2025 21:47:37 INFO  epoch 12 evaluating [time: 69.69s, valid_score: 0.004300]
Wed 19 Nov 2025 21:47:37 INFO  valid result: 
precision@10 : 0.0009    precision@20 : 0.0007    recall@10 : 0.0088    recall@20 : 0.015    mrr@10 : 0.003    mrr@20 : 0.0034    hit@10 : 0.0088    hit@20 : 0.015    ndcg@10 : 0.0043    ndcg@20 : 0.0058
Wed 19 Nov 2025 21:47:38 INFO  epoch 13 training [time: 1.29s, train loss: 3.6532]
Wed 19 Nov 2025 21:48:47 INFO  epoch 13 evaluating [time: 69.39s, valid_score: 0.003800]
Wed 19 Nov 2025 21:48:47 INFO  valid result: 
precision@10 : 0.0007    precision@20 : 0.0006    recall@10 : 0.0068    recall@20 : 0.0116    mrr@10 : 0.0028    mrr@20 : 0.0031    hit@10 : 0.0068    hit@20 : 0.0116    ndcg@10 : 0.0038    ndcg@20 : 0.0049
Wed 19 Nov 2025 21:48:49 INFO  epoch 14 training [time: 1.25s, train loss: 3.5797]
Wed 19 Nov 2025 21:49:59 INFO  epoch 14 evaluating [time: 70.59s, valid_score: 0.003900]
Wed 19 Nov 2025 21:49:59 INFO  valid result: 
precision@10 : 0.0007    precision@20 : 0.0007    recall@10 : 0.0075    recall@20 : 0.0136    mrr@10 : 0.0028    mrr@20 : 0.0032    hit@10 : 0.0075    hit@20 : 0.0136    ndcg@10 : 0.0039    ndcg@20 : 0.0054
Wed 19 Nov 2025 21:49:59 INFO  Finished training, best eval result in epoch 8
Wed 19 Nov 2025 21:49:59 INFO  Loading model structure and parameters from saved\GCMC-Nov-19-2025_21-33-43.pth
Wed 19 Nov 2025 21:51:15 INFO  The running environment of this training is as follows:
+-------------+----------------+
| Environment |     Usage      |
+=============+================+
| CPU         |    13.80 %     |
+-------------+----------------+
| GPU         |   0.0 / 0.0    |
+-------------+----------------+
| Memory      | 0.67 G/13.86 G |
+-------------+----------------+
Wed 19 Nov 2025 21:51:15 INFO  best valid : OrderedDict([('precision@10', 0.001), ('precision@20', 0.0007), ('recall@10', 0.0102), ('recall@20', 0.0136), ('mrr@10', 0.0032), ('mrr@20', 0.0034), ('hit@10', 0.0102), ('hit@20', 0.0136), ('ndcg@10', 0.0048), ('ndcg@20', 0.0056)])
Wed 19 Nov 2025 21:51:15 INFO  test result: OrderedDict([('precision@10', 0.0005), ('precision@20', 0.0005), ('recall@10', 0.0054), ('recall@20', 0.0102), ('mrr@10', 0.0016), ('mrr@20', 0.002), ('hit@10', 0.0054), ('hit@20', 0.0102), ('ndcg@10', 0.0025), ('ndcg@20', 0.0037)])
