Wed 19 Nov 2025 19:10:57 INFO  ['c:\\Users\\martin\\miniconda3\\envs\\bp\\Lib\\site-packages\\ipykernel_launcher.py', '--f=c:\\Users\\martin\\AppData\\Roaming\\jupyter\\runtime\\kernel-v3607b4dd9d261d82907e92cebd715f769277b7a36.json']
Wed 19 Nov 2025 19:10:57 INFO  
General Hyper Parameters:
gpu_id = 0
use_gpu = True
seed = 2020
state = INFO
reproducibility = True
data_path = ./data/split/ml-100k\ml-100k--expR
checkpoint_dir = saved
show_progress = True
save_dataset = False
dataset_save_path = None
save_dataloaders = False
dataloaders_save_path = None
log_wandb = False

Training Hyper Parameters:
epochs = 50
train_batch_size = 2048
learner = adam
learning_rate = 0.001
train_neg_sample_args = {'distribution': 'uniform', 'sample_num': 1, 'alpha': 1.0, 'dynamic': False, 'candidate_num': 0}
eval_step = 1
stopping_step = 5
clip_grad_norm = None
weight_decay = 0.0
loss_decimal_place = 4

Evaluation Hyper Parameters:
eval_args = {'split': {'RS': [0, 0, 0]}, 'order': 'RO', 'group_by': 'user', 'mode': {'valid': 'full', 'test': 'full'}}
repeatable = False
metrics = ['Precision', 'Recall', 'MRR', 'Hit', 'NDCG']
topk = [10, 20]
valid_metric = NDCG@10
valid_metric_bigger = True
eval_batch_size = 4096
metric_decimal_place = 4

Dataset Hyper Parameters:
field_separator = 	
seq_separator =  
USER_ID_FIELD = user_id
ITEM_ID_FIELD = item_id
RATING_FIELD = rating
TIME_FIELD = timestamp
seq_len = None
LABEL_FIELD = label
threshold = None
NEG_PREFIX = neg_
load_col = {'inter': ['user_id', 'item_id']}
unload_col = None
unused_col = None
additional_feat_suffix = None
rm_dup_inter = None
val_interval = None
filter_inter_by_user_or_item = True
user_inter_num_interval = [0,inf)
item_inter_num_interval = [0,inf)
alias_of_user_id = None
alias_of_item_id = None
alias_of_entity_id = None
alias_of_relation_id = None
preload_weight = None
normalize_field = None
normalize_all = None
ITEM_LIST_LENGTH_FIELD = item_length
LIST_SUFFIX = _list
MAX_ITEM_LIST_LENGTH = 50
POSITION_FIELD = position_id
HEAD_ENTITY_ID_FIELD = head_id
TAIL_ENTITY_ID_FIELD = tail_id
RELATION_ID_FIELD = relation_id
ENTITY_ID_FIELD = entity_id
benchmark_filename = ['train', 'valid', 'test']

Other Hyper Parameters: 
worker = 0
wandb_project = recbole
shuffle = True
require_pow = False
enable_amp = False
enable_scaler = False
transform = None
accum = stack
gcn_output_dim = 500
embedding_size = 64
dropout_prob = 0.3
sparse_feature = True
class_num = 2
num_basis_functions = 2
numerical_features = []
discretization = None
kg_reverse_r = False
entity_kg_num_interval = [0,inf)
relation_kg_num_interval = [0,inf)
MODEL_TYPE = ModelType.GENERAL
test_args = {'mode': 'full'}
MODEL_INPUT_TYPE = InputType.PAIRWISE
eval_type = EvaluatorType.RANKING
single_spec = True
local_rank = 0
device = cpu
valid_neg_sample_args = {'distribution': 'uniform', 'sample_num': 'none'}
test_neg_sample_args = {'distribution': 'uniform', 'sample_num': 'none'}


Wed 19 Nov 2025 19:10:57 INFO  ml-100k--expR
The number of users: 944
Average actions of users: 106.04453870625663
The number of items: 1683
Average actions of items: 59.45303210463734
The number of inters: 100000
The sparsity of the dataset: 93.70575143257098%
Remain Fields: ['user_id', 'item_id']
Wed 19 Nov 2025 19:10:57 INFO  [Training]: train_batch_size = [2048] train_neg_sample_args: [{'distribution': 'uniform', 'sample_num': 1, 'alpha': 1.0, 'dynamic': False, 'candidate_num': 0}]
Wed 19 Nov 2025 19:10:57 INFO  [Evaluation]: eval_batch_size = [4096] eval_args: [{'split': {'RS': [0, 0, 0]}, 'order': 'RO', 'group_by': 'user', 'mode': {'valid': 'full', 'test': 'full'}}]
Wed 19 Nov 2025 19:10:58 INFO  GCMC(
  (GcEncoder): GcEncoder(
    (dropout): Dropout(p=0.3, inplace=False)
    (sparse_dropout): SparseDropout()
    (activate): ReLU()
    (weights_u): ParameterList(  (0): Parameter containing: [torch.float32 of size 2627x500])
    (weights_v): ParameterList(  (0): Parameter containing: [torch.float32 of size 2627x500])
    (dense_layer_u): Linear(in_features=500, out_features=64, bias=False)
    (dense_layer_v): Linear(in_features=500, out_features=64, bias=False)
  )
  (BiDecoder): BiDecoder(
    (dropout): Dropout(p=0.0, inplace=False)
    (weights): ParameterList(
        (0): Parameter containing: [torch.float32 of size 64x64]
        (1): Parameter containing: [torch.float32 of size 64x64]
    )
    (dense_layer): Linear(in_features=2, out_features=2, bias=False)
  )
  (loss_function): CrossEntropyLoss()
)
Trainable parameters: 1353696
Wed 19 Nov 2025 19:10:58 INFO  FLOPs: 84064004.0
Wed 19 Nov 2025 19:11:14 INFO  epoch 0 training [time: 14.52s, train loss: 30.5809]
Wed 19 Nov 2025 19:12:15 INFO  epoch 0 evaluating [time: 60.86s, valid_score: 0.001000]
Wed 19 Nov 2025 19:12:15 INFO  valid result: 
precision@10 : 0.0003    precision@20 : 0.0003    recall@10 : 0.0032    recall@20 : 0.0053    mrr@10 : 0.0004    mrr@20 : 0.0005    hit@10 : 0.0032    hit@20 : 0.0053    ndcg@10 : 0.001    ndcg@20 : 0.0015
Wed 19 Nov 2025 19:12:15 INFO  Saving current: saved\GCMC-Nov-19-2025_19-10-58.pth
Wed 19 Nov 2025 19:12:29 INFO  epoch 1 training [time: 13.89s, train loss: 25.3607]
Wed 19 Nov 2025 19:13:40 INFO  epoch 1 evaluating [time: 70.97s, valid_score: 0.024400]
Wed 19 Nov 2025 19:13:40 INFO  valid result: 
precision@10 : 0.0055    precision@20 : 0.0042    recall@10 : 0.0551    recall@20 : 0.0838    mrr@10 : 0.0152    mrr@20 : 0.0171    hit@10 : 0.0551    hit@20 : 0.0838    ndcg@10 : 0.0244    ndcg@20 : 0.0315
Wed 19 Nov 2025 19:13:40 INFO  Saving current: saved\GCMC-Nov-19-2025_19-10-58.pth
Wed 19 Nov 2025 19:13:57 INFO  epoch 2 training [time: 16.70s, train loss: 23.8364]
Wed 19 Nov 2025 19:15:16 INFO  epoch 2 evaluating [time: 78.87s, valid_score: 0.062300]
Wed 19 Nov 2025 19:15:16 INFO  valid result: 
precision@10 : 0.0117    precision@20 : 0.0093    recall@10 : 0.1166    recall@20 : 0.1856    mrr@10 : 0.0455    mrr@20 : 0.0503    hit@10 : 0.1166    hit@20 : 0.1856    ndcg@10 : 0.0623    ndcg@20 : 0.0797
Wed 19 Nov 2025 19:15:16 INFO  Saving current: saved\GCMC-Nov-19-2025_19-10-58.pth
Wed 19 Nov 2025 19:15:34 INFO  epoch 3 training [time: 18.19s, train loss: 22.8963]
Wed 19 Nov 2025 19:16:55 INFO  epoch 3 evaluating [time: 81.50s, valid_score: 0.061700]
Wed 19 Nov 2025 19:16:55 INFO  valid result: 
precision@10 : 0.0113    precision@20 : 0.0081    recall@10 : 0.1135    recall@20 : 0.1622    mrr@10 : 0.0457    mrr@20 : 0.0491    hit@10 : 0.1135    hit@20 : 0.1622    ndcg@10 : 0.0617    ndcg@20 : 0.074
Wed 19 Nov 2025 19:17:13 INFO  epoch 4 training [time: 17.86s, train loss: 22.2542]
Wed 19 Nov 2025 19:18:35 INFO  epoch 4 evaluating [time: 81.47s, valid_score: 0.056100]
Wed 19 Nov 2025 19:18:35 INFO  valid result: 
precision@10 : 0.0116    precision@20 : 0.008    recall@10 : 0.1156    recall@20 : 0.1591    mrr@10 : 0.0383    mrr@20 : 0.0414    hit@10 : 0.1156    hit@20 : 0.1591    ndcg@10 : 0.0561    ndcg@20 : 0.0672
Wed 19 Nov 2025 19:18:53 INFO  epoch 5 training [time: 17.86s, train loss: 21.4385]
Wed 19 Nov 2025 19:20:12 INFO  epoch 5 evaluating [time: 79.75s, valid_score: 0.064800]
Wed 19 Nov 2025 19:20:12 INFO  valid result: 
precision@10 : 0.013    precision@20 : 0.0094    recall@10 : 0.1304    recall@20 : 0.1877    mrr@10 : 0.0453    mrr@20 : 0.0491    hit@10 : 0.1304    hit@20 : 0.1877    ndcg@10 : 0.0648    ndcg@20 : 0.0791
Wed 19 Nov 2025 19:20:12 INFO  Saving current: saved\GCMC-Nov-19-2025_19-10-58.pth
Wed 19 Nov 2025 19:20:29 INFO  epoch 6 training [time: 17.10s, train loss: 21.0636]
Wed 19 Nov 2025 19:21:47 INFO  epoch 6 evaluating [time: 78.01s, valid_score: 0.067600]
Wed 19 Nov 2025 19:21:47 INFO  valid result: 
precision@10 : 0.0134    precision@20 : 0.0109    recall@10 : 0.1336    recall@20 : 0.2174    mrr@10 : 0.0477    mrr@20 : 0.0534    hit@10 : 0.1336    hit@20 : 0.2174    ndcg@10 : 0.0676    ndcg@20 : 0.0885
Wed 19 Nov 2025 19:21:47 INFO  Saving current: saved\GCMC-Nov-19-2025_19-10-58.pth
Wed 19 Nov 2025 19:22:05 INFO  epoch 7 training [time: 17.13s, train loss: 20.8108]
Wed 19 Nov 2025 19:23:23 INFO  epoch 7 evaluating [time: 78.21s, valid_score: 0.072600]
Wed 19 Nov 2025 19:23:23 INFO  valid result: 
precision@10 : 0.0138    precision@20 : 0.011    recall@10 : 0.1379    recall@20 : 0.2195    mrr@10 : 0.053    mrr@20 : 0.0586    hit@10 : 0.1379    hit@20 : 0.2195    ndcg@10 : 0.0726    ndcg@20 : 0.0931
Wed 19 Nov 2025 19:23:23 INFO  Saving current: saved\GCMC-Nov-19-2025_19-10-58.pth
Wed 19 Nov 2025 19:23:40 INFO  epoch 8 training [time: 17.25s, train loss: 20.4752]
Wed 19 Nov 2025 19:24:58 INFO  epoch 8 evaluating [time: 77.70s, valid_score: 0.078300]
Wed 19 Nov 2025 19:24:58 INFO  valid result: 
precision@10 : 0.0146    precision@20 : 0.0112    recall@10 : 0.1463    recall@20 : 0.2238    mrr@10 : 0.0579    mrr@20 : 0.063    hit@10 : 0.1463    hit@20 : 0.2238    ndcg@10 : 0.0783    ndcg@20 : 0.0975
Wed 19 Nov 2025 19:24:58 INFO  Saving current: saved\GCMC-Nov-19-2025_19-10-58.pth
Wed 19 Nov 2025 19:25:15 INFO  epoch 9 training [time: 17.18s, train loss: 20.4337]
Wed 19 Nov 2025 19:26:34 INFO  epoch 9 evaluating [time: 78.85s, valid_score: 0.079700]
Wed 19 Nov 2025 19:26:34 INFO  valid result: 
precision@10 : 0.0147    precision@20 : 0.0127    recall@10 : 0.1474    recall@20 : 0.2534    mrr@10 : 0.0594    mrr@20 : 0.0665    hit@10 : 0.1474    hit@20 : 0.2534    ndcg@10 : 0.0797    ndcg@20 : 0.1062
Wed 19 Nov 2025 19:26:34 INFO  Saving current: saved\GCMC-Nov-19-2025_19-10-58.pth
Wed 19 Nov 2025 19:26:51 INFO  epoch 10 training [time: 17.38s, train loss: 20.2727]
Wed 19 Nov 2025 19:28:10 INFO  epoch 10 evaluating [time: 78.87s, valid_score: 0.090700]
Wed 19 Nov 2025 19:28:10 INFO  valid result: 
precision@10 : 0.0173    precision@20 : 0.0135    recall@10 : 0.1729    recall@20 : 0.2694    mrr@10 : 0.0661    mrr@20 : 0.0729    hit@10 : 0.1729    hit@20 : 0.2694    ndcg@10 : 0.0907    ndcg@20 : 0.1152
Wed 19 Nov 2025 19:28:10 INFO  Saving current: saved\GCMC-Nov-19-2025_19-10-58.pth
Wed 19 Nov 2025 19:28:27 INFO  epoch 11 training [time: 17.22s, train loss: 20.1299]
Wed 19 Nov 2025 19:29:46 INFO  epoch 11 evaluating [time: 78.78s, valid_score: 0.097100]
Wed 19 Nov 2025 19:29:46 INFO  valid result: 
precision@10 : 0.0185    precision@20 : 0.014    recall@10 : 0.1845    recall@20 : 0.28    mrr@10 : 0.0709    mrr@20 : 0.0777    hit@10 : 0.1845    hit@20 : 0.28    ndcg@10 : 0.0971    ndcg@20 : 0.1214
Wed 19 Nov 2025 19:29:46 INFO  Saving current: saved\GCMC-Nov-19-2025_19-10-58.pth
Wed 19 Nov 2025 19:30:03 INFO  epoch 12 training [time: 17.13s, train loss: 19.7980]
Wed 19 Nov 2025 19:31:23 INFO  epoch 12 evaluating [time: 79.11s, valid_score: 0.100400]
Wed 19 Nov 2025 19:31:23 INFO  valid result: 
precision@10 : 0.0185    precision@20 : 0.0146    recall@10 : 0.1845    recall@20 : 0.2916    mrr@10 : 0.0748    mrr@20 : 0.0824    hit@10 : 0.1845    hit@20 : 0.2916    ndcg@10 : 0.1004    ndcg@20 : 0.1277
Wed 19 Nov 2025 19:31:23 INFO  Saving current: saved\GCMC-Nov-19-2025_19-10-58.pth
Wed 19 Nov 2025 19:31:40 INFO  epoch 13 training [time: 17.16s, train loss: 19.7184]
Wed 19 Nov 2025 19:32:58 INFO  epoch 13 evaluating [time: 78.71s, valid_score: 0.111800]
Wed 19 Nov 2025 19:32:58 INFO  valid result: 
precision@10 : 0.0206    precision@20 : 0.0146    recall@10 : 0.2057    recall@20 : 0.2916    mrr@10 : 0.0834    mrr@20 : 0.0893    hit@10 : 0.2057    hit@20 : 0.2916    ndcg@10 : 0.1118    ndcg@20 : 0.1335
Wed 19 Nov 2025 19:32:58 INFO  Saving current: saved\GCMC-Nov-19-2025_19-10-58.pth
Wed 19 Nov 2025 19:33:16 INFO  epoch 14 training [time: 17.37s, train loss: 19.4854]
Wed 19 Nov 2025 19:34:35 INFO  epoch 14 evaluating [time: 79.35s, valid_score: 0.108800]
Wed 19 Nov 2025 19:34:35 INFO  valid result: 
precision@10 : 0.0196    precision@20 : 0.0147    recall@10 : 0.1962    recall@20 : 0.2937    mrr@10 : 0.0822    mrr@20 : 0.089    hit@10 : 0.1962    hit@20 : 0.2937    ndcg@10 : 0.1088    ndcg@20 : 0.1336
Wed 19 Nov 2025 19:34:53 INFO  epoch 15 training [time: 17.56s, train loss: 19.3256]
Wed 19 Nov 2025 19:36:12 INFO  epoch 15 evaluating [time: 79.06s, valid_score: 0.116600]
Wed 19 Nov 2025 19:36:12 INFO  valid result: 
precision@10 : 0.0211    precision@20 : 0.0148    recall@10 : 0.211    recall@20 : 0.2959    mrr@10 : 0.0881    mrr@20 : 0.094    hit@10 : 0.211    hit@20 : 0.2959    ndcg@10 : 0.1166    ndcg@20 : 0.138
Wed 19 Nov 2025 19:36:12 INFO  Saving current: saved\GCMC-Nov-19-2025_19-10-58.pth
Wed 19 Nov 2025 19:36:29 INFO  epoch 16 training [time: 17.34s, train loss: 19.1041]
Wed 19 Nov 2025 19:37:49 INFO  epoch 16 evaluating [time: 79.70s, valid_score: 0.115700]
Wed 19 Nov 2025 19:37:49 INFO  valid result: 
precision@10 : 0.0203    precision@20 : 0.015    recall@10 : 0.2025    recall@20 : 0.299    mrr@10 : 0.0892    mrr@20 : 0.0957    hit@10 : 0.2025    hit@20 : 0.299    ndcg@10 : 0.1157    ndcg@20 : 0.1399
Wed 19 Nov 2025 19:38:06 INFO  epoch 17 training [time: 17.51s, train loss: 18.8467]
Wed 19 Nov 2025 19:39:26 INFO  epoch 17 evaluating [time: 79.32s, valid_score: 0.116500]
Wed 19 Nov 2025 19:39:26 INFO  valid result: 
precision@10 : 0.0209    precision@20 : 0.0158    recall@10 : 0.2089    recall@20 : 0.316    mrr@10 : 0.0881    mrr@20 : 0.0955    hit@10 : 0.2089    hit@20 : 0.316    ndcg@10 : 0.1165    ndcg@20 : 0.1436
Wed 19 Nov 2025 19:39:43 INFO  epoch 18 training [time: 17.61s, train loss: 18.6709]
Wed 19 Nov 2025 19:41:03 INFO  epoch 18 evaluating [time: 80.02s, valid_score: 0.119600]
Wed 19 Nov 2025 19:41:03 INFO  valid result: 
precision@10 : 0.0213    precision@20 : 0.0157    recall@10 : 0.2131    recall@20 : 0.3139    mrr@10 : 0.091    mrr@20 : 0.0977    hit@10 : 0.2131    hit@20 : 0.3139    ndcg@10 : 0.1196    ndcg@20 : 0.1446
Wed 19 Nov 2025 19:41:03 INFO  Saving current: saved\GCMC-Nov-19-2025_19-10-58.pth
Wed 19 Nov 2025 19:41:21 INFO  epoch 19 training [time: 17.24s, train loss: 18.5141]
Wed 19 Nov 2025 19:42:41 INFO  epoch 19 evaluating [time: 80.26s, valid_score: 0.120000]
Wed 19 Nov 2025 19:42:41 INFO  valid result: 
precision@10 : 0.0214    precision@20 : 0.0153    recall@10 : 0.2142    recall@20 : 0.3065    mrr@10 : 0.0911    mrr@20 : 0.0974    hit@10 : 0.2142    hit@20 : 0.3065    ndcg@10 : 0.12    ndcg@20 : 0.1432
Wed 19 Nov 2025 19:42:41 INFO  Saving current: saved\GCMC-Nov-19-2025_19-10-58.pth
Wed 19 Nov 2025 19:42:59 INFO  epoch 20 training [time: 17.55s, train loss: 18.4237]
Wed 19 Nov 2025 19:44:19 INFO  epoch 20 evaluating [time: 80.76s, valid_score: 0.126300]
Wed 19 Nov 2025 19:44:19 INFO  valid result: 
precision@10 : 0.0224    precision@20 : 0.0154    recall@10 : 0.2238    recall@20 : 0.3086    mrr@10 : 0.0968    mrr@20 : 0.1024    hit@10 : 0.2238    hit@20 : 0.3086    ndcg@10 : 0.1263    ndcg@20 : 0.1474
Wed 19 Nov 2025 19:44:19 INFO  Saving current: saved\GCMC-Nov-19-2025_19-10-58.pth
Wed 19 Nov 2025 19:44:37 INFO  epoch 21 training [time: 17.48s, train loss: 18.4162]
Wed 19 Nov 2025 19:45:59 INFO  epoch 21 evaluating [time: 82.10s, valid_score: 0.121400]
Wed 19 Nov 2025 19:45:59 INFO  valid result: 
precision@10 : 0.0218    precision@20 : 0.0159    recall@10 : 0.2185    recall@20 : 0.3171    mrr@10 : 0.0919    mrr@20 : 0.0984    hit@10 : 0.2185    hit@20 : 0.3171    ndcg@10 : 0.1214    ndcg@20 : 0.146
Wed 19 Nov 2025 19:46:17 INFO  epoch 22 training [time: 17.66s, train loss: 18.3621]
Wed 19 Nov 2025 19:47:37 INFO  epoch 22 evaluating [time: 80.43s, valid_score: 0.124500]
Wed 19 Nov 2025 19:47:37 INFO  valid result: 
precision@10 : 0.0223    precision@20 : 0.0155    recall@10 : 0.2227    recall@20 : 0.3107    mrr@10 : 0.0946    mrr@20 : 0.1006    hit@10 : 0.2227    hit@20 : 0.3107    ndcg@10 : 0.1245    ndcg@20 : 0.1466
Wed 19 Nov 2025 19:47:54 INFO  epoch 23 training [time: 17.46s, train loss: 18.1803]
Wed 19 Nov 2025 19:49:16 INFO  epoch 23 evaluating [time: 81.27s, valid_score: 0.124400]
Wed 19 Nov 2025 19:49:16 INFO  valid result: 
precision@10 : 0.0222    precision@20 : 0.0158    recall@10 : 0.2216    recall@20 : 0.316    mrr@10 : 0.0947    mrr@20 : 0.101    hit@10 : 0.2216    hit@20 : 0.316    ndcg@10 : 0.1244    ndcg@20 : 0.1479
Wed 19 Nov 2025 19:49:33 INFO  epoch 24 training [time: 17.53s, train loss: 18.0967]
Wed 19 Nov 2025 19:50:54 INFO  epoch 24 evaluating [time: 81.23s, valid_score: 0.125100]
Wed 19 Nov 2025 19:50:54 INFO  valid result: 
precision@10 : 0.0222    precision@20 : 0.0156    recall@10 : 0.2216    recall@20 : 0.3118    mrr@10 : 0.0955    mrr@20 : 0.1017    hit@10 : 0.2216    hit@20 : 0.3118    ndcg@10 : 0.1251    ndcg@20 : 0.1477
Wed 19 Nov 2025 19:51:12 INFO  epoch 25 training [time: 17.59s, train loss: 18.0617]
Wed 19 Nov 2025 19:52:34 INFO  epoch 25 evaluating [time: 81.59s, valid_score: 0.123100]
Wed 19 Nov 2025 19:52:34 INFO  valid result: 
precision@10 : 0.0222    precision@20 : 0.016    recall@10 : 0.2216    recall@20 : 0.3192    mrr@10 : 0.093    mrr@20 : 0.0997    hit@10 : 0.2216    hit@20 : 0.3192    ndcg@10 : 0.1231    ndcg@20 : 0.1476
Wed 19 Nov 2025 19:52:51 INFO  epoch 26 training [time: 17.61s, train loss: 18.0361]
Wed 19 Nov 2025 19:54:13 INFO  epoch 26 evaluating [time: 81.79s, valid_score: 0.126600]
Wed 19 Nov 2025 19:54:13 INFO  valid result: 
precision@10 : 0.0228    precision@20 : 0.0154    recall@10 : 0.228    recall@20 : 0.3075    mrr@10 : 0.0959    mrr@20 : 0.1012    hit@10 : 0.228    hit@20 : 0.3075    ndcg@10 : 0.1266    ndcg@20 : 0.1464
Wed 19 Nov 2025 19:54:13 INFO  Saving current: saved\GCMC-Nov-19-2025_19-10-58.pth
Wed 19 Nov 2025 19:54:31 INFO  epoch 27 training [time: 17.61s, train loss: 17.9028]
Wed 19 Nov 2025 19:55:53 INFO  epoch 27 evaluating [time: 82.69s, valid_score: 0.123500]
Wed 19 Nov 2025 19:55:53 INFO  valid result: 
precision@10 : 0.022    precision@20 : 0.0159    recall@10 : 0.2195    recall@20 : 0.3171    mrr@10 : 0.0941    mrr@20 : 0.1007    hit@10 : 0.2195    hit@20 : 0.3171    ndcg@10 : 0.1235    ndcg@20 : 0.1479
Wed 19 Nov 2025 19:56:11 INFO  epoch 28 training [time: 17.74s, train loss: 17.9823]
Wed 19 Nov 2025 19:57:34 INFO  epoch 28 evaluating [time: 83.04s, valid_score: 0.124900]
Wed 19 Nov 2025 19:57:34 INFO  valid result: 
precision@10 : 0.0221    precision@20 : 0.0156    recall@10 : 0.2206    recall@20 : 0.3128    mrr@10 : 0.0957    mrr@20 : 0.102    hit@10 : 0.2206    hit@20 : 0.3128    ndcg@10 : 0.1249    ndcg@20 : 0.148
Wed 19 Nov 2025 19:57:52 INFO  epoch 29 training [time: 17.76s, train loss: 17.9232]
Wed 19 Nov 2025 19:59:15 INFO  epoch 29 evaluating [time: 83.01s, valid_score: 0.125900]
Wed 19 Nov 2025 19:59:15 INFO  valid result: 
precision@10 : 0.0222    precision@20 : 0.0157    recall@10 : 0.2216    recall@20 : 0.3139    mrr@10 : 0.0969    mrr@20 : 0.1031    hit@10 : 0.2216    hit@20 : 0.3139    ndcg@10 : 0.1259    ndcg@20 : 0.149
Wed 19 Nov 2025 19:59:33 INFO  epoch 30 training [time: 17.77s, train loss: 17.8420]
Wed 19 Nov 2025 20:00:57 INFO  epoch 30 evaluating [time: 84.12s, valid_score: 0.125400]
Wed 19 Nov 2025 20:00:57 INFO  valid result: 
precision@10 : 0.0223    precision@20 : 0.0162    recall@10 : 0.2227    recall@20 : 0.3234    mrr@10 : 0.0958    mrr@20 : 0.1025    hit@10 : 0.2227    hit@20 : 0.3234    ndcg@10 : 0.1254    ndcg@20 : 0.1505
Wed 19 Nov 2025 20:01:15 INFO  epoch 31 training [time: 17.95s, train loss: 17.6843]
Wed 19 Nov 2025 20:02:38 INFO  epoch 31 evaluating [time: 83.59s, valid_score: 0.126300]
Wed 19 Nov 2025 20:02:38 INFO  valid result: 
precision@10 : 0.0223    precision@20 : 0.0168    recall@10 : 0.2227    recall@20 : 0.3362    mrr@10 : 0.0969    mrr@20 : 0.1045    hit@10 : 0.2227    hit@20 : 0.3362    ndcg@10 : 0.1263    ndcg@20 : 0.1545
Wed 19 Nov 2025 20:02:56 INFO  epoch 32 training [time: 17.69s, train loss: 17.5382]
Wed 19 Nov 2025 20:04:20 INFO  epoch 32 evaluating [time: 83.59s, valid_score: 0.127400]
Wed 19 Nov 2025 20:04:20 INFO  valid result: 
precision@10 : 0.0226    precision@20 : 0.0164    recall@10 : 0.2259    recall@20 : 0.3287    mrr@10 : 0.0974    mrr@20 : 0.1046    hit@10 : 0.2259    hit@20 : 0.3287    ndcg@10 : 0.1274    ndcg@20 : 0.1534
Wed 19 Nov 2025 20:04:20 INFO  Saving current: saved\GCMC-Nov-19-2025_19-10-58.pth
Wed 19 Nov 2025 20:04:37 INFO  epoch 33 training [time: 17.57s, train loss: 17.5047]
Wed 19 Nov 2025 20:06:02 INFO  epoch 33 evaluating [time: 84.14s, valid_score: 0.127300]
Wed 19 Nov 2025 20:06:02 INFO  valid result: 
precision@10 : 0.0224    precision@20 : 0.0167    recall@10 : 0.2238    recall@20 : 0.334    mrr@10 : 0.0981    mrr@20 : 0.1059    hit@10 : 0.2238    hit@20 : 0.334    ndcg@10 : 0.1273    ndcg@20 : 0.1553
Wed 19 Nov 2025 20:06:19 INFO  epoch 34 training [time: 17.82s, train loss: 17.4396]
Wed 19 Nov 2025 20:07:44 INFO  epoch 34 evaluating [time: 84.58s, valid_score: 0.128100]
Wed 19 Nov 2025 20:07:44 INFO  valid result: 
precision@10 : 0.0227    precision@20 : 0.0173    recall@10 : 0.2269    recall@20 : 0.3457    mrr@10 : 0.0982    mrr@20 : 0.1065    hit@10 : 0.2269    hit@20 : 0.3457    ndcg@10 : 0.1281    ndcg@20 : 0.1582
Wed 19 Nov 2025 20:07:44 INFO  Saving current: saved\GCMC-Nov-19-2025_19-10-58.pth
Wed 19 Nov 2025 20:08:02 INFO  epoch 35 training [time: 17.65s, train loss: 17.2223]
Wed 19 Nov 2025 20:09:26 INFO  epoch 35 evaluating [time: 84.28s, valid_score: 0.131900]
Wed 19 Nov 2025 20:09:26 INFO  valid result: 
precision@10 : 0.0234    precision@20 : 0.0172    recall@10 : 0.2344    recall@20 : 0.3436    mrr@10 : 0.1009    mrr@20 : 0.1081    hit@10 : 0.2344    hit@20 : 0.3436    ndcg@10 : 0.1319    ndcg@20 : 0.159
Wed 19 Nov 2025 20:09:26 INFO  Saving current: saved\GCMC-Nov-19-2025_19-10-58.pth
Wed 19 Nov 2025 20:09:44 INFO  epoch 36 training [time: 17.74s, train loss: 17.1777]
Wed 19 Nov 2025 20:11:08 INFO  epoch 36 evaluating [time: 84.80s, valid_score: 0.132600]
Wed 19 Nov 2025 20:11:08 INFO  valid result: 
precision@10 : 0.0236    precision@20 : 0.0166    recall@10 : 0.2365    recall@20 : 0.333    mrr@10 : 0.1013    mrr@20 : 0.108    hit@10 : 0.2365    hit@20 : 0.333    ndcg@10 : 0.1326    ndcg@20 : 0.157
Wed 19 Nov 2025 20:11:09 INFO  Saving current: saved\GCMC-Nov-19-2025_19-10-58.pth
Wed 19 Nov 2025 20:11:26 INFO  epoch 37 training [time: 17.80s, train loss: 17.1040]
Wed 19 Nov 2025 20:12:51 INFO  epoch 37 evaluating [time: 84.23s, valid_score: 0.136200]
Wed 19 Nov 2025 20:12:51 INFO  valid result: 
precision@10 : 0.0242    precision@20 : 0.017    recall@10 : 0.2418    recall@20 : 0.3404    mrr@10 : 0.1044    mrr@20 : 0.111    hit@10 : 0.2418    hit@20 : 0.3404    ndcg@10 : 0.1362    ndcg@20 : 0.1609
Wed 19 Nov 2025 20:12:51 INFO  Saving current: saved\GCMC-Nov-19-2025_19-10-58.pth
Wed 19 Nov 2025 20:13:08 INFO  epoch 38 training [time: 17.69s, train loss: 16.8782]
Wed 19 Nov 2025 20:14:33 INFO  epoch 38 evaluating [time: 84.35s, valid_score: 0.133600]
Wed 19 Nov 2025 20:14:33 INFO  valid result: 
precision@10 : 0.0233    precision@20 : 0.0176    recall@10 : 0.2333    recall@20 : 0.3521    mrr@10 : 0.1032    mrr@20 : 0.1113    hit@10 : 0.2333    hit@20 : 0.3521    ndcg@10 : 0.1336    ndcg@20 : 0.1634
Wed 19 Nov 2025 20:14:50 INFO  epoch 39 training [time: 17.75s, train loss: 17.0443]
Wed 19 Nov 2025 20:16:15 INFO  epoch 39 evaluating [time: 84.76s, valid_score: 0.136900]
Wed 19 Nov 2025 20:16:15 INFO  valid result: 
precision@10 : 0.0244    precision@20 : 0.017    recall@10 : 0.2439    recall@20 : 0.3393    mrr@10 : 0.1047    mrr@20 : 0.1112    hit@10 : 0.2439    hit@20 : 0.3393    ndcg@10 : 0.1369    ndcg@20 : 0.1609
Wed 19 Nov 2025 20:16:15 INFO  Saving current: saved\GCMC-Nov-19-2025_19-10-58.pth
Wed 19 Nov 2025 20:16:33 INFO  epoch 40 training [time: 17.74s, train loss: 16.7402]
Wed 19 Nov 2025 20:17:57 INFO  epoch 40 evaluating [time: 84.45s, valid_score: 0.135800]
Wed 19 Nov 2025 20:17:57 INFO  valid result: 
precision@10 : 0.0242    precision@20 : 0.0173    recall@10 : 0.2418    recall@20 : 0.3457    mrr@10 : 0.1037    mrr@20 : 0.1106    hit@10 : 0.2418    hit@20 : 0.3457    ndcg@10 : 0.1358    ndcg@20 : 0.1617
Wed 19 Nov 2025 20:18:15 INFO  epoch 41 training [time: 17.88s, train loss: 16.7955]
Wed 19 Nov 2025 20:19:40 INFO  epoch 41 evaluating [time: 84.84s, valid_score: 0.138700]
Wed 19 Nov 2025 20:19:40 INFO  valid result: 
precision@10 : 0.0241    precision@20 : 0.0178    recall@10 : 0.2407    recall@20 : 0.3563    mrr@10 : 0.1077    mrr@20 : 0.1155    hit@10 : 0.2407    hit@20 : 0.3563    ndcg@10 : 0.1387    ndcg@20 : 0.1676
Wed 19 Nov 2025 20:19:40 INFO  Saving current: saved\GCMC-Nov-19-2025_19-10-58.pth
Wed 19 Nov 2025 20:19:58 INFO  epoch 42 training [time: 17.72s, train loss: 16.7956]
Wed 19 Nov 2025 20:21:23 INFO  epoch 42 evaluating [time: 84.97s, valid_score: 0.137300]
Wed 19 Nov 2025 20:21:23 INFO  valid result: 
precision@10 : 0.0241    precision@20 : 0.0177    recall@10 : 0.2407    recall@20 : 0.3531    mrr@10 : 0.106    mrr@20 : 0.1138    hit@10 : 0.2407    hit@20 : 0.3531    ndcg@10 : 0.1373    ndcg@20 : 0.1656
Wed 19 Nov 2025 20:21:41 INFO  epoch 43 training [time: 17.85s, train loss: 16.9656]
Wed 19 Nov 2025 20:23:05 INFO  epoch 43 evaluating [time: 84.65s, valid_score: 0.138300]
Wed 19 Nov 2025 20:23:05 INFO  valid result: 
precision@10 : 0.0247    precision@20 : 0.0177    recall@10 : 0.2471    recall@20 : 0.3531    mrr@10 : 0.1054    mrr@20 : 0.1124    hit@10 : 0.2471    hit@20 : 0.3531    ndcg@10 : 0.1383    ndcg@20 : 0.1646
Wed 19 Nov 2025 20:23:23 INFO  epoch 44 training [time: 17.76s, train loss: 16.7228]
Wed 19 Nov 2025 20:24:48 INFO  epoch 44 evaluating [time: 84.59s, valid_score: 0.140500]
Wed 19 Nov 2025 20:24:48 INFO  valid result: 
precision@10 : 0.025    precision@20 : 0.0176    recall@10 : 0.2503    recall@20 : 0.351    mrr@10 : 0.1074    mrr@20 : 0.1142    hit@10 : 0.2503    hit@20 : 0.351    ndcg@10 : 0.1405    ndcg@20 : 0.1658
Wed 19 Nov 2025 20:24:48 INFO  Saving current: saved\GCMC-Nov-19-2025_19-10-58.pth
Wed 19 Nov 2025 20:25:06 INFO  epoch 45 training [time: 17.81s, train loss: 16.6349]
Wed 19 Nov 2025 20:26:31 INFO  epoch 45 evaluating [time: 85.67s, valid_score: 0.142200]
Wed 19 Nov 2025 20:26:31 INFO  valid result: 
precision@10 : 0.0246    precision@20 : 0.0176    recall@10 : 0.246    recall@20 : 0.351    mrr@10 : 0.1109    mrr@20 : 0.118    hit@10 : 0.246    hit@20 : 0.351    ndcg@10 : 0.1422    ndcg@20 : 0.1686
Wed 19 Nov 2025 20:26:31 INFO  Saving current: saved\GCMC-Nov-19-2025_19-10-58.pth
Wed 19 Nov 2025 20:26:49 INFO  epoch 46 training [time: 18.07s, train loss: 16.6234]
Wed 19 Nov 2025 20:28:15 INFO  epoch 46 evaluating [time: 85.57s, valid_score: 0.138200]
Wed 19 Nov 2025 20:28:15 INFO  valid result: 
precision@10 : 0.0244    precision@20 : 0.0177    recall@10 : 0.2439    recall@20 : 0.3542    mrr@10 : 0.106    mrr@20 : 0.1134    hit@10 : 0.2439    hit@20 : 0.3542    ndcg@10 : 0.1382    ndcg@20 : 0.1657
Wed 19 Nov 2025 20:28:33 INFO  epoch 47 training [time: 18.02s, train loss: 16.6959]
Wed 19 Nov 2025 20:29:58 INFO  epoch 47 evaluating [time: 85.52s, valid_score: 0.135800]
Wed 19 Nov 2025 20:29:58 INFO  valid result: 
precision@10 : 0.0239    precision@20 : 0.018    recall@10 : 0.2386    recall@20 : 0.3606    mrr@10 : 0.1043    mrr@20 : 0.1125    hit@10 : 0.2386    hit@20 : 0.3606    ndcg@10 : 0.1358    ndcg@20 : 0.1664
Wed 19 Nov 2025 20:30:17 INFO  epoch 48 training [time: 18.11s, train loss: 16.7505]
Wed 19 Nov 2025 20:31:43 INFO  epoch 48 evaluating [time: 86.39s, valid_score: 0.136800]
Wed 19 Nov 2025 20:31:43 INFO  valid result: 
precision@10 : 0.0245    precision@20 : 0.018    recall@10 : 0.245    recall@20 : 0.3595    mrr@10 : 0.1039    mrr@20 : 0.1115    hit@10 : 0.245    hit@20 : 0.3595    ndcg@10 : 0.1368    ndcg@20 : 0.1652
Wed 19 Nov 2025 20:32:02 INFO  epoch 49 training [time: 18.58s, train loss: 16.7164]
Wed 19 Nov 2025 20:33:28 INFO  epoch 49 evaluating [time: 86.25s, valid_score: 0.140000]
Wed 19 Nov 2025 20:33:28 INFO  valid result: 
precision@10 : 0.0247    precision@20 : 0.0179    recall@10 : 0.2471    recall@20 : 0.3574    mrr@10 : 0.1076    mrr@20 : 0.1151    hit@10 : 0.2471    hit@20 : 0.3574    ndcg@10 : 0.14    ndcg@20 : 0.1676
Wed 19 Nov 2025 20:33:28 INFO  Loading model structure and parameters from saved\GCMC-Nov-19-2025_19-10-58.pth
Wed 19 Nov 2025 20:34:54 INFO  The running environment of this training is as follows:
+-------------+----------------+
| Environment |     Usage      |
+=============+================+
| CPU         |    24.80 %     |
+-------------+----------------+
| GPU         |   0.0 / 0.0    |
+-------------+----------------+
| Memory      | 0.50 G/13.86 G |
+-------------+----------------+
Wed 19 Nov 2025 20:34:54 INFO  best valid : OrderedDict([('precision@10', 0.0246), ('precision@20', 0.0176), ('recall@10', 0.246), ('recall@20', 0.351), ('mrr@10', 0.1109), ('mrr@20', 0.118), ('hit@10', 0.246), ('hit@20', 0.351), ('ndcg@10', 0.1422), ('ndcg@20', 0.1686)])
Wed 19 Nov 2025 20:34:54 INFO  test result: OrderedDict([('precision@10', 0.0263), ('precision@20', 0.0186), ('recall@10', 0.263), ('recall@20', 0.3712), ('mrr@10', 0.1141), ('mrr@20', 0.1217), ('hit@10', 0.263), ('hit@20', 0.3712), ('ndcg@10', 0.1489), ('ndcg@20', 0.1765)])
