Sun 14 Dec 2025 04:04:45 INFO  ['c:\\Users\\marti\\miniconda3\\envs\\bp_cuda\\Lib\\site-packages\\ipykernel_launcher.py', '--f=c:\\Users\\marti\\AppData\\Roaming\\jupyter\\runtime\\kernel-v3c445ff7fe94ae4af53429f549af66ad1608410b0.json']
Sun 14 Dec 2025 04:04:45 INFO  
General Hyper Parameters:
gpu_id = 0
use_gpu = True
seed = 2020
state = INFO
reproducibility = True
data_path = ./data/split/jester\jester--impB
checkpoint_dir = saved
show_progress = False
save_dataset = False
dataset_save_path = None
save_dataloaders = False
dataloaders_save_path = None
log_wandb = False

Training Hyper Parameters:
epochs = 50
train_batch_size = 2048
learner = adam
learning_rate = 0.001
train_neg_sample_args = {'distribution': 'uniform', 'sample_num': 1, 'alpha': 1.0, 'dynamic': False, 'candidate_num': 0}
eval_step = 1
stopping_step = 5
clip_grad_norm = None
weight_decay = 0.0
loss_decimal_place = 4

Evaluation Hyper Parameters:
eval_args = {'split': {'RS': [0, 0, 0]}, 'order': 'RO', 'group_by': 'user', 'mode': {'valid': 'uni100', 'test': 'uni100'}}
repeatable = False
metrics = ['Precision', 'Recall', 'MRR', 'Hit', 'NDCG']
topk = [10, 20]
valid_metric = NDCG@10
valid_metric_bigger = True
eval_batch_size = 4096
metric_decimal_place = 4

Dataset Hyper Parameters:
field_separator = 	
seq_separator =  
USER_ID_FIELD = user_id
ITEM_ID_FIELD = item_id
RATING_FIELD = rating
TIME_FIELD = timestamp
seq_len = None
LABEL_FIELD = label
threshold = None
NEG_PREFIX = neg_
load_col = {'inter': ['user_id', 'item_id', 'rating']}
unload_col = None
unused_col = None
additional_feat_suffix = None
rm_dup_inter = None
val_interval = None
filter_inter_by_user_or_item = True
user_inter_num_interval = [0,inf)
item_inter_num_interval = [0,inf)
alias_of_user_id = None
alias_of_item_id = None
alias_of_entity_id = None
alias_of_relation_id = None
preload_weight = None
normalize_field = None
normalize_all = None
ITEM_LIST_LENGTH_FIELD = item_length
LIST_SUFFIX = _list
MAX_ITEM_LIST_LENGTH = 50
POSITION_FIELD = position_id
HEAD_ENTITY_ID_FIELD = head_id
TAIL_ENTITY_ID_FIELD = tail_id
RELATION_ID_FIELD = relation_id
ENTITY_ID_FIELD = entity_id
benchmark_filename = ['train', 'valid', 'test']

Other Hyper Parameters: 
worker = 0
wandb_project = recbole
shuffle = True
require_pow = False
enable_amp = False
enable_scaler = False
transform = None
accum = stack
gcn_output_dim = 500
embedding_size = 64
dropout_prob = 0.3
sparse_feature = True
class_num = 2
num_basis_functions = 2
numerical_features = []
discretization = None
kg_reverse_r = False
entity_kg_num_interval = [0,inf)
relation_kg_num_interval = [0,inf)
MODEL_TYPE = ModelType.GENERAL
num_workers = 4
pin_memory = True
test_args = {'mode': 'full'}
MODEL_INPUT_TYPE = InputType.PAIRWISE
eval_type = EvaluatorType.RANKING
single_spec = True
local_rank = 0
device = cuda
valid_neg_sample_args = {'distribution': 'uniform', 'sample_num': 100}
test_neg_sample_args = {'distribution': 'uniform', 'sample_num': 100}


Sun 14 Dec 2025 04:04:50 INFO  jester--impB
The number of users: 50098
Average actions of users: 20.228696329121505
The number of items: 101
Average actions of items: 10133.97
The number of inters: 1013397
The sparsity of the dataset: 79.9719875776152%
Remain Fields: ['user_id', 'item_id']
Sun 14 Dec 2025 04:04:52 INFO  [Training]: train_batch_size = [2048] train_neg_sample_args: [{'distribution': 'uniform', 'sample_num': 1, 'alpha': 1.0, 'dynamic': False, 'candidate_num': 0}]
Sun 14 Dec 2025 04:04:52 INFO  [Evaluation]: eval_batch_size = [4096] eval_args: [{'split': {'RS': [0, 0, 0]}, 'order': 'RO', 'group_by': 'user', 'mode': {'valid': 'uni100', 'test': 'uni100'}}]
Sun 14 Dec 2025 04:04:54 INFO  GCMC(
  (GcEncoder): GcEncoder(
    (dropout): Dropout(p=0.3, inplace=False)
    (sparse_dropout): SparseDropout()
    (activate): ReLU()
    (weights_u): ParameterList(  (0): Parameter containing: [torch.float32 of size 50199x500 (cuda:0)])
    (weights_v): ParameterList(  (0): Parameter containing: [torch.float32 of size 50199x500 (cuda:0)])
    (dense_layer_u): Linear(in_features=500, out_features=64, bias=False)
    (dense_layer_v): Linear(in_features=500, out_features=64, bias=False)
  )
  (BiDecoder): BiDecoder(
    (dropout): Dropout(p=0.0, inplace=False)
    (weights): ParameterList(
        (0): Parameter containing: [torch.float32 of size 64x64 (cuda:0)]
        (1): Parameter containing: [torch.float32 of size 64x64 (cuda:0)]
    )
    (dense_layer): Linear(in_features=2, out_features=2, bias=False)
  )
  (loss_function): CrossEntropyLoss()
)
Trainable parameters: 25139696
Sun 14 Dec 2025 04:04:54 INFO  FLOPs: 1606368004.0
Sun 14 Dec 2025 04:05:41 INFO  epoch 0 training [time: 46.94s, train loss: 258.4266]
Sun 14 Dec 2025 04:06:52 INFO  epoch 0 evaluating [time: 71.23s, valid_score: 0.308900]
Sun 14 Dec 2025 04:06:52 INFO  valid result: 
precision@10 : 0.0578    precision@20 : 0.0383    recall@10 : 0.5784    recall@20 : 0.7657    mrr@10 : 0.2269    mrr@20 : 0.24    hit@10 : 0.5784    hit@20 : 0.7657    ndcg@10 : 0.3089    ndcg@20 : 0.3564
Sun 14 Dec 2025 04:06:53 INFO  Saving current: saved\GCMC-Dec-14-2025_04-04-54.pth
Sun 14 Dec 2025 04:07:40 INFO  epoch 1 training [time: 46.90s, train loss: 235.5788]
Sun 14 Dec 2025 04:08:51 INFO  epoch 1 evaluating [time: 71.45s, valid_score: 0.324400]
Sun 14 Dec 2025 04:08:51 INFO  valid result: 
precision@10 : 0.0601    precision@20 : 0.0396    recall@10 : 0.6014    recall@20 : 0.7918    mrr@10 : 0.24    mrr@20 : 0.2533    hit@10 : 0.6014    hit@20 : 0.7918    ndcg@10 : 0.3244    ndcg@20 : 0.3727
Sun 14 Dec 2025 04:08:52 INFO  Saving current: saved\GCMC-Dec-14-2025_04-04-54.pth
Sun 14 Dec 2025 04:09:39 INFO  epoch 2 training [time: 46.93s, train loss: 231.5614]
Sun 14 Dec 2025 04:10:50 INFO  epoch 2 evaluating [time: 71.31s, valid_score: 0.323600]
Sun 14 Dec 2025 04:10:50 INFO  valid result: 
precision@10 : 0.0605    precision@20 : 0.0396    recall@10 : 0.6048    recall@20 : 0.7919    mrr@10 : 0.238    mrr@20 : 0.251    hit@10 : 0.6048    hit@20 : 0.7919    ndcg@10 : 0.3236    ndcg@20 : 0.371
Sun 14 Dec 2025 04:11:37 INFO  epoch 3 training [time: 46.91s, train loss: 228.8837]
Sun 14 Dec 2025 04:12:48 INFO  epoch 3 evaluating [time: 71.18s, valid_score: 0.330300]
Sun 14 Dec 2025 04:12:48 INFO  valid result: 
precision@10 : 0.0609    precision@20 : 0.0399    recall@10 : 0.6088    recall@20 : 0.7988    mrr@10 : 0.2454    mrr@20 : 0.2586    hit@10 : 0.6088    hit@20 : 0.7988    ndcg@10 : 0.3303    ndcg@20 : 0.3784
Sun 14 Dec 2025 04:12:49 INFO  Saving current: saved\GCMC-Dec-14-2025_04-04-54.pth
Sun 14 Dec 2025 04:13:36 INFO  epoch 4 training [time: 46.94s, train loss: 225.0326]
Sun 14 Dec 2025 04:14:47 INFO  epoch 4 evaluating [time: 71.41s, valid_score: 0.338700]
Sun 14 Dec 2025 04:14:47 INFO  valid result: 
precision@10 : 0.0622    precision@20 : 0.0405    recall@10 : 0.6216    recall@20 : 0.8091    mrr@10 : 0.2523    mrr@20 : 0.2654    hit@10 : 0.6216    hit@20 : 0.8091    ndcg@10 : 0.3387    ndcg@20 : 0.3862
Sun 14 Dec 2025 04:14:48 INFO  Saving current: saved\GCMC-Dec-14-2025_04-04-54.pth
Sun 14 Dec 2025 04:15:35 INFO  epoch 5 training [time: 46.89s, train loss: 221.2740]
Sun 14 Dec 2025 04:16:46 INFO  epoch 5 evaluating [time: 71.42s, valid_score: 0.339200]
Sun 14 Dec 2025 04:16:46 INFO  valid result: 
precision@10 : 0.0623    precision@20 : 0.0406    recall@10 : 0.6229    recall@20 : 0.8113    mrr@10 : 0.2526    mrr@20 : 0.2658    hit@10 : 0.6229    hit@20 : 0.8113    ndcg@10 : 0.3392    ndcg@20 : 0.387
Sun 14 Dec 2025 04:16:47 INFO  Saving current: saved\GCMC-Dec-14-2025_04-04-54.pth
Sun 14 Dec 2025 04:17:34 INFO  epoch 6 training [time: 46.89s, train loss: 220.6268]
Sun 14 Dec 2025 04:18:45 INFO  epoch 6 evaluating [time: 70.96s, valid_score: 0.338700]
Sun 14 Dec 2025 04:18:45 INFO  valid result: 
precision@10 : 0.0622    precision@20 : 0.0405    recall@10 : 0.622    recall@20 : 0.8102    mrr@10 : 0.2523    mrr@20 : 0.2654    hit@10 : 0.622    hit@20 : 0.8102    ndcg@10 : 0.3387    ndcg@20 : 0.3865
Sun 14 Dec 2025 04:19:32 INFO  epoch 7 training [time: 46.90s, train loss: 218.3295]
Sun 14 Dec 2025 04:20:43 INFO  epoch 7 evaluating [time: 71.30s, valid_score: 0.337000]
Sun 14 Dec 2025 04:20:43 INFO  valid result: 
precision@10 : 0.062    precision@20 : 0.0405    recall@10 : 0.6202    recall@20 : 0.8103    mrr@10 : 0.2505    mrr@20 : 0.2638    hit@10 : 0.6202    hit@20 : 0.8103    ndcg@10 : 0.337    ndcg@20 : 0.3851
Sun 14 Dec 2025 04:21:30 INFO  epoch 8 training [time: 46.92s, train loss: 215.7459]
Sun 14 Dec 2025 04:22:42 INFO  epoch 8 evaluating [time: 71.37s, valid_score: 0.342200]
Sun 14 Dec 2025 04:22:42 INFO  valid result: 
precision@10 : 0.0623    precision@20 : 0.0407    recall@10 : 0.6232    recall@20 : 0.8132    mrr@10 : 0.2563    mrr@20 : 0.2696    hit@10 : 0.6232    hit@20 : 0.8132    ndcg@10 : 0.3422    ndcg@20 : 0.3903
Sun 14 Dec 2025 04:22:42 INFO  Saving current: saved\GCMC-Dec-14-2025_04-04-54.pth
Sun 14 Dec 2025 04:23:29 INFO  epoch 9 training [time: 46.94s, train loss: 214.6671]
Sun 14 Dec 2025 04:24:40 INFO  epoch 9 evaluating [time: 70.79s, valid_score: 0.342700]
Sun 14 Dec 2025 04:24:40 INFO  valid result: 
precision@10 : 0.0625    precision@20 : 0.0407    recall@10 : 0.6249    recall@20 : 0.8139    mrr@10 : 0.2565    mrr@20 : 0.2697    hit@10 : 0.6249    hit@20 : 0.8139    ndcg@10 : 0.3427    ndcg@20 : 0.3906
Sun 14 Dec 2025 04:24:41 INFO  Saving current: saved\GCMC-Dec-14-2025_04-04-54.pth
Sun 14 Dec 2025 04:25:28 INFO  epoch 10 training [time: 46.90s, train loss: 213.1918]
Sun 14 Dec 2025 04:26:39 INFO  epoch 10 evaluating [time: 71.16s, valid_score: 0.343800]
Sun 14 Dec 2025 04:26:39 INFO  valid result: 
precision@10 : 0.0626    precision@20 : 0.0407    recall@10 : 0.6256    recall@20 : 0.8146    mrr@10 : 0.2577    mrr@20 : 0.2709    hit@10 : 0.6256    hit@20 : 0.8146    ndcg@10 : 0.3438    ndcg@20 : 0.3918
Sun 14 Dec 2025 04:26:40 INFO  Saving current: saved\GCMC-Dec-14-2025_04-04-54.pth
Sun 14 Dec 2025 04:27:26 INFO  epoch 11 training [time: 46.88s, train loss: 212.2069]
Sun 14 Dec 2025 04:28:38 INFO  epoch 11 evaluating [time: 71.43s, valid_score: 0.340100]
Sun 14 Dec 2025 04:28:38 INFO  valid result: 
precision@10 : 0.0624    precision@20 : 0.0407    recall@10 : 0.6244    recall@20 : 0.8136    mrr@10 : 0.2532    mrr@20 : 0.2665    hit@10 : 0.6244    hit@20 : 0.8136    ndcg@10 : 0.3401    ndcg@20 : 0.3881
Sun 14 Dec 2025 04:29:25 INFO  epoch 12 training [time: 46.92s, train loss: 211.3249]
Sun 14 Dec 2025 04:30:37 INFO  epoch 12 evaluating [time: 71.56s, valid_score: 0.342900]
Sun 14 Dec 2025 04:30:37 INFO  valid result: 
precision@10 : 0.0626    precision@20 : 0.0407    recall@10 : 0.6258    recall@20 : 0.8141    mrr@10 : 0.2564    mrr@20 : 0.2697    hit@10 : 0.6258    hit@20 : 0.8141    ndcg@10 : 0.3429    ndcg@20 : 0.3907
Sun 14 Dec 2025 04:31:24 INFO  epoch 13 training [time: 46.91s, train loss: 209.4523]
Sun 14 Dec 2025 04:32:35 INFO  epoch 13 evaluating [time: 71.39s, valid_score: 0.341000]
Sun 14 Dec 2025 04:32:35 INFO  valid result: 
precision@10 : 0.0625    precision@20 : 0.0407    recall@10 : 0.6248    recall@20 : 0.8142    mrr@10 : 0.2543    mrr@20 : 0.2675    hit@10 : 0.6248    hit@20 : 0.8142    ndcg@10 : 0.341    ndcg@20 : 0.389
Sun 14 Dec 2025 04:33:22 INFO  epoch 14 training [time: 46.91s, train loss: 208.8642]
Sun 14 Dec 2025 04:34:34 INFO  epoch 14 evaluating [time: 71.35s, valid_score: 0.342700]
Sun 14 Dec 2025 04:34:34 INFO  valid result: 
precision@10 : 0.0623    precision@20 : 0.0407    recall@10 : 0.623    recall@20 : 0.8145    mrr@10 : 0.257    mrr@20 : 0.2705    hit@10 : 0.623    hit@20 : 0.8145    ndcg@10 : 0.3427    ndcg@20 : 0.3913
Sun 14 Dec 2025 04:35:21 INFO  epoch 15 training [time: 46.89s, train loss: 207.9945]
Sun 14 Dec 2025 04:36:32 INFO  epoch 15 evaluating [time: 70.96s, valid_score: 0.341200]
Sun 14 Dec 2025 04:36:32 INFO  valid result: 
precision@10 : 0.0624    precision@20 : 0.0408    recall@10 : 0.6239    recall@20 : 0.8154    mrr@10 : 0.2547    mrr@20 : 0.2682    hit@10 : 0.6239    hit@20 : 0.8154    ndcg@10 : 0.3412    ndcg@20 : 0.3898
Sun 14 Dec 2025 04:37:19 INFO  epoch 16 training [time: 46.91s, train loss: 207.1070]
Sun 14 Dec 2025 04:38:30 INFO  epoch 16 evaluating [time: 71.37s, valid_score: 0.343100]
Sun 14 Dec 2025 04:38:30 INFO  valid result: 
precision@10 : 0.0627    precision@20 : 0.0408    recall@10 : 0.6266    recall@20 : 0.8164    mrr@10 : 0.2565    mrr@20 : 0.2698    hit@10 : 0.6266    hit@20 : 0.8164    ndcg@10 : 0.3431    ndcg@20 : 0.3912
Sun 14 Dec 2025 04:38:30 INFO  Finished training, best eval result in epoch 10
Sun 14 Dec 2025 04:38:30 INFO  Loading model structure and parameters from saved\GCMC-Dec-14-2025_04-04-54.pth
Sun 14 Dec 2025 04:39:43 INFO  The running environment of this training is as follows:
+-------------+----------------+
| Environment |     Usage      |
+=============+================+
| CPU         |     5.70 %     |
+-------------+----------------+
| GPU         | 4.26 G/8.00 G  |
+-------------+----------------+
| Memory      | 1.30 G/15.26 G |
+-------------+----------------+
Sun 14 Dec 2025 04:39:43 INFO  best valid : OrderedDict([('precision@10', 0.0626), ('precision@20', 0.0407), ('recall@10', 0.6256), ('recall@20', 0.8146), ('mrr@10', 0.2577), ('mrr@20', 0.2709), ('hit@10', 0.6256), ('hit@20', 0.8146), ('ndcg@10', 0.3438), ('ndcg@20', 0.3918)])
Sun 14 Dec 2025 04:39:43 INFO  test result: OrderedDict([('precision@10', 0.0643), ('precision@20', 0.0412), ('recall@10', 0.6431), ('recall@20', 0.8235), ('mrr@10', 0.2718), ('mrr@20', 0.2844), ('hit@10', 0.6431), ('hit@20', 0.8235), ('ndcg@10', 0.3588), ('ndcg@20', 0.4045)])
