Sat 13 Dec 2025 23:30:50 INFO  ['c:\\Users\\marti\\miniconda3\\envs\\bp_cuda\\Lib\\site-packages\\ipykernel_launcher.py', '--f=c:\\Users\\marti\\AppData\\Roaming\\jupyter\\runtime\\kernel-v3c445ff7fe94ae4af53429f549af66ad1608410b0.json']
Sat 13 Dec 2025 23:30:50 INFO  
General Hyper Parameters:
gpu_id = 0
use_gpu = True
seed = 2020
state = INFO
reproducibility = True
data_path = ./data/split/ml-100k\ml-100k--impR
checkpoint_dir = saved
show_progress = False
save_dataset = False
dataset_save_path = None
save_dataloaders = False
dataloaders_save_path = None
log_wandb = False

Training Hyper Parameters:
epochs = 50
train_batch_size = 2048
learner = adam
learning_rate = 0.001
train_neg_sample_args = {'distribution': 'uniform', 'sample_num': 1, 'alpha': 1.0, 'dynamic': False, 'candidate_num': 0}
eval_step = 1
stopping_step = 5
clip_grad_norm = None
weight_decay = 0.0
loss_decimal_place = 4

Evaluation Hyper Parameters:
eval_args = {'split': {'RS': [0, 0, 0]}, 'order': 'RO', 'group_by': 'user', 'mode': {'valid': 'uni100', 'test': 'uni100'}}
repeatable = False
metrics = ['Precision', 'Recall', 'MRR', 'Hit', 'NDCG']
topk = [10, 20]
valid_metric = NDCG@10
valid_metric_bigger = True
eval_batch_size = 4096
metric_decimal_place = 4

Dataset Hyper Parameters:
field_separator = 	
seq_separator =  
USER_ID_FIELD = user_id
ITEM_ID_FIELD = item_id
RATING_FIELD = rating
TIME_FIELD = timestamp
seq_len = None
LABEL_FIELD = label
threshold = None
NEG_PREFIX = neg_
load_col = {'inter': ['user_id', 'item_id', 'rating']}
unload_col = None
unused_col = None
additional_feat_suffix = None
rm_dup_inter = None
val_interval = None
filter_inter_by_user_or_item = True
user_inter_num_interval = [0,inf)
item_inter_num_interval = [0,inf)
alias_of_user_id = None
alias_of_item_id = None
alias_of_entity_id = None
alias_of_relation_id = None
preload_weight = None
normalize_field = None
normalize_all = None
ITEM_LIST_LENGTH_FIELD = item_length
LIST_SUFFIX = _list
MAX_ITEM_LIST_LENGTH = 50
POSITION_FIELD = position_id
HEAD_ENTITY_ID_FIELD = head_id
TAIL_ENTITY_ID_FIELD = tail_id
RELATION_ID_FIELD = relation_id
ENTITY_ID_FIELD = entity_id
benchmark_filename = ['train', 'valid', 'test']

Other Hyper Parameters: 
worker = 0
wandb_project = recbole
shuffle = True
require_pow = False
enable_amp = False
enable_scaler = False
transform = None
k = 100
shrink = 0.0
knn_method = item
numerical_features = []
discretization = None
kg_reverse_r = False
entity_kg_num_interval = [0,inf)
relation_kg_num_interval = [0,inf)
MODEL_TYPE = ModelType.TRADITIONAL
num_workers = 4
pin_memory = True
test_args = {'mode': 'full'}
MODEL_INPUT_TYPE = InputType.POINTWISE
eval_type = EvaluatorType.RANKING
single_spec = True
local_rank = 0
device = cuda
valid_neg_sample_args = {'distribution': 'uniform', 'sample_num': 100}
test_neg_sample_args = {'distribution': 'uniform', 'sample_num': 100}


Sat 13 Dec 2025 23:30:51 INFO  ml-100k--impR
The number of users: 939
Average actions of users: 59.02025586353945
The number of items: 1448
Average actions of items: 38.25915687629578
The number of inters: 55361
The sparsity of the dataset: 95.92835625062514%
Remain Fields: ['user_id', 'item_id', 'rating']
Sat 13 Dec 2025 23:30:51 INFO  [Training]: train_batch_size = [2048] train_neg_sample_args: [{'distribution': 'uniform', 'sample_num': 1, 'alpha': 1.0, 'dynamic': False, 'candidate_num': 0}]
Sat 13 Dec 2025 23:30:51 INFO  [Evaluation]: eval_batch_size = [4096] eval_args: [{'split': {'RS': [0, 0, 0]}, 'order': 'RO', 'group_by': 'user', 'mode': {'valid': 'uni100', 'test': 'uni100'}}]
Sat 13 Dec 2025 23:30:51 INFO  ItemKNN()
Trainable parameters: 1
Sat 13 Dec 2025 23:30:52 INFO  FLOPs: 0.0
Sat 13 Dec 2025 23:30:52 INFO  epoch 0 training [time: 0.14s, train loss: 0.0000]
Sat 13 Dec 2025 23:30:53 INFO  epoch 0 evaluating [time: 0.63s, valid_score: 0.492100]
Sat 13 Dec 2025 23:30:53 INFO  valid result: 
precision@10 : 0.077    precision@20 : 0.0444    recall@10 : 0.7697    recall@20 : 0.8881    mrr@10 : 0.4054    mrr@20 : 0.4139    hit@10 : 0.7697    hit@20 : 0.8881    ndcg@10 : 0.4921    ndcg@20 : 0.5224
Sat 13 Dec 2025 23:30:53 INFO  Saving current: saved\ItemKNN-Dec-13-2025_23-30-52.pth
Sat 13 Dec 2025 23:30:53 INFO  Loading model structure and parameters from saved\ItemKNN-Dec-13-2025_23-30-52.pth
Sat 13 Dec 2025 23:30:55 INFO  The running environment of this training is as follows:
+-------------+----------------+
| Environment |     Usage      |
+=============+================+
| CPU         |     7.80 %     |
+-------------+----------------+
| GPU         | 0.02 G/8.00 G  |
+-------------+----------------+
| Memory      | 0.91 G/15.26 G |
+-------------+----------------+
Sat 13 Dec 2025 23:30:55 INFO  best valid : OrderedDict([('precision@10', 0.077), ('precision@20', 0.0444), ('recall@10', 0.7697), ('recall@20', 0.8881), ('mrr@10', 0.4054), ('mrr@20', 0.4139), ('hit@10', 0.7697), ('hit@20', 0.8881), ('ndcg@10', 0.4921), ('ndcg@20', 0.5224)])
Sat 13 Dec 2025 23:30:55 INFO  test result: OrderedDict([('precision@10', 0.0784), ('precision@20', 0.0451), ('recall@10', 0.7836), ('recall@20', 0.9019), ('mrr@10', 0.4079), ('mrr@20', 0.4161), ('hit@10', 0.7836), ('hit@20', 0.9019), ('ndcg@10', 0.497), ('ndcg@20', 0.527)])
