Tue 18 Nov 2025 21:16:03 INFO  ['c:\\Users\\martin\\miniconda3\\envs\\bp\\Lib\\site-packages\\ipykernel_launcher.py', '--f=c:\\Users\\martin\\AppData\\Roaming\\jupyter\\runtime\\kernel-v3bcc9f0db1b7b28c0542839aef240a59590a9d6c1.json']
Tue 18 Nov 2025 21:16:03 INFO  
General Hyper Parameters:
gpu_id = 0
use_gpu = True
seed = 2020
state = INFO
reproducibility = True
data_path = ./data/split/jester\jester--impB
checkpoint_dir = saved
show_progress = True
save_dataset = False
dataset_save_path = None
save_dataloaders = False
dataloaders_save_path = None
log_wandb = False

Training Hyper Parameters:
epochs = 50
train_batch_size = 2048
learner = adam
learning_rate = 0.001
train_neg_sample_args = {'distribution': 'uniform', 'sample_num': 1, 'alpha': 1.0, 'dynamic': False, 'candidate_num': 0}
eval_step = 1
stopping_step = 5
clip_grad_norm = None
weight_decay = 0.0
loss_decimal_place = 4

Evaluation Hyper Parameters:
eval_args = {'split': {'RS': [0, 0, 0]}, 'order': 'RO', 'group_by': 'user', 'mode': {'valid': 'full', 'test': 'full'}}
repeatable = False
metrics = ['Precision', 'Recall', 'MRR', 'Hit', 'NDCG']
topk = [10, 20]
valid_metric = NDCG@10
valid_metric_bigger = True
eval_batch_size = 4096
metric_decimal_place = 4

Dataset Hyper Parameters:
field_separator = 	
seq_separator =  
USER_ID_FIELD = user_id
ITEM_ID_FIELD = item_id
RATING_FIELD = rating
TIME_FIELD = timestamp
seq_len = None
LABEL_FIELD = label
threshold = None
NEG_PREFIX = neg_
load_col = {'inter': ['user_id', 'item_id']}
unload_col = None
unused_col = None
additional_feat_suffix = None
rm_dup_inter = None
val_interval = None
filter_inter_by_user_or_item = True
user_inter_num_interval = [0,inf)
item_inter_num_interval = [0,inf)
alias_of_user_id = None
alias_of_item_id = None
alias_of_entity_id = None
alias_of_relation_id = None
preload_weight = None
normalize_field = None
normalize_all = None
ITEM_LIST_LENGTH_FIELD = item_length
LIST_SUFFIX = _list
MAX_ITEM_LIST_LENGTH = 50
POSITION_FIELD = position_id
HEAD_ENTITY_ID_FIELD = head_id
TAIL_ENTITY_ID_FIELD = tail_id
RELATION_ID_FIELD = relation_id
ENTITY_ID_FIELD = entity_id
benchmark_filename = ['train', 'valid', 'test']

Other Hyper Parameters: 
worker = 0
wandb_project = recbole
shuffle = True
require_pow = False
enable_amp = False
enable_scaler = False
transform = None
k = 100
shrink = 0.0
knn_method = item
numerical_features = []
discretization = None
kg_reverse_r = False
entity_kg_num_interval = [0,inf)
relation_kg_num_interval = [0,inf)
MODEL_TYPE = ModelType.TRADITIONAL
test_args = {'mode': 'full'}
MODEL_INPUT_TYPE = InputType.POINTWISE
eval_type = EvaluatorType.RANKING
single_spec = True
local_rank = 0
device = cpu
valid_neg_sample_args = {'distribution': 'uniform', 'sample_num': 'none'}
test_neg_sample_args = {'distribution': 'uniform', 'sample_num': 'none'}


Tue 18 Nov 2025 21:16:07 INFO  jester--impB
The number of users: 50098
Average actions of users: 20.228696329121505
The number of items: 101
Average actions of items: 10133.97
The number of inters: 1013397
The sparsity of the dataset: 79.9719875776152%
Remain Fields: ['user_id', 'item_id']
Tue 18 Nov 2025 21:16:09 INFO  [Training]: train_batch_size = [2048] train_neg_sample_args: [{'distribution': 'uniform', 'sample_num': 1, 'alpha': 1.0, 'dynamic': False, 'candidate_num': 0}]
Tue 18 Nov 2025 21:16:09 INFO  [Evaluation]: eval_batch_size = [4096] eval_args: [{'split': {'RS': [0, 0, 0]}, 'order': 'RO', 'group_by': 'user', 'mode': {'valid': 'full', 'test': 'full'}}]
Tue 18 Nov 2025 21:16:10 INFO  ItemKNN()
Trainable parameters: 1
Tue 18 Nov 2025 21:16:13 INFO  FLOPs: 0.0
Tue 18 Nov 2025 21:16:15 INFO  epoch 0 training [time: 2.51s, train loss: 0.0000]
Tue 18 Nov 2025 21:16:19 INFO  epoch 0 evaluating [time: 3.41s, valid_score: 0.263700]
Tue 18 Nov 2025 21:16:19 INFO  valid result: 
precision@10 : 0.0489    precision@20 : 0.0328    recall@10 : 0.4886    recall@20 : 0.6568    mrr@10 : 0.1952    mrr@20 : 0.2069    hit@10 : 0.4886    hit@20 : 0.6568    ndcg@10 : 0.2637    ndcg@20 : 0.3063
Tue 18 Nov 2025 21:16:22 INFO  Saving current: saved\ItemKNN-Nov-18-2025_21-16-13.pth
Tue 18 Nov 2025 21:16:23 INFO  Loading model structure and parameters from saved\ItemKNN-Nov-18-2025_21-16-13.pth
Tue 18 Nov 2025 21:16:28 INFO  The running environment of this training is as follows:
+-------------+----------------+
| Environment |     Usage      |
+=============+================+
| CPU         |    15.00 %     |
+-------------+----------------+
| GPU         |   0.0 / 0.0    |
+-------------+----------------+
| Memory      | 1.30 G/13.86 G |
+-------------+----------------+
Tue 18 Nov 2025 21:16:28 INFO  best valid : OrderedDict([('precision@10', np.float64(0.0489)), ('precision@20', np.float64(0.0328)), ('recall@10', np.float64(0.4886)), ('recall@20', np.float64(0.6568)), ('mrr@10', np.float64(0.1952)), ('mrr@20', np.float64(0.2069)), ('hit@10', np.float64(0.4886)), ('hit@20', np.float64(0.6568)), ('ndcg@10', np.float64(0.2637)), ('ndcg@20', np.float64(0.3063))])
Tue 18 Nov 2025 21:16:28 INFO  test result: OrderedDict([('precision@10', np.float64(0.0505)), ('precision@20', np.float64(0.0335)), ('recall@10', np.float64(0.5054)), ('recall@20', np.float64(0.6699)), ('mrr@10', np.float64(0.2113)), ('mrr@20', np.float64(0.2228)), ('hit@10', np.float64(0.5054)), ('hit@20', np.float64(0.6699)), ('ndcg@10', np.float64(0.2801)), ('ndcg@20', np.float64(0.3218))])
