Mon 29 Dec 2025 13:19:49 INFO  ['c:\\Users\\marti\\miniconda3\\envs\\bp_cuda\\Lib\\site-packages\\ipykernel_launcher.py', '--f=c:\\Users\\marti\\AppData\\Roaming\\jupyter\\runtime\\kernel-v351daa346f84dc3599eb8e4c3c05f129cb23e28a2.json']
Mon 29 Dec 2025 13:19:49 INFO  
General Hyper Parameters:
gpu_id = 0
use_gpu = True
seed = 2020
state = INFO
reproducibility = True
data_path = ./data/split/douban\douban--expR
checkpoint_dir = saved
show_progress = False
save_dataset = False
dataset_save_path = None
save_dataloaders = False
dataloaders_save_path = None
log_wandb = False

Training Hyper Parameters:
epochs = 50
train_batch_size = 2048
learner = adam
learning_rate = 0.001
train_neg_sample_args = {'distribution': 'uniform', 'sample_num': 1, 'alpha': 1.0, 'dynamic': False, 'candidate_num': 0}
eval_step = 1
stopping_step = 5
clip_grad_norm = None
weight_decay = 0.0
loss_decimal_place = 4

Evaluation Hyper Parameters:
eval_args = {'split': {'RS': [0, 0, 0]}, 'order': 'RO', 'group_by': 'user', 'mode': {'valid': 'uni100', 'test': 'uni100'}}
repeatable = False
metrics = ['Precision', 'Recall', 'MRR', 'Hit', 'NDCG']
topk = [10, 20]
valid_metric = NDCG@10
valid_metric_bigger = True
eval_batch_size = 4096
metric_decimal_place = 4

Dataset Hyper Parameters:
field_separator = 	
seq_separator =  
USER_ID_FIELD = user_id
ITEM_ID_FIELD = item_id
RATING_FIELD = rating
TIME_FIELD = timestamp
seq_len = None
LABEL_FIELD = label
threshold = None
NEG_PREFIX = neg_
load_col = {'inter': ['user_id', 'item_id', 'rating']}
unload_col = None
unused_col = None
additional_feat_suffix = None
rm_dup_inter = None
val_interval = None
filter_inter_by_user_or_item = True
user_inter_num_interval = [0,inf)
item_inter_num_interval = [0,inf)
alias_of_user_id = None
alias_of_item_id = None
alias_of_entity_id = None
alias_of_relation_id = None
preload_weight = None
normalize_field = None
normalize_all = None
ITEM_LIST_LENGTH_FIELD = item_length
LIST_SUFFIX = _list
MAX_ITEM_LIST_LENGTH = 50
POSITION_FIELD = position_id
HEAD_ENTITY_ID_FIELD = head_id
TAIL_ENTITY_ID_FIELD = tail_id
RELATION_ID_FIELD = relation_id
ENTITY_ID_FIELD = entity_id
kg_reverse_r = False
entity_kg_num_interval = [0,inf)
relation_kg_num_interval = [0,inf)
benchmark_filename = ['train', 'valid', 'test']

Other Hyper Parameters: 
worker = 0
wandb_project = recbole
shuffle = True
require_pow = False
enable_amp = False
enable_scaler = False
transform = None
k = 100
shrink = 0.0
knn_method = item
numerical_features = []
discretization = None
MODEL_TYPE = ModelType.TRADITIONAL
num_workers = 4
pin_memory = True
test_args = {'mode': 'full'}
MODEL_INPUT_TYPE = InputType.POINTWISE
eval_type = EvaluatorType.RANKING
single_spec = True
local_rank = 0
device = cuda
valid_neg_sample_args = {'distribution': 'uniform', 'sample_num': 100}
test_neg_sample_args = {'distribution': 'uniform', 'sample_num': 100}


Mon 29 Dec 2025 13:19:52 INFO  douban--expR
The number of users: 108664
Average actions of users: 8.903232931172525
The number of items: 29
Average actions of items: 34551.857142857145
The number of inters: 967452
The sparsity of the dataset: 69.29947931872245%
Remain Fields: ['user_id', 'item_id', 'rating']
Mon 29 Dec 2025 13:19:54 INFO  [Training]: train_batch_size = [2048] train_neg_sample_args: [{'distribution': 'uniform', 'sample_num': 1, 'alpha': 1.0, 'dynamic': False, 'candidate_num': 0}]
Mon 29 Dec 2025 13:19:54 INFO  [Evaluation]: eval_batch_size = [4096] eval_args: [{'split': {'RS': [0, 0, 0]}, 'order': 'RO', 'group_by': 'user', 'mode': {'valid': 'uni100', 'test': 'uni100'}}]
Mon 29 Dec 2025 13:19:55 INFO  ItemKNN()
Trainable parameters: 1
Mon 29 Dec 2025 13:19:57 INFO  FLOPs: 0.0
Mon 29 Dec 2025 13:19:59 INFO  epoch 0 training [time: 2.20s, train loss: 0.0000]
Mon 29 Dec 2025 13:21:15 INFO  epoch 0 evaluating [time: 76.00s, valid_score: 0.410800]
Mon 29 Dec 2025 13:21:15 INFO  valid result: 
precision@10 : 0.0756    precision@20 : 0.0487    recall@10 : 0.7558    recall@20 : 0.9733    mrr@10 : 0.3056    mrr@20 : 0.321    hit@10 : 0.7558    hit@20 : 0.9733    ndcg@10 : 0.4108    ndcg@20 : 0.4661
Mon 29 Dec 2025 13:21:17 INFO  Saving current: saved\ItemKNN-Dec-29-2025_13-19-57.pth
Mon 29 Dec 2025 13:21:18 INFO  Loading model structure and parameters from saved\ItemKNN-Dec-29-2025_13-19-57.pth
Mon 29 Dec 2025 13:22:39 INFO  The running environment of this training is as follows:
+-------------+----------------+
| Environment |     Usage      |
+=============+================+
| CPU         |     4.40 %     |
+-------------+----------------+
| GPU         | 0.04 G/8.00 G  |
+-------------+----------------+
| Memory      | 1.33 G/15.26 G |
+-------------+----------------+
Mon 29 Dec 2025 13:22:39 INFO  best valid : OrderedDict([('precision@10', 0.0756), ('precision@20', 0.0487), ('recall@10', 0.7558), ('recall@20', 0.9733), ('mrr@10', 0.3056), ('mrr@20', 0.321), ('hit@10', 0.7558), ('hit@20', 0.9733), ('ndcg@10', 0.4108), ('ndcg@20', 0.4661)])
Mon 29 Dec 2025 13:22:39 INFO  test result: OrderedDict([('precision@10', 0.0783), ('precision@20', 0.0491), ('recall@10', 0.7835), ('recall@20', 0.9822), ('mrr@10', 0.3377), ('mrr@20', 0.3518), ('hit@10', 0.7835), ('hit@20', 0.9822), ('ndcg@10', 0.442), ('ndcg@20', 0.4927)])
