Tue 09 Dec 2025 00:13:46 INFO  ['c:\\Users\\martin\\miniconda3\\envs\\bp\\Lib\\site-packages\\ipykernel_launcher.py', '--f=c:\\Users\\martin\\AppData\\Roaming\\jupyter\\runtime\\kernel-v36d94b79157c8ac1892c0baa1603bfba24b37cfdf.json']
Tue 09 Dec 2025 00:13:46 INFO  
General Hyper Parameters:
gpu_id = 0
use_gpu = True
seed = 2020
state = INFO
reproducibility = True
data_path = ./data/split/douban\douban--expR
checkpoint_dir = saved
show_progress = True
save_dataset = False
dataset_save_path = None
save_dataloaders = False
dataloaders_save_path = None
log_wandb = False

Training Hyper Parameters:
epochs = 50
train_batch_size = 2048
learner = adam
learning_rate = 0.001
train_neg_sample_args = {'distribution': 'uniform', 'sample_num': 1, 'alpha': 1.0, 'dynamic': False, 'candidate_num': 0}
eval_step = 1
stopping_step = 5
clip_grad_norm = None
weight_decay = 0.0
loss_decimal_place = 4

Evaluation Hyper Parameters:
eval_args = {'split': {'RS': [0, 0, 0]}, 'order': 'RO', 'group_by': 'user', 'mode': {'valid': 'full', 'test': 'full'}}
repeatable = False
metrics = ['Precision', 'Recall', 'MRR', 'Hit', 'NDCG']
topk = [10, 20]
valid_metric = NDCG@10
valid_metric_bigger = True
eval_batch_size = 4096
metric_decimal_place = 4

Dataset Hyper Parameters:
field_separator = 	
seq_separator =  
USER_ID_FIELD = user_id
ITEM_ID_FIELD = item_id
RATING_FIELD = rating
TIME_FIELD = timestamp
seq_len = None
LABEL_FIELD = label
threshold = None
NEG_PREFIX = neg_
load_col = {'inter': ['user_id', 'item_id']}
unload_col = None
unused_col = None
additional_feat_suffix = None
rm_dup_inter = None
val_interval = None
filter_inter_by_user_or_item = True
user_inter_num_interval = [0,inf)
item_inter_num_interval = [0,inf)
alias_of_user_id = None
alias_of_item_id = None
alias_of_entity_id = None
alias_of_relation_id = None
preload_weight = None
normalize_field = None
normalize_all = None
ITEM_LIST_LENGTH_FIELD = item_length
LIST_SUFFIX = _list
MAX_ITEM_LIST_LENGTH = 50
POSITION_FIELD = position_id
HEAD_ENTITY_ID_FIELD = head_id
TAIL_ENTITY_ID_FIELD = tail_id
RELATION_ID_FIELD = relation_id
ENTITY_ID_FIELD = entity_id
benchmark_filename = ['train', 'valid', 'test']

Other Hyper Parameters: 
worker = 0
wandb_project = recbole
shuffle = True
require_pow = False
enable_amp = False
enable_scaler = False
transform = None
k = 100
shrink = 0.0
knn_method = item
numerical_features = []
discretization = None
kg_reverse_r = False
entity_kg_num_interval = [0,inf)
relation_kg_num_interval = [0,inf)
MODEL_TYPE = ModelType.TRADITIONAL
MODEL_INPUT_TYPE = InputType.POINTWISE
eval_type = EvaluatorType.RANKING
single_spec = True
local_rank = 0
device = cpu
valid_neg_sample_args = {'distribution': 'uniform', 'sample_num': 'none'}
test_neg_sample_args = {'distribution': 'uniform', 'sample_num': 'none'}


Tue 09 Dec 2025 00:13:49 INFO  douban--expR
The number of users: 108664
Average actions of users: 8.903232931172525
The number of items: 29
Average actions of items: 34551.857142857145
The number of inters: 967452
The sparsity of the dataset: 69.29947931872245%
Remain Fields: ['user_id', 'item_id']
Tue 09 Dec 2025 00:13:54 INFO  [Training]: train_batch_size = [2048] train_neg_sample_args: [{'distribution': 'uniform', 'sample_num': 1, 'alpha': 1.0, 'dynamic': False, 'candidate_num': 0}]
Tue 09 Dec 2025 00:13:54 INFO  [Evaluation]: eval_batch_size = [4096] eval_args: [{'split': {'RS': [0, 0, 0]}, 'order': 'RO', 'group_by': 'user', 'mode': {'valid': 'full', 'test': 'full'}}]
Tue 09 Dec 2025 00:13:55 INFO  ItemKNN()
Trainable parameters: 1
Tue 09 Dec 2025 00:13:58 INFO  FLOPs: 0.0
Tue 09 Dec 2025 00:14:02 INFO  epoch 0 training [time: 1.97s, train loss: 0.0000]
Tue 09 Dec 2025 00:14:06 INFO  epoch 0 evaluating [time: 4.57s, valid_score: 0.412200]
Tue 09 Dec 2025 00:14:06 INFO  valid result: 
precision@10 : 0.076    precision@20 : 0.0487    recall@10 : 0.7598    recall@20 : 0.9734    mrr@10 : 0.3064    mrr@20 : 0.3215    hit@10 : 0.7598    hit@20 : 0.9734    ndcg@10 : 0.4122    ndcg@20 : 0.4666
Tue 09 Dec 2025 00:14:08 INFO  Saving current: saved\ItemKNN-Dec-09-2025_00-13-58.pth
Tue 09 Dec 2025 00:14:09 INFO  Loading model structure and parameters from saved\ItemKNN-Dec-09-2025_00-13-58.pth
Tue 09 Dec 2025 00:14:14 INFO  The running environment of this training is as follows:
+-------------+----------------+
| Environment |     Usage      |
+=============+================+
| CPU         |     3.90 %     |
+-------------+----------------+
| GPU         |   0.0 / 0.0    |
+-------------+----------------+
| Memory      | 1.22 G/13.86 G |
+-------------+----------------+
Tue 09 Dec 2025 00:14:14 INFO  best valid : OrderedDict([('precision@10', 0.076), ('precision@20', 0.0487), ('recall@10', 0.7598), ('recall@20', 0.9734), ('mrr@10', 0.3064), ('mrr@20', 0.3215), ('hit@10', 0.7598), ('hit@20', 0.9734), ('ndcg@10', 0.4122), ('ndcg@20', 0.4666)])
Tue 09 Dec 2025 00:14:14 INFO  test result: OrderedDict([('precision@10', 0.0787), ('precision@20', 0.0491), ('recall@10', 0.7875), ('recall@20', 0.9825), ('mrr@10', 0.339), ('mrr@20', 0.3529), ('hit@10', 0.7875), ('hit@20', 0.9825), ('ndcg@10', 0.4439), ('ndcg@20', 0.4937)])
