Sun 14 Dec 2025 01:00:07 INFO  ['c:\\Users\\marti\\miniconda3\\envs\\bp_cuda\\Lib\\site-packages\\ipykernel_launcher.py', '--f=c:\\Users\\marti\\AppData\\Roaming\\jupyter\\runtime\\kernel-v3c445ff7fe94ae4af53429f549af66ad1608410b0.json']
Sun 14 Dec 2025 01:00:07 INFO  
General Hyper Parameters:
gpu_id = 0
use_gpu = True
seed = 2020
state = INFO
reproducibility = True
data_path = ./data/split/douban\douban--impB
checkpoint_dir = saved
show_progress = False
save_dataset = False
dataset_save_path = None
save_dataloaders = False
dataloaders_save_path = None
log_wandb = False

Training Hyper Parameters:
epochs = 50
train_batch_size = 2048
learner = adam
learning_rate = 0.001
train_neg_sample_args = {'distribution': 'uniform', 'sample_num': 1, 'alpha': 1.0, 'dynamic': False, 'candidate_num': 0}
eval_step = 1
stopping_step = 5
clip_grad_norm = None
weight_decay = 0.0
loss_decimal_place = 4

Evaluation Hyper Parameters:
eval_args = {'split': {'RS': [0, 0, 0]}, 'order': 'RO', 'group_by': 'user', 'mode': {'valid': 'uni100', 'test': 'uni100'}}
repeatable = False
metrics = ['Precision', 'Recall', 'MRR', 'Hit', 'NDCG']
topk = [10, 20]
valid_metric = NDCG@10
valid_metric_bigger = True
eval_batch_size = 4096
metric_decimal_place = 4

Dataset Hyper Parameters:
field_separator = 	
seq_separator =  
USER_ID_FIELD = user_id
ITEM_ID_FIELD = item_id
RATING_FIELD = rating
TIME_FIELD = timestamp
seq_len = None
LABEL_FIELD = label
threshold = None
NEG_PREFIX = neg_
load_col = {'inter': ['user_id', 'item_id', 'rating']}
unload_col = None
unused_col = None
additional_feat_suffix = None
rm_dup_inter = None
val_interval = None
filter_inter_by_user_or_item = True
user_inter_num_interval = [0,inf)
item_inter_num_interval = [0,inf)
alias_of_user_id = None
alias_of_item_id = None
alias_of_entity_id = None
alias_of_relation_id = None
preload_weight = None
normalize_field = None
normalize_all = None
ITEM_LIST_LENGTH_FIELD = item_length
LIST_SUFFIX = _list
MAX_ITEM_LIST_LENGTH = 50
POSITION_FIELD = position_id
HEAD_ENTITY_ID_FIELD = head_id
TAIL_ENTITY_ID_FIELD = tail_id
RELATION_ID_FIELD = relation_id
ENTITY_ID_FIELD = entity_id
benchmark_filename = ['train', 'valid', 'test']

Other Hyper Parameters: 
worker = 0
wandb_project = recbole
shuffle = True
require_pow = False
enable_amp = False
enable_scaler = False
transform = None
mf_embedding_size = 64
mlp_embedding_size = 64
mlp_hidden_size = [128, 64]
dropout_prob = 0.1
mf_train = True
mlp_train = True
use_pretrain = False
mf_pretrain_path = None
mlp_pretrain_path = None
numerical_features = []
discretization = None
kg_reverse_r = False
entity_kg_num_interval = [0,inf)
relation_kg_num_interval = [0,inf)
MODEL_TYPE = ModelType.GENERAL
num_workers = 4
pin_memory = True
test_args = {'mode': 'full'}
MODEL_INPUT_TYPE = InputType.POINTWISE
eval_type = EvaluatorType.RANKING
single_spec = True
local_rank = 0
device = cuda
valid_neg_sample_args = {'distribution': 'uniform', 'sample_num': 100}
test_neg_sample_args = {'distribution': 'uniform', 'sample_num': 100}


Sun 14 Dec 2025 01:00:10 INFO  douban--impB
The number of users: 54411
Average actions of users: 7.565815107517
The number of items: 29
Average actions of items: 14702.0
The number of inters: 411656
The sparsity of the dataset: 73.91146186844826%
Remain Fields: ['user_id', 'item_id']
Sun 14 Dec 2025 01:00:11 INFO  [Training]: train_batch_size = [2048] train_neg_sample_args: [{'distribution': 'uniform', 'sample_num': 1, 'alpha': 1.0, 'dynamic': False, 'candidate_num': 0}]
Sun 14 Dec 2025 01:00:11 INFO  [Evaluation]: eval_batch_size = [4096] eval_args: [{'split': {'RS': [0, 0, 0]}, 'order': 'RO', 'group_by': 'user', 'mode': {'valid': 'uni100', 'test': 'uni100'}}]
Sun 14 Dec 2025 01:00:11 INFO  NeuMF(
  (user_mf_embedding): Embedding(54411, 64)
  (item_mf_embedding): Embedding(29, 64)
  (user_mlp_embedding): Embedding(54411, 64)
  (item_mlp_embedding): Embedding(29, 64)
  (mlp_layers): MLPLayers(
    (mlp_layers): Sequential(
      (0): Dropout(p=0.1, inplace=False)
      (1): Linear(in_features=128, out_features=128, bias=True)
      (2): ReLU()
      (3): Dropout(p=0.1, inplace=False)
      (4): Linear(in_features=128, out_features=64, bias=True)
      (5): ReLU()
    )
  )
  (predict_layer): Linear(in_features=128, out_features=1, bias=True)
  (sigmoid): Sigmoid()
  (loss): BCEWithLogitsLoss()
)
Trainable parameters: 6993217
Sun 14 Dec 2025 01:00:11 INFO  FLOPs: 24960.0
Sun 14 Dec 2025 01:00:13 INFO  epoch 0 training [time: 1.72s, train loss: 177.4311]
Sun 14 Dec 2025 01:00:41 INFO  epoch 0 evaluating [time: 27.41s, valid_score: 0.448500]
Sun 14 Dec 2025 01:00:41 INFO  valid result: 
precision@10 : 0.0807    precision@20 : 0.0495    recall@10 : 0.807    recall@20 : 0.9904    mrr@10 : 0.3396    mrr@20 : 0.3531    hit@10 : 0.807    hit@20 : 0.9904    ndcg@10 : 0.4485    ndcg@20 : 0.4958
Sun 14 Dec 2025 01:00:41 INFO  Saving current: saved\NeuMF-Dec-14-2025_01-00-11.pth
Sun 14 Dec 2025 01:00:43 INFO  epoch 1 training [time: 1.70s, train loss: 161.4441]
Sun 14 Dec 2025 01:01:10 INFO  epoch 1 evaluating [time: 27.43s, valid_score: 0.443700]
Sun 14 Dec 2025 01:01:10 INFO  valid result: 
precision@10 : 0.0806    precision@20 : 0.0495    recall@10 : 0.8061    recall@20 : 0.9906    mrr@10 : 0.3333    mrr@20 : 0.3468    hit@10 : 0.8061    hit@20 : 0.9906    ndcg@10 : 0.4437    ndcg@20 : 0.4913
Sun 14 Dec 2025 01:01:12 INFO  epoch 2 training [time: 1.70s, train loss: 119.4235]
Sun 14 Dec 2025 01:01:39 INFO  epoch 2 evaluating [time: 27.51s, valid_score: 0.407500]
Sun 14 Dec 2025 01:01:39 INFO  valid result: 
precision@10 : 0.0765    precision@20 : 0.0492    recall@10 : 0.7646    recall@20 : 0.9834    mrr@10 : 0.2992    mrr@20 : 0.315    hit@10 : 0.7646    hit@20 : 0.9834    ndcg@10 : 0.4075    ndcg@20 : 0.4637
Sun 14 Dec 2025 01:01:41 INFO  epoch 3 training [time: 1.70s, train loss: 71.8469]
Sun 14 Dec 2025 01:02:07 INFO  epoch 3 evaluating [time: 26.22s, valid_score: 0.371800]
Sun 14 Dec 2025 01:02:07 INFO  valid result: 
precision@10 : 0.071    precision@20 : 0.0485    recall@10 : 0.7104    recall@20 : 0.9693    mrr@10 : 0.2694    mrr@20 : 0.2878    hit@10 : 0.7104    hit@20 : 0.9693    ndcg@10 : 0.3718    ndcg@20 : 0.4378
Sun 14 Dec 2025 01:02:09 INFO  epoch 4 training [time: 1.69s, train loss: 36.8064]
Sun 14 Dec 2025 01:02:36 INFO  epoch 4 evaluating [time: 27.16s, valid_score: 0.348800]
Sun 14 Dec 2025 01:02:36 INFO  valid result: 
precision@10 : 0.0677    precision@20 : 0.0481    recall@10 : 0.6765    recall@20 : 0.962    mrr@10 : 0.2501    mrr@20 : 0.2703    hit@10 : 0.6765    hit@20 : 0.962    ndcg@10 : 0.3488    ndcg@20 : 0.4214
Sun 14 Dec 2025 01:02:38 INFO  epoch 5 training [time: 1.68s, train loss: 18.5616]
Sun 14 Dec 2025 01:03:05 INFO  epoch 5 evaluating [time: 27.22s, valid_score: 0.329100]
Sun 14 Dec 2025 01:03:05 INFO  valid result: 
precision@10 : 0.0646    precision@20 : 0.0477    recall@10 : 0.6461    recall@20 : 0.9546    mrr@10 : 0.234    mrr@20 : 0.2557    hit@10 : 0.6461    hit@20 : 0.9546    ndcg@10 : 0.3291    ndcg@20 : 0.4075
Sun 14 Dec 2025 01:03:07 INFO  epoch 6 training [time: 1.55s, train loss: 10.0000]
Sun 14 Dec 2025 01:03:35 INFO  epoch 6 evaluating [time: 27.49s, valid_score: 0.322100]
Sun 14 Dec 2025 01:03:35 INFO  valid result: 
precision@10 : 0.0643    precision@20 : 0.048    recall@10 : 0.6427    recall@20 : 0.96    mrr@10 : 0.2261    mrr@20 : 0.2484    hit@10 : 0.6427    hit@20 : 0.96    ndcg@10 : 0.3221    ndcg@20 : 0.4027
Sun 14 Dec 2025 01:03:35 INFO  Finished training, best eval result in epoch 0
Sun 14 Dec 2025 01:03:35 INFO  Loading model structure and parameters from saved\NeuMF-Dec-14-2025_01-00-11.pth
Sun 14 Dec 2025 01:04:05 INFO  The running environment of this training is as follows:
+-------------+----------------+
| Environment |     Usage      |
+=============+================+
| CPU         |     6.40 %     |
+-------------+----------------+
| GPU         | 0.36 G/8.00 G  |
+-------------+----------------+
| Memory      | 1.22 G/15.26 G |
+-------------+----------------+
Sun 14 Dec 2025 01:04:05 INFO  best valid : OrderedDict([('precision@10', 0.0807), ('precision@20', 0.0495), ('recall@10', 0.807), ('recall@20', 0.9904), ('mrr@10', 0.3396), ('mrr@20', 0.3531), ('hit@10', 0.807), ('hit@20', 0.9904), ('ndcg@10', 0.4485), ('ndcg@20', 0.4958)])
Sun 14 Dec 2025 01:04:05 INFO  test result: OrderedDict([('precision@10', 0.0836), ('precision@20', 0.0497), ('recall@10', 0.8363), ('recall@20', 0.9943), ('mrr@10', 0.3729), ('mrr@20', 0.3846), ('hit@10', 0.8363), ('hit@20', 0.9943), ('ndcg@10', 0.4809), ('ndcg@20', 0.5218)])
