Sun 14 Dec 2025 01:17:27 INFO  ['c:\\Users\\marti\\miniconda3\\envs\\bp_cuda\\Lib\\site-packages\\ipykernel_launcher.py', '--f=c:\\Users\\marti\\AppData\\Roaming\\jupyter\\runtime\\kernel-v3c445ff7fe94ae4af53429f549af66ad1608410b0.json']
Sun 14 Dec 2025 01:17:27 INFO  
General Hyper Parameters:
gpu_id = 0
use_gpu = True
seed = 2020
state = INFO
reproducibility = True
data_path = ./data/split/jester\jester--impB
checkpoint_dir = saved
show_progress = False
save_dataset = False
dataset_save_path = None
save_dataloaders = False
dataloaders_save_path = None
log_wandb = False

Training Hyper Parameters:
epochs = 50
train_batch_size = 2048
learner = adam
learning_rate = 0.001
train_neg_sample_args = {'distribution': 'uniform', 'sample_num': 1, 'alpha': 1.0, 'dynamic': False, 'candidate_num': 0}
eval_step = 1
stopping_step = 5
clip_grad_norm = None
weight_decay = 0.0
loss_decimal_place = 4

Evaluation Hyper Parameters:
eval_args = {'split': {'RS': [0, 0, 0]}, 'order': 'RO', 'group_by': 'user', 'mode': {'valid': 'uni100', 'test': 'uni100'}}
repeatable = False
metrics = ['Precision', 'Recall', 'MRR', 'Hit', 'NDCG']
topk = [10, 20]
valid_metric = NDCG@10
valid_metric_bigger = True
eval_batch_size = 4096
metric_decimal_place = 4

Dataset Hyper Parameters:
field_separator = 	
seq_separator =  
USER_ID_FIELD = user_id
ITEM_ID_FIELD = item_id
RATING_FIELD = rating
TIME_FIELD = timestamp
seq_len = None
LABEL_FIELD = label
threshold = None
NEG_PREFIX = neg_
load_col = {'inter': ['user_id', 'item_id', 'rating']}
unload_col = None
unused_col = None
additional_feat_suffix = None
rm_dup_inter = None
val_interval = None
filter_inter_by_user_or_item = True
user_inter_num_interval = [0,inf)
item_inter_num_interval = [0,inf)
alias_of_user_id = None
alias_of_item_id = None
alias_of_entity_id = None
alias_of_relation_id = None
preload_weight = None
normalize_field = None
normalize_all = None
ITEM_LIST_LENGTH_FIELD = item_length
LIST_SUFFIX = _list
MAX_ITEM_LIST_LENGTH = 50
POSITION_FIELD = position_id
HEAD_ENTITY_ID_FIELD = head_id
TAIL_ENTITY_ID_FIELD = tail_id
RELATION_ID_FIELD = relation_id
ENTITY_ID_FIELD = entity_id
benchmark_filename = ['train', 'valid', 'test']

Other Hyper Parameters: 
worker = 0
wandb_project = recbole
shuffle = True
require_pow = False
enable_amp = False
enable_scaler = False
transform = None
mf_embedding_size = 64
mlp_embedding_size = 64
mlp_hidden_size = [128, 64]
dropout_prob = 0.1
mf_train = True
mlp_train = True
use_pretrain = False
mf_pretrain_path = None
mlp_pretrain_path = None
numerical_features = []
discretization = None
kg_reverse_r = False
entity_kg_num_interval = [0,inf)
relation_kg_num_interval = [0,inf)
MODEL_TYPE = ModelType.GENERAL
num_workers = 4
pin_memory = True
test_args = {'mode': 'full'}
MODEL_INPUT_TYPE = InputType.POINTWISE
eval_type = EvaluatorType.RANKING
single_spec = True
local_rank = 0
device = cuda
valid_neg_sample_args = {'distribution': 'uniform', 'sample_num': 100}
test_neg_sample_args = {'distribution': 'uniform', 'sample_num': 100}


Sun 14 Dec 2025 01:17:32 INFO  jester--impB
The number of users: 50098
Average actions of users: 20.228696329121505
The number of items: 101
Average actions of items: 10133.97
The number of inters: 1013397
The sparsity of the dataset: 79.9719875776152%
Remain Fields: ['user_id', 'item_id']
Sun 14 Dec 2025 01:17:33 INFO  [Training]: train_batch_size = [2048] train_neg_sample_args: [{'distribution': 'uniform', 'sample_num': 1, 'alpha': 1.0, 'dynamic': False, 'candidate_num': 0}]
Sun 14 Dec 2025 01:17:33 INFO  [Evaluation]: eval_batch_size = [4096] eval_args: [{'split': {'RS': [0, 0, 0]}, 'order': 'RO', 'group_by': 'user', 'mode': {'valid': 'uni100', 'test': 'uni100'}}]
Sun 14 Dec 2025 01:17:33 INFO  NeuMF(
  (user_mf_embedding): Embedding(50098, 64)
  (item_mf_embedding): Embedding(101, 64)
  (user_mlp_embedding): Embedding(50098, 64)
  (item_mlp_embedding): Embedding(101, 64)
  (mlp_layers): MLPLayers(
    (mlp_layers): Sequential(
      (0): Dropout(p=0.1, inplace=False)
      (1): Linear(in_features=128, out_features=128, bias=True)
      (2): ReLU()
      (3): Dropout(p=0.1, inplace=False)
      (4): Linear(in_features=128, out_features=64, bias=True)
      (5): ReLU()
    )
  )
  (predict_layer): Linear(in_features=128, out_features=1, bias=True)
  (sigmoid): Sigmoid()
  (loss): BCEWithLogitsLoss()
)
Trainable parameters: 6450369
Sun 14 Dec 2025 01:17:33 INFO  FLOPs: 24960.0
Sun 14 Dec 2025 01:17:38 INFO  epoch 0 training [time: 5.28s, train loss: 518.2073]
Sun 14 Dec 2025 01:18:03 INFO  epoch 0 evaluating [time: 24.60s, valid_score: 0.321200]
Sun 14 Dec 2025 01:18:03 INFO  valid result: 
precision@10 : 0.0592    precision@20 : 0.0392    recall@10 : 0.5921    recall@20 : 0.7835    mrr@10 : 0.2387    mrr@20 : 0.252    hit@10 : 0.5921    hit@20 : 0.7835    ndcg@10 : 0.3212    ndcg@20 : 0.3697
Sun 14 Dec 2025 01:18:03 INFO  Saving current: saved\NeuMF-Dec-14-2025_01-17-33.pth
Sun 14 Dec 2025 01:18:08 INFO  epoch 1 training [time: 5.32s, train loss: 449.8548]
Sun 14 Dec 2025 01:18:33 INFO  epoch 1 evaluating [time: 24.28s, valid_score: 0.327900]
Sun 14 Dec 2025 01:18:33 INFO  valid result: 
precision@10 : 0.0608    precision@20 : 0.0401    recall@10 : 0.6076    recall@20 : 0.8013    mrr@10 : 0.2427    mrr@20 : 0.2562    hit@10 : 0.6076    hit@20 : 0.8013    ndcg@10 : 0.3279    ndcg@20 : 0.377
Sun 14 Dec 2025 01:18:33 INFO  Saving current: saved\NeuMF-Dec-14-2025_01-17-33.pth
Sun 14 Dec 2025 01:18:38 INFO  epoch 2 training [time: 5.33s, train loss: 384.5410]
Sun 14 Dec 2025 01:19:02 INFO  epoch 2 evaluating [time: 23.48s, valid_score: 0.309800]
Sun 14 Dec 2025 01:19:02 INFO  valid result: 
precision@10 : 0.0581    precision@20 : 0.0391    recall@10 : 0.5808    recall@20 : 0.7815    mrr@10 : 0.2274    mrr@20 : 0.2415    hit@10 : 0.5808    hit@20 : 0.7815    ndcg@10 : 0.3098    ndcg@20 : 0.3607
Sun 14 Dec 2025 01:19:07 INFO  epoch 3 training [time: 5.25s, train loss: 299.2459]
Sun 14 Dec 2025 01:19:31 INFO  epoch 3 evaluating [time: 23.66s, valid_score: 0.286900]
Sun 14 Dec 2025 01:19:31 INFO  valid result: 
precision@10 : 0.0537    precision@20 : 0.0372    recall@10 : 0.5369    recall@20 : 0.7447    mrr@10 : 0.211    mrr@20 : 0.2254    hit@10 : 0.5369    hit@20 : 0.7447    ndcg@10 : 0.2869    ndcg@20 : 0.3395
Sun 14 Dec 2025 01:19:36 INFO  epoch 4 training [time: 5.31s, train loss: 213.8721]
Sun 14 Dec 2025 01:20:01 INFO  epoch 4 evaluating [time: 24.54s, valid_score: 0.262400]
Sun 14 Dec 2025 01:20:01 INFO  valid result: 
precision@10 : 0.0493    precision@20 : 0.0349    recall@10 : 0.4926    recall@20 : 0.699    mrr@10 : 0.1925    mrr@20 : 0.2068    hit@10 : 0.4926    hit@20 : 0.699    ndcg@10 : 0.2624    ndcg@20 : 0.3145
Sun 14 Dec 2025 01:20:06 INFO  epoch 5 training [time: 5.04s, train loss: 148.9271]
Sun 14 Dec 2025 01:20:30 INFO  epoch 5 evaluating [time: 23.39s, valid_score: 0.240900]
Sun 14 Dec 2025 01:20:30 INFO  valid result: 
precision@10 : 0.0454    precision@20 : 0.0332    recall@10 : 0.4541    recall@20 : 0.6633    mrr@10 : 0.1763    mrr@20 : 0.1906    hit@10 : 0.4541    hit@20 : 0.6633    ndcg@10 : 0.2409    ndcg@20 : 0.2935
Sun 14 Dec 2025 01:20:35 INFO  epoch 6 training [time: 5.29s, train loss: 105.9467]
Sun 14 Dec 2025 01:20:59 INFO  epoch 6 evaluating [time: 24.40s, valid_score: 0.218600]
Sun 14 Dec 2025 01:20:59 INFO  valid result: 
precision@10 : 0.0413    precision@20 : 0.0312    recall@10 : 0.4128    recall@20 : 0.6248    mrr@10 : 0.1597    mrr@20 : 0.1742    hit@10 : 0.4128    hit@20 : 0.6248    ndcg@10 : 0.2186    ndcg@20 : 0.2719
Sun 14 Dec 2025 01:21:05 INFO  epoch 7 training [time: 5.31s, train loss: 76.8650]
Sun 14 Dec 2025 01:21:29 INFO  epoch 7 evaluating [time: 23.98s, valid_score: 0.205200]
Sun 14 Dec 2025 01:21:29 INFO  valid result: 
precision@10 : 0.0388    precision@20 : 0.03    recall@10 : 0.3881    recall@20 : 0.6001    mrr@10 : 0.1499    mrr@20 : 0.1643    hit@10 : 0.3881    hit@20 : 0.6001    ndcg@10 : 0.2052    ndcg@20 : 0.2584
Sun 14 Dec 2025 01:21:29 INFO  Finished training, best eval result in epoch 1
Sun 14 Dec 2025 01:21:29 INFO  Loading model structure and parameters from saved\NeuMF-Dec-14-2025_01-17-33.pth
Sun 14 Dec 2025 01:21:56 INFO  The running environment of this training is as follows:
+-------------+----------------+
| Environment |     Usage      |
+=============+================+
| CPU         |     6.60 %     |
+-------------+----------------+
| GPU         | 0.60 G/8.00 G  |
+-------------+----------------+
| Memory      | 1.27 G/15.26 G |
+-------------+----------------+
Sun 14 Dec 2025 01:21:56 INFO  best valid : OrderedDict([('precision@10', 0.0608), ('precision@20', 0.0401), ('recall@10', 0.6076), ('recall@20', 0.8013), ('mrr@10', 0.2427), ('mrr@20', 0.2562), ('hit@10', 0.6076), ('hit@20', 0.8013), ('ndcg@10', 0.3279), ('ndcg@20', 0.377)])
Sun 14 Dec 2025 01:21:56 INFO  test result: OrderedDict([('precision@10', 0.0623), ('precision@20', 0.0404), ('recall@10', 0.6234), ('recall@20', 0.8084), ('mrr@10', 0.2592), ('mrr@20', 0.2722), ('hit@10', 0.6234), ('hit@20', 0.8084), ('ndcg@10', 0.3445), ('ndcg@20', 0.3914)])
