Sun 14 Dec 2025 01:26:37 INFO  ['c:\\Users\\marti\\miniconda3\\envs\\bp_cuda\\Lib\\site-packages\\ipykernel_launcher.py', '--f=c:\\Users\\marti\\AppData\\Roaming\\jupyter\\runtime\\kernel-v3c445ff7fe94ae4af53429f549af66ad1608410b0.json']
Sun 14 Dec 2025 01:26:37 INFO  
General Hyper Parameters:
gpu_id = 0
use_gpu = True
seed = 2020
state = INFO
reproducibility = True
data_path = ./data/split/jester\jester--expR
checkpoint_dir = saved
show_progress = False
save_dataset = False
dataset_save_path = None
save_dataloaders = False
dataloaders_save_path = None
log_wandb = False

Training Hyper Parameters:
epochs = 50
train_batch_size = 2048
learner = adam
learning_rate = 0.001
train_neg_sample_args = {'distribution': 'uniform', 'sample_num': 1, 'alpha': 1.0, 'dynamic': False, 'candidate_num': 0}
eval_step = 1
stopping_step = 5
clip_grad_norm = None
weight_decay = 0.0
loss_decimal_place = 4

Evaluation Hyper Parameters:
eval_args = {'split': {'RS': [0, 0, 0]}, 'order': 'RO', 'group_by': 'user', 'mode': {'valid': 'uni100', 'test': 'uni100'}}
repeatable = False
metrics = ['Precision', 'Recall', 'MRR', 'Hit', 'NDCG']
topk = [10, 20]
valid_metric = NDCG@10
valid_metric_bigger = True
eval_batch_size = 4096
metric_decimal_place = 4

Dataset Hyper Parameters:
field_separator = 	
seq_separator =  
USER_ID_FIELD = user_id
ITEM_ID_FIELD = item_id
RATING_FIELD = rating
TIME_FIELD = timestamp
seq_len = None
LABEL_FIELD = label
threshold = None
NEG_PREFIX = neg_
load_col = {'inter': ['user_id', 'item_id', 'rating']}
unload_col = None
unused_col = None
additional_feat_suffix = None
rm_dup_inter = None
val_interval = None
filter_inter_by_user_or_item = True
user_inter_num_interval = [0,inf)
item_inter_num_interval = [0,inf)
alias_of_user_id = None
alias_of_item_id = None
alias_of_entity_id = None
alias_of_relation_id = None
preload_weight = None
normalize_field = None
normalize_all = None
ITEM_LIST_LENGTH_FIELD = item_length
LIST_SUFFIX = _list
MAX_ITEM_LIST_LENGTH = 50
POSITION_FIELD = position_id
HEAD_ENTITY_ID_FIELD = head_id
TAIL_ENTITY_ID_FIELD = tail_id
RELATION_ID_FIELD = relation_id
ENTITY_ID_FIELD = entity_id
benchmark_filename = ['train', 'valid', 'test']

Other Hyper Parameters: 
worker = 0
wandb_project = recbole
shuffle = True
require_pow = False
enable_amp = False
enable_scaler = False
transform = None
mf_embedding_size = 64
mlp_embedding_size = 64
mlp_hidden_size = [128, 64]
dropout_prob = 0.1
mf_train = True
mlp_train = True
use_pretrain = False
mf_pretrain_path = None
mlp_pretrain_path = None
numerical_features = []
discretization = None
kg_reverse_r = False
entity_kg_num_interval = [0,inf)
relation_kg_num_interval = [0,inf)
MODEL_TYPE = ModelType.GENERAL
num_workers = 4
pin_memory = True
test_args = {'mode': 'full'}
MODEL_INPUT_TYPE = InputType.POINTWISE
eval_type = EvaluatorType.RANKING
single_spec = True
local_rank = 0
device = cuda
valid_neg_sample_args = {'distribution': 'uniform', 'sample_num': 100}
test_neg_sample_args = {'distribution': 'uniform', 'sample_num': 100}


Sun 14 Dec 2025 01:26:50 INFO  jester--expR
The number of users: 73422
Average actions of users: 56.14529902888819
The number of items: 101
Average actions of items: 41222.44
The number of inters: 4122244
The sparsity of the dataset: 44.41135214281419%
Remain Fields: ['user_id', 'item_id', 'rating']
Sun 14 Dec 2025 01:26:51 INFO  [Training]: train_batch_size = [2048] train_neg_sample_args: [{'distribution': 'uniform', 'sample_num': 1, 'alpha': 1.0, 'dynamic': False, 'candidate_num': 0}]
Sun 14 Dec 2025 01:26:51 INFO  [Evaluation]: eval_batch_size = [4096] eval_args: [{'split': {'RS': [0, 0, 0]}, 'order': 'RO', 'group_by': 'user', 'mode': {'valid': 'uni100', 'test': 'uni100'}}]
Sun 14 Dec 2025 01:26:52 INFO  NeuMF(
  (user_mf_embedding): Embedding(73422, 64)
  (item_mf_embedding): Embedding(101, 64)
  (user_mlp_embedding): Embedding(73422, 64)
  (item_mlp_embedding): Embedding(101, 64)
  (mlp_layers): MLPLayers(
    (mlp_layers): Sequential(
      (0): Dropout(p=0.1, inplace=False)
      (1): Linear(in_features=128, out_features=128, bias=True)
      (2): ReLU()
      (3): Dropout(p=0.1, inplace=False)
      (4): Linear(in_features=128, out_features=64, bias=True)
      (5): ReLU()
    )
  )
  (predict_layer): Linear(in_features=128, out_features=1, bias=True)
  (sigmoid): Sigmoid()
  (loss): BCEWithLogitsLoss()
)
Trainable parameters: 9435841
Sun 14 Dec 2025 01:26:52 INFO  FLOPs: 24960.0
Sun 14 Dec 2025 01:27:45 INFO  epoch 0 training [time: 53.79s, train loss: 984.5847]
Sun 14 Dec 2025 01:31:15 INFO  epoch 0 evaluating [time: 209.42s, valid_score: 0.603100]
Sun 14 Dec 2025 01:31:15 INFO  valid result: 
precision@10 : 0.0837    precision@20 : 0.0455    recall@10 : 0.8374    recall@20 : 0.9097    mrr@10 : 0.5272    mrr@20 : 0.5322    hit@10 : 0.8374    hit@20 : 0.9097    ndcg@10 : 0.6031    ndcg@20 : 0.6214
Sun 14 Dec 2025 01:31:15 INFO  Saving current: saved\NeuMF-Dec-14-2025_01-26-52.pth
Sun 14 Dec 2025 01:32:09 INFO  epoch 1 training [time: 53.72s, train loss: 326.0169]
Sun 14 Dec 2025 01:35:38 INFO  epoch 1 evaluating [time: 209.30s, valid_score: 0.500700]
Sun 14 Dec 2025 01:35:38 INFO  valid result: 
precision@10 : 0.074    precision@20 : 0.0436    recall@10 : 0.7403    recall@20 : 0.8727    mrr@10 : 0.4247    mrr@20 : 0.4338    hit@10 : 0.7403    hit@20 : 0.8727    ndcg@10 : 0.5007    ndcg@20 : 0.5341
Sun 14 Dec 2025 01:36:32 INFO  epoch 2 training [time: 53.60s, train loss: 137.6521]
Sun 14 Dec 2025 01:40:01 INFO  epoch 2 evaluating [time: 208.62s, valid_score: 0.451700]
Sun 14 Dec 2025 01:40:01 INFO  valid result: 
precision@10 : 0.0699    precision@20 : 0.0434    recall@10 : 0.699    recall@20 : 0.8677    mrr@10 : 0.3741    mrr@20 : 0.3857    hit@10 : 0.699    hit@20 : 0.8677    ndcg@10 : 0.4517    ndcg@20 : 0.4943
Sun 14 Dec 2025 01:40:54 INFO  epoch 3 training [time: 53.74s, train loss: 70.4983]
Sun 14 Dec 2025 01:44:21 INFO  epoch 3 evaluating [time: 206.46s, valid_score: 0.462200]
Sun 14 Dec 2025 01:44:21 INFO  valid result: 
precision@10 : 0.0726    precision@20 : 0.0442    recall@10 : 0.7265    recall@20 : 0.8844    mrr@10 : 0.3793    mrr@20 : 0.3902    hit@10 : 0.7265    hit@20 : 0.8844    ndcg@10 : 0.4622    ndcg@20 : 0.5021
Sun 14 Dec 2025 01:45:15 INFO  epoch 4 training [time: 53.52s, train loss: 44.5897]
Sun 14 Dec 2025 01:48:45 INFO  epoch 4 evaluating [time: 209.99s, valid_score: 0.464600]
Sun 14 Dec 2025 01:48:45 INFO  valid result: 
precision@10 : 0.0737    precision@20 : 0.0445    recall@10 : 0.7366    recall@20 : 0.8894    mrr@10 : 0.3792    mrr@20 : 0.3899    hit@10 : 0.7366    hit@20 : 0.8894    ndcg@10 : 0.4646    ndcg@20 : 0.5033
Sun 14 Dec 2025 01:49:38 INFO  epoch 5 training [time: 53.62s, train loss: 30.1259]
Sun 14 Dec 2025 01:53:08 INFO  epoch 5 evaluating [time: 209.74s, valid_score: 0.477800]
Sun 14 Dec 2025 01:53:08 INFO  valid result: 
precision@10 : 0.0751    precision@20 : 0.0448    recall@10 : 0.7512    recall@20 : 0.8952    mrr@10 : 0.3916    mrr@20 : 0.4017    hit@10 : 0.7512    hit@20 : 0.8952    ndcg@10 : 0.4778    ndcg@20 : 0.5142
Sun 14 Dec 2025 01:54:02 INFO  epoch 6 training [time: 53.54s, train loss: 20.8696]
Sun 14 Dec 2025 01:57:30 INFO  epoch 6 evaluating [time: 208.19s, valid_score: 0.460400]
Sun 14 Dec 2025 01:57:30 INFO  valid result: 
precision@10 : 0.0737    precision@20 : 0.0447    recall@10 : 0.7366    recall@20 : 0.8934    mrr@10 : 0.3736    mrr@20 : 0.3845    hit@10 : 0.7366    hit@20 : 0.8934    ndcg@10 : 0.4604    ndcg@20 : 0.5
Sun 14 Dec 2025 01:57:30 INFO  Finished training, best eval result in epoch 0
Sun 14 Dec 2025 01:57:30 INFO  Loading model structure and parameters from saved\NeuMF-Dec-14-2025_01-26-52.pth
Sun 14 Dec 2025 02:03:39 INFO  The running environment of this training is as follows:
+-------------+----------------+
| Environment |     Usage      |
+=============+================+
| CPU         |     3.30 %     |
+-------------+----------------+
| GPU         | 0.60 G/8.00 G  |
+-------------+----------------+
| Memory      | 1.93 G/15.26 G |
+-------------+----------------+
Sun 14 Dec 2025 02:03:39 INFO  best valid : OrderedDict([('precision@10', 0.0837), ('precision@20', 0.0455), ('recall@10', 0.8374), ('recall@20', 0.9097), ('mrr@10', 0.5272), ('mrr@20', 0.5322), ('hit@10', 0.8374), ('hit@20', 0.9097), ('ndcg@10', 0.6031), ('ndcg@20', 0.6214)])
Sun 14 Dec 2025 02:03:39 INFO  test result: OrderedDict([('precision@10', 0.0844), ('precision@20', 0.0457), ('recall@10', 0.8442), ('recall@20', 0.9138), ('mrr@10', 0.606), ('mrr@20', 0.6109), ('hit@10', 0.8442), ('hit@20', 0.9138), ('ndcg@10', 0.6641), ('ndcg@20', 0.6817)])
