Sun 14 Dec 2025 00:57:44 INFO  ['c:\\Users\\marti\\miniconda3\\envs\\bp_cuda\\Lib\\site-packages\\ipykernel_launcher.py', '--f=c:\\Users\\marti\\AppData\\Roaming\\jupyter\\runtime\\kernel-v3c445ff7fe94ae4af53429f549af66ad1608410b0.json']
Sun 14 Dec 2025 00:57:44 INFO  
General Hyper Parameters:
gpu_id = 0
use_gpu = True
seed = 2020
state = INFO
reproducibility = True
data_path = ./data/split/amazon_all_beauty\amazon_all_beauty--impB
checkpoint_dir = saved
show_progress = False
save_dataset = False
dataset_save_path = None
save_dataloaders = False
dataloaders_save_path = None
log_wandb = False

Training Hyper Parameters:
epochs = 50
train_batch_size = 2048
learner = adam
learning_rate = 0.001
train_neg_sample_args = {'distribution': 'uniform', 'sample_num': 1, 'alpha': 1.0, 'dynamic': False, 'candidate_num': 0}
eval_step = 1
stopping_step = 5
clip_grad_norm = None
weight_decay = 0.0
loss_decimal_place = 4

Evaluation Hyper Parameters:
eval_args = {'split': {'RS': [0, 0, 0]}, 'order': 'RO', 'group_by': 'user', 'mode': {'valid': 'uni100', 'test': 'uni100'}}
repeatable = False
metrics = ['Precision', 'Recall', 'MRR', 'Hit', 'NDCG']
topk = [10, 20]
valid_metric = NDCG@10
valid_metric_bigger = True
eval_batch_size = 4096
metric_decimal_place = 4

Dataset Hyper Parameters:
field_separator = 	
seq_separator =  
USER_ID_FIELD = user_id
ITEM_ID_FIELD = item_id
RATING_FIELD = rating
TIME_FIELD = timestamp
seq_len = None
LABEL_FIELD = label
threshold = None
NEG_PREFIX = neg_
load_col = {'inter': ['user_id', 'item_id', 'rating']}
unload_col = None
unused_col = None
additional_feat_suffix = None
rm_dup_inter = None
val_interval = None
filter_inter_by_user_or_item = True
user_inter_num_interval = [0,inf)
item_inter_num_interval = [0,inf)
alias_of_user_id = None
alias_of_item_id = None
alias_of_entity_id = None
alias_of_relation_id = None
preload_weight = None
normalize_field = None
normalize_all = None
ITEM_LIST_LENGTH_FIELD = item_length
LIST_SUFFIX = _list
MAX_ITEM_LIST_LENGTH = 50
POSITION_FIELD = position_id
HEAD_ENTITY_ID_FIELD = head_id
TAIL_ENTITY_ID_FIELD = tail_id
RELATION_ID_FIELD = relation_id
ENTITY_ID_FIELD = entity_id
benchmark_filename = ['train', 'valid', 'test']

Other Hyper Parameters: 
worker = 0
wandb_project = recbole
shuffle = True
require_pow = False
enable_amp = False
enable_scaler = False
transform = None
mf_embedding_size = 64
mlp_embedding_size = 64
mlp_hidden_size = [128, 64]
dropout_prob = 0.1
mf_train = True
mlp_train = True
use_pretrain = False
mf_pretrain_path = None
mlp_pretrain_path = None
numerical_features = []
discretization = None
kg_reverse_r = False
entity_kg_num_interval = [0,inf)
relation_kg_num_interval = [0,inf)
MODEL_TYPE = ModelType.GENERAL
num_workers = 4
pin_memory = True
test_args = {'mode': 'full'}
MODEL_INPUT_TYPE = InputType.POINTWISE
eval_type = EvaluatorType.RANKING
single_spec = True
local_rank = 0
device = cuda
valid_neg_sample_args = {'distribution': 'uniform', 'sample_num': 100}
test_neg_sample_args = {'distribution': 'uniform', 'sample_num': 100}


Sun 14 Dec 2025 00:57:46 INFO  amazon_all_beauty--impB
The number of users: 999
Average actions of users: 9.731462925851703
The number of items: 4785
Average actions of items: 2.0301003344481607
The number of inters: 9712
The sparsity of the dataset: 99.79682922211659%
Remain Fields: ['user_id', 'item_id']
Sun 14 Dec 2025 00:57:46 INFO  [Training]: train_batch_size = [2048] train_neg_sample_args: [{'distribution': 'uniform', 'sample_num': 1, 'alpha': 1.0, 'dynamic': False, 'candidate_num': 0}]
Sun 14 Dec 2025 00:57:46 INFO  [Evaluation]: eval_batch_size = [4096] eval_args: [{'split': {'RS': [0, 0, 0]}, 'order': 'RO', 'group_by': 'user', 'mode': {'valid': 'uni100', 'test': 'uni100'}}]
Sun 14 Dec 2025 00:57:46 INFO  NeuMF(
  (user_mf_embedding): Embedding(999, 64)
  (item_mf_embedding): Embedding(4785, 64)
  (user_mlp_embedding): Embedding(999, 64)
  (item_mlp_embedding): Embedding(4785, 64)
  (mlp_layers): MLPLayers(
    (mlp_layers): Sequential(
      (0): Dropout(p=0.1, inplace=False)
      (1): Linear(in_features=128, out_features=128, bias=True)
      (2): ReLU()
      (3): Dropout(p=0.1, inplace=False)
      (4): Linear(in_features=128, out_features=64, bias=True)
      (5): ReLU()
    )
  )
  (predict_layer): Linear(in_features=128, out_features=1, bias=True)
  (sigmoid): Sigmoid()
  (loss): BCEWithLogitsLoss()
)
Trainable parameters: 765249
Sun 14 Dec 2025 00:57:46 INFO  FLOPs: 24960.0
Sun 14 Dec 2025 00:57:46 INFO  epoch 0 training [time: 0.14s, train loss: 5.5471]
Sun 14 Dec 2025 00:57:47 INFO  epoch 0 evaluating [time: 0.36s, valid_score: 0.079800]
Sun 14 Dec 2025 00:57:47 INFO  valid result: 
precision@10 : 0.015    precision@20 : 0.0127    recall@10 : 0.1503    recall@20 : 0.2545    mrr@10 : 0.0584    mrr@20 : 0.0653    hit@10 : 0.1503    hit@20 : 0.2545    ndcg@10 : 0.0798    ndcg@20 : 0.1056
Sun 14 Dec 2025 00:57:47 INFO  Saving current: saved\NeuMF-Dec-14-2025_00-57-46.pth
Sun 14 Dec 2025 00:57:47 INFO  epoch 1 training [time: 0.08s, train loss: 5.5423]
Sun 14 Dec 2025 00:57:47 INFO  epoch 1 evaluating [time: 0.37s, valid_score: 0.099700]
Sun 14 Dec 2025 00:57:47 INFO  valid result: 
precision@10 : 0.0189    precision@20 : 0.0146    recall@10 : 0.1894    recall@20 : 0.2916    mrr@10 : 0.0726    mrr@20 : 0.0797    hit@10 : 0.1894    hit@20 : 0.2916    ndcg@10 : 0.0997    ndcg@20 : 0.1256
Sun 14 Dec 2025 00:57:48 INFO  Saving current: saved\NeuMF-Dec-14-2025_00-57-46.pth
Sun 14 Dec 2025 00:57:48 INFO  epoch 2 training [time: 0.08s, train loss: 5.5313]
Sun 14 Dec 2025 00:57:48 INFO  epoch 2 evaluating [time: 0.35s, valid_score: 0.106600]
Sun 14 Dec 2025 00:57:48 INFO  valid result: 
precision@10 : 0.0209    precision@20 : 0.0149    recall@10 : 0.2094    recall@20 : 0.2986    mrr@10 : 0.0757    mrr@20 : 0.0817    hit@10 : 0.2094    hit@20 : 0.2986    ndcg@10 : 0.1066    ndcg@20 : 0.1289
Sun 14 Dec 2025 00:57:48 INFO  Saving current: saved\NeuMF-Dec-14-2025_00-57-46.pth
Sun 14 Dec 2025 00:57:48 INFO  epoch 3 training [time: 0.09s, train loss: 5.4949]
Sun 14 Dec 2025 00:57:49 INFO  epoch 3 evaluating [time: 0.31s, valid_score: 0.108000]
Sun 14 Dec 2025 00:57:49 INFO  valid result: 
precision@10 : 0.0207    precision@20 : 0.0157    recall@10 : 0.2074    recall@20 : 0.3136    mrr@10 : 0.0776    mrr@20 : 0.0851    hit@10 : 0.2074    hit@20 : 0.3136    ndcg@10 : 0.108    ndcg@20 : 0.135
Sun 14 Dec 2025 00:57:49 INFO  Saving current: saved\NeuMF-Dec-14-2025_00-57-46.pth
Sun 14 Dec 2025 00:57:49 INFO  epoch 4 training [time: 0.05s, train loss: 5.4031]
Sun 14 Dec 2025 00:57:49 INFO  epoch 4 evaluating [time: 0.31s, valid_score: 0.112300]
Sun 14 Dec 2025 00:57:49 INFO  valid result: 
precision@10 : 0.0216    precision@20 : 0.0163    recall@10 : 0.2164    recall@20 : 0.3257    mrr@10 : 0.081    mrr@20 : 0.0883    hit@10 : 0.2164    hit@20 : 0.3257    ndcg@10 : 0.1123    ndcg@20 : 0.1396
Sun 14 Dec 2025 00:57:49 INFO  Saving current: saved\NeuMF-Dec-14-2025_00-57-46.pth
Sun 14 Dec 2025 00:57:49 INFO  epoch 5 training [time: 0.06s, train loss: 5.2440]
Sun 14 Dec 2025 00:57:50 INFO  epoch 5 evaluating [time: 0.33s, valid_score: 0.110700]
Sun 14 Dec 2025 00:57:50 INFO  valid result: 
precision@10 : 0.0216    precision@20 : 0.0163    recall@10 : 0.2164    recall@20 : 0.3257    mrr@10 : 0.0784    mrr@20 : 0.0862    hit@10 : 0.2164    hit@20 : 0.3257    ndcg@10 : 0.1107    ndcg@20 : 0.1386
Sun 14 Dec 2025 00:57:50 INFO  epoch 6 training [time: 0.06s, train loss: 5.0206]
Sun 14 Dec 2025 00:57:50 INFO  epoch 6 evaluating [time: 0.33s, valid_score: 0.110400]
Sun 14 Dec 2025 00:57:50 INFO  valid result: 
precision@10 : 0.0211    precision@20 : 0.0168    recall@10 : 0.2114    recall@20 : 0.3357    mrr@10 : 0.0799    mrr@20 : 0.0886    hit@10 : 0.2114    hit@20 : 0.3357    ndcg@10 : 0.1104    ndcg@20 : 0.1419
Sun 14 Dec 2025 00:57:50 INFO  epoch 7 training [time: 0.09s, train loss: 4.7700]
Sun 14 Dec 2025 00:57:51 INFO  epoch 7 evaluating [time: 0.38s, valid_score: 0.115600]
Sun 14 Dec 2025 00:57:51 INFO  valid result: 
precision@10 : 0.0223    precision@20 : 0.0168    recall@10 : 0.2234    recall@20 : 0.3357    mrr@10 : 0.083    mrr@20 : 0.0907    hit@10 : 0.2234    hit@20 : 0.3357    ndcg@10 : 0.1156    ndcg@20 : 0.1438
Sun 14 Dec 2025 00:57:51 INFO  Saving current: saved\NeuMF-Dec-14-2025_00-57-46.pth
Sun 14 Dec 2025 00:57:51 INFO  epoch 8 training [time: 0.08s, train loss: 4.5812]
Sun 14 Dec 2025 00:57:51 INFO  epoch 8 evaluating [time: 0.31s, valid_score: 0.114000]
Sun 14 Dec 2025 00:57:51 INFO  valid result: 
precision@10 : 0.0217    precision@20 : 0.0173    recall@10 : 0.2174    recall@20 : 0.3457    mrr@10 : 0.0829    mrr@20 : 0.0917    hit@10 : 0.2174    hit@20 : 0.3457    ndcg@10 : 0.114    ndcg@20 : 0.1463
Sun 14 Dec 2025 00:57:51 INFO  epoch 9 training [time: 0.05s, train loss: 4.4554]
Sun 14 Dec 2025 00:57:52 INFO  epoch 9 evaluating [time: 0.33s, valid_score: 0.107100]
Sun 14 Dec 2025 00:57:52 INFO  valid result: 
precision@10 : 0.0215    precision@20 : 0.0168    recall@10 : 0.2154    recall@20 : 0.3367    mrr@10 : 0.0743    mrr@20 : 0.0828    hit@10 : 0.2154    hit@20 : 0.3367    ndcg@10 : 0.1071    ndcg@20 : 0.1378
Sun 14 Dec 2025 00:57:52 INFO  epoch 10 training [time: 0.05s, train loss: 4.3249]
Sun 14 Dec 2025 00:57:52 INFO  epoch 10 evaluating [time: 0.33s, valid_score: 0.108200]
Sun 14 Dec 2025 00:57:52 INFO  valid result: 
precision@10 : 0.0215    precision@20 : 0.017    recall@10 : 0.2154    recall@20 : 0.3397    mrr@10 : 0.0759    mrr@20 : 0.0844    hit@10 : 0.2154    hit@20 : 0.3397    ndcg@10 : 0.1082    ndcg@20 : 0.1394
Sun 14 Dec 2025 00:57:52 INFO  epoch 11 training [time: 0.05s, train loss: 4.1952]
Sun 14 Dec 2025 00:57:53 INFO  epoch 11 evaluating [time: 0.32s, valid_score: 0.112300]
Sun 14 Dec 2025 00:57:53 INFO  valid result: 
precision@10 : 0.0213    precision@20 : 0.0171    recall@10 : 0.2134    recall@20 : 0.3427    mrr@10 : 0.0818    mrr@20 : 0.0907    hit@10 : 0.2134    hit@20 : 0.3427    ndcg@10 : 0.1123    ndcg@20 : 0.1449
Sun 14 Dec 2025 00:57:53 INFO  epoch 12 training [time: 0.09s, train loss: 4.1001]
Sun 14 Dec 2025 00:57:53 INFO  epoch 12 evaluating [time: 0.36s, valid_score: 0.115200]
Sun 14 Dec 2025 00:57:53 INFO  valid result: 
precision@10 : 0.0216    precision@20 : 0.0167    recall@10 : 0.2164    recall@20 : 0.3347    mrr@10 : 0.0847    mrr@20 : 0.0928    hit@10 : 0.2164    hit@20 : 0.3347    ndcg@10 : 0.1152    ndcg@20 : 0.145
Sun 14 Dec 2025 00:57:53 INFO  epoch 13 training [time: 0.08s, train loss: 3.9324]
Sun 14 Dec 2025 00:57:54 INFO  epoch 13 evaluating [time: 0.35s, valid_score: 0.112500]
Sun 14 Dec 2025 00:57:54 INFO  valid result: 
precision@10 : 0.0218    precision@20 : 0.0172    recall@10 : 0.2184    recall@20 : 0.3437    mrr@10 : 0.08    mrr@20 : 0.0884    hit@10 : 0.2184    hit@20 : 0.3437    ndcg@10 : 0.1125    ndcg@20 : 0.1437
Sun 14 Dec 2025 00:57:54 INFO  Finished training, best eval result in epoch 7
Sun 14 Dec 2025 00:57:54 INFO  Loading model structure and parameters from saved\NeuMF-Dec-14-2025_00-57-46.pth
Sun 14 Dec 2025 00:57:55 INFO  The running environment of this training is as follows:
+-------------+----------------+
| Environment |     Usage      |
+=============+================+
| CPU         |    10.00 %     |
+-------------+----------------+
| GPU         | 0.35 G/8.00 G  |
+-------------+----------------+
| Memory      | 1.93 G/15.26 G |
+-------------+----------------+
Sun 14 Dec 2025 00:57:55 INFO  best valid : OrderedDict([('precision@10', 0.0223), ('precision@20', 0.0168), ('recall@10', 0.2234), ('recall@20', 0.3357), ('mrr@10', 0.083), ('mrr@20', 0.0907), ('hit@10', 0.2234), ('hit@20', 0.3357), ('ndcg@10', 0.1156), ('ndcg@20', 0.1438)])
Sun 14 Dec 2025 00:57:55 INFO  test result: OrderedDict([('precision@10', 0.02), ('precision@20', 0.0159), ('recall@10', 0.2004), ('recall@20', 0.3176), ('mrr@10', 0.063), ('mrr@20', 0.071), ('hit@10', 0.2004), ('hit@20', 0.3176), ('ndcg@10', 0.0946), ('ndcg@20', 0.124)])
