Wed 19 Nov 2025 16:40:02 INFO  ['c:\\Users\\martin\\miniconda3\\envs\\bp\\Lib\\site-packages\\ipykernel_launcher.py', '--f=c:\\Users\\martin\\AppData\\Roaming\\jupyter\\runtime\\kernel-v39d4af1c1dc62917678851941761daa5b7d0137dc.json']
Wed 19 Nov 2025 16:40:02 INFO  
General Hyper Parameters:
gpu_id = 0
use_gpu = True
seed = 2020
state = INFO
reproducibility = True
data_path = ./data/split/jester\jester--impB
checkpoint_dir = saved
show_progress = True
save_dataset = True
dataset_save_path = ./data/saved/jester--impB
save_dataloaders = False
dataloaders_save_path = None
log_wandb = False

Training Hyper Parameters:
epochs = 50
train_batch_size = 2048
learner = adam
learning_rate = 0.001
train_neg_sample_args = {'distribution': 'uniform', 'sample_num': 1, 'alpha': 1.0, 'dynamic': False, 'candidate_num': 0}
eval_step = 1
stopping_step = 5
clip_grad_norm = None
weight_decay = 0.0
loss_decimal_place = 4

Evaluation Hyper Parameters:
eval_args = {'split': {'RS': [0, 0, 0]}, 'order': 'RO', 'group_by': 'user', 'mode': {'valid': 'full', 'test': 'full'}}
repeatable = False
metrics = ['Precision', 'Recall', 'MRR', 'Hit', 'NDCG']
topk = [10, 20]
valid_metric = NDCG@10
valid_metric_bigger = True
eval_batch_size = 4096
metric_decimal_place = 4

Dataset Hyper Parameters:
field_separator = 	
seq_separator =  
USER_ID_FIELD = user_id
ITEM_ID_FIELD = item_id
RATING_FIELD = rating
TIME_FIELD = timestamp
seq_len = None
LABEL_FIELD = label
threshold = None
NEG_PREFIX = neg_
load_col = {'inter': ['user_id', 'item_id']}
unload_col = None
unused_col = None
additional_feat_suffix = None
rm_dup_inter = None
val_interval = None
filter_inter_by_user_or_item = True
user_inter_num_interval = [0,inf)
item_inter_num_interval = [0,inf)
alias_of_user_id = None
alias_of_item_id = None
alias_of_entity_id = None
alias_of_relation_id = None
preload_weight = None
normalize_field = None
normalize_all = None
ITEM_LIST_LENGTH_FIELD = item_length
LIST_SUFFIX = _list
MAX_ITEM_LIST_LENGTH = 50
POSITION_FIELD = position_id
HEAD_ENTITY_ID_FIELD = head_id
TAIL_ENTITY_ID_FIELD = tail_id
RELATION_ID_FIELD = relation_id
ENTITY_ID_FIELD = entity_id
benchmark_filename = ['train', 'valid', 'test']

Other Hyper Parameters: 
worker = 0
wandb_project = recbole
shuffle = True
require_pow = False
enable_amp = False
enable_scaler = False
transform = None
mf_embedding_size = 64
mlp_embedding_size = 64
mlp_hidden_size = [128, 64]
dropout_prob = 0.1
mf_train = True
mlp_train = True
use_pretrain = False
mf_pretrain_path = None
mlp_pretrain_path = None
numerical_features = []
discretization = None
kg_reverse_r = False
entity_kg_num_interval = [0,inf)
relation_kg_num_interval = [0,inf)
MODEL_TYPE = ModelType.GENERAL
test_args = {'mode': 'full'}
MODEL_INPUT_TYPE = InputType.POINTWISE
eval_type = EvaluatorType.RANKING
single_spec = True
local_rank = 0
device = cpu
valid_neg_sample_args = {'distribution': 'uniform', 'sample_num': 'none'}
test_neg_sample_args = {'distribution': 'uniform', 'sample_num': 'none'}


Wed 19 Nov 2025 16:40:06 INFO  Saving filtered dataset into [saved\jester--impB-Dataset.pth]
Wed 19 Nov 2025 16:40:06 INFO  jester--impB
The number of users: 50098
Average actions of users: 20.228696329121505
The number of items: 101
Average actions of items: 10133.97
The number of inters: 1013397
The sparsity of the dataset: 79.9719875776152%
Remain Fields: ['user_id', 'item_id']
Wed 19 Nov 2025 16:40:09 INFO  [Training]: train_batch_size = [2048] train_neg_sample_args: [{'distribution': 'uniform', 'sample_num': 1, 'alpha': 1.0, 'dynamic': False, 'candidate_num': 0}]
Wed 19 Nov 2025 16:40:09 INFO  [Evaluation]: eval_batch_size = [4096] eval_args: [{'split': {'RS': [0, 0, 0]}, 'order': 'RO', 'group_by': 'user', 'mode': {'valid': 'full', 'test': 'full'}}]
Wed 19 Nov 2025 16:40:09 INFO  NeuMF(
  (user_mf_embedding): Embedding(50098, 64)
  (item_mf_embedding): Embedding(101, 64)
  (user_mlp_embedding): Embedding(50098, 64)
  (item_mlp_embedding): Embedding(101, 64)
  (mlp_layers): MLPLayers(
    (mlp_layers): Sequential(
      (0): Dropout(p=0.1, inplace=False)
      (1): Linear(in_features=128, out_features=128, bias=True)
      (2): ReLU()
      (3): Dropout(p=0.1, inplace=False)
      (4): Linear(in_features=128, out_features=64, bias=True)
      (5): ReLU()
    )
  )
  (predict_layer): Linear(in_features=128, out_features=1, bias=True)
  (sigmoid): Sigmoid()
  (loss): BCEWithLogitsLoss()
)
Trainable parameters: 6450369
Wed 19 Nov 2025 16:40:09 INFO  FLOPs: 24960.0
Wed 19 Nov 2025 16:40:57 INFO  epoch 0 training [time: 48.23s, train loss: 517.9928]
Wed 19 Nov 2025 16:41:05 INFO  epoch 0 evaluating [time: 7.95s, valid_score: 0.263600]
Wed 19 Nov 2025 16:41:05 INFO  valid result: 
precision@10 : 0.05    precision@20 : 0.0348    recall@10 : 0.5004    recall@20 : 0.6955    mrr@10 : 0.1919    mrr@20 : 0.2054    hit@10 : 0.5004    hit@20 : 0.6955    ndcg@10 : 0.2636    ndcg@20 : 0.313
Wed 19 Nov 2025 16:41:05 INFO  Saving current: saved\NeuMF-Nov-19-2025_16-40-09.pth
Wed 19 Nov 2025 16:41:55 INFO  epoch 1 training [time: 49.15s, train loss: 449.1427]
Wed 19 Nov 2025 16:42:03 INFO  epoch 1 evaluating [time: 8.10s, valid_score: 0.269400]
Wed 19 Nov 2025 16:42:03 INFO  valid result: 
precision@10 : 0.0513    precision@20 : 0.0356    recall@10 : 0.513    recall@20 : 0.7128    mrr@10 : 0.1956    mrr@20 : 0.2095    hit@10 : 0.513    hit@20 : 0.7128    ndcg@10 : 0.2694    ndcg@20 : 0.32
Wed 19 Nov 2025 16:42:03 INFO  Saving current: saved\NeuMF-Nov-19-2025_16-40-09.pth
Wed 19 Nov 2025 16:42:50 INFO  epoch 2 training [time: 47.06s, train loss: 383.0936]
Wed 19 Nov 2025 16:42:58 INFO  epoch 2 evaluating [time: 7.94s, valid_score: 0.252600]
Wed 19 Nov 2025 16:42:58 INFO  valid result: 
precision@10 : 0.0485    precision@20 : 0.0345    recall@10 : 0.4849    recall@20 : 0.6897    mrr@10 : 0.1824    mrr@20 : 0.1966    hit@10 : 0.4849    hit@20 : 0.6897    ndcg@10 : 0.2526    ndcg@20 : 0.3044
Wed 19 Nov 2025 16:43:45 INFO  epoch 3 training [time: 46.80s, train loss: 297.4067]
Wed 19 Nov 2025 16:43:53 INFO  epoch 3 evaluating [time: 8.01s, valid_score: 0.230100]
Wed 19 Nov 2025 16:43:53 INFO  valid result: 
precision@10 : 0.0444    precision@20 : 0.0322    recall@10 : 0.4439    recall@20 : 0.6447    mrr@10 : 0.1655    mrr@20 : 0.1793    hit@10 : 0.4439    hit@20 : 0.6447    ndcg@10 : 0.2301    ndcg@20 : 0.2808
Wed 19 Nov 2025 16:44:44 INFO  epoch 4 training [time: 50.87s, train loss: 212.6782]
Wed 19 Nov 2025 16:44:52 INFO  epoch 4 evaluating [time: 8.12s, valid_score: 0.209700]
Wed 19 Nov 2025 16:44:52 INFO  valid result: 
precision@10 : 0.0402    precision@20 : 0.0298    recall@10 : 0.4023    recall@20 : 0.5954    mrr@10 : 0.1516    mrr@20 : 0.1649    hit@10 : 0.4023    hit@20 : 0.5954    ndcg@10 : 0.2097    ndcg@20 : 0.2585
Wed 19 Nov 2025 16:45:38 INFO  epoch 5 training [time: 46.41s, train loss: 148.4618]
Wed 19 Nov 2025 16:45:46 INFO  epoch 5 evaluating [time: 7.90s, valid_score: 0.194400]
Wed 19 Nov 2025 16:45:46 INFO  valid result: 
precision@10 : 0.0374    precision@20 : 0.028    recall@10 : 0.3736    recall@20 : 0.5602    mrr@10 : 0.1402    mrr@20 : 0.153    hit@10 : 0.3736    hit@20 : 0.5602    ndcg@10 : 0.1944    ndcg@20 : 0.2413
Wed 19 Nov 2025 16:46:33 INFO  epoch 6 training [time: 46.42s, train loss: 104.5939]
Wed 19 Nov 2025 16:46:41 INFO  epoch 6 evaluating [time: 7.97s, valid_score: 0.175200]
Wed 19 Nov 2025 16:46:41 INFO  valid result: 
precision@10 : 0.0336    precision@20 : 0.0256    recall@10 : 0.3359    recall@20 : 0.5114    mrr@10 : 0.1267    mrr@20 : 0.1387    hit@10 : 0.3359    hit@20 : 0.5114    ndcg@10 : 0.1752    ndcg@20 : 0.2193
Wed 19 Nov 2025 16:47:27 INFO  epoch 7 training [time: 46.44s, train loss: 75.8974]
Wed 19 Nov 2025 16:47:35 INFO  epoch 7 evaluating [time: 7.95s, valid_score: 0.165500]
Wed 19 Nov 2025 16:47:35 INFO  valid result: 
precision@10 : 0.0318    precision@20 : 0.0248    recall@10 : 0.3184    recall@20 : 0.4958    mrr@10 : 0.1194    mrr@20 : 0.1315    hit@10 : 0.3184    hit@20 : 0.4958    ndcg@10 : 0.1655    ndcg@20 : 0.2101
Wed 19 Nov 2025 16:47:35 INFO  Finished training, best eval result in epoch 1
Wed 19 Nov 2025 16:47:35 INFO  Loading model structure and parameters from saved\NeuMF-Nov-19-2025_16-40-09.pth
Wed 19 Nov 2025 16:47:44 INFO  The running environment of this training is as follows:
+-------------+----------------+
| Environment |     Usage      |
+=============+================+
| CPU         |    24.10 %     |
+-------------+----------------+
| GPU         |   0.0 / 0.0    |
+-------------+----------------+
| Memory      | 1.16 G/13.86 G |
+-------------+----------------+
Wed 19 Nov 2025 16:47:44 INFO  best valid : OrderedDict([('precision@10', np.float64(0.0513)), ('precision@20', np.float64(0.0356)), ('recall@10', np.float64(0.513)), ('recall@20', np.float64(0.7128)), ('mrr@10', np.float64(0.1956)), ('mrr@20', np.float64(0.2095)), ('hit@10', np.float64(0.513)), ('hit@20', np.float64(0.7128)), ('ndcg@10', np.float64(0.2694)), ('ndcg@20', np.float64(0.32))])
Wed 19 Nov 2025 16:47:44 INFO  test result: OrderedDict([('precision@10', np.float64(0.0534)), ('precision@20', np.float64(0.0364)), ('recall@10', np.float64(0.5343)), ('recall@20', np.float64(0.7278)), ('mrr@10', np.float64(0.2102)), ('mrr@20', np.float64(0.2236)), ('hit@10', np.float64(0.5343)), ('hit@20', np.float64(0.7278)), ('ndcg@10', np.float64(0.2857)), ('ndcg@20', np.float64(0.3346))])
