Wed 19 Nov 2025 01:02:08 INFO  ['c:\\Users\\martin\\miniconda3\\envs\\bp\\Lib\\site-packages\\ipykernel_launcher.py', '--f=c:\\Users\\martin\\AppData\\Roaming\\jupyter\\runtime\\kernel-v3622422e5bdfed9801eb125eda29c27abe47778e1.json']
Wed 19 Nov 2025 01:02:08 INFO  
General Hyper Parameters:
gpu_id = 0
use_gpu = True
seed = 2020
state = INFO
reproducibility = True
data_path = ./data/split/ml-100k\ml-100k--impB
checkpoint_dir = saved
show_progress = True
save_dataset = False
dataset_save_path = None
save_dataloaders = False
dataloaders_save_path = None
log_wandb = False

Training Hyper Parameters:
epochs = 50
train_batch_size = 2048
learner = adam
learning_rate = 0.001
train_neg_sample_args = {'distribution': 'uniform', 'sample_num': 1, 'alpha': 1.0, 'dynamic': False, 'candidate_num': 0}
eval_step = 1
stopping_step = 5
clip_grad_norm = None
weight_decay = 0.0
loss_decimal_place = 4

Evaluation Hyper Parameters:
eval_args = {'split': {'RS': [0, 0, 0]}, 'order': 'RO', 'group_by': 'user', 'mode': {'valid': 'full', 'test': 'full'}}
repeatable = False
metrics = ['Precision', 'Recall', 'MRR', 'Hit', 'NDCG']
topk = [10, 20]
valid_metric = NDCG@10
valid_metric_bigger = True
eval_batch_size = 4096
metric_decimal_place = 4

Dataset Hyper Parameters:
field_separator = 	
seq_separator =  
USER_ID_FIELD = user_id
ITEM_ID_FIELD = item_id
RATING_FIELD = rating
TIME_FIELD = timestamp
seq_len = None
LABEL_FIELD = label
threshold = None
NEG_PREFIX = neg_
load_col = {'inter': ['user_id', 'item_id']}
unload_col = None
unused_col = None
additional_feat_suffix = None
rm_dup_inter = None
val_interval = None
filter_inter_by_user_or_item = True
user_inter_num_interval = [0,inf)
item_inter_num_interval = [0,inf)
alias_of_user_id = None
alias_of_item_id = None
alias_of_entity_id = None
alias_of_relation_id = None
preload_weight = None
normalize_field = None
normalize_all = None
ITEM_LIST_LENGTH_FIELD = item_length
LIST_SUFFIX = _list
MAX_ITEM_LIST_LENGTH = 50
POSITION_FIELD = position_id
HEAD_ENTITY_ID_FIELD = head_id
TAIL_ENTITY_ID_FIELD = tail_id
RELATION_ID_FIELD = relation_id
ENTITY_ID_FIELD = entity_id
benchmark_filename = ['train', 'valid', 'test']

Other Hyper Parameters: 
worker = 0
wandb_project = recbole
shuffle = True
require_pow = False
enable_amp = False
enable_scaler = False
transform = None
mf_embedding_size = 64
mlp_embedding_size = 64
mlp_hidden_size = [128, 64]
dropout_prob = 0.1
mf_train = True
mlp_train = True
use_pretrain = False
mf_pretrain_path = None
mlp_pretrain_path = None
numerical_features = []
discretization = None
kg_reverse_r = False
entity_kg_num_interval = [0,inf)
relation_kg_num_interval = [0,inf)
MODEL_TYPE = ModelType.GENERAL
test_args = {'mode': 'full'}
MODEL_INPUT_TYPE = InputType.POINTWISE
eval_type = EvaluatorType.RANKING
single_spec = True
local_rank = 0
device = cpu
valid_neg_sample_args = {'distribution': 'uniform', 'sample_num': 'none'}
test_neg_sample_args = {'distribution': 'uniform', 'sample_num': 'none'}


Wed 19 Nov 2025 01:02:12 INFO  ml-100k--impB
The number of users: 939
Average actions of users: 59.02025586353945
The number of items: 1448
Average actions of items: 38.25915687629578
The number of inters: 55361
The sparsity of the dataset: 95.92835625062514%
Remain Fields: ['user_id', 'item_id']
Wed 19 Nov 2025 01:02:12 INFO  [Training]: train_batch_size = [2048] train_neg_sample_args: [{'distribution': 'uniform', 'sample_num': 1, 'alpha': 1.0, 'dynamic': False, 'candidate_num': 0}]
Wed 19 Nov 2025 01:02:12 INFO  [Evaluation]: eval_batch_size = [4096] eval_args: [{'split': {'RS': [0, 0, 0]}, 'order': 'RO', 'group_by': 'user', 'mode': {'valid': 'full', 'test': 'full'}}]
Wed 19 Nov 2025 01:02:12 INFO  NeuMF(
  (user_mf_embedding): Embedding(939, 64)
  (item_mf_embedding): Embedding(1448, 64)
  (user_mlp_embedding): Embedding(939, 64)
  (item_mlp_embedding): Embedding(1448, 64)
  (mlp_layers): MLPLayers(
    (mlp_layers): Sequential(
      (0): Dropout(p=0.1, inplace=False)
      (1): Linear(in_features=128, out_features=128, bias=True)
      (2): ReLU()
      (3): Dropout(p=0.1, inplace=False)
      (4): Linear(in_features=128, out_features=64, bias=True)
      (5): ReLU()
    )
  )
  (predict_layer): Linear(in_features=128, out_features=1, bias=True)
  (sigmoid): Sigmoid()
  (loss): BCEWithLogitsLoss()
)
Trainable parameters: 330433
Wed 19 Nov 2025 01:02:12 INFO  FLOPs: 24960.0
Wed 19 Nov 2025 01:02:15 INFO  epoch 0 training [time: 2.09s, train loss: 33.3080]
Wed 19 Nov 2025 01:02:16 INFO  epoch 0 evaluating [time: 1.81s, valid_score: 0.055000]
Wed 19 Nov 2025 01:02:16 INFO  valid result: 
precision@10 : 0.0107    precision@20 : 0.0082    recall@10 : 0.1066    recall@20 : 0.1642    mrr@10 : 0.0393    mrr@20 : 0.0431    hit@10 : 0.1066    hit@20 : 0.1642    ndcg@10 : 0.055    ndcg@20 : 0.0694
Wed 19 Nov 2025 01:02:17 INFO  Saving current: saved\NeuMF-Nov-19-2025_01-02-13.pth
Wed 19 Nov 2025 01:02:18 INFO  epoch 1 training [time: 1.53s, train loss: 25.3643]
Wed 19 Nov 2025 01:02:20 INFO  epoch 1 evaluating [time: 1.91s, valid_score: 0.057900]
Wed 19 Nov 2025 01:02:20 INFO  valid result: 
precision@10 : 0.0094    precision@20 : 0.0087    recall@10 : 0.0938    recall@20 : 0.1738    mrr@10 : 0.0468    mrr@20 : 0.0526    hit@10 : 0.0938    hit@20 : 0.1738    ndcg@10 : 0.0579    ndcg@20 : 0.0784
Wed 19 Nov 2025 01:02:20 INFO  Saving current: saved\NeuMF-Nov-19-2025_01-02-13.pth
Wed 19 Nov 2025 01:02:22 INFO  epoch 2 training [time: 1.58s, train loss: 24.3579]
Wed 19 Nov 2025 01:02:24 INFO  epoch 2 evaluating [time: 2.09s, valid_score: 0.061400]
Wed 19 Nov 2025 01:02:24 INFO  valid result: 
precision@10 : 0.0112    precision@20 : 0.009    recall@10 : 0.1119    recall@20 : 0.1802    mrr@10 : 0.0462    mrr@20 : 0.051    hit@10 : 0.1119    hit@20 : 0.1802    ndcg@10 : 0.0614    ndcg@20 : 0.0786
Wed 19 Nov 2025 01:02:24 INFO  Saving current: saved\NeuMF-Nov-19-2025_01-02-13.pth
Wed 19 Nov 2025 01:02:26 INFO  epoch 3 training [time: 1.63s, train loss: 23.9528]
Wed 19 Nov 2025 01:02:28 INFO  epoch 3 evaluating [time: 1.93s, valid_score: 0.068000]
Wed 19 Nov 2025 01:02:28 INFO  valid result: 
precision@10 : 0.0116    precision@20 : 0.0099    recall@10 : 0.1162    recall@20 : 0.1972    mrr@10 : 0.0536    mrr@20 : 0.0592    hit@10 : 0.1162    hit@20 : 0.1972    ndcg@10 : 0.068    ndcg@20 : 0.0885
Wed 19 Nov 2025 01:02:28 INFO  Saving current: saved\NeuMF-Nov-19-2025_01-02-13.pth
Wed 19 Nov 2025 01:02:30 INFO  epoch 4 training [time: 1.63s, train loss: 23.1065]
Wed 19 Nov 2025 01:02:32 INFO  epoch 4 evaluating [time: 2.15s, valid_score: 0.073400]
Wed 19 Nov 2025 01:02:32 INFO  valid result: 
precision@10 : 0.0139    precision@20 : 0.0106    recall@10 : 0.1386    recall@20 : 0.2122    mrr@10 : 0.0538    mrr@20 : 0.0587    hit@10 : 0.1386    hit@20 : 0.2122    ndcg@10 : 0.0734    ndcg@20 : 0.0917
Wed 19 Nov 2025 01:02:32 INFO  Saving current: saved\NeuMF-Nov-19-2025_01-02-13.pth
Wed 19 Nov 2025 01:02:34 INFO  epoch 5 training [time: 1.64s, train loss: 22.0460]
Wed 19 Nov 2025 01:02:36 INFO  epoch 5 evaluating [time: 2.12s, valid_score: 0.087200]
Wed 19 Nov 2025 01:02:36 INFO  valid result: 
precision@10 : 0.017    precision@20 : 0.0127    recall@10 : 0.1695    recall@20 : 0.2548    mrr@10 : 0.0625    mrr@20 : 0.0684    hit@10 : 0.1695    hit@20 : 0.2548    ndcg@10 : 0.0872    ndcg@20 : 0.1087
Wed 19 Nov 2025 01:02:36 INFO  Saving current: saved\NeuMF-Nov-19-2025_01-02-13.pth
Wed 19 Nov 2025 01:02:37 INFO  epoch 6 training [time: 1.56s, train loss: 21.0347]
Wed 19 Nov 2025 01:02:39 INFO  epoch 6 evaluating [time: 1.92s, valid_score: 0.105100]
Wed 19 Nov 2025 01:02:39 INFO  valid result: 
precision@10 : 0.02    precision@20 : 0.0135    recall@10 : 0.2004    recall@20 : 0.2697    mrr@10 : 0.0765    mrr@20 : 0.0811    hit@10 : 0.2004    hit@20 : 0.2697    ndcg@10 : 0.1051    ndcg@20 : 0.1223
Wed 19 Nov 2025 01:02:39 INFO  Saving current: saved\NeuMF-Nov-19-2025_01-02-13.pth
Wed 19 Nov 2025 01:02:41 INFO  epoch 7 training [time: 1.54s, train loss: 19.9481]
Wed 19 Nov 2025 01:02:43 INFO  epoch 7 evaluating [time: 2.33s, valid_score: 0.107900]
Wed 19 Nov 2025 01:02:43 INFO  valid result: 
precision@10 : 0.0198    precision@20 : 0.0141    recall@10 : 0.1983    recall@20 : 0.2825    mrr@10 : 0.0806    mrr@20 : 0.0864    hit@10 : 0.1983    hit@20 : 0.2825    ndcg@10 : 0.1079    ndcg@20 : 0.1291
Wed 19 Nov 2025 01:02:44 INFO  Saving current: saved\NeuMF-Nov-19-2025_01-02-13.pth
Wed 19 Nov 2025 01:02:45 INFO  epoch 8 training [time: 1.61s, train loss: 19.2906]
Wed 19 Nov 2025 01:02:47 INFO  epoch 8 evaluating [time: 2.07s, valid_score: 0.114300]
Wed 19 Nov 2025 01:02:47 INFO  valid result: 
precision@10 : 0.0211    precision@20 : 0.0154    recall@10 : 0.2111    recall@20 : 0.3081    mrr@10 : 0.085    mrr@20 : 0.0916    hit@10 : 0.2111    hit@20 : 0.3081    ndcg@10 : 0.1143    ndcg@20 : 0.1386
Wed 19 Nov 2025 01:02:47 INFO  Saving current: saved\NeuMF-Nov-19-2025_01-02-13.pth
Wed 19 Nov 2025 01:02:49 INFO  epoch 9 training [time: 1.63s, train loss: 18.8142]
Wed 19 Nov 2025 01:02:51 INFO  epoch 9 evaluating [time: 2.21s, valid_score: 0.118700]
Wed 19 Nov 2025 01:02:51 INFO  valid result: 
precision@10 : 0.0221    precision@20 : 0.0153    recall@10 : 0.2207    recall@20 : 0.306    mrr@10 : 0.0881    mrr@20 : 0.0939    hit@10 : 0.2207    hit@20 : 0.306    ndcg@10 : 0.1187    ndcg@20 : 0.14
Wed 19 Nov 2025 01:02:51 INFO  Saving current: saved\NeuMF-Nov-19-2025_01-02-13.pth
Wed 19 Nov 2025 01:02:53 INFO  epoch 10 training [time: 1.65s, train loss: 18.3672]
Wed 19 Nov 2025 01:02:55 INFO  epoch 10 evaluating [time: 2.05s, valid_score: 0.115800]
Wed 19 Nov 2025 01:02:55 INFO  valid result: 
precision@10 : 0.0209    precision@20 : 0.0157    recall@10 : 0.209    recall@20 : 0.3134    mrr@10 : 0.0875    mrr@20 : 0.095    hit@10 : 0.209    hit@20 : 0.3134    ndcg@10 : 0.1158    ndcg@20 : 0.1425
Wed 19 Nov 2025 01:02:57 INFO  epoch 11 training [time: 1.56s, train loss: 17.8243]
Wed 19 Nov 2025 01:02:59 INFO  epoch 11 evaluating [time: 2.03s, valid_score: 0.116600]
Wed 19 Nov 2025 01:02:59 INFO  valid result: 
precision@10 : 0.0217    precision@20 : 0.0156    recall@10 : 0.2175    recall@20 : 0.3124    mrr@10 : 0.0859    mrr@20 : 0.0925    hit@10 : 0.2175    hit@20 : 0.3124    ndcg@10 : 0.1166    ndcg@20 : 0.1406
Wed 19 Nov 2025 01:03:01 INFO  epoch 12 training [time: 1.78s, train loss: 17.4069]
Wed 19 Nov 2025 01:03:03 INFO  epoch 12 evaluating [time: 2.22s, valid_score: 0.124700]
Wed 19 Nov 2025 01:03:03 INFO  valid result: 
precision@10 : 0.0232    precision@20 : 0.0167    recall@10 : 0.2324    recall@20 : 0.3348    mrr@10 : 0.0922    mrr@20 : 0.0992    hit@10 : 0.2324    hit@20 : 0.3348    ndcg@10 : 0.1247    ndcg@20 : 0.1505
Wed 19 Nov 2025 01:03:03 INFO  Saving current: saved\NeuMF-Nov-19-2025_01-02-13.pth
Wed 19 Nov 2025 01:03:05 INFO  epoch 13 training [time: 1.70s, train loss: 17.0064]
Wed 19 Nov 2025 01:03:07 INFO  epoch 13 evaluating [time: 2.36s, valid_score: 0.128200]
Wed 19 Nov 2025 01:03:07 INFO  valid result: 
precision@10 : 0.0236    precision@20 : 0.0165    recall@10 : 0.2356    recall@20 : 0.3294    mrr@10 : 0.0957    mrr@20 : 0.1022    hit@10 : 0.2356    hit@20 : 0.3294    ndcg@10 : 0.1282    ndcg@20 : 0.1519
Wed 19 Nov 2025 01:03:07 INFO  Saving current: saved\NeuMF-Nov-19-2025_01-02-13.pth
Wed 19 Nov 2025 01:03:09 INFO  epoch 14 training [time: 1.66s, train loss: 16.5836]
Wed 19 Nov 2025 01:03:11 INFO  epoch 14 evaluating [time: 1.84s, valid_score: 0.127300]
Wed 19 Nov 2025 01:03:11 INFO  valid result: 
precision@10 : 0.0241    precision@20 : 0.0171    recall@10 : 0.2409    recall@20 : 0.3422    mrr@10 : 0.093    mrr@20 : 0.0998    hit@10 : 0.2409    hit@20 : 0.3422    ndcg@10 : 0.1273    ndcg@20 : 0.1526
Wed 19 Nov 2025 01:03:13 INFO  epoch 15 training [time: 1.61s, train loss: 16.3190]
Wed 19 Nov 2025 01:03:15 INFO  epoch 15 evaluating [time: 2.29s, valid_score: 0.126000]
Wed 19 Nov 2025 01:03:15 INFO  valid result: 
precision@10 : 0.0237    precision@20 : 0.0168    recall@10 : 0.2367    recall@20 : 0.3358    mrr@10 : 0.0924    mrr@20 : 0.0992    hit@10 : 0.2367    hit@20 : 0.3358    ndcg@10 : 0.126    ndcg@20 : 0.1509
Wed 19 Nov 2025 01:03:17 INFO  epoch 16 training [time: 1.65s, train loss: 15.7983]
Wed 19 Nov 2025 01:03:19 INFO  epoch 16 evaluating [time: 1.90s, valid_score: 0.131200]
Wed 19 Nov 2025 01:03:19 INFO  valid result: 
precision@10 : 0.024    precision@20 : 0.0173    recall@10 : 0.2399    recall@20 : 0.3454    mrr@10 : 0.0984    mrr@20 : 0.1053    hit@10 : 0.2399    hit@20 : 0.3454    ndcg@10 : 0.1312    ndcg@20 : 0.1574
Wed 19 Nov 2025 01:03:19 INFO  Saving current: saved\NeuMF-Nov-19-2025_01-02-13.pth
Wed 19 Nov 2025 01:03:21 INFO  epoch 17 training [time: 1.99s, train loss: 15.5159]
Wed 19 Nov 2025 01:03:23 INFO  epoch 17 evaluating [time: 2.07s, valid_score: 0.128700]
Wed 19 Nov 2025 01:03:23 INFO  valid result: 
precision@10 : 0.0231    precision@20 : 0.0179    recall@10 : 0.2313    recall@20 : 0.3571    mrr@10 : 0.0976    mrr@20 : 0.1062    hit@10 : 0.2313    hit@20 : 0.3571    ndcg@10 : 0.1287    ndcg@20 : 0.1604
Wed 19 Nov 2025 01:03:25 INFO  epoch 18 training [time: 1.68s, train loss: 15.2293]
Wed 19 Nov 2025 01:03:27 INFO  epoch 18 evaluating [time: 2.28s, valid_score: 0.127600]
Wed 19 Nov 2025 01:03:27 INFO  valid result: 
precision@10 : 0.0232    precision@20 : 0.018    recall@10 : 0.2324    recall@20 : 0.3603    mrr@10 : 0.0959    mrr@20 : 0.1047    hit@10 : 0.2324    hit@20 : 0.3603    ndcg@10 : 0.1276    ndcg@20 : 0.1598
Wed 19 Nov 2025 01:03:29 INFO  epoch 19 training [time: 1.70s, train loss: 14.9283]
Wed 19 Nov 2025 01:03:31 INFO  epoch 19 evaluating [time: 1.98s, valid_score: 0.128900]
Wed 19 Nov 2025 01:03:31 INFO  valid result: 
precision@10 : 0.024    precision@20 : 0.018    recall@10 : 0.2399    recall@20 : 0.3593    mrr@10 : 0.0956    mrr@20 : 0.1039    hit@10 : 0.2399    hit@20 : 0.3593    ndcg@10 : 0.1289    ndcg@20 : 0.1591
Wed 19 Nov 2025 01:03:33 INFO  epoch 20 training [time: 1.74s, train loss: 14.6289]
Wed 19 Nov 2025 01:03:35 INFO  epoch 20 evaluating [time: 1.85s, valid_score: 0.135800]
Wed 19 Nov 2025 01:03:35 INFO  valid result: 
precision@10 : 0.0248    precision@20 : 0.0187    recall@10 : 0.2484    recall@20 : 0.3731    mrr@10 : 0.1018    mrr@20 : 0.1103    hit@10 : 0.2484    hit@20 : 0.3731    ndcg@10 : 0.1358    ndcg@20 : 0.1671
Wed 19 Nov 2025 01:03:35 INFO  Saving current: saved\NeuMF-Nov-19-2025_01-02-13.pth
Wed 19 Nov 2025 01:03:36 INFO  epoch 21 training [time: 1.66s, train loss: 14.1550]
Wed 19 Nov 2025 01:03:38 INFO  epoch 21 evaluating [time: 1.99s, valid_score: 0.136400]
Wed 19 Nov 2025 01:03:39 INFO  valid result: 
precision@10 : 0.0251    precision@20 : 0.0185    recall@10 : 0.2505    recall@20 : 0.3699    mrr@10 : 0.1018    mrr@20 : 0.1099    hit@10 : 0.2505    hit@20 : 0.3699    ndcg@10 : 0.1364    ndcg@20 : 0.1665
Wed 19 Nov 2025 01:03:39 INFO  Saving current: saved\NeuMF-Nov-19-2025_01-02-13.pth
Wed 19 Nov 2025 01:03:40 INFO  epoch 22 training [time: 1.60s, train loss: 14.0023]
Wed 19 Nov 2025 01:03:42 INFO  epoch 22 evaluating [time: 2.22s, valid_score: 0.140600]
Wed 19 Nov 2025 01:03:43 INFO  valid result: 
precision@10 : 0.0254    precision@20 : 0.0184    recall@10 : 0.2537    recall@20 : 0.3678    mrr@10 : 0.1063    mrr@20 : 0.1142    hit@10 : 0.2537    hit@20 : 0.3678    ndcg@10 : 0.1406    ndcg@20 : 0.1694
Wed 19 Nov 2025 01:03:43 INFO  Saving current: saved\NeuMF-Nov-19-2025_01-02-13.pth
Wed 19 Nov 2025 01:03:44 INFO  epoch 23 training [time: 1.75s, train loss: 13.8224]
Wed 19 Nov 2025 01:03:46 INFO  epoch 23 evaluating [time: 2.01s, valid_score: 0.138200]
Wed 19 Nov 2025 01:03:46 INFO  valid result: 
precision@10 : 0.0249    precision@20 : 0.0188    recall@10 : 0.2495    recall@20 : 0.3763    mrr@10 : 0.1043    mrr@20 : 0.1131    hit@10 : 0.2495    hit@20 : 0.3763    ndcg@10 : 0.1382    ndcg@20 : 0.1703
Wed 19 Nov 2025 01:03:48 INFO  epoch 24 training [time: 1.75s, train loss: 13.3967]
Wed 19 Nov 2025 01:03:51 INFO  epoch 24 evaluating [time: 2.20s, valid_score: 0.141000]
Wed 19 Nov 2025 01:03:51 INFO  valid result: 
precision@10 : 0.0258    precision@20 : 0.0187    recall@10 : 0.258    recall@20 : 0.3742    mrr@10 : 0.1057    mrr@20 : 0.1135    hit@10 : 0.258    hit@20 : 0.3742    ndcg@10 : 0.141    ndcg@20 : 0.1701
Wed 19 Nov 2025 01:03:51 INFO  Saving current: saved\NeuMF-Nov-19-2025_01-02-13.pth
Wed 19 Nov 2025 01:03:52 INFO  epoch 25 training [time: 1.73s, train loss: 13.1145]
Wed 19 Nov 2025 01:03:55 INFO  epoch 25 evaluating [time: 2.13s, valid_score: 0.142200]
Wed 19 Nov 2025 01:03:55 INFO  valid result: 
precision@10 : 0.0251    precision@20 : 0.019    recall@10 : 0.2505    recall@20 : 0.3795    mrr@10 : 0.1093    mrr@20 : 0.118    hit@10 : 0.2505    hit@20 : 0.3795    ndcg@10 : 0.1422    ndcg@20 : 0.1746
Wed 19 Nov 2025 01:03:55 INFO  Saving current: saved\NeuMF-Nov-19-2025_01-02-13.pth
Wed 19 Nov 2025 01:03:57 INFO  epoch 26 training [time: 1.86s, train loss: 12.8464]
Wed 19 Nov 2025 01:03:59 INFO  epoch 26 evaluating [time: 1.97s, valid_score: 0.144900]
Wed 19 Nov 2025 01:03:59 INFO  valid result: 
precision@10 : 0.026    precision@20 : 0.0191    recall@10 : 0.2601    recall@20 : 0.3817    mrr@10 : 0.1101    mrr@20 : 0.1183    hit@10 : 0.2601    hit@20 : 0.3817    ndcg@10 : 0.1449    ndcg@20 : 0.1754
Wed 19 Nov 2025 01:03:59 INFO  Saving current: saved\NeuMF-Nov-19-2025_01-02-13.pth
Wed 19 Nov 2025 01:04:00 INFO  epoch 27 training [time: 1.63s, train loss: 12.4524]
Wed 19 Nov 2025 01:04:02 INFO  epoch 27 evaluating [time: 2.00s, valid_score: 0.145400]
Wed 19 Nov 2025 01:04:02 INFO  valid result: 
precision@10 : 0.0264    precision@20 : 0.0183    recall@10 : 0.2644    recall@20 : 0.3667    mrr@10 : 0.1095    mrr@20 : 0.1165    hit@10 : 0.2644    hit@20 : 0.3667    ndcg@10 : 0.1454    ndcg@20 : 0.1712
Wed 19 Nov 2025 01:04:03 INFO  Saving current: saved\NeuMF-Nov-19-2025_01-02-13.pth
Wed 19 Nov 2025 01:04:05 INFO  epoch 28 training [time: 1.91s, train loss: 12.3580]
Wed 19 Nov 2025 01:04:07 INFO  epoch 28 evaluating [time: 2.13s, valid_score: 0.140200]
Wed 19 Nov 2025 01:04:07 INFO  valid result: 
precision@10 : 0.0253    precision@20 : 0.0184    recall@10 : 0.2527    recall@20 : 0.3689    mrr@10 : 0.1061    mrr@20 : 0.1142    hit@10 : 0.2527    hit@20 : 0.3689    ndcg@10 : 0.1402    ndcg@20 : 0.1696
Wed 19 Nov 2025 01:04:08 INFO  epoch 29 training [time: 1.69s, train loss: 12.0135]
Wed 19 Nov 2025 01:04:11 INFO  epoch 29 evaluating [time: 2.19s, valid_score: 0.143700]
Wed 19 Nov 2025 01:04:11 INFO  valid result: 
precision@10 : 0.0263    precision@20 : 0.0183    recall@10 : 0.2633    recall@20 : 0.3667    mrr@10 : 0.1076    mrr@20 : 0.1146    hit@10 : 0.2633    hit@20 : 0.3667    ndcg@10 : 0.1437    ndcg@20 : 0.1696
Wed 19 Nov 2025 01:04:12 INFO  epoch 30 training [time: 1.65s, train loss: 11.7038]
Wed 19 Nov 2025 01:04:14 INFO  epoch 30 evaluating [time: 2.04s, valid_score: 0.142600]
Wed 19 Nov 2025 01:04:15 INFO  valid result: 
precision@10 : 0.0255    precision@20 : 0.0188    recall@10 : 0.2548    recall@20 : 0.3763    mrr@10 : 0.1085    mrr@20 : 0.1169    hit@10 : 0.2548    hit@20 : 0.3763    ndcg@10 : 0.1426    ndcg@20 : 0.1732
Wed 19 Nov 2025 01:04:16 INFO  epoch 31 training [time: 1.63s, train loss: 11.6099]
Wed 19 Nov 2025 01:04:18 INFO  epoch 31 evaluating [time: 2.14s, valid_score: 0.141200]
Wed 19 Nov 2025 01:04:18 INFO  valid result: 
precision@10 : 0.0256    precision@20 : 0.0188    recall@10 : 0.2559    recall@20 : 0.3753    mrr@10 : 0.1066    mrr@20 : 0.1148    hit@10 : 0.2559    hit@20 : 0.3753    ndcg@10 : 0.1412    ndcg@20 : 0.1714
Wed 19 Nov 2025 01:04:20 INFO  epoch 32 training [time: 1.82s, train loss: 11.2187]
Wed 19 Nov 2025 01:04:22 INFO  epoch 32 evaluating [time: 2.04s, valid_score: 0.140900]
Wed 19 Nov 2025 01:04:22 INFO  valid result: 
precision@10 : 0.0253    precision@20 : 0.019    recall@10 : 0.2527    recall@20 : 0.3806    mrr@10 : 0.1069    mrr@20 : 0.1158    hit@10 : 0.2527    hit@20 : 0.3806    ndcg@10 : 0.1409    ndcg@20 : 0.1733
Wed 19 Nov 2025 01:04:24 INFO  epoch 33 training [time: 1.66s, train loss: 10.9410]
Wed 19 Nov 2025 01:04:26 INFO  epoch 33 evaluating [time: 1.91s, valid_score: 0.146600]
Wed 19 Nov 2025 01:04:26 INFO  valid result: 
precision@10 : 0.0262    precision@20 : 0.0191    recall@10 : 0.2623    recall@20 : 0.3827    mrr@10 : 0.1114    mrr@20 : 0.1196    hit@10 : 0.2623    hit@20 : 0.3827    ndcg@10 : 0.1466    ndcg@20 : 0.1768
Wed 19 Nov 2025 01:04:26 INFO  Saving current: saved\NeuMF-Nov-19-2025_01-02-13.pth
Wed 19 Nov 2025 01:04:28 INFO  epoch 34 training [time: 1.65s, train loss: 10.7636]
Wed 19 Nov 2025 01:04:30 INFO  epoch 34 evaluating [time: 2.14s, valid_score: 0.151400]
Wed 19 Nov 2025 01:04:30 INFO  valid result: 
precision@10 : 0.0269    precision@20 : 0.0197    recall@10 : 0.2687    recall@20 : 0.3934    mrr@10 : 0.1158    mrr@20 : 0.1242    hit@10 : 0.2687    hit@20 : 0.3934    ndcg@10 : 0.1514    ndcg@20 : 0.1826
Wed 19 Nov 2025 01:04:30 INFO  Saving current: saved\NeuMF-Nov-19-2025_01-02-13.pth
Wed 19 Nov 2025 01:04:32 INFO  epoch 35 training [time: 1.65s, train loss: 10.4565]
Wed 19 Nov 2025 01:04:34 INFO  epoch 35 evaluating [time: 2.33s, valid_score: 0.148100]
Wed 19 Nov 2025 01:04:34 INFO  valid result: 
precision@10 : 0.0267    precision@20 : 0.019    recall@10 : 0.2665    recall@20 : 0.3806    mrr@10 : 0.1123    mrr@20 : 0.1202    hit@10 : 0.2665    hit@20 : 0.3806    ndcg@10 : 0.1481    ndcg@20 : 0.177
Wed 19 Nov 2025 01:04:36 INFO  epoch 36 training [time: 1.68s, train loss: 10.3617]
Wed 19 Nov 2025 01:04:38 INFO  epoch 36 evaluating [time: 2.18s, valid_score: 0.149400]
Wed 19 Nov 2025 01:04:38 INFO  valid result: 
precision@10 : 0.027    precision@20 : 0.0196    recall@10 : 0.2697    recall@20 : 0.3923    mrr@10 : 0.113    mrr@20 : 0.1215    hit@10 : 0.2697    hit@20 : 0.3923    ndcg@10 : 0.1494    ndcg@20 : 0.1805
Wed 19 Nov 2025 01:04:40 INFO  epoch 37 training [time: 2.00s, train loss: 10.1337]
Wed 19 Nov 2025 01:04:43 INFO  epoch 37 evaluating [time: 2.34s, valid_score: 0.145500]
Wed 19 Nov 2025 01:04:43 INFO  valid result: 
precision@10 : 0.0272    precision@20 : 0.0192    recall@10 : 0.2719    recall@20 : 0.3838    mrr@10 : 0.1071    mrr@20 : 0.1147    hit@10 : 0.2719    hit@20 : 0.3838    ndcg@10 : 0.1455    ndcg@20 : 0.1736
Wed 19 Nov 2025 01:04:44 INFO  epoch 38 training [time: 1.67s, train loss: 9.9330]
Wed 19 Nov 2025 01:04:47 INFO  epoch 38 evaluating [time: 2.19s, valid_score: 0.143800]
Wed 19 Nov 2025 01:04:47 INFO  valid result: 
precision@10 : 0.0263    precision@20 : 0.0193    recall@10 : 0.2633    recall@20 : 0.387    mrr@10 : 0.1073    mrr@20 : 0.1158    hit@10 : 0.2633    hit@20 : 0.387    ndcg@10 : 0.1438    ndcg@20 : 0.175
Wed 19 Nov 2025 01:04:48 INFO  epoch 39 training [time: 1.72s, train loss: 9.7422]
Wed 19 Nov 2025 01:04:51 INFO  epoch 39 evaluating [time: 2.28s, valid_score: 0.148000]
Wed 19 Nov 2025 01:04:51 INFO  valid result: 
precision@10 : 0.0267    precision@20 : 0.0193    recall@10 : 0.2665    recall@20 : 0.387    mrr@10 : 0.1119    mrr@20 : 0.1201    hit@10 : 0.2665    hit@20 : 0.387    ndcg@10 : 0.148    ndcg@20 : 0.1782
Wed 19 Nov 2025 01:04:53 INFO  epoch 40 training [time: 1.73s, train loss: 9.5201]
Wed 19 Nov 2025 01:04:55 INFO  epoch 40 evaluating [time: 2.09s, valid_score: 0.147500]
Wed 19 Nov 2025 01:04:55 INFO  valid result: 
precision@10 : 0.0267    precision@20 : 0.0193    recall@10 : 0.2665    recall@20 : 0.3859    mrr@10 : 0.1113    mrr@20 : 0.1195    hit@10 : 0.2665    hit@20 : 0.3859    ndcg@10 : 0.1475    ndcg@20 : 0.1776
Wed 19 Nov 2025 01:04:55 INFO  Finished training, best eval result in epoch 34
Wed 19 Nov 2025 01:04:55 INFO  Loading model structure and parameters from saved\NeuMF-Nov-19-2025_01-02-13.pth
Wed 19 Nov 2025 01:04:58 INFO  The running environment of this training is as follows:
+-------------+----------------+
| Environment |     Usage      |
+=============+================+
| CPU         |    18.20 %     |
+-------------+----------------+
| GPU         |   0.0 / 0.0    |
+-------------+----------------+
| Memory      | 0.44 G/13.86 G |
+-------------+----------------+
Wed 19 Nov 2025 01:04:58 INFO  best valid : OrderedDict([('precision@10', np.float64(0.0269)), ('precision@20', np.float64(0.0197)), ('recall@10', np.float64(0.2687)), ('recall@20', np.float64(0.3934)), ('mrr@10', np.float64(0.1158)), ('mrr@20', np.float64(0.1242)), ('hit@10', np.float64(0.2687)), ('hit@20', np.float64(0.3934)), ('ndcg@10', np.float64(0.1514)), ('ndcg@20', np.float64(0.1826))])
Wed 19 Nov 2025 01:04:58 INFO  test result: OrderedDict([('precision@10', np.float64(0.0253)), ('precision@20', np.float64(0.0181)), ('recall@10', np.float64(0.2527)), ('recall@20', np.float64(0.3625)), ('mrr@10', np.float64(0.0977)), ('mrr@20', np.float64(0.1049)), ('hit@10', np.float64(0.2527)), ('hit@20', np.float64(0.3625)), ('ndcg@10', np.float64(0.1333)), ('ndcg@20', np.float64(0.1607))])
