Sun 14 Dec 2025 00:58:21 INFO  ['c:\\Users\\marti\\miniconda3\\envs\\bp_cuda\\Lib\\site-packages\\ipykernel_launcher.py', '--f=c:\\Users\\marti\\AppData\\Roaming\\jupyter\\runtime\\kernel-v3c445ff7fe94ae4af53429f549af66ad1608410b0.json']
Sun 14 Dec 2025 00:58:21 INFO  
General Hyper Parameters:
gpu_id = 0
use_gpu = True
seed = 2020
state = INFO
reproducibility = True
data_path = ./data/split/ml-100k\ml-100k--impB
checkpoint_dir = saved
show_progress = False
save_dataset = False
dataset_save_path = None
save_dataloaders = False
dataloaders_save_path = None
log_wandb = False

Training Hyper Parameters:
epochs = 50
train_batch_size = 2048
learner = adam
learning_rate = 0.001
train_neg_sample_args = {'distribution': 'uniform', 'sample_num': 1, 'alpha': 1.0, 'dynamic': False, 'candidate_num': 0}
eval_step = 1
stopping_step = 5
clip_grad_norm = None
weight_decay = 0.0
loss_decimal_place = 4

Evaluation Hyper Parameters:
eval_args = {'split': {'RS': [0, 0, 0]}, 'order': 'RO', 'group_by': 'user', 'mode': {'valid': 'uni100', 'test': 'uni100'}}
repeatable = False
metrics = ['Precision', 'Recall', 'MRR', 'Hit', 'NDCG']
topk = [10, 20]
valid_metric = NDCG@10
valid_metric_bigger = True
eval_batch_size = 4096
metric_decimal_place = 4

Dataset Hyper Parameters:
field_separator = 	
seq_separator =  
USER_ID_FIELD = user_id
ITEM_ID_FIELD = item_id
RATING_FIELD = rating
TIME_FIELD = timestamp
seq_len = None
LABEL_FIELD = label
threshold = None
NEG_PREFIX = neg_
load_col = {'inter': ['user_id', 'item_id', 'rating']}
unload_col = None
unused_col = None
additional_feat_suffix = None
rm_dup_inter = None
val_interval = None
filter_inter_by_user_or_item = True
user_inter_num_interval = [0,inf)
item_inter_num_interval = [0,inf)
alias_of_user_id = None
alias_of_item_id = None
alias_of_entity_id = None
alias_of_relation_id = None
preload_weight = None
normalize_field = None
normalize_all = None
ITEM_LIST_LENGTH_FIELD = item_length
LIST_SUFFIX = _list
MAX_ITEM_LIST_LENGTH = 50
POSITION_FIELD = position_id
HEAD_ENTITY_ID_FIELD = head_id
TAIL_ENTITY_ID_FIELD = tail_id
RELATION_ID_FIELD = relation_id
ENTITY_ID_FIELD = entity_id
benchmark_filename = ['train', 'valid', 'test']

Other Hyper Parameters: 
worker = 0
wandb_project = recbole
shuffle = True
require_pow = False
enable_amp = False
enable_scaler = False
transform = None
mf_embedding_size = 64
mlp_embedding_size = 64
mlp_hidden_size = [128, 64]
dropout_prob = 0.1
mf_train = True
mlp_train = True
use_pretrain = False
mf_pretrain_path = None
mlp_pretrain_path = None
numerical_features = []
discretization = None
kg_reverse_r = False
entity_kg_num_interval = [0,inf)
relation_kg_num_interval = [0,inf)
MODEL_TYPE = ModelType.GENERAL
num_workers = 4
pin_memory = True
test_args = {'mode': 'full'}
MODEL_INPUT_TYPE = InputType.POINTWISE
eval_type = EvaluatorType.RANKING
single_spec = True
local_rank = 0
device = cuda
valid_neg_sample_args = {'distribution': 'uniform', 'sample_num': 100}
test_neg_sample_args = {'distribution': 'uniform', 'sample_num': 100}


Sun 14 Dec 2025 00:58:24 INFO  ml-100k--impB
The number of users: 939
Average actions of users: 59.02025586353945
The number of items: 1448
Average actions of items: 38.25915687629578
The number of inters: 55361
The sparsity of the dataset: 95.92835625062514%
Remain Fields: ['user_id', 'item_id']
Sun 14 Dec 2025 00:58:24 INFO  [Training]: train_batch_size = [2048] train_neg_sample_args: [{'distribution': 'uniform', 'sample_num': 1, 'alpha': 1.0, 'dynamic': False, 'candidate_num': 0}]
Sun 14 Dec 2025 00:58:24 INFO  [Evaluation]: eval_batch_size = [4096] eval_args: [{'split': {'RS': [0, 0, 0]}, 'order': 'RO', 'group_by': 'user', 'mode': {'valid': 'uni100', 'test': 'uni100'}}]
Sun 14 Dec 2025 00:58:24 INFO  NeuMF(
  (user_mf_embedding): Embedding(939, 64)
  (item_mf_embedding): Embedding(1448, 64)
  (user_mlp_embedding): Embedding(939, 64)
  (item_mlp_embedding): Embedding(1448, 64)
  (mlp_layers): MLPLayers(
    (mlp_layers): Sequential(
      (0): Dropout(p=0.1, inplace=False)
      (1): Linear(in_features=128, out_features=128, bias=True)
      (2): ReLU()
      (3): Dropout(p=0.1, inplace=False)
      (4): Linear(in_features=128, out_features=64, bias=True)
      (5): ReLU()
    )
  )
  (predict_layer): Linear(in_features=128, out_features=1, bias=True)
  (sigmoid): Sigmoid()
  (loss): BCEWithLogitsLoss()
)
Trainable parameters: 330433
Sun 14 Dec 2025 00:58:24 INFO  FLOPs: 24960.0
Sun 14 Dec 2025 00:58:24 INFO  epoch 0 training [time: 0.24s, train loss: 33.3508]
Sun 14 Dec 2025 00:58:25 INFO  epoch 0 evaluating [time: 0.33s, valid_score: 0.295700]
Sun 14 Dec 2025 00:58:25 INFO  valid result: 
precision@10 : 0.0528    precision@20 : 0.0371    recall@10 : 0.5277    recall@20 : 0.742    mrr@10 : 0.2248    mrr@20 : 0.2395    hit@10 : 0.5277    hit@20 : 0.742    ndcg@10 : 0.2957    ndcg@20 : 0.3496
Sun 14 Dec 2025 00:58:25 INFO  Saving current: saved\NeuMF-Dec-14-2025_00-58-24.pth
Sun 14 Dec 2025 00:58:25 INFO  epoch 1 training [time: 0.22s, train loss: 25.2718]
Sun 14 Dec 2025 00:58:25 INFO  epoch 1 evaluating [time: 0.35s, valid_score: 0.304200]
Sun 14 Dec 2025 00:58:25 INFO  valid result: 
precision@10 : 0.0543    precision@20 : 0.0369    recall@10 : 0.5426    recall@20 : 0.7377    mrr@10 : 0.2322    mrr@20 : 0.2453    hit@10 : 0.5426    hit@20 : 0.7377    ndcg@10 : 0.3042    ndcg@20 : 0.3529
Sun 14 Dec 2025 00:58:25 INFO  Saving current: saved\NeuMF-Dec-14-2025_00-58-24.pth
Sun 14 Dec 2025 00:58:26 INFO  epoch 2 training [time: 0.21s, train loss: 24.4240]
Sun 14 Dec 2025 00:58:26 INFO  epoch 2 evaluating [time: 0.35s, valid_score: 0.302000]
Sun 14 Dec 2025 00:58:26 INFO  valid result: 
precision@10 : 0.0535    precision@20 : 0.0368    recall@10 : 0.5352    recall@20 : 0.7356    mrr@10 : 0.2311    mrr@20 : 0.2452    hit@10 : 0.5352    hit@20 : 0.7356    ndcg@10 : 0.302    ndcg@20 : 0.3529
Sun 14 Dec 2025 00:58:26 INFO  epoch 3 training [time: 0.21s, train loss: 23.9523]
Sun 14 Dec 2025 00:58:27 INFO  epoch 3 evaluating [time: 0.35s, valid_score: 0.314500]
Sun 14 Dec 2025 00:58:27 INFO  valid result: 
precision@10 : 0.0543    precision@20 : 0.038    recall@10 : 0.5426    recall@20 : 0.7591    mrr@10 : 0.2446    mrr@20 : 0.2595    hit@10 : 0.5426    hit@20 : 0.7591    ndcg@10 : 0.3145    ndcg@20 : 0.3691
Sun 14 Dec 2025 00:58:27 INFO  Saving current: saved\NeuMF-Dec-14-2025_00-58-24.pth
Sun 14 Dec 2025 00:58:27 INFO  epoch 4 training [time: 0.21s, train loss: 23.2212]
Sun 14 Dec 2025 00:58:27 INFO  epoch 4 evaluating [time: 0.34s, valid_score: 0.350300]
Sun 14 Dec 2025 00:58:27 INFO  valid result: 
precision@10 : 0.0595    precision@20 : 0.0392    recall@10 : 0.5949    recall@20 : 0.7846    mrr@10 : 0.2762    mrr@20 : 0.2894    hit@10 : 0.5949    hit@20 : 0.7846    ndcg@10 : 0.3503    ndcg@20 : 0.3984
Sun 14 Dec 2025 00:58:27 INFO  Saving current: saved\NeuMF-Dec-14-2025_00-58-24.pth
Sun 14 Dec 2025 00:58:28 INFO  epoch 5 training [time: 0.25s, train loss: 22.0966]
Sun 14 Dec 2025 00:58:28 INFO  epoch 5 evaluating [time: 0.34s, valid_score: 0.391500]
Sun 14 Dec 2025 00:58:28 INFO  valid result: 
precision@10 : 0.0666    precision@20 : 0.0415    recall@10 : 0.6663    recall@20 : 0.8305    mrr@10 : 0.3078    mrr@20 : 0.3192    hit@10 : 0.6663    hit@20 : 0.8305    ndcg@10 : 0.3915    ndcg@20 : 0.433
Sun 14 Dec 2025 00:58:28 INFO  Saving current: saved\NeuMF-Dec-14-2025_00-58-24.pth
Sun 14 Dec 2025 00:58:28 INFO  epoch 6 training [time: 0.23s, train loss: 20.8690]
Sun 14 Dec 2025 00:58:29 INFO  epoch 6 evaluating [time: 0.35s, valid_score: 0.418700]
Sun 14 Dec 2025 00:58:29 INFO  valid result: 
precision@10 : 0.0691    precision@20 : 0.0424    recall@10 : 0.6908    recall@20 : 0.8475    mrr@10 : 0.3346    mrr@20 : 0.3456    hit@10 : 0.6908    hit@20 : 0.8475    ndcg@10 : 0.4187    ndcg@20 : 0.4585
Sun 14 Dec 2025 00:58:29 INFO  Saving current: saved\NeuMF-Dec-14-2025_00-58-24.pth
Sun 14 Dec 2025 00:58:29 INFO  epoch 7 training [time: 0.23s, train loss: 20.1391]
Sun 14 Dec 2025 00:58:30 INFO  epoch 7 evaluating [time: 0.35s, valid_score: 0.426800]
Sun 14 Dec 2025 00:58:30 INFO  valid result: 
precision@10 : 0.0706    precision@20 : 0.0433    recall@10 : 0.7058    recall@20 : 0.8667    mrr@10 : 0.3406    mrr@20 : 0.3521    hit@10 : 0.7058    hit@20 : 0.8667    ndcg@10 : 0.4268    ndcg@20 : 0.4679
Sun 14 Dec 2025 00:58:30 INFO  Saving current: saved\NeuMF-Dec-14-2025_00-58-24.pth
Sun 14 Dec 2025 00:58:30 INFO  epoch 8 training [time: 0.25s, train loss: 19.3555]
Sun 14 Dec 2025 00:58:30 INFO  epoch 8 evaluating [time: 0.37s, valid_score: 0.446700]
Sun 14 Dec 2025 00:58:30 INFO  valid result: 
precision@10 : 0.0732    precision@20 : 0.0436    recall@10 : 0.7324    recall@20 : 0.8721    mrr@10 : 0.3587    mrr@20 : 0.3685    hit@10 : 0.7324    hit@20 : 0.8721    ndcg@10 : 0.4467    ndcg@20 : 0.4821
Sun 14 Dec 2025 00:58:30 INFO  Saving current: saved\NeuMF-Dec-14-2025_00-58-24.pth
Sun 14 Dec 2025 00:58:31 INFO  epoch 9 training [time: 0.28s, train loss: 18.7362]
Sun 14 Dec 2025 00:58:31 INFO  epoch 9 evaluating [time: 0.37s, valid_score: 0.449800]
Sun 14 Dec 2025 00:58:31 INFO  valid result: 
precision@10 : 0.0731    precision@20 : 0.0442    recall@10 : 0.7313    recall@20 : 0.8838    mrr@10 : 0.3627    mrr@20 : 0.3735    hit@10 : 0.7313    hit@20 : 0.8838    ndcg@10 : 0.4498    ndcg@20 : 0.4887
Sun 14 Dec 2025 00:58:31 INFO  Saving current: saved\NeuMF-Dec-14-2025_00-58-24.pth
Sun 14 Dec 2025 00:58:31 INFO  epoch 10 training [time: 0.24s, train loss: 18.3039]
Sun 14 Dec 2025 00:58:32 INFO  epoch 10 evaluating [time: 0.35s, valid_score: 0.462000]
Sun 14 Dec 2025 00:58:32 INFO  valid result: 
precision@10 : 0.0744    precision@20 : 0.0443    recall@10 : 0.7441    recall@20 : 0.887    mrr@10 : 0.375    mrr@20 : 0.3851    hit@10 : 0.7441    hit@20 : 0.887    ndcg@10 : 0.462    ndcg@20 : 0.4983
Sun 14 Dec 2025 00:58:32 INFO  Saving current: saved\NeuMF-Dec-14-2025_00-58-24.pth
Sun 14 Dec 2025 00:58:32 INFO  epoch 11 training [time: 0.24s, train loss: 17.9017]
Sun 14 Dec 2025 00:58:33 INFO  epoch 11 evaluating [time: 0.35s, valid_score: 0.474400]
Sun 14 Dec 2025 00:58:33 INFO  valid result: 
precision@10 : 0.0748    precision@20 : 0.0446    recall@10 : 0.7484    recall@20 : 0.8913    mrr@10 : 0.3895    mrr@20 : 0.3997    hit@10 : 0.7484    hit@20 : 0.8913    ndcg@10 : 0.4744    ndcg@20 : 0.5109
Sun 14 Dec 2025 00:58:33 INFO  Saving current: saved\NeuMF-Dec-14-2025_00-58-24.pth
Sun 14 Dec 2025 00:58:33 INFO  epoch 12 training [time: 0.21s, train loss: 17.4513]
Sun 14 Dec 2025 00:58:33 INFO  epoch 12 evaluating [time: 0.34s, valid_score: 0.482200]
Sun 14 Dec 2025 00:58:33 INFO  valid result: 
precision@10 : 0.0775    precision@20 : 0.0447    recall@10 : 0.7751    recall@20 : 0.8934    mrr@10 : 0.3917    mrr@20 : 0.4003    hit@10 : 0.7751    hit@20 : 0.8934    ndcg@10 : 0.4822    ndcg@20 : 0.5126
Sun 14 Dec 2025 00:58:33 INFO  Saving current: saved\NeuMF-Dec-14-2025_00-58-24.pth
Sun 14 Dec 2025 00:58:34 INFO  epoch 13 training [time: 0.24s, train loss: 16.8530]
Sun 14 Dec 2025 00:58:34 INFO  epoch 13 evaluating [time: 0.35s, valid_score: 0.477600]
Sun 14 Dec 2025 00:58:34 INFO  valid result: 
precision@10 : 0.0765    precision@20 : 0.0449    recall@10 : 0.7655    recall@20 : 0.8977    mrr@10 : 0.3882    mrr@20 : 0.3977    hit@10 : 0.7655    hit@20 : 0.8977    ndcg@10 : 0.4776    ndcg@20 : 0.5115
Sun 14 Dec 2025 00:58:34 INFO  epoch 14 training [time: 0.24s, train loss: 16.6411]
Sun 14 Dec 2025 00:58:35 INFO  epoch 14 evaluating [time: 0.35s, valid_score: 0.486000]
Sun 14 Dec 2025 00:58:35 INFO  valid result: 
precision@10 : 0.0764    precision@20 : 0.045    recall@10 : 0.7644    recall@20 : 0.8998    mrr@10 : 0.4    mrr@20 : 0.4098    hit@10 : 0.7644    hit@20 : 0.8998    ndcg@10 : 0.486    ndcg@20 : 0.5207
Sun 14 Dec 2025 00:58:35 INFO  Saving current: saved\NeuMF-Dec-14-2025_00-58-24.pth
Sun 14 Dec 2025 00:58:35 INFO  epoch 15 training [time: 0.22s, train loss: 16.1870]
Sun 14 Dec 2025 00:58:35 INFO  epoch 15 evaluating [time: 0.34s, valid_score: 0.499800]
Sun 14 Dec 2025 00:58:36 INFO  valid result: 
precision@10 : 0.0781    precision@20 : 0.0451    recall@10 : 0.7814    recall@20 : 0.9019    mrr@10 : 0.4125    mrr@20 : 0.4208    hit@10 : 0.7814    hit@20 : 0.9019    ndcg@10 : 0.4998    ndcg@20 : 0.5302
Sun 14 Dec 2025 00:58:36 INFO  Saving current: saved\NeuMF-Dec-14-2025_00-58-24.pth
Sun 14 Dec 2025 00:58:36 INFO  epoch 16 training [time: 0.25s, train loss: 15.7656]
Sun 14 Dec 2025 00:58:36 INFO  epoch 16 evaluating [time: 0.36s, valid_score: 0.495000]
Sun 14 Dec 2025 00:58:36 INFO  valid result: 
precision@10 : 0.0773    precision@20 : 0.0453    recall@10 : 0.7729    recall@20 : 0.9062    mrr@10 : 0.4082    mrr@20 : 0.4175    hit@10 : 0.7729    hit@20 : 0.9062    ndcg@10 : 0.495    ndcg@20 : 0.5287
Sun 14 Dec 2025 00:58:37 INFO  epoch 17 training [time: 0.23s, train loss: 15.4170]
Sun 14 Dec 2025 00:58:37 INFO  epoch 17 evaluating [time: 0.34s, valid_score: 0.504500]
Sun 14 Dec 2025 00:58:37 INFO  valid result: 
precision@10 : 0.0788    precision@20 : 0.0447    recall@10 : 0.7878    recall@20 : 0.8945    mrr@10 : 0.4163    mrr@20 : 0.424    hit@10 : 0.7878    hit@20 : 0.8945    ndcg@10 : 0.5045    ndcg@20 : 0.5318
Sun 14 Dec 2025 00:58:37 INFO  Saving current: saved\NeuMF-Dec-14-2025_00-58-24.pth
Sun 14 Dec 2025 00:58:37 INFO  epoch 18 training [time: 0.23s, train loss: 15.0276]
Sun 14 Dec 2025 00:58:38 INFO  epoch 18 evaluating [time: 0.38s, valid_score: 0.499200]
Sun 14 Dec 2025 00:58:38 INFO  valid result: 
precision@10 : 0.0773    precision@20 : 0.0454    recall@10 : 0.7729    recall@20 : 0.9072    mrr@10 : 0.4141    mrr@20 : 0.4236    hit@10 : 0.7729    hit@20 : 0.9072    ndcg@10 : 0.4992    ndcg@20 : 0.5333
Sun 14 Dec 2025 00:58:38 INFO  epoch 19 training [time: 0.23s, train loss: 14.8439]
Sun 14 Dec 2025 00:58:38 INFO  epoch 19 evaluating [time: 0.35s, valid_score: 0.502100]
Sun 14 Dec 2025 00:58:38 INFO  valid result: 
precision@10 : 0.0786    precision@20 : 0.0454    recall@10 : 0.7857    recall@20 : 0.9083    mrr@10 : 0.414    mrr@20 : 0.4226    hit@10 : 0.7857    hit@20 : 0.9083    ndcg@10 : 0.5021    ndcg@20 : 0.5332
Sun 14 Dec 2025 00:58:39 INFO  epoch 20 training [time: 0.25s, train loss: 14.5742]
Sun 14 Dec 2025 00:58:39 INFO  epoch 20 evaluating [time: 0.36s, valid_score: 0.509500]
Sun 14 Dec 2025 00:58:39 INFO  valid result: 
precision@10 : 0.0796    precision@20 : 0.0457    recall@10 : 0.7964    recall@20 : 0.9147    mrr@10 : 0.4207    mrr@20 : 0.4289    hit@10 : 0.7964    hit@20 : 0.9147    ndcg@10 : 0.5095    ndcg@20 : 0.5394
Sun 14 Dec 2025 00:58:39 INFO  Saving current: saved\NeuMF-Dec-14-2025_00-58-24.pth
Sun 14 Dec 2025 00:58:39 INFO  epoch 21 training [time: 0.22s, train loss: 14.2944]
Sun 14 Dec 2025 00:58:40 INFO  epoch 21 evaluating [time: 0.36s, valid_score: 0.502000]
Sun 14 Dec 2025 00:58:40 INFO  valid result: 
precision@10 : 0.0792    precision@20 : 0.0454    recall@10 : 0.7921    recall@20 : 0.9083    mrr@10 : 0.4118    mrr@20 : 0.4201    hit@10 : 0.7921    hit@20 : 0.9083    ndcg@10 : 0.502    ndcg@20 : 0.5316
Sun 14 Dec 2025 00:58:40 INFO  epoch 22 training [time: 0.27s, train loss: 13.9346]
Sun 14 Dec 2025 00:58:41 INFO  epoch 22 evaluating [time: 0.36s, valid_score: 0.501300]
Sun 14 Dec 2025 00:58:41 INFO  valid result: 
precision@10 : 0.0791    precision@20 : 0.045    recall@10 : 0.791    recall@20 : 0.9009    mrr@10 : 0.4108    mrr@20 : 0.419    hit@10 : 0.791    hit@20 : 0.9009    ndcg@10 : 0.5013    ndcg@20 : 0.5297
Sun 14 Dec 2025 00:58:41 INFO  epoch 23 training [time: 0.22s, train loss: 13.6581]
Sun 14 Dec 2025 00:58:41 INFO  epoch 23 evaluating [time: 0.36s, valid_score: 0.515200]
Sun 14 Dec 2025 00:58:41 INFO  valid result: 
precision@10 : 0.0796    precision@20 : 0.0454    recall@10 : 0.7964    recall@20 : 0.9072    mrr@10 : 0.4279    mrr@20 : 0.4358    hit@10 : 0.7964    hit@20 : 0.9072    ndcg@10 : 0.5152    ndcg@20 : 0.5434
Sun 14 Dec 2025 00:58:41 INFO  Saving current: saved\NeuMF-Dec-14-2025_00-58-24.pth
Sun 14 Dec 2025 00:58:42 INFO  epoch 24 training [time: 0.24s, train loss: 13.3206]
Sun 14 Dec 2025 00:58:42 INFO  epoch 24 evaluating [time: 0.36s, valid_score: 0.503100]
Sun 14 Dec 2025 00:58:42 INFO  valid result: 
precision@10 : 0.0783    precision@20 : 0.0451    recall@10 : 0.7825    recall@20 : 0.903    mrr@10 : 0.4155    mrr@20 : 0.4241    hit@10 : 0.7825    hit@20 : 0.903    ndcg@10 : 0.5031    ndcg@20 : 0.5338
Sun 14 Dec 2025 00:58:42 INFO  epoch 25 training [time: 0.24s, train loss: 12.9940]
Sun 14 Dec 2025 00:58:43 INFO  epoch 25 evaluating [time: 0.36s, valid_score: 0.507400]
Sun 14 Dec 2025 00:58:43 INFO  valid result: 
precision@10 : 0.0803    precision@20 : 0.0453    recall@10 : 0.8028    recall@20 : 0.9062    mrr@10 : 0.4151    mrr@20 : 0.4225    hit@10 : 0.8028    hit@20 : 0.9062    ndcg@10 : 0.5074    ndcg@20 : 0.5338
Sun 14 Dec 2025 00:58:43 INFO  epoch 26 training [time: 0.22s, train loss: 12.7563]
Sun 14 Dec 2025 00:58:43 INFO  epoch 26 evaluating [time: 0.34s, valid_score: 0.506600]
Sun 14 Dec 2025 00:58:44 INFO  valid result: 
precision@10 : 0.0793    precision@20 : 0.0457    recall@10 : 0.7932    recall@20 : 0.9147    mrr@10 : 0.4174    mrr@20 : 0.4259    hit@10 : 0.7932    hit@20 : 0.9147    ndcg@10 : 0.5066    ndcg@20 : 0.5375
Sun 14 Dec 2025 00:58:44 INFO  epoch 27 training [time: 0.24s, train loss: 12.5207]
Sun 14 Dec 2025 00:58:44 INFO  epoch 27 evaluating [time: 0.34s, valid_score: 0.515300]
Sun 14 Dec 2025 00:58:44 INFO  valid result: 
precision@10 : 0.0793    precision@20 : 0.0457    recall@10 : 0.7932    recall@20 : 0.9147    mrr@10 : 0.4286    mrr@20 : 0.4372    hit@10 : 0.7932    hit@20 : 0.9147    ndcg@10 : 0.5153    ndcg@20 : 0.5463
Sun 14 Dec 2025 00:58:44 INFO  Saving current: saved\NeuMF-Dec-14-2025_00-58-24.pth
Sun 14 Dec 2025 00:58:45 INFO  epoch 28 training [time: 0.24s, train loss: 12.2819]
Sun 14 Dec 2025 00:58:45 INFO  epoch 28 evaluating [time: 0.36s, valid_score: 0.503000]
Sun 14 Dec 2025 00:58:45 INFO  valid result: 
precision@10 : 0.0791    precision@20 : 0.0461    recall@10 : 0.791    recall@20 : 0.9222    mrr@10 : 0.4127    mrr@20 : 0.4218    hit@10 : 0.791    hit@20 : 0.9222    ndcg@10 : 0.503    ndcg@20 : 0.5362
Sun 14 Dec 2025 00:58:45 INFO  epoch 29 training [time: 0.26s, train loss: 11.9779]
Sun 14 Dec 2025 00:58:46 INFO  epoch 29 evaluating [time: 0.36s, valid_score: 0.514800]
Sun 14 Dec 2025 00:58:46 INFO  valid result: 
precision@10 : 0.0797    precision@20 : 0.0454    recall@10 : 0.7974    recall@20 : 0.9072    mrr@10 : 0.4272    mrr@20 : 0.435    hit@10 : 0.7974    hit@20 : 0.9072    ndcg@10 : 0.5148    ndcg@20 : 0.5429
Sun 14 Dec 2025 00:58:46 INFO  epoch 30 training [time: 0.24s, train loss: 11.6218]
Sun 14 Dec 2025 00:58:46 INFO  epoch 30 evaluating [time: 0.35s, valid_score: 0.509100]
Sun 14 Dec 2025 00:58:46 INFO  valid result: 
precision@10 : 0.0789    precision@20 : 0.0457    recall@10 : 0.7889    recall@20 : 0.9147    mrr@10 : 0.4216    mrr@20 : 0.4309    hit@10 : 0.7889    hit@20 : 0.9147    ndcg@10 : 0.5091    ndcg@20 : 0.5416
Sun 14 Dec 2025 00:58:47 INFO  epoch 31 training [time: 0.24s, train loss: 11.3768]
Sun 14 Dec 2025 00:58:47 INFO  epoch 31 evaluating [time: 0.36s, valid_score: 0.521600]
Sun 14 Dec 2025 00:58:47 INFO  valid result: 
precision@10 : 0.08    precision@20 : 0.0457    recall@10 : 0.7996    recall@20 : 0.9136    mrr@10 : 0.4353    mrr@20 : 0.4435    hit@10 : 0.7996    hit@20 : 0.9136    ndcg@10 : 0.5216    ndcg@20 : 0.5508
Sun 14 Dec 2025 00:58:47 INFO  Saving current: saved\NeuMF-Dec-14-2025_00-58-24.pth
Sun 14 Dec 2025 00:58:47 INFO  epoch 32 training [time: 0.25s, train loss: 11.1135]
Sun 14 Dec 2025 00:58:48 INFO  epoch 32 evaluating [time: 0.36s, valid_score: 0.510700]
Sun 14 Dec 2025 00:58:48 INFO  valid result: 
precision@10 : 0.0791    precision@20 : 0.0459    recall@10 : 0.791    recall@20 : 0.9179    mrr@10 : 0.4235    mrr@20 : 0.4326    hit@10 : 0.791    hit@20 : 0.9179    ndcg@10 : 0.5107    ndcg@20 : 0.5432
Sun 14 Dec 2025 00:58:48 INFO  epoch 33 training [time: 0.26s, train loss: 10.9022]
Sun 14 Dec 2025 00:58:49 INFO  epoch 33 evaluating [time: 0.36s, valid_score: 0.507500]
Sun 14 Dec 2025 00:58:49 INFO  valid result: 
precision@10 : 0.0792    precision@20 : 0.0457    recall@10 : 0.7921    recall@20 : 0.9147    mrr@10 : 0.4184    mrr@20 : 0.4269    hit@10 : 0.7921    hit@20 : 0.9147    ndcg@10 : 0.5075    ndcg@20 : 0.5385
Sun 14 Dec 2025 00:58:49 INFO  epoch 34 training [time: 0.23s, train loss: 10.7421]
Sun 14 Dec 2025 00:58:49 INFO  epoch 34 evaluating [time: 0.34s, valid_score: 0.518100]
Sun 14 Dec 2025 00:58:49 INFO  valid result: 
precision@10 : 0.0797    precision@20 : 0.046    recall@10 : 0.7974    recall@20 : 0.92    mrr@10 : 0.4307    mrr@20 : 0.4394    hit@10 : 0.7974    hit@20 : 0.92    ndcg@10 : 0.5181    ndcg@20 : 0.5493
Sun 14 Dec 2025 00:58:50 INFO  epoch 35 training [time: 0.25s, train loss: 10.4160]
Sun 14 Dec 2025 00:58:50 INFO  epoch 35 evaluating [time: 0.36s, valid_score: 0.510800]
Sun 14 Dec 2025 00:58:50 INFO  valid result: 
precision@10 : 0.0783    precision@20 : 0.0457    recall@10 : 0.7825    recall@20 : 0.9136    mrr@10 : 0.4259    mrr@20 : 0.4354    hit@10 : 0.7825    hit@20 : 0.9136    ndcg@10 : 0.5108    ndcg@20 : 0.5445
Sun 14 Dec 2025 00:58:50 INFO  epoch 36 training [time: 0.24s, train loss: 10.3321]
Sun 14 Dec 2025 00:58:51 INFO  epoch 36 evaluating [time: 0.35s, valid_score: 0.508700]
Sun 14 Dec 2025 00:58:51 INFO  valid result: 
precision@10 : 0.0791    precision@20 : 0.0457    recall@10 : 0.791    recall@20 : 0.9147    mrr@10 : 0.4209    mrr@20 : 0.4298    hit@10 : 0.791    hit@20 : 0.9147    ndcg@10 : 0.5087    ndcg@20 : 0.5402
Sun 14 Dec 2025 00:58:51 INFO  epoch 37 training [time: 0.23s, train loss: 10.0449]
Sun 14 Dec 2025 00:58:51 INFO  epoch 37 evaluating [time: 0.35s, valid_score: 0.509400]
Sun 14 Dec 2025 00:58:52 INFO  valid result: 
precision@10 : 0.0783    precision@20 : 0.0456    recall@10 : 0.7825    recall@20 : 0.9115    mrr@10 : 0.4238    mrr@20 : 0.4331    hit@10 : 0.7825    hit@20 : 0.9115    ndcg@10 : 0.5094    ndcg@20 : 0.5425
Sun 14 Dec 2025 00:58:52 INFO  Finished training, best eval result in epoch 31
Sun 14 Dec 2025 00:58:52 INFO  Loading model structure and parameters from saved\NeuMF-Dec-14-2025_00-58-24.pth
Sun 14 Dec 2025 00:58:53 INFO  The running environment of this training is as follows:
+-------------+----------------+
| Environment |     Usage      |
+=============+================+
| CPU         |     9.40 %     |
+-------------+----------------+
| GPU         | 0.36 G/8.00 G  |
+-------------+----------------+
| Memory      | 1.95 G/15.26 G |
+-------------+----------------+
Sun 14 Dec 2025 00:58:53 INFO  best valid : OrderedDict([('precision@10', 0.08), ('precision@20', 0.0457), ('recall@10', 0.7996), ('recall@20', 0.9136), ('mrr@10', 0.4353), ('mrr@20', 0.4435), ('hit@10', 0.7996), ('hit@20', 0.9136), ('ndcg@10', 0.5216), ('ndcg@20', 0.5508)])
Sun 14 Dec 2025 00:58:53 INFO  test result: OrderedDict([('precision@10', 0.0785), ('precision@20', 0.0453), ('recall@10', 0.7846), ('recall@20', 0.9062), ('mrr@10', 0.4092), ('mrr@20', 0.418), ('hit@10', 0.7846), ('hit@20', 0.9062), ('ndcg@10', 0.4984), ('ndcg@20', 0.5296)])
