Tue 09 Dec 2025 00:21:29 INFO  ['c:\\Users\\martin\\miniconda3\\envs\\bp\\Lib\\site-packages\\ipykernel_launcher.py', '--f=c:\\Users\\martin\\AppData\\Roaming\\jupyter\\runtime\\kernel-v36d94b79157c8ac1892c0baa1603bfba24b37cfdf.json']
Tue 09 Dec 2025 00:21:29 INFO  
General Hyper Parameters:
gpu_id = 0
use_gpu = True
seed = 2020
state = INFO
reproducibility = True
data_path = ./data/split/douban\douban--expR
checkpoint_dir = saved
show_progress = True
save_dataset = False
dataset_save_path = None
save_dataloaders = False
dataloaders_save_path = None
log_wandb = False

Training Hyper Parameters:
epochs = 50
train_batch_size = 2048
learner = adam
learning_rate = 0.001
train_neg_sample_args = {'distribution': 'uniform', 'sample_num': 1, 'alpha': 1.0, 'dynamic': False, 'candidate_num': 0}
eval_step = 1
stopping_step = 5
clip_grad_norm = None
weight_decay = 0.0
loss_decimal_place = 4

Evaluation Hyper Parameters:
eval_args = {'split': {'RS': [0, 0, 0]}, 'order': 'RO', 'group_by': 'user', 'mode': {'valid': 'full', 'test': 'full'}}
repeatable = False
metrics = ['Precision', 'Recall', 'MRR', 'Hit', 'NDCG']
topk = [10, 20]
valid_metric = NDCG@10
valid_metric_bigger = True
eval_batch_size = 4096
metric_decimal_place = 4

Dataset Hyper Parameters:
field_separator = 	
seq_separator =  
USER_ID_FIELD = user_id
ITEM_ID_FIELD = item_id
RATING_FIELD = rating
TIME_FIELD = timestamp
seq_len = None
LABEL_FIELD = label
threshold = None
NEG_PREFIX = neg_
load_col = {'inter': ['user_id', 'item_id']}
unload_col = None
unused_col = None
additional_feat_suffix = None
rm_dup_inter = None
val_interval = None
filter_inter_by_user_or_item = True
user_inter_num_interval = [0,inf)
item_inter_num_interval = [0,inf)
alias_of_user_id = None
alias_of_item_id = None
alias_of_entity_id = None
alias_of_relation_id = None
preload_weight = None
normalize_field = None
normalize_all = None
ITEM_LIST_LENGTH_FIELD = item_length
LIST_SUFFIX = _list
MAX_ITEM_LIST_LENGTH = 50
POSITION_FIELD = position_id
HEAD_ENTITY_ID_FIELD = head_id
TAIL_ENTITY_ID_FIELD = tail_id
RELATION_ID_FIELD = relation_id
ENTITY_ID_FIELD = entity_id
benchmark_filename = ['train', 'valid', 'test']

Other Hyper Parameters: 
worker = 0
wandb_project = recbole
shuffle = True
require_pow = False
enable_amp = False
enable_scaler = False
transform = None
mf_embedding_size = 64
mlp_embedding_size = 64
mlp_hidden_size = [128, 64]
dropout_prob = 0.1
mf_train = True
mlp_train = True
use_pretrain = False
mf_pretrain_path = None
mlp_pretrain_path = None
numerical_features = []
discretization = None
kg_reverse_r = False
entity_kg_num_interval = [0,inf)
relation_kg_num_interval = [0,inf)
MODEL_TYPE = ModelType.GENERAL
MODEL_INPUT_TYPE = InputType.POINTWISE
eval_type = EvaluatorType.RANKING
single_spec = True
local_rank = 0
device = cpu
valid_neg_sample_args = {'distribution': 'uniform', 'sample_num': 'none'}
test_neg_sample_args = {'distribution': 'uniform', 'sample_num': 'none'}


Tue 09 Dec 2025 00:21:32 INFO  douban--expR
The number of users: 108664
Average actions of users: 8.903232931172525
The number of items: 29
Average actions of items: 34551.857142857145
The number of inters: 967452
The sparsity of the dataset: 69.29947931872245%
Remain Fields: ['user_id', 'item_id']
Tue 09 Dec 2025 00:21:38 INFO  [Training]: train_batch_size = [2048] train_neg_sample_args: [{'distribution': 'uniform', 'sample_num': 1, 'alpha': 1.0, 'dynamic': False, 'candidate_num': 0}]
Tue 09 Dec 2025 00:21:38 INFO  [Evaluation]: eval_batch_size = [4096] eval_args: [{'split': {'RS': [0, 0, 0]}, 'order': 'RO', 'group_by': 'user', 'mode': {'valid': 'full', 'test': 'full'}}]
Tue 09 Dec 2025 00:21:38 INFO  NeuMF(
  (user_mf_embedding): Embedding(108664, 64)
  (item_mf_embedding): Embedding(29, 64)
  (user_mlp_embedding): Embedding(108664, 64)
  (item_mlp_embedding): Embedding(29, 64)
  (mlp_layers): MLPLayers(
    (mlp_layers): Sequential(
      (0): Dropout(p=0.1, inplace=False)
      (1): Linear(in_features=128, out_features=128, bias=True)
      (2): ReLU()
      (3): Dropout(p=0.1, inplace=False)
      (4): Linear(in_features=128, out_features=64, bias=True)
      (5): ReLU()
    )
  )
  (predict_layer): Linear(in_features=128, out_features=1, bias=True)
  (sigmoid): Sigmoid()
  (loss): BCEWithLogitsLoss()
)
Trainable parameters: 13937601
Tue 09 Dec 2025 00:21:38 INFO  FLOPs: 24960.0
Tue 09 Dec 2025 00:23:09 INFO  epoch 0 training [time: 91.03s, train loss: 470.0667]
Tue 09 Dec 2025 00:23:21 INFO  epoch 0 evaluating [time: 11.66s, valid_score: 0.392000]
Tue 09 Dec 2025 00:23:21 INFO  valid result: 
precision@10 : 0.0735    precision@20 : 0.0485    recall@10 : 0.7354    recall@20 : 0.9701    mrr@10 : 0.2877    mrr@20 : 0.3043    hit@10 : 0.7354    hit@20 : 0.9701    ndcg@10 : 0.392    ndcg@20 : 0.4518
Tue 09 Dec 2025 00:23:21 INFO  Saving current: saved\NeuMF-Dec-09-2025_00-21-38.pth
Tue 09 Dec 2025 00:24:49 INFO  epoch 1 training [time: 88.19s, train loss: 344.5795]
Tue 09 Dec 2025 00:25:01 INFO  epoch 1 evaluating [time: 11.91s, valid_score: 0.349800]
Tue 09 Dec 2025 00:25:01 INFO  valid result: 
precision@10 : 0.0669    precision@20 : 0.0473    recall@10 : 0.6692    recall@20 : 0.9462    mrr@10 : 0.2532    mrr@20 : 0.2726    hit@10 : 0.6692    hit@20 : 0.9462    ndcg@10 : 0.3498    ndcg@20 : 0.4201
Tue 09 Dec 2025 00:26:21 INFO  epoch 2 training [time: 79.17s, train loss: 150.3210]
Tue 09 Dec 2025 00:26:32 INFO  epoch 2 evaluating [time: 11.68s, valid_score: 0.303000]
Tue 09 Dec 2025 00:26:32 INFO  valid result: 
precision@10 : 0.0588    precision@20 : 0.0454    recall@10 : 0.5876    recall@20 : 0.9072    mrr@10 : 0.2173    mrr@20 : 0.2392    hit@10 : 0.5876    hit@20 : 0.9072    ndcg@10 : 0.303    ndcg@20 : 0.3834
Tue 09 Dec 2025 00:27:39 INFO  epoch 3 training [time: 66.96s, train loss: 43.4707]
Tue 09 Dec 2025 00:27:50 INFO  epoch 3 evaluating [time: 10.71s, valid_score: 0.280300]
Tue 09 Dec 2025 00:27:50 INFO  valid result: 
precision@10 : 0.055    precision@20 : 0.0447    recall@10 : 0.5502    recall@20 : 0.8949    mrr@10 : 0.1993    mrr@20 : 0.2227    hit@10 : 0.5502    hit@20 : 0.8949    ndcg@10 : 0.2803    ndcg@20 : 0.3668
Tue 09 Dec 2025 00:28:57 INFO  epoch 4 training [time: 67.32s, train loss: 14.9051]
Tue 09 Dec 2025 00:29:09 INFO  epoch 4 evaluating [time: 11.80s, valid_score: 0.263600]
Tue 09 Dec 2025 00:29:09 INFO  valid result: 
precision@10 : 0.0525    precision@20 : 0.0444    recall@10 : 0.5254    recall@20 : 0.8874    mrr@10 : 0.1852    mrr@20 : 0.2097    hit@10 : 0.5254    hit@20 : 0.8874    ndcg@10 : 0.2636    ndcg@20 : 0.3544
Tue 09 Dec 2025 00:30:23 INFO  epoch 5 training [time: 73.60s, train loss: 6.5602]
Tue 09 Dec 2025 00:30:37 INFO  epoch 5 evaluating [time: 14.16s, valid_score: 0.252100]
Tue 09 Dec 2025 00:30:37 INFO  valid result: 
precision@10 : 0.0509    precision@20 : 0.044    recall@10 : 0.509    recall@20 : 0.8806    mrr@10 : 0.1754    mrr@20 : 0.2005    hit@10 : 0.509    hit@20 : 0.8806    ndcg@10 : 0.2521    ndcg@20 : 0.3453
Tue 09 Dec 2025 00:32:20 INFO  epoch 6 training [time: 103.28s, train loss: 3.2695]
Tue 09 Dec 2025 00:32:33 INFO  epoch 6 evaluating [time: 13.24s, valid_score: 0.250000]
Tue 09 Dec 2025 00:32:34 INFO  valid result: 
precision@10 : 0.0507    precision@20 : 0.044    recall@10 : 0.5071    recall@20 : 0.8796    mrr@10 : 0.1731    mrr@20 : 0.1983    hit@10 : 0.5071    hit@20 : 0.8796    ndcg@10 : 0.25    ndcg@20 : 0.3433
Tue 09 Dec 2025 00:32:34 INFO  Finished training, best eval result in epoch 0
Tue 09 Dec 2025 00:32:34 INFO  Loading model structure and parameters from saved\NeuMF-Dec-09-2025_00-21-38.pth
Tue 09 Dec 2025 00:32:46 INFO  The running environment of this training is as follows:
+-------------+----------------+
| Environment |     Usage      |
+=============+================+
| CPU         |    16.40 %     |
+-------------+----------------+
| GPU         |   0.0 / 0.0    |
+-------------+----------------+
| Memory      | 1.51 G/13.86 G |
+-------------+----------------+
Tue 09 Dec 2025 00:32:46 INFO  best valid : OrderedDict([('precision@10', 0.0735), ('precision@20', 0.0485), ('recall@10', 0.7354), ('recall@20', 0.9701), ('mrr@10', 0.2877), ('mrr@20', 0.3043), ('hit@10', 0.7354), ('hit@20', 0.9701), ('ndcg@10', 0.392), ('ndcg@20', 0.4518)])
Tue 09 Dec 2025 00:32:46 INFO  test result: OrderedDict([('precision@10', 0.0764), ('precision@20', 0.049), ('recall@10', 0.7638), ('recall@20', 0.9798), ('mrr@10', 0.3177), ('mrr@20', 0.3331), ('hit@10', 0.7638), ('hit@20', 0.9798), ('ndcg@10', 0.4219), ('ndcg@20', 0.4771)])
