Wed 19 Nov 2025 00:57:24 INFO  ['c:\\Users\\martin\\miniconda3\\envs\\bp\\Lib\\site-packages\\ipykernel_launcher.py', '--f=c:\\Users\\martin\\AppData\\Roaming\\jupyter\\runtime\\kernel-v3622422e5bdfed9801eb125eda29c27abe47778e1.json']
Wed 19 Nov 2025 00:57:24 INFO  
General Hyper Parameters:
gpu_id = 0
use_gpu = True
seed = 2020
state = INFO
reproducibility = True
data_path = ./data/split/ml-100k\ml-100k--expR
checkpoint_dir = saved
show_progress = True
save_dataset = False
dataset_save_path = None
save_dataloaders = False
dataloaders_save_path = None
log_wandb = False

Training Hyper Parameters:
epochs = 50
train_batch_size = 2048
learner = adam
learning_rate = 0.001
train_neg_sample_args = {'distribution': 'uniform', 'sample_num': 1, 'alpha': 1.0, 'dynamic': False, 'candidate_num': 0}
eval_step = 1
stopping_step = 5
clip_grad_norm = None
weight_decay = 0.0
loss_decimal_place = 4

Evaluation Hyper Parameters:
eval_args = {'split': {'RS': [0, 0, 0]}, 'order': 'RO', 'group_by': 'user', 'mode': {'valid': 'full', 'test': 'full'}}
repeatable = False
metrics = ['Precision', 'Recall', 'MRR', 'Hit', 'NDCG']
topk = [10, 20]
valid_metric = NDCG@10
valid_metric_bigger = True
eval_batch_size = 4096
metric_decimal_place = 4

Dataset Hyper Parameters:
field_separator = 	
seq_separator =  
USER_ID_FIELD = user_id
ITEM_ID_FIELD = item_id
RATING_FIELD = rating
TIME_FIELD = timestamp
seq_len = None
LABEL_FIELD = label
threshold = None
NEG_PREFIX = neg_
load_col = {'inter': ['user_id', 'item_id']}
unload_col = None
unused_col = None
additional_feat_suffix = None
rm_dup_inter = None
val_interval = None
filter_inter_by_user_or_item = True
user_inter_num_interval = [0,inf)
item_inter_num_interval = [0,inf)
alias_of_user_id = None
alias_of_item_id = None
alias_of_entity_id = None
alias_of_relation_id = None
preload_weight = None
normalize_field = None
normalize_all = None
ITEM_LIST_LENGTH_FIELD = item_length
LIST_SUFFIX = _list
MAX_ITEM_LIST_LENGTH = 50
POSITION_FIELD = position_id
HEAD_ENTITY_ID_FIELD = head_id
TAIL_ENTITY_ID_FIELD = tail_id
RELATION_ID_FIELD = relation_id
ENTITY_ID_FIELD = entity_id
benchmark_filename = ['train', 'valid', 'test']

Other Hyper Parameters: 
worker = 0
wandb_project = recbole
shuffle = True
require_pow = False
enable_amp = False
enable_scaler = False
transform = None
mf_embedding_size = 64
mlp_embedding_size = 64
mlp_hidden_size = [128, 64]
dropout_prob = 0.1
mf_train = True
mlp_train = True
use_pretrain = False
mf_pretrain_path = None
mlp_pretrain_path = None
numerical_features = []
discretization = None
kg_reverse_r = False
entity_kg_num_interval = [0,inf)
relation_kg_num_interval = [0,inf)
MODEL_TYPE = ModelType.GENERAL
test_args = {'mode': 'full'}
MODEL_INPUT_TYPE = InputType.POINTWISE
eval_type = EvaluatorType.RANKING
single_spec = True
local_rank = 0
device = cpu
valid_neg_sample_args = {'distribution': 'uniform', 'sample_num': 'none'}
test_neg_sample_args = {'distribution': 'uniform', 'sample_num': 'none'}


Wed 19 Nov 2025 00:57:25 INFO  ml-100k--expR
The number of users: 944
Average actions of users: 106.04453870625663
The number of items: 1683
Average actions of items: 59.45303210463734
The number of inters: 100000
The sparsity of the dataset: 93.70575143257098%
Remain Fields: ['user_id', 'item_id']
Wed 19 Nov 2025 00:57:25 INFO  [Training]: train_batch_size = [2048] train_neg_sample_args: [{'distribution': 'uniform', 'sample_num': 1, 'alpha': 1.0, 'dynamic': False, 'candidate_num': 0}]
Wed 19 Nov 2025 00:57:25 INFO  [Evaluation]: eval_batch_size = [4096] eval_args: [{'split': {'RS': [0, 0, 0]}, 'order': 'RO', 'group_by': 'user', 'mode': {'valid': 'full', 'test': 'full'}}]
Wed 19 Nov 2025 00:57:25 INFO  NeuMF(
  (user_mf_embedding): Embedding(944, 64)
  (item_mf_embedding): Embedding(1683, 64)
  (user_mlp_embedding): Embedding(944, 64)
  (item_mlp_embedding): Embedding(1683, 64)
  (mlp_layers): MLPLayers(
    (mlp_layers): Sequential(
      (0): Dropout(p=0.1, inplace=False)
      (1): Linear(in_features=128, out_features=128, bias=True)
      (2): ReLU()
      (3): Dropout(p=0.1, inplace=False)
      (4): Linear(in_features=128, out_features=64, bias=True)
      (5): ReLU()
    )
  )
  (predict_layer): Linear(in_features=128, out_features=1, bias=True)
  (sigmoid): Sigmoid()
  (loss): BCEWithLogitsLoss()
)
Trainable parameters: 361153
Wed 19 Nov 2025 00:57:26 INFO  FLOPs: 24960.0
Wed 19 Nov 2025 00:57:27 INFO  epoch 0 training [time: 1.80s, train loss: 54.6140]
Wed 19 Nov 2025 00:57:29 INFO  epoch 0 evaluating [time: 1.32s, valid_score: 0.066000]
Wed 19 Nov 2025 00:57:29 INFO  valid result: 
precision@10 : 0.0121    precision@20 : 0.0082    recall@10 : 0.1209    recall@20 : 0.1644    mrr@10 : 0.0496    mrr@20 : 0.0524    hit@10 : 0.1209    hit@20 : 0.1644    ndcg@10 : 0.066    ndcg@20 : 0.0768
Wed 19 Nov 2025 00:57:29 INFO  Saving current: saved\NeuMF-Nov-19-2025_00-57-26.pth
Wed 19 Nov 2025 00:57:31 INFO  epoch 1 training [time: 1.79s, train loss: 44.7008]
Wed 19 Nov 2025 00:57:32 INFO  epoch 1 evaluating [time: 1.38s, valid_score: 0.061500]
Wed 19 Nov 2025 00:57:32 INFO  valid result: 
precision@10 : 0.0119    precision@20 : 0.0091    recall@10 : 0.1188    recall@20 : 0.1824    mrr@10 : 0.0443    mrr@20 : 0.0486    hit@10 : 0.1188    hit@20 : 0.1824    ndcg@10 : 0.0615    ndcg@20 : 0.0775
Wed 19 Nov 2025 00:57:34 INFO  epoch 2 training [time: 1.92s, train loss: 42.5498]
Wed 19 Nov 2025 00:57:35 INFO  epoch 2 evaluating [time: 1.36s, valid_score: 0.087600]
Wed 19 Nov 2025 00:57:35 INFO  valid result: 
precision@10 : 0.0166    precision@20 : 0.0118    recall@10 : 0.1665    recall@20 : 0.2365    mrr@10 : 0.0637    mrr@20 : 0.0684    hit@10 : 0.1665    hit@20 : 0.2365    ndcg@10 : 0.0876    ndcg@20 : 0.1052
Wed 19 Nov 2025 00:57:35 INFO  Saving current: saved\NeuMF-Nov-19-2025_00-57-26.pth
Wed 19 Nov 2025 00:57:37 INFO  epoch 3 training [time: 1.94s, train loss: 38.9022]
Wed 19 Nov 2025 00:57:39 INFO  epoch 3 evaluating [time: 1.29s, valid_score: 0.111800]
Wed 19 Nov 2025 00:57:39 INFO  valid result: 
precision@10 : 0.0208    precision@20 : 0.0143    recall@10 : 0.2078    recall@20 : 0.2853    mrr@10 : 0.0826    mrr@20 : 0.0879    hit@10 : 0.2078    hit@20 : 0.2853    ndcg@10 : 0.1118    ndcg@20 : 0.1313
Wed 19 Nov 2025 00:57:39 INFO  Saving current: saved\NeuMF-Nov-19-2025_00-57-26.pth
Wed 19 Nov 2025 00:57:41 INFO  epoch 4 training [time: 1.96s, train loss: 36.3649]
Wed 19 Nov 2025 00:57:42 INFO  epoch 4 evaluating [time: 1.28s, valid_score: 0.116900]
Wed 19 Nov 2025 00:57:42 INFO  valid result: 
precision@10 : 0.0212    precision@20 : 0.0151    recall@10 : 0.2121    recall@20 : 0.3012    mrr@10 : 0.0881    mrr@20 : 0.094    hit@10 : 0.2121    hit@20 : 0.3012    ndcg@10 : 0.1169    ndcg@20 : 0.1392
Wed 19 Nov 2025 00:57:42 INFO  Saving current: saved\NeuMF-Nov-19-2025_00-57-26.pth
Wed 19 Nov 2025 00:57:44 INFO  epoch 5 training [time: 2.10s, train loss: 34.9448]
Wed 19 Nov 2025 00:57:46 INFO  epoch 5 evaluating [time: 1.66s, valid_score: 0.120600]
Wed 19 Nov 2025 00:57:46 INFO  valid result: 
precision@10 : 0.021    precision@20 : 0.0155    recall@10 : 0.21    recall@20 : 0.3097    mrr@10 : 0.0932    mrr@20 : 0.1001    hit@10 : 0.21    hit@20 : 0.3097    ndcg@10 : 0.1206    ndcg@20 : 0.1458
Wed 19 Nov 2025 00:57:46 INFO  Saving current: saved\NeuMF-Nov-19-2025_00-57-26.pth
Wed 19 Nov 2025 00:57:48 INFO  epoch 6 training [time: 2.26s, train loss: 33.8987]
Wed 19 Nov 2025 00:57:50 INFO  epoch 6 evaluating [time: 1.58s, valid_score: 0.120700]
Wed 19 Nov 2025 00:57:50 INFO  valid result: 
precision@10 : 0.0211    precision@20 : 0.0169    recall@10 : 0.211    recall@20 : 0.3372    mrr@10 : 0.0929    mrr@20 : 0.1014    hit@10 : 0.211    hit@20 : 0.3372    ndcg@10 : 0.1207    ndcg@20 : 0.1524
Wed 19 Nov 2025 00:57:50 INFO  Saving current: saved\NeuMF-Nov-19-2025_00-57-26.pth
Wed 19 Nov 2025 00:57:52 INFO  epoch 7 training [time: 2.33s, train loss: 32.7832]
Wed 19 Nov 2025 00:57:54 INFO  epoch 7 evaluating [time: 1.50s, valid_score: 0.128700]
Wed 19 Nov 2025 00:57:54 INFO  valid result: 
precision@10 : 0.0227    precision@20 : 0.0165    recall@10 : 0.2269    recall@20 : 0.3298    mrr@10 : 0.0989    mrr@20 : 0.1059    hit@10 : 0.2269    hit@20 : 0.3298    ndcg@10 : 0.1287    ndcg@20 : 0.1546
Wed 19 Nov 2025 00:57:54 INFO  Saving current: saved\NeuMF-Nov-19-2025_00-57-26.pth
Wed 19 Nov 2025 00:57:56 INFO  epoch 8 training [time: 2.12s, train loss: 31.8600]
Wed 19 Nov 2025 00:57:57 INFO  epoch 8 evaluating [time: 1.57s, valid_score: 0.136800]
Wed 19 Nov 2025 00:57:58 INFO  valid result: 
precision@10 : 0.0236    precision@20 : 0.0171    recall@10 : 0.2365    recall@20 : 0.3415    mrr@10 : 0.1066    mrr@20 : 0.1137    hit@10 : 0.2365    hit@20 : 0.3415    ndcg@10 : 0.1368    ndcg@20 : 0.1632
Wed 19 Nov 2025 00:57:58 INFO  Saving current: saved\NeuMF-Nov-19-2025_00-57-26.pth
Wed 19 Nov 2025 00:58:00 INFO  epoch 9 training [time: 2.03s, train loss: 31.1483]
Wed 19 Nov 2025 00:58:01 INFO  epoch 9 evaluating [time: 1.44s, valid_score: 0.141100]
Wed 19 Nov 2025 00:58:01 INFO  valid result: 
precision@10 : 0.024    precision@20 : 0.0172    recall@10 : 0.2397    recall@20 : 0.3436    mrr@10 : 0.1107    mrr@20 : 0.1178    hit@10 : 0.2397    hit@20 : 0.3436    ndcg@10 : 0.1411    ndcg@20 : 0.1671
Wed 19 Nov 2025 00:58:01 INFO  Saving current: saved\NeuMF-Nov-19-2025_00-57-26.pth
Wed 19 Nov 2025 00:58:03 INFO  epoch 10 training [time: 2.14s, train loss: 30.4019]
Wed 19 Nov 2025 00:58:05 INFO  epoch 10 evaluating [time: 1.67s, valid_score: 0.142100]
Wed 19 Nov 2025 00:58:05 INFO  valid result: 
precision@10 : 0.0248    precision@20 : 0.0183    recall@10 : 0.2481    recall@20 : 0.3669    mrr@10 : 0.1098    mrr@20 : 0.1177    hit@10 : 0.2481    hit@20 : 0.3669    ndcg@10 : 0.1421    ndcg@20 : 0.1718
Wed 19 Nov 2025 00:58:05 INFO  Saving current: saved\NeuMF-Nov-19-2025_00-57-26.pth
Wed 19 Nov 2025 00:58:07 INFO  epoch 11 training [time: 2.13s, train loss: 29.6777]
Wed 19 Nov 2025 00:58:09 INFO  epoch 11 evaluating [time: 1.43s, valid_score: 0.146700]
Wed 19 Nov 2025 00:58:09 INFO  valid result: 
precision@10 : 0.0256    precision@20 : 0.0187    recall@10 : 0.2556    recall@20 : 0.3733    mrr@10 : 0.1135    mrr@20 : 0.1217    hit@10 : 0.2556    hit@20 : 0.3733    ndcg@10 : 0.1467    ndcg@20 : 0.1764
Wed 19 Nov 2025 00:58:09 INFO  Saving current: saved\NeuMF-Nov-19-2025_00-57-26.pth
Wed 19 Nov 2025 00:58:11 INFO  epoch 12 training [time: 2.00s, train loss: 29.0916]
Wed 19 Nov 2025 00:58:12 INFO  epoch 12 evaluating [time: 1.49s, valid_score: 0.151300]
Wed 19 Nov 2025 00:58:12 INFO  valid result: 
precision@10 : 0.0261    precision@20 : 0.0186    recall@10 : 0.2609    recall@20 : 0.3722    mrr@10 : 0.1177    mrr@20 : 0.1254    hit@10 : 0.2609    hit@20 : 0.3722    ndcg@10 : 0.1513    ndcg@20 : 0.1794
Wed 19 Nov 2025 00:58:12 INFO  Saving current: saved\NeuMF-Nov-19-2025_00-57-26.pth
Wed 19 Nov 2025 00:58:15 INFO  epoch 13 training [time: 2.26s, train loss: 28.4088]
Wed 19 Nov 2025 00:58:16 INFO  epoch 13 evaluating [time: 1.56s, valid_score: 0.149300]
Wed 19 Nov 2025 00:58:16 INFO  valid result: 
precision@10 : 0.026    precision@20 : 0.0189    recall@10 : 0.2598    recall@20 : 0.3775    mrr@10 : 0.1152    mrr@20 : 0.1234    hit@10 : 0.2598    hit@20 : 0.3775    ndcg@10 : 0.1493    ndcg@20 : 0.179
Wed 19 Nov 2025 00:58:18 INFO  epoch 14 training [time: 2.27s, train loss: 27.9256]
Wed 19 Nov 2025 00:58:20 INFO  epoch 14 evaluating [time: 1.88s, valid_score: 0.150400]
Wed 19 Nov 2025 00:58:20 INFO  valid result: 
precision@10 : 0.0263    precision@20 : 0.0194    recall@10 : 0.263    recall@20 : 0.3881    mrr@10 : 0.116    mrr@20 : 0.1247    hit@10 : 0.263    hit@20 : 0.3881    ndcg@10 : 0.1504    ndcg@20 : 0.1819
Wed 19 Nov 2025 00:58:23 INFO  epoch 15 training [time: 2.42s, train loss: 27.3351]
Wed 19 Nov 2025 00:58:25 INFO  epoch 15 evaluating [time: 1.77s, valid_score: 0.148500]
Wed 19 Nov 2025 00:58:25 INFO  valid result: 
precision@10 : 0.0265    precision@20 : 0.0197    recall@10 : 0.2651    recall@20 : 0.3934    mrr@10 : 0.113    mrr@20 : 0.1218    hit@10 : 0.2651    hit@20 : 0.3934    ndcg@10 : 0.1485    ndcg@20 : 0.1807
Wed 19 Nov 2025 00:58:27 INFO  epoch 16 training [time: 2.03s, train loss: 26.8300]
Wed 19 Nov 2025 00:58:28 INFO  epoch 16 evaluating [time: 1.68s, valid_score: 0.153100]
Wed 19 Nov 2025 00:58:29 INFO  valid result: 
precision@10 : 0.0265    precision@20 : 0.0197    recall@10 : 0.2651    recall@20 : 0.3934    mrr@10 : 0.1188    mrr@20 : 0.1277    hit@10 : 0.2651    hit@20 : 0.3934    ndcg@10 : 0.1531    ndcg@20 : 0.1856
Wed 19 Nov 2025 00:58:29 INFO  Saving current: saved\NeuMF-Nov-19-2025_00-57-26.pth
Wed 19 Nov 2025 00:58:31 INFO  epoch 17 training [time: 2.18s, train loss: 26.3350]
Wed 19 Nov 2025 00:58:32 INFO  epoch 17 evaluating [time: 1.61s, valid_score: 0.153000]
Wed 19 Nov 2025 00:58:32 INFO  valid result: 
precision@10 : 0.0263    precision@20 : 0.0202    recall@10 : 0.263    recall@20 : 0.404    mrr@10 : 0.1192    mrr@20 : 0.129    hit@10 : 0.263    hit@20 : 0.404    ndcg@10 : 0.153    ndcg@20 : 0.1886
Wed 19 Nov 2025 00:58:35 INFO  epoch 18 training [time: 2.22s, train loss: 25.8543]
Wed 19 Nov 2025 00:58:36 INFO  epoch 18 evaluating [time: 1.62s, valid_score: 0.155700]
Wed 19 Nov 2025 00:58:36 INFO  valid result: 
precision@10 : 0.0274    precision@20 : 0.0196    recall@10 : 0.2736    recall@20 : 0.3913    mrr@10 : 0.1196    mrr@20 : 0.1277    hit@10 : 0.2736    hit@20 : 0.3913    ndcg@10 : 0.1557    ndcg@20 : 0.1854
Wed 19 Nov 2025 00:58:36 INFO  Saving current: saved\NeuMF-Nov-19-2025_00-57-26.pth
Wed 19 Nov 2025 00:58:38 INFO  epoch 19 training [time: 2.01s, train loss: 25.1086]
Wed 19 Nov 2025 00:58:40 INFO  epoch 19 evaluating [time: 1.54s, valid_score: 0.157700]
Wed 19 Nov 2025 00:58:40 INFO  valid result: 
precision@10 : 0.027    precision@20 : 0.0197    recall@10 : 0.2704    recall@20 : 0.3945    mrr@10 : 0.1232    mrr@20 : 0.1321    hit@10 : 0.2704    hit@20 : 0.3945    ndcg@10 : 0.1577    ndcg@20 : 0.1894
Wed 19 Nov 2025 00:58:40 INFO  Saving current: saved\NeuMF-Nov-19-2025_00-57-26.pth
Wed 19 Nov 2025 00:58:42 INFO  epoch 20 training [time: 2.21s, train loss: 24.7004]
Wed 19 Nov 2025 00:58:44 INFO  epoch 20 evaluating [time: 1.58s, valid_score: 0.158500]
Wed 19 Nov 2025 00:58:44 INFO  valid result: 
precision@10 : 0.0273    precision@20 : 0.0198    recall@10 : 0.2725    recall@20 : 0.3955    mrr@10 : 0.1235    mrr@20 : 0.132    hit@10 : 0.2725    hit@20 : 0.3955    ndcg@10 : 0.1585    ndcg@20 : 0.1896
Wed 19 Nov 2025 00:58:44 INFO  Saving current: saved\NeuMF-Nov-19-2025_00-57-26.pth
Wed 19 Nov 2025 00:58:46 INFO  epoch 21 training [time: 2.14s, train loss: 24.3492]
Wed 19 Nov 2025 00:58:48 INFO  epoch 21 evaluating [time: 1.51s, valid_score: 0.161900]
Wed 19 Nov 2025 00:58:48 INFO  valid result: 
precision@10 : 0.028    precision@20 : 0.0193    recall@10 : 0.28    recall@20 : 0.386    mrr@10 : 0.1256    mrr@20 : 0.1329    hit@10 : 0.28    hit@20 : 0.386    ndcg@10 : 0.1619    ndcg@20 : 0.1885
Wed 19 Nov 2025 00:58:48 INFO  Saving current: saved\NeuMF-Nov-19-2025_00-57-26.pth
Wed 19 Nov 2025 00:58:50 INFO  epoch 22 training [time: 2.18s, train loss: 23.7068]
Wed 19 Nov 2025 00:58:52 INFO  epoch 22 evaluating [time: 1.86s, valid_score: 0.159100]
Wed 19 Nov 2025 00:58:52 INFO  valid result: 
precision@10 : 0.0271    precision@20 : 0.0198    recall@10 : 0.2715    recall@20 : 0.3955    mrr@10 : 0.1246    mrr@20 : 0.1332    hit@10 : 0.2715    hit@20 : 0.3955    ndcg@10 : 0.1591    ndcg@20 : 0.1904
Wed 19 Nov 2025 00:58:54 INFO  epoch 23 training [time: 2.15s, train loss: 23.0591]
Wed 19 Nov 2025 00:58:55 INFO  epoch 23 evaluating [time: 1.45s, valid_score: 0.162200]
Wed 19 Nov 2025 00:58:55 INFO  valid result: 
precision@10 : 0.0279    precision@20 : 0.0195    recall@10 : 0.2789    recall@20 : 0.3902    mrr@10 : 0.1267    mrr@20 : 0.1344    hit@10 : 0.2789    hit@20 : 0.3902    ndcg@10 : 0.1622    ndcg@20 : 0.1903
Wed 19 Nov 2025 00:58:56 INFO  Saving current: saved\NeuMF-Nov-19-2025_00-57-26.pth
Wed 19 Nov 2025 00:58:58 INFO  epoch 24 training [time: 2.15s, train loss: 22.5617]
Wed 19 Nov 2025 00:59:00 INFO  epoch 24 evaluating [time: 1.85s, valid_score: 0.154100]
Wed 19 Nov 2025 00:59:00 INFO  valid result: 
precision@10 : 0.0276    precision@20 : 0.0199    recall@10 : 0.2757    recall@20 : 0.3977    mrr@10 : 0.117    mrr@20 : 0.1253    hit@10 : 0.2757    hit@20 : 0.3977    ndcg@10 : 0.1541    ndcg@20 : 0.1848
Wed 19 Nov 2025 00:59:02 INFO  epoch 25 training [time: 2.23s, train loss: 22.1138]
Wed 19 Nov 2025 00:59:04 INFO  epoch 25 evaluating [time: 1.84s, valid_score: 0.157100]
Wed 19 Nov 2025 00:59:04 INFO  valid result: 
precision@10 : 0.0279    precision@20 : 0.0195    recall@10 : 0.2789    recall@20 : 0.3902    mrr@10 : 0.12    mrr@20 : 0.1274    hit@10 : 0.2789    hit@20 : 0.3902    ndcg@10 : 0.1571    ndcg@20 : 0.1849
Wed 19 Nov 2025 00:59:06 INFO  epoch 26 training [time: 2.48s, train loss: 21.5233]
Wed 19 Nov 2025 00:59:08 INFO  epoch 26 evaluating [time: 1.99s, valid_score: 0.152400]
Wed 19 Nov 2025 00:59:08 INFO  valid result: 
precision@10 : 0.0265    precision@20 : 0.019    recall@10 : 0.2651    recall@20 : 0.3807    mrr@10 : 0.1178    mrr@20 : 0.1261    hit@10 : 0.2651    hit@20 : 0.3807    ndcg@10 : 0.1524    ndcg@20 : 0.1819
Wed 19 Nov 2025 00:59:11 INFO  epoch 27 training [time: 2.39s, train loss: 20.9763]
Wed 19 Nov 2025 00:59:13 INFO  epoch 27 evaluating [time: 1.88s, valid_score: 0.158000]
Wed 19 Nov 2025 00:59:13 INFO  valid result: 
precision@10 : 0.0277    precision@20 : 0.019    recall@10 : 0.2768    recall@20 : 0.3796    mrr@10 : 0.1216    mrr@20 : 0.1288    hit@10 : 0.2768    hit@20 : 0.3796    ndcg@10 : 0.158    ndcg@20 : 0.1841
Wed 19 Nov 2025 00:59:15 INFO  epoch 28 training [time: 2.40s, train loss: 20.5074]
Wed 19 Nov 2025 00:59:17 INFO  epoch 28 evaluating [time: 1.92s, valid_score: 0.155400]
Wed 19 Nov 2025 00:59:17 INFO  valid result: 
precision@10 : 0.0277    precision@20 : 0.0197    recall@10 : 0.2768    recall@20 : 0.3934    mrr@10 : 0.1184    mrr@20 : 0.1263    hit@10 : 0.2768    hit@20 : 0.3934    ndcg@10 : 0.1554    ndcg@20 : 0.1847
Wed 19 Nov 2025 00:59:20 INFO  epoch 29 training [time: 2.45s, train loss: 19.9176]
Wed 19 Nov 2025 00:59:22 INFO  epoch 29 evaluating [time: 1.90s, valid_score: 0.156800]
Wed 19 Nov 2025 00:59:22 INFO  valid result: 
precision@10 : 0.0277    precision@20 : 0.0196    recall@10 : 0.2768    recall@20 : 0.3913    mrr@10 : 0.1202    mrr@20 : 0.1282    hit@10 : 0.2768    hit@20 : 0.3913    ndcg@10 : 0.1568    ndcg@20 : 0.1858
Wed 19 Nov 2025 00:59:22 INFO  Finished training, best eval result in epoch 23
Wed 19 Nov 2025 00:59:22 INFO  Loading model structure and parameters from saved\NeuMF-Nov-19-2025_00-57-26.pth
Wed 19 Nov 2025 00:59:25 INFO  The running environment of this training is as follows:
+-------------+----------------+
| Environment |     Usage      |
+=============+================+
| CPU         |    18.80 %     |
+-------------+----------------+
| GPU         |   0.0 / 0.0    |
+-------------+----------------+
| Memory      | 0.24 G/13.86 G |
+-------------+----------------+
Wed 19 Nov 2025 00:59:25 INFO  best valid : OrderedDict([('precision@10', np.float64(0.0279)), ('precision@20', np.float64(0.0195)), ('recall@10', np.float64(0.2789)), ('recall@20', np.float64(0.3902)), ('mrr@10', np.float64(0.1267)), ('mrr@20', np.float64(0.1344)), ('hit@10', np.float64(0.2789)), ('hit@20', np.float64(0.3902)), ('ndcg@10', np.float64(0.1622)), ('ndcg@20', np.float64(0.1903))])
Wed 19 Nov 2025 00:59:25 INFO  test result: OrderedDict([('precision@10', np.float64(0.0266)), ('precision@20', np.float64(0.0198)), ('recall@10', np.float64(0.2662)), ('recall@20', np.float64(0.3966)), ('mrr@10', np.float64(0.1139)), ('mrr@20', np.float64(0.123)), ('hit@10', np.float64(0.2662)), ('hit@20', np.float64(0.3966)), ('ndcg@10', np.float64(0.1494)), ('ndcg@20', np.float64(0.1824))])
