Tue 09 Dec 2025 00:32:46 INFO  ['c:\\Users\\martin\\miniconda3\\envs\\bp\\Lib\\site-packages\\ipykernel_launcher.py', '--f=c:\\Users\\martin\\AppData\\Roaming\\jupyter\\runtime\\kernel-v36d94b79157c8ac1892c0baa1603bfba24b37cfdf.json']
Tue 09 Dec 2025 00:32:46 INFO  
General Hyper Parameters:
gpu_id = 0
use_gpu = True
seed = 2020
state = INFO
reproducibility = True
data_path = ./data/split/douban\douban--impR
checkpoint_dir = saved
show_progress = True
save_dataset = False
dataset_save_path = None
save_dataloaders = False
dataloaders_save_path = None
log_wandb = False

Training Hyper Parameters:
epochs = 50
train_batch_size = 2048
learner = adam
learning_rate = 0.001
train_neg_sample_args = {'distribution': 'uniform', 'sample_num': 1, 'alpha': 1.0, 'dynamic': False, 'candidate_num': 0}
eval_step = 1
stopping_step = 5
clip_grad_norm = None
weight_decay = 0.0
loss_decimal_place = 4

Evaluation Hyper Parameters:
eval_args = {'split': {'RS': [0, 0, 0]}, 'order': 'RO', 'group_by': 'user', 'mode': {'valid': 'full', 'test': 'full'}}
repeatable = False
metrics = ['Precision', 'Recall', 'MRR', 'Hit', 'NDCG']
topk = [10, 20]
valid_metric = NDCG@10
valid_metric_bigger = True
eval_batch_size = 4096
metric_decimal_place = 4

Dataset Hyper Parameters:
field_separator = 	
seq_separator =  
USER_ID_FIELD = user_id
ITEM_ID_FIELD = item_id
RATING_FIELD = rating
TIME_FIELD = timestamp
seq_len = None
LABEL_FIELD = label
threshold = None
NEG_PREFIX = neg_
load_col = {'inter': ['user_id', 'item_id']}
unload_col = None
unused_col = None
additional_feat_suffix = None
rm_dup_inter = None
val_interval = None
filter_inter_by_user_or_item = True
user_inter_num_interval = [0,inf)
item_inter_num_interval = [0,inf)
alias_of_user_id = None
alias_of_item_id = None
alias_of_entity_id = None
alias_of_relation_id = None
preload_weight = None
normalize_field = None
normalize_all = None
ITEM_LIST_LENGTH_FIELD = item_length
LIST_SUFFIX = _list
MAX_ITEM_LIST_LENGTH = 50
POSITION_FIELD = position_id
HEAD_ENTITY_ID_FIELD = head_id
TAIL_ENTITY_ID_FIELD = tail_id
RELATION_ID_FIELD = relation_id
ENTITY_ID_FIELD = entity_id
benchmark_filename = ['train', 'valid', 'test']

Other Hyper Parameters: 
worker = 0
wandb_project = recbole
shuffle = True
require_pow = False
enable_amp = False
enable_scaler = False
transform = None
mf_embedding_size = 64
mlp_embedding_size = 64
mlp_hidden_size = [128, 64]
dropout_prob = 0.1
mf_train = True
mlp_train = True
use_pretrain = False
mf_pretrain_path = None
mlp_pretrain_path = None
numerical_features = []
discretization = None
kg_reverse_r = False
entity_kg_num_interval = [0,inf)
relation_kg_num_interval = [0,inf)
MODEL_TYPE = ModelType.GENERAL
MODEL_INPUT_TYPE = InputType.POINTWISE
eval_type = EvaluatorType.RANKING
single_spec = True
local_rank = 0
device = cpu
valid_neg_sample_args = {'distribution': 'uniform', 'sample_num': 'none'}
test_neg_sample_args = {'distribution': 'uniform', 'sample_num': 'none'}


Tue 09 Dec 2025 00:32:50 INFO  douban--impR
The number of users: 54411
Average actions of users: 7.565815107517
The number of items: 29
Average actions of items: 14702.0
The number of inters: 411656
The sparsity of the dataset: 73.91146186844826%
Remain Fields: ['user_id', 'item_id']
Tue 09 Dec 2025 00:32:52 INFO  [Training]: train_batch_size = [2048] train_neg_sample_args: [{'distribution': 'uniform', 'sample_num': 1, 'alpha': 1.0, 'dynamic': False, 'candidate_num': 0}]
Tue 09 Dec 2025 00:32:52 INFO  [Evaluation]: eval_batch_size = [4096] eval_args: [{'split': {'RS': [0, 0, 0]}, 'order': 'RO', 'group_by': 'user', 'mode': {'valid': 'full', 'test': 'full'}}]
Tue 09 Dec 2025 00:32:52 INFO  NeuMF(
  (user_mf_embedding): Embedding(54411, 64)
  (item_mf_embedding): Embedding(29, 64)
  (user_mlp_embedding): Embedding(54411, 64)
  (item_mlp_embedding): Embedding(29, 64)
  (mlp_layers): MLPLayers(
    (mlp_layers): Sequential(
      (0): Dropout(p=0.1, inplace=False)
      (1): Linear(in_features=128, out_features=128, bias=True)
      (2): ReLU()
      (3): Dropout(p=0.1, inplace=False)
      (4): Linear(in_features=128, out_features=64, bias=True)
      (5): ReLU()
    )
  )
  (predict_layer): Linear(in_features=128, out_features=1, bias=True)
  (sigmoid): Sigmoid()
  (loss): BCEWithLogitsLoss()
)
Trainable parameters: 6993217
Tue 09 Dec 2025 00:32:52 INFO  FLOPs: 24960.0
Tue 09 Dec 2025 00:33:13 INFO  epoch 0 training [time: 20.14s, train loss: 177.3475]
Tue 09 Dec 2025 00:33:18 INFO  epoch 0 evaluating [time: 5.24s, valid_score: 0.446200]
Tue 09 Dec 2025 00:33:18 INFO  valid result: 
precision@10 : 0.0803    precision@20 : 0.0495    recall@10 : 0.8035    recall@20 : 0.9894    mrr@10 : 0.3377    mrr@20 : 0.3514    hit@10 : 0.8035    hit@20 : 0.9894    ndcg@10 : 0.4462    ndcg@20 : 0.4941
Tue 09 Dec 2025 00:33:18 INFO  Saving current: saved\NeuMF-Dec-09-2025_00-32-52.pth
Tue 09 Dec 2025 00:33:39 INFO  epoch 1 training [time: 21.18s, train loss: 161.3690]
Tue 09 Dec 2025 00:33:46 INFO  epoch 1 evaluating [time: 6.48s, valid_score: 0.441100]
Tue 09 Dec 2025 00:33:46 INFO  valid result: 
precision@10 : 0.0802    precision@20 : 0.0495    recall@10 : 0.8024    recall@20 : 0.9898    mrr@10 : 0.3311    mrr@20 : 0.3449    hit@10 : 0.8024    hit@20 : 0.9898    ndcg@10 : 0.4411    ndcg@20 : 0.4895
Tue 09 Dec 2025 00:34:08 INFO  epoch 2 training [time: 22.26s, train loss: 119.3222]
Tue 09 Dec 2025 00:34:15 INFO  epoch 2 evaluating [time: 6.78s, valid_score: 0.403500]
Tue 09 Dec 2025 00:34:15 INFO  valid result: 
precision@10 : 0.0756    precision@20 : 0.049    recall@10 : 0.7561    recall@20 : 0.9801    mrr@10 : 0.2966    mrr@20 : 0.3127    hit@10 : 0.7561    hit@20 : 0.9801    ndcg@10 : 0.4035    ndcg@20 : 0.4609
Tue 09 Dec 2025 00:34:35 INFO  epoch 3 training [time: 20.27s, train loss: 71.4399]
Tue 09 Dec 2025 00:34:41 INFO  epoch 3 evaluating [time: 6.19s, valid_score: 0.371800]
Tue 09 Dec 2025 00:34:41 INFO  valid result: 
precision@10 : 0.071    precision@20 : 0.0483    recall@10 : 0.7097    recall@20 : 0.9669    mrr@10 : 0.2696    mrr@20 : 0.2879    hit@10 : 0.7097    hit@20 : 0.9669    ndcg@10 : 0.3718    ndcg@20 : 0.4374
Tue 09 Dec 2025 00:35:02 INFO  epoch 4 training [time: 20.23s, train loss: 36.7119]
Tue 09 Dec 2025 00:35:08 INFO  epoch 4 evaluating [time: 6.00s, valid_score: 0.355300]
Tue 09 Dec 2025 00:35:08 INFO  valid result: 
precision@10 : 0.0684    precision@20 : 0.0481    recall@10 : 0.6841    recall@20 : 0.9615    mrr@10 : 0.2561    mrr@20 : 0.2757    hit@10 : 0.6841    hit@20 : 0.9615    ndcg@10 : 0.3553    ndcg@20 : 0.4259
Tue 09 Dec 2025 00:35:29 INFO  epoch 5 training [time: 21.09s, train loss: 18.4402]
Tue 09 Dec 2025 00:35:35 INFO  epoch 5 evaluating [time: 6.10s, valid_score: 0.331900]
Tue 09 Dec 2025 00:35:35 INFO  valid result: 
precision@10 : 0.0651    precision@20 : 0.0478    recall@10 : 0.6505    recall@20 : 0.9552    mrr@10 : 0.2362    mrr@20 : 0.2577    hit@10 : 0.6505    hit@20 : 0.9552    ndcg@10 : 0.3319    ndcg@20 : 0.4094
Tue 09 Dec 2025 00:35:56 INFO  epoch 6 training [time: 21.21s, train loss: 10.0095]
Tue 09 Dec 2025 00:36:02 INFO  epoch 6 evaluating [time: 5.92s, valid_score: 0.320100]
Tue 09 Dec 2025 00:36:02 INFO  valid result: 
precision@10 : 0.0637    precision@20 : 0.0478    recall@10 : 0.6366    recall@20 : 0.9567    mrr@10 : 0.2253    mrr@20 : 0.2479    hit@10 : 0.6366    hit@20 : 0.9567    ndcg@10 : 0.3201    ndcg@20 : 0.4015
Tue 09 Dec 2025 00:36:02 INFO  Finished training, best eval result in epoch 0
Tue 09 Dec 2025 00:36:02 INFO  Loading model structure and parameters from saved\NeuMF-Dec-09-2025_00-32-52.pth
Tue 09 Dec 2025 00:36:08 INFO  The running environment of this training is as follows:
+-------------+----------------+
| Environment |     Usage      |
+=============+================+
| CPU         |     6.00 %     |
+-------------+----------------+
| GPU         |   0.0 / 0.0    |
+-------------+----------------+
| Memory      | 1.19 G/13.86 G |
+-------------+----------------+
Tue 09 Dec 2025 00:36:08 INFO  best valid : OrderedDict([('precision@10', 0.0803), ('precision@20', 0.0495), ('recall@10', 0.8035), ('recall@20', 0.9894), ('mrr@10', 0.3377), ('mrr@20', 0.3514), ('hit@10', 0.8035), ('hit@20', 0.9894), ('ndcg@10', 0.4462), ('ndcg@20', 0.4941)])
Tue 09 Dec 2025 00:36:08 INFO  test result: OrderedDict([('precision@10', 0.0834), ('precision@20', 0.0497), ('recall@10', 0.8336), ('recall@20', 0.9939), ('mrr@10', 0.3714), ('mrr@20', 0.3833), ('hit@10', 0.8336), ('hit@20', 0.9939), ('ndcg@10', 0.4791), ('ndcg@20', 0.5205)])
