Wed 19 Nov 2025 16:58:25 INFO  ['c:\\Users\\martin\\miniconda3\\envs\\bp\\Lib\\site-packages\\ipykernel_launcher.py', '--f=c:\\Users\\martin\\AppData\\Roaming\\jupyter\\runtime\\kernel-v39d4af1c1dc62917678851941761daa5b7d0137dc.json']
Wed 19 Nov 2025 16:58:25 INFO  
General Hyper Parameters:
gpu_id = 0
use_gpu = True
seed = 2020
state = INFO
reproducibility = True
data_path = ./data/split/amazon_all_beauty\amazon_all_beauty--impB
checkpoint_dir = saved
show_progress = True
save_dataset = False
dataset_save_path = None
save_dataloaders = False
dataloaders_save_path = None
log_wandb = False

Training Hyper Parameters:
epochs = 50
train_batch_size = 2048
learner = adam
learning_rate = 0.001
train_neg_sample_args = {'distribution': 'uniform', 'sample_num': 1, 'alpha': 1.0, 'dynamic': False, 'candidate_num': 0}
eval_step = 1
stopping_step = 5
clip_grad_norm = None
weight_decay = 0.0
loss_decimal_place = 4

Evaluation Hyper Parameters:
eval_args = {'split': {'RS': [0, 0, 0]}, 'order': 'RO', 'group_by': 'user', 'mode': {'valid': 'full', 'test': 'full'}}
repeatable = False
metrics = ['Precision', 'Recall', 'MRR', 'Hit', 'NDCG']
topk = [10, 20]
valid_metric = NDCG@10
valid_metric_bigger = True
eval_batch_size = 4096
metric_decimal_place = 4

Dataset Hyper Parameters:
field_separator = 	
seq_separator =  
USER_ID_FIELD = user_id
ITEM_ID_FIELD = item_id
RATING_FIELD = rating
TIME_FIELD = timestamp
seq_len = None
LABEL_FIELD = label
threshold = None
NEG_PREFIX = neg_
load_col = {'inter': ['user_id', 'item_id']}
unload_col = None
unused_col = None
additional_feat_suffix = None
rm_dup_inter = None
val_interval = None
filter_inter_by_user_or_item = True
user_inter_num_interval = [0,inf)
item_inter_num_interval = [0,inf)
alias_of_user_id = None
alias_of_item_id = None
alias_of_entity_id = None
alias_of_relation_id = None
preload_weight = None
normalize_field = None
normalize_all = None
ITEM_LIST_LENGTH_FIELD = item_length
LIST_SUFFIX = _list
MAX_ITEM_LIST_LENGTH = 50
POSITION_FIELD = position_id
HEAD_ENTITY_ID_FIELD = head_id
TAIL_ENTITY_ID_FIELD = tail_id
RELATION_ID_FIELD = relation_id
ENTITY_ID_FIELD = entity_id
benchmark_filename = ['train', 'valid', 'test']

Other Hyper Parameters: 
worker = 0
wandb_project = recbole
shuffle = True
require_pow = False
enable_amp = False
enable_scaler = False
transform = None
mf_embedding_size = 64
mlp_embedding_size = 64
mlp_hidden_size = [128, 64]
dropout_prob = 0.1
mf_train = True
mlp_train = True
use_pretrain = False
mf_pretrain_path = None
mlp_pretrain_path = None
numerical_features = []
discretization = None
kg_reverse_r = False
entity_kg_num_interval = [0,inf)
relation_kg_num_interval = [0,inf)
MODEL_TYPE = ModelType.GENERAL
test_args = {'mode': 'full'}
MODEL_INPUT_TYPE = InputType.POINTWISE
eval_type = EvaluatorType.RANKING
single_spec = True
local_rank = 0
device = cpu
valid_neg_sample_args = {'distribution': 'uniform', 'sample_num': 'none'}
test_neg_sample_args = {'distribution': 'uniform', 'sample_num': 'none'}


Wed 19 Nov 2025 16:58:25 INFO  amazon_all_beauty--impB
The number of users: 999
Average actions of users: 9.731462925851703
The number of items: 4785
Average actions of items: 2.0301003344481607
The number of inters: 9712
The sparsity of the dataset: 99.79682922211659%
Remain Fields: ['user_id', 'item_id']
Wed 19 Nov 2025 16:58:26 INFO  [Training]: train_batch_size = [2048] train_neg_sample_args: [{'distribution': 'uniform', 'sample_num': 1, 'alpha': 1.0, 'dynamic': False, 'candidate_num': 0}]
Wed 19 Nov 2025 16:58:26 INFO  [Evaluation]: eval_batch_size = [4096] eval_args: [{'split': {'RS': [0, 0, 0]}, 'order': 'RO', 'group_by': 'user', 'mode': {'valid': 'full', 'test': 'full'}}]
Wed 19 Nov 2025 16:58:26 INFO  NeuMF(
  (user_mf_embedding): Embedding(999, 64)
  (item_mf_embedding): Embedding(4785, 64)
  (user_mlp_embedding): Embedding(999, 64)
  (item_mlp_embedding): Embedding(4785, 64)
  (mlp_layers): MLPLayers(
    (mlp_layers): Sequential(
      (0): Dropout(p=0.1, inplace=False)
      (1): Linear(in_features=128, out_features=128, bias=True)
      (2): ReLU()
      (3): Dropout(p=0.1, inplace=False)
      (4): Linear(in_features=128, out_features=64, bias=True)
      (5): ReLU()
    )
  )
  (predict_layer): Linear(in_features=128, out_features=1, bias=True)
  (sigmoid): Sigmoid()
  (loss): BCEWithLogitsLoss()
)
Trainable parameters: 765249
Wed 19 Nov 2025 16:58:26 INFO  FLOPs: 24960.0
Wed 19 Nov 2025 16:58:26 INFO  epoch 0 training [time: 0.13s, train loss: 5.5472]
Wed 19 Nov 2025 16:58:30 INFO  epoch 0 evaluating [time: 4.11s, valid_score: 0.003200]
Wed 19 Nov 2025 16:58:30 INFO  valid result: 
precision@10 : 0.0008    precision@20 : 0.0007    recall@10 : 0.008    recall@20 : 0.013    mrr@10 : 0.0019    mrr@20 : 0.0022    hit@10 : 0.008    hit@20 : 0.013    ndcg@10 : 0.0032    ndcg@20 : 0.0045
Wed 19 Nov 2025 16:58:30 INFO  Saving current: saved\NeuMF-Nov-19-2025_16-58-26.pth
Wed 19 Nov 2025 16:58:30 INFO  epoch 1 training [time: 0.16s, train loss: 5.5422]
Wed 19 Nov 2025 16:58:34 INFO  epoch 1 evaluating [time: 4.00s, valid_score: 0.005100]
Wed 19 Nov 2025 16:58:34 INFO  valid result: 
precision@10 : 0.0013    precision@20 : 0.0011    recall@10 : 0.013    recall@20 : 0.021    mrr@10 : 0.0027    mrr@20 : 0.0033    hit@10 : 0.013    hit@20 : 0.021    ndcg@10 : 0.0051    ndcg@20 : 0.0071
Wed 19 Nov 2025 16:58:34 INFO  Saving current: saved\NeuMF-Nov-19-2025_16-58-26.pth
Wed 19 Nov 2025 16:58:34 INFO  epoch 2 training [time: 0.13s, train loss: 5.5310]
Wed 19 Nov 2025 16:58:38 INFO  epoch 2 evaluating [time: 3.93s, valid_score: 0.005800]
Wed 19 Nov 2025 16:58:38 INFO  valid result: 
precision@10 : 0.0013    precision@20 : 0.0011    recall@10 : 0.013    recall@20 : 0.022    mrr@10 : 0.0037    mrr@20 : 0.0043    hit@10 : 0.013    hit@20 : 0.022    ndcg@10 : 0.0058    ndcg@20 : 0.0081
Wed 19 Nov 2025 16:58:38 INFO  Saving current: saved\NeuMF-Nov-19-2025_16-58-26.pth
Wed 19 Nov 2025 16:58:38 INFO  epoch 3 training [time: 0.15s, train loss: 5.4913]
Wed 19 Nov 2025 16:58:42 INFO  epoch 3 evaluating [time: 3.89s, valid_score: 0.006500]
Wed 19 Nov 2025 16:58:42 INFO  valid result: 
precision@10 : 0.001    precision@20 : 0.0009    recall@10 : 0.01    recall@20 : 0.017    mrr@10 : 0.0054    mrr@20 : 0.0059    hit@10 : 0.01    hit@20 : 0.017    ndcg@10 : 0.0065    ndcg@20 : 0.0083
Wed 19 Nov 2025 16:58:42 INFO  Saving current: saved\NeuMF-Nov-19-2025_16-58-26.pth
Wed 19 Nov 2025 16:58:42 INFO  epoch 4 training [time: 0.16s, train loss: 5.3921]
Wed 19 Nov 2025 16:58:46 INFO  epoch 4 evaluating [time: 3.88s, valid_score: 0.006300]
Wed 19 Nov 2025 16:58:46 INFO  valid result: 
precision@10 : 0.001    precision@20 : 0.0008    recall@10 : 0.01    recall@20 : 0.016    mrr@10 : 0.0052    mrr@20 : 0.0057    hit@10 : 0.01    hit@20 : 0.016    ndcg@10 : 0.0063    ndcg@20 : 0.0079
Wed 19 Nov 2025 16:58:47 INFO  epoch 5 training [time: 0.15s, train loss: 5.2286]
Wed 19 Nov 2025 16:58:51 INFO  epoch 5 evaluating [time: 3.98s, valid_score: 0.006000]
Wed 19 Nov 2025 16:58:51 INFO  valid result: 
precision@10 : 0.0014    precision@20 : 0.0009    recall@10 : 0.014    recall@20 : 0.018    mrr@10 : 0.0036    mrr@20 : 0.0039    hit@10 : 0.014    hit@20 : 0.018    ndcg@10 : 0.006    ndcg@20 : 0.007
Wed 19 Nov 2025 16:58:51 INFO  epoch 6 training [time: 0.17s, train loss: 4.9898]
Wed 19 Nov 2025 16:58:55 INFO  epoch 6 evaluating [time: 3.92s, valid_score: 0.004500]
Wed 19 Nov 2025 16:58:55 INFO  valid result: 
precision@10 : 0.0011    precision@20 : 0.0009    recall@10 : 0.011    recall@20 : 0.017    mrr@10 : 0.0026    mrr@20 : 0.0029    hit@10 : 0.011    hit@20 : 0.017    ndcg@10 : 0.0045    ndcg@20 : 0.006
Wed 19 Nov 2025 16:58:55 INFO  epoch 7 training [time: 0.16s, train loss: 4.7450]
Wed 19 Nov 2025 16:58:59 INFO  epoch 7 evaluating [time: 3.94s, valid_score: 0.005200]
Wed 19 Nov 2025 16:58:59 INFO  valid result: 
precision@10 : 0.0011    precision@20 : 0.0008    recall@10 : 0.011    recall@20 : 0.016    mrr@10 : 0.0036    mrr@20 : 0.0039    hit@10 : 0.011    hit@20 : 0.016    ndcg@10 : 0.0052    ndcg@20 : 0.0065
Wed 19 Nov 2025 16:58:59 INFO  epoch 8 training [time: 0.17s, train loss: 4.5833]
Wed 19 Nov 2025 16:59:03 INFO  epoch 8 evaluating [time: 4.00s, valid_score: 0.004900]
Wed 19 Nov 2025 16:59:03 INFO  valid result: 
precision@10 : 0.0009    precision@20 : 0.0009    recall@10 : 0.009    recall@20 : 0.017    mrr@10 : 0.0036    mrr@20 : 0.0041    hit@10 : 0.009    hit@20 : 0.017    ndcg@10 : 0.0049    ndcg@20 : 0.0069
Wed 19 Nov 2025 16:59:03 INFO  epoch 9 training [time: 0.18s, train loss: 4.4837]
Wed 19 Nov 2025 16:59:07 INFO  epoch 9 evaluating [time: 4.00s, valid_score: 0.006300]
Wed 19 Nov 2025 16:59:07 INFO  valid result: 
precision@10 : 0.0012    precision@20 : 0.0008    recall@10 : 0.012    recall@20 : 0.016    mrr@10 : 0.0045    mrr@20 : 0.0048    hit@10 : 0.012    hit@20 : 0.016    ndcg@10 : 0.0063    ndcg@20 : 0.0073
Wed 19 Nov 2025 16:59:07 INFO  Finished training, best eval result in epoch 3
Wed 19 Nov 2025 16:59:07 INFO  Loading model structure and parameters from saved\NeuMF-Nov-19-2025_16-58-26.pth
Wed 19 Nov 2025 16:59:12 INFO  The running environment of this training is as follows:
+-------------+----------------+
| Environment |     Usage      |
+=============+================+
| CPU         |    12.30 %     |
+-------------+----------------+
| GPU         |   0.0 / 0.0    |
+-------------+----------------+
| Memory      | 0.74 G/13.86 G |
+-------------+----------------+
Wed 19 Nov 2025 16:59:12 INFO  best valid : OrderedDict([('precision@10', np.float64(0.001)), ('precision@20', np.float64(0.0009)), ('recall@10', np.float64(0.01)), ('recall@20', np.float64(0.017)), ('mrr@10', np.float64(0.0054)), ('mrr@20', np.float64(0.0059)), ('hit@10', np.float64(0.01)), ('hit@20', np.float64(0.017)), ('ndcg@10', np.float64(0.0065)), ('ndcg@20', np.float64(0.0083))])
Wed 19 Nov 2025 16:59:12 INFO  test result: OrderedDict([('precision@10', np.float64(0.0005)), ('precision@20', np.float64(0.0006)), ('recall@10', np.float64(0.005)), ('recall@20', np.float64(0.012)), ('mrr@10', np.float64(0.0019)), ('mrr@20', np.float64(0.0024)), ('hit@10', np.float64(0.005)), ('hit@20', np.float64(0.012)), ('ndcg@10', np.float64(0.0026)), ('ndcg@20', np.float64(0.0045))])
