Wed 19 Nov 2025 16:56:30 INFO  ['c:\\Users\\martin\\miniconda3\\envs\\bp\\Lib\\site-packages\\ipykernel_launcher.py', '--f=c:\\Users\\martin\\AppData\\Roaming\\jupyter\\runtime\\kernel-v39d4af1c1dc62917678851941761daa5b7d0137dc.json']
Wed 19 Nov 2025 16:56:30 INFO  
General Hyper Parameters:
gpu_id = 0
use_gpu = True
seed = 2020
state = INFO
reproducibility = True
data_path = ./data/split/amazon_all_beauty\amazon_all_beauty--expR
checkpoint_dir = saved
show_progress = True
save_dataset = False
dataset_save_path = None
save_dataloaders = False
dataloaders_save_path = None
log_wandb = False

Training Hyper Parameters:
epochs = 50
train_batch_size = 2048
learner = adam
learning_rate = 0.001
train_neg_sample_args = {'distribution': 'uniform', 'sample_num': 1, 'alpha': 1.0, 'dynamic': False, 'candidate_num': 0}
eval_step = 1
stopping_step = 5
clip_grad_norm = None
weight_decay = 0.0
loss_decimal_place = 4

Evaluation Hyper Parameters:
eval_args = {'split': {'RS': [0, 0, 0]}, 'order': 'RO', 'group_by': 'user', 'mode': {'valid': 'full', 'test': 'full'}}
repeatable = False
metrics = ['Precision', 'Recall', 'MRR', 'Hit', 'NDCG']
topk = [10, 20]
valid_metric = NDCG@10
valid_metric_bigger = True
eval_batch_size = 4096
metric_decimal_place = 4

Dataset Hyper Parameters:
field_separator = 	
seq_separator =  
USER_ID_FIELD = user_id
ITEM_ID_FIELD = item_id
RATING_FIELD = rating
TIME_FIELD = timestamp
seq_len = None
LABEL_FIELD = label
threshold = None
NEG_PREFIX = neg_
load_col = {'inter': ['user_id', 'item_id']}
unload_col = None
unused_col = None
additional_feat_suffix = None
rm_dup_inter = None
val_interval = None
filter_inter_by_user_or_item = True
user_inter_num_interval = [0,inf)
item_inter_num_interval = [0,inf)
alias_of_user_id = None
alias_of_item_id = None
alias_of_entity_id = None
alias_of_relation_id = None
preload_weight = None
normalize_field = None
normalize_all = None
ITEM_LIST_LENGTH_FIELD = item_length
LIST_SUFFIX = _list
MAX_ITEM_LIST_LENGTH = 50
POSITION_FIELD = position_id
HEAD_ENTITY_ID_FIELD = head_id
TAIL_ENTITY_ID_FIELD = tail_id
RELATION_ID_FIELD = relation_id
ENTITY_ID_FIELD = entity_id
benchmark_filename = ['train', 'valid', 'test']

Other Hyper Parameters: 
worker = 0
wandb_project = recbole
shuffle = True
require_pow = False
enable_amp = False
enable_scaler = False
transform = None
mf_embedding_size = 64
mlp_embedding_size = 64
mlp_hidden_size = [128, 64]
dropout_prob = 0.1
mf_train = True
mlp_train = True
use_pretrain = False
mf_pretrain_path = None
mlp_pretrain_path = None
numerical_features = []
discretization = None
kg_reverse_r = False
entity_kg_num_interval = [0,inf)
relation_kg_num_interval = [0,inf)
MODEL_TYPE = ModelType.GENERAL
test_args = {'mode': 'full'}
MODEL_INPUT_TYPE = InputType.POINTWISE
eval_type = EvaluatorType.RANKING
single_spec = True
local_rank = 0
device = cpu
valid_neg_sample_args = {'distribution': 'uniform', 'sample_num': 'none'}
test_neg_sample_args = {'distribution': 'uniform', 'sample_num': 'none'}


Wed 19 Nov 2025 16:56:31 INFO  amazon_all_beauty--expR
The number of users: 1472
Average actions of users: 9.479265805574439
The number of items: 6802
Average actions of items: 2.050286722540803
The number of inters: 13944
The sparsity of the dataset: 99.86073469439934%
Remain Fields: ['user_id', 'item_id']
Wed 19 Nov 2025 16:56:31 INFO  [Training]: train_batch_size = [2048] train_neg_sample_args: [{'distribution': 'uniform', 'sample_num': 1, 'alpha': 1.0, 'dynamic': False, 'candidate_num': 0}]
Wed 19 Nov 2025 16:56:31 INFO  [Evaluation]: eval_batch_size = [4096] eval_args: [{'split': {'RS': [0, 0, 0]}, 'order': 'RO', 'group_by': 'user', 'mode': {'valid': 'full', 'test': 'full'}}]
Wed 19 Nov 2025 16:56:31 INFO  NeuMF(
  (user_mf_embedding): Embedding(1472, 64)
  (item_mf_embedding): Embedding(6802, 64)
  (user_mlp_embedding): Embedding(1472, 64)
  (item_mlp_embedding): Embedding(6802, 64)
  (mlp_layers): MLPLayers(
    (mlp_layers): Sequential(
      (0): Dropout(p=0.1, inplace=False)
      (1): Linear(in_features=128, out_features=128, bias=True)
      (2): ReLU()
      (3): Dropout(p=0.1, inplace=False)
      (4): Linear(in_features=128, out_features=64, bias=True)
      (5): ReLU()
    )
  )
  (predict_layer): Linear(in_features=128, out_features=1, bias=True)
  (sigmoid): Sigmoid()
  (loss): BCEWithLogitsLoss()
)
Trainable parameters: 1083969
Wed 19 Nov 2025 16:56:31 INFO  FLOPs: 24960.0
Wed 19 Nov 2025 16:56:31 INFO  epoch 0 training [time: 0.19s, train loss: 7.6240]
Wed 19 Nov 2025 16:56:39 INFO  epoch 0 evaluating [time: 7.01s, valid_score: 0.002700]
Wed 19 Nov 2025 16:56:39 INFO  valid result: 
precision@10 : 0.0004    precision@20 : 0.0004    recall@10 : 0.0041    recall@20 : 0.0075    mrr@10 : 0.0022    mrr@20 : 0.0025    hit@10 : 0.0041    hit@20 : 0.0075    ndcg@10 : 0.0027    ndcg@20 : 0.0035
Wed 19 Nov 2025 16:56:39 INFO  Saving current: saved\NeuMF-Nov-19-2025_16-56-31.pth
Wed 19 Nov 2025 16:56:39 INFO  epoch 1 training [time: 0.20s, train loss: 7.6117]
Wed 19 Nov 2025 16:56:46 INFO  epoch 1 evaluating [time: 7.27s, valid_score: 0.003200]
Wed 19 Nov 2025 16:56:46 INFO  valid result: 
precision@10 : 0.0007    precision@20 : 0.0005    recall@10 : 0.0075    recall@20 : 0.0102    mrr@10 : 0.0019    mrr@20 : 0.0021    hit@10 : 0.0075    hit@20 : 0.0102    ndcg@10 : 0.0032    ndcg@20 : 0.0039
Wed 19 Nov 2025 16:56:46 INFO  Saving current: saved\NeuMF-Nov-19-2025_16-56-31.pth
Wed 19 Nov 2025 16:56:46 INFO  epoch 2 training [time: 0.19s, train loss: 7.5320]
Wed 19 Nov 2025 16:56:53 INFO  epoch 2 evaluating [time: 6.92s, valid_score: 0.002500]
Wed 19 Nov 2025 16:56:53 INFO  valid result: 
precision@10 : 0.0005    precision@20 : 0.0005    recall@10 : 0.0054    recall@20 : 0.0102    mrr@10 : 0.0015    mrr@20 : 0.0019    hit@10 : 0.0054    hit@20 : 0.0102    ndcg@10 : 0.0025    ndcg@20 : 0.0037
Wed 19 Nov 2025 16:56:53 INFO  epoch 3 training [time: 0.19s, train loss: 7.2563]
Wed 19 Nov 2025 16:57:00 INFO  epoch 3 evaluating [time: 6.93s, valid_score: 0.002400]
Wed 19 Nov 2025 16:57:00 INFO  valid result: 
precision@10 : 0.0005    precision@20 : 0.0005    recall@10 : 0.0054    recall@20 : 0.0109    mrr@10 : 0.0015    mrr@20 : 0.0018    hit@10 : 0.0054    hit@20 : 0.0109    ndcg@10 : 0.0024    ndcg@20 : 0.0037
Wed 19 Nov 2025 16:57:01 INFO  epoch 4 training [time: 0.17s, train loss: 6.8207]
Wed 19 Nov 2025 16:57:07 INFO  epoch 4 evaluating [time: 6.87s, valid_score: 0.002900]
Wed 19 Nov 2025 16:57:07 INFO  valid result: 
precision@10 : 0.0007    precision@20 : 0.0006    recall@10 : 0.0075    recall@20 : 0.0116    mrr@10 : 0.0015    mrr@20 : 0.0018    hit@10 : 0.0075    hit@20 : 0.0116    ndcg@10 : 0.0029    ndcg@20 : 0.0039
Wed 19 Nov 2025 16:57:08 INFO  epoch 5 training [time: 0.19s, train loss: 6.4446]
Wed 19 Nov 2025 16:57:15 INFO  epoch 5 evaluating [time: 6.98s, valid_score: 0.002300]
Wed 19 Nov 2025 16:57:15 INFO  valid result: 
precision@10 : 0.0005    precision@20 : 0.0005    recall@10 : 0.0054    recall@20 : 0.0109    mrr@10 : 0.0014    mrr@20 : 0.0017    hit@10 : 0.0054    hit@20 : 0.0109    ndcg@10 : 0.0023    ndcg@20 : 0.0037
Wed 19 Nov 2025 16:57:15 INFO  epoch 6 training [time: 0.21s, train loss: 6.2728]
Wed 19 Nov 2025 16:57:22 INFO  epoch 6 evaluating [time: 7.40s, valid_score: 0.002200]
Wed 19 Nov 2025 16:57:22 INFO  valid result: 
precision@10 : 0.0005    precision@20 : 0.0004    recall@10 : 0.0048    recall@20 : 0.0088    mrr@10 : 0.0014    mrr@20 : 0.0017    hit@10 : 0.0048    hit@20 : 0.0088    ndcg@10 : 0.0022    ndcg@20 : 0.0033
Wed 19 Nov 2025 16:57:22 INFO  epoch 7 training [time: 0.20s, train loss: 5.9160]
Wed 19 Nov 2025 16:57:29 INFO  epoch 7 evaluating [time: 6.95s, valid_score: 0.002500]
Wed 19 Nov 2025 16:57:29 INFO  valid result: 
precision@10 : 0.0005    precision@20 : 0.0006    recall@10 : 0.0054    recall@20 : 0.0116    mrr@10 : 0.0017    mrr@20 : 0.0021    hit@10 : 0.0054    hit@20 : 0.0116    ndcg@10 : 0.0025    ndcg@20 : 0.0041
Wed 19 Nov 2025 16:57:29 INFO  Finished training, best eval result in epoch 1
Wed 19 Nov 2025 16:57:29 INFO  Loading model structure and parameters from saved\NeuMF-Nov-19-2025_16-56-31.pth
Wed 19 Nov 2025 16:57:38 INFO  The running environment of this training is as follows:
+-------------+----------------+
| Environment |     Usage      |
+=============+================+
| CPU         |    14.30 %     |
+-------------+----------------+
| GPU         |   0.0 / 0.0    |
+-------------+----------------+
| Memory      | 0.75 G/13.86 G |
+-------------+----------------+
Wed 19 Nov 2025 16:57:38 INFO  best valid : OrderedDict([('precision@10', np.float64(0.0007)), ('precision@20', np.float64(0.0005)), ('recall@10', np.float64(0.0075)), ('recall@20', np.float64(0.0102)), ('mrr@10', np.float64(0.0019)), ('mrr@20', np.float64(0.0021)), ('hit@10', np.float64(0.0075)), ('hit@20', np.float64(0.0102)), ('ndcg@10', np.float64(0.0032)), ('ndcg@20', np.float64(0.0039))])
Wed 19 Nov 2025 16:57:38 INFO  test result: OrderedDict([('precision@10', np.float64(0.0003)), ('precision@20', np.float64(0.0005)), ('recall@10', np.float64(0.0034)), ('recall@20', np.float64(0.0095)), ('mrr@10', np.float64(0.0014)), ('mrr@20', np.float64(0.0018)), ('hit@10', np.float64(0.0034)), ('hit@20', np.float64(0.0095)), ('ndcg@10', np.float64(0.0019)), ('ndcg@20', np.float64(0.0034))])
