Wed 19 Nov 2025 15:56:03 INFO  ['c:\\Users\\martin\\miniconda3\\envs\\bp\\Lib\\site-packages\\ipykernel_launcher.py', '--f=c:\\Users\\martin\\AppData\\Roaming\\jupyter\\runtime\\kernel-v39d4af1c1dc62917678851941761daa5b7d0137dc.json']
Wed 19 Nov 2025 15:56:03 INFO  
General Hyper Parameters:
gpu_id = 0
use_gpu = True
seed = 2020
state = INFO
reproducibility = True
data_path = ./data/split/jester\jester--expR
checkpoint_dir = saved
show_progress = True
save_dataset = True
dataset_save_path = ./data/saved/jester--expR
save_dataloaders = False
dataloaders_save_path = None
log_wandb = False

Training Hyper Parameters:
epochs = 50
train_batch_size = 2048
learner = adam
learning_rate = 0.001
train_neg_sample_args = {'distribution': 'uniform', 'sample_num': 1, 'alpha': 1.0, 'dynamic': False, 'candidate_num': 0}
eval_step = 1
stopping_step = 5
clip_grad_norm = None
weight_decay = 0.0
loss_decimal_place = 4

Evaluation Hyper Parameters:
eval_args = {'split': {'RS': [0, 0, 0]}, 'order': 'RO', 'group_by': 'user', 'mode': {'valid': 'full', 'test': 'full'}}
repeatable = False
metrics = ['Precision', 'Recall', 'MRR', 'Hit', 'NDCG']
topk = [10, 20]
valid_metric = NDCG@10
valid_metric_bigger = True
eval_batch_size = 4096
metric_decimal_place = 4

Dataset Hyper Parameters:
field_separator = 	
seq_separator =  
USER_ID_FIELD = user_id
ITEM_ID_FIELD = item_id
RATING_FIELD = rating
TIME_FIELD = timestamp
seq_len = None
LABEL_FIELD = label
threshold = None
NEG_PREFIX = neg_
load_col = {'inter': ['user_id', 'item_id']}
unload_col = None
unused_col = None
additional_feat_suffix = None
rm_dup_inter = None
val_interval = None
filter_inter_by_user_or_item = True
user_inter_num_interval = [0,inf)
item_inter_num_interval = [0,inf)
alias_of_user_id = None
alias_of_item_id = None
alias_of_entity_id = None
alias_of_relation_id = None
preload_weight = None
normalize_field = None
normalize_all = None
ITEM_LIST_LENGTH_FIELD = item_length
LIST_SUFFIX = _list
MAX_ITEM_LIST_LENGTH = 50
POSITION_FIELD = position_id
HEAD_ENTITY_ID_FIELD = head_id
TAIL_ENTITY_ID_FIELD = tail_id
RELATION_ID_FIELD = relation_id
ENTITY_ID_FIELD = entity_id
benchmark_filename = ['train', 'valid', 'test']

Other Hyper Parameters: 
worker = 0
wandb_project = recbole
shuffle = True
require_pow = False
enable_amp = False
enable_scaler = False
transform = None
mf_embedding_size = 64
mlp_embedding_size = 64
mlp_hidden_size = [128, 64]
dropout_prob = 0.1
mf_train = True
mlp_train = True
use_pretrain = False
mf_pretrain_path = None
mlp_pretrain_path = None
numerical_features = []
discretization = None
kg_reverse_r = False
entity_kg_num_interval = [0,inf)
relation_kg_num_interval = [0,inf)
MODEL_TYPE = ModelType.GENERAL
test_args = {'mode': 'full'}
MODEL_INPUT_TYPE = InputType.POINTWISE
eval_type = EvaluatorType.RANKING
single_spec = True
local_rank = 0
device = cpu
valid_neg_sample_args = {'distribution': 'uniform', 'sample_num': 'none'}
test_neg_sample_args = {'distribution': 'uniform', 'sample_num': 'none'}


Wed 19 Nov 2025 15:56:14 INFO  Saving filtered dataset into [saved\jester--expR-Dataset.pth]
Wed 19 Nov 2025 15:56:14 INFO  jester--expR
The number of users: 73422
Average actions of users: 56.14529902888819
The number of items: 101
Average actions of items: 41222.44
The number of inters: 4122244
The sparsity of the dataset: 44.41135214281419%
Remain Fields: ['user_id', 'item_id']
Wed 19 Nov 2025 15:56:21 INFO  [Training]: train_batch_size = [2048] train_neg_sample_args: [{'distribution': 'uniform', 'sample_num': 1, 'alpha': 1.0, 'dynamic': False, 'candidate_num': 0}]
Wed 19 Nov 2025 15:56:21 INFO  [Evaluation]: eval_batch_size = [4096] eval_args: [{'split': {'RS': [0, 0, 0]}, 'order': 'RO', 'group_by': 'user', 'mode': {'valid': 'full', 'test': 'full'}}]
Wed 19 Nov 2025 15:56:21 INFO  NeuMF(
  (user_mf_embedding): Embedding(73422, 64)
  (item_mf_embedding): Embedding(101, 64)
  (user_mlp_embedding): Embedding(73422, 64)
  (item_mlp_embedding): Embedding(101, 64)
  (mlp_layers): MLPLayers(
    (mlp_layers): Sequential(
      (0): Dropout(p=0.1, inplace=False)
      (1): Linear(in_features=128, out_features=128, bias=True)
      (2): ReLU()
      (3): Dropout(p=0.1, inplace=False)
      (4): Linear(in_features=128, out_features=64, bias=True)
      (5): ReLU()
    )
  )
  (predict_layer): Linear(in_features=128, out_features=1, bias=True)
  (sigmoid): Sigmoid()
  (loss): BCEWithLogitsLoss()
)
Trainable parameters: 9435841
Wed 19 Nov 2025 15:56:21 INFO  FLOPs: 24960.0
Wed 19 Nov 2025 16:00:43 INFO  epoch 0 training [time: 259.96s, train loss: 982.6819]
Wed 19 Nov 2025 16:00:54 INFO  epoch 0 evaluating [time: 11.00s, valid_score: 0.582100]
Wed 19 Nov 2025 16:00:54 INFO  valid result: 
precision@10 : 0.0819    precision@20 : 0.0444    recall@10 : 0.8189    recall@20 : 0.888    mrr@10 : 0.5054    mrr@20 : 0.5103    hit@10 : 0.8189    hit@20 : 0.888    ndcg@10 : 0.5821    ndcg@20 : 0.5996
Wed 19 Nov 2025 16:00:54 INFO  Saving current: saved\NeuMF-Nov-19-2025_15-56-21.pth
Wed 19 Nov 2025 16:05:36 INFO  epoch 1 training [time: 282.57s, train loss: 325.2666]
Wed 19 Nov 2025 16:05:48 INFO  epoch 1 evaluating [time: 12.18s, valid_score: 0.460600]
Wed 19 Nov 2025 16:05:48 INFO  valid result: 
precision@10 : 0.0691    precision@20 : 0.0415    recall@10 : 0.6912    recall@20 : 0.83    mrr@10 : 0.3875    mrr@20 : 0.397    hit@10 : 0.6912    hit@20 : 0.83    ndcg@10 : 0.4606    ndcg@20 : 0.4956
Wed 19 Nov 2025 16:10:38 INFO  epoch 2 training [time: 289.58s, train loss: 136.5342]
Wed 19 Nov 2025 16:10:51 INFO  epoch 2 evaluating [time: 13.00s, valid_score: 0.438900]
Wed 19 Nov 2025 16:10:51 INFO  valid result: 
precision@10 : 0.0681    precision@20 : 0.0418    recall@10 : 0.6814    recall@20 : 0.8368    mrr@10 : 0.3626    mrr@20 : 0.3734    hit@10 : 0.6814    hit@20 : 0.8368    ndcg@10 : 0.4389    ndcg@20 : 0.4781
Wed 19 Nov 2025 16:15:40 INFO  epoch 3 training [time: 288.55s, train loss: 70.5468]
Wed 19 Nov 2025 16:15:55 INFO  epoch 3 evaluating [time: 15.33s, valid_score: 0.450700]
Wed 19 Nov 2025 16:15:55 INFO  valid result: 
precision@10 : 0.0704    precision@20 : 0.0426    recall@10 : 0.7041    recall@20 : 0.8517    mrr@10 : 0.371    mrr@20 : 0.3812    hit@10 : 0.7041    hit@20 : 0.8517    ndcg@10 : 0.4507    ndcg@20 : 0.488
Wed 19 Nov 2025 16:20:58 INFO  epoch 4 training [time: 303.49s, train loss: 43.8055]
Wed 19 Nov 2025 16:21:14 INFO  epoch 4 evaluating [time: 15.20s, valid_score: 0.466700]
Wed 19 Nov 2025 16:21:14 INFO  valid result: 
precision@10 : 0.0731    precision@20 : 0.0433    recall@10 : 0.7311    recall@20 : 0.866    mrr@10 : 0.3833    mrr@20 : 0.3927    hit@10 : 0.7311    hit@20 : 0.866    ndcg@10 : 0.4667    ndcg@20 : 0.5008
Wed 19 Nov 2025 16:26:23 INFO  epoch 5 training [time: 309.12s, train loss: 29.7952]
Wed 19 Nov 2025 16:26:37 INFO  epoch 5 evaluating [time: 14.24s, valid_score: 0.431100]
Wed 19 Nov 2025 16:26:37 INFO  valid result: 
precision@10 : 0.069    precision@20 : 0.0425    recall@10 : 0.6899    recall@20 : 0.8502    mrr@10 : 0.3499    mrr@20 : 0.361    hit@10 : 0.6899    hit@20 : 0.8502    ndcg@10 : 0.4311    ndcg@20 : 0.4716
Wed 19 Nov 2025 16:31:44 INFO  epoch 6 training [time: 306.46s, train loss: 20.5070]
Wed 19 Nov 2025 16:31:57 INFO  epoch 6 evaluating [time: 13.66s, valid_score: 0.418800]
Wed 19 Nov 2025 16:31:57 INFO  valid result: 
precision@10 : 0.0676    precision@20 : 0.0422    recall@10 : 0.6764    recall@20 : 0.8443    mrr@10 : 0.3381    mrr@20 : 0.3497    hit@10 : 0.6764    hit@20 : 0.8443    ndcg@10 : 0.4188    ndcg@20 : 0.4612
Wed 19 Nov 2025 16:31:57 INFO  Finished training, best eval result in epoch 0
Wed 19 Nov 2025 16:31:57 INFO  Loading model structure and parameters from saved\NeuMF-Nov-19-2025_15-56-21.pth
Wed 19 Nov 2025 16:32:10 INFO  The running environment of this training is as follows:
+-------------+----------------+
| Environment |     Usage      |
+=============+================+
| CPU         |     5.80 %     |
+-------------+----------------+
| GPU         |   0.0 / 0.0    |
+-------------+----------------+
| Memory      | 1.24 G/13.86 G |
+-------------+----------------+
Wed 19 Nov 2025 16:32:10 INFO  best valid : OrderedDict([('precision@10', np.float64(0.0819)), ('precision@20', np.float64(0.0444)), ('recall@10', np.float64(0.8189)), ('recall@20', np.float64(0.888)), ('mrr@10', np.float64(0.5054)), ('mrr@20', np.float64(0.5103)), ('hit@10', np.float64(0.8189)), ('hit@20', np.float64(0.888)), ('ndcg@10', np.float64(0.5821)), ('ndcg@20', np.float64(0.5996))])
Wed 19 Nov 2025 16:32:10 INFO  test result: OrderedDict([('precision@10', np.float64(0.0826)), ('precision@20', np.float64(0.0446)), ('recall@10', np.float64(0.8263)), ('recall@20', np.float64(0.8924)), ('mrr@10', np.float64(0.5896)), ('mrr@20', np.float64(0.5942)), ('hit@10', np.float64(0.8263)), ('hit@20', np.float64(0.8924)), ('ndcg@10', np.float64(0.6473)), ('ndcg@20', np.float64(0.6641))])
